Thu Jun  4 16:03:30 2026       
+-----------------------------------------------------------------------------------------+
| NVIDIA-SMI 570.133.20             Driver Version: 570.133.20     CUDA Version: 12.8     |
|-----------------------------------------+------------------------+----------------------+
| GPU  Name                 Persistence-M | Bus-Id          Disp.A | Volatile Uncorr. ECC |
| Fan  Temp   Perf          Pwr:Usage/Cap |           Memory-Usage | GPU-Util  Compute M. |
|                                         |                        |               MIG M. |
|=========================================+========================+======================|
|   0  NVIDIA H20                     On  |   00000000:08:00.0 Off |                    0 |
| N/A   49C    P0             80W /  500W |       0MiB /  97871MiB |      0%      Default |
|                                         |                        |             Disabled |
+-----------------------------------------+------------------------+----------------------+
|   1  NVIDIA H20                     On  |   00000000:7E:00.0 Off |                    0 |
| N/A   40C    P0             75W /  500W |       0MiB /  97871MiB |      0%      Default |
|                                         |                        |             Disabled |
+-----------------------------------------+------------------------+----------------------+
|   2  NVIDIA H20                     On  |   00000000:A2:00.0 Off |                    0 |
| N/A   50C    P0             79W /  500W |       0MiB /  97871MiB |      0%      Default |
|                                         |                        |             Disabled |
+-----------------------------------------+------------------------+----------------------+
|   3  NVIDIA H20                     On  |   00000000:C6:00.0 Off |                    0 |
| N/A   44C    P0             75W /  500W |       0MiB /  97871MiB |      0%      Default |
|                                         |                        |             Disabled |
+-----------------------------------------+------------------------+----------------------+
|   4  NVIDIA H20                     On  |   00000001:09:00.0 Off |                    0 |
| N/A   39C    P0             73W /  500W |       0MiB /  97871MiB |      0%      Default |
|                                         |                        |             Disabled |
+-----------------------------------------+------------------------+----------------------+
|   5  NVIDIA H20                     On  |   00000001:7F:00.0 Off |                    0 |
| N/A   49C    P0             77W /  500W |       0MiB /  97871MiB |      0%      Default |
|                                         |                        |             Disabled |
+-----------------------------------------+------------------------+----------------------+
|   6  NVIDIA H20                     On  |   00000001:A3:00.0 Off |                    0 |
| N/A   46C    P0             75W /  500W |       0MiB /  97871MiB |      0%      Default |
|                                         |                        |             Disabled |
+-----------------------------------------+------------------------+----------------------+
|   7  NVIDIA H20                     On  |   00000001:C7:00.0 Off |                    0 |
| N/A   52C    P0             78W /  500W |       0MiB /  97871MiB |      0%      Default |
|                                         |                        |             Disabled |
+-----------------------------------------+------------------------+----------------------+
                                                                                         
+-----------------------------------------------------------------------------------------+
| Processes:                                                                              |
|  GPU   GI   CI              PID   Type   Process name                        GPU Memory |
|        ID   ID                                                               Usage      |
|=========================================================================================|
|  No running processes found                                                             |
+-----------------------------------------------------------------------------------------+
W0604 16:03:32.598000 120556 site-packages/torch/distributed/run.py:852] 
W0604 16:03:32.598000 120556 site-packages/torch/distributed/run.py:852] *****************************************
W0604 16:03:32.598000 120556 site-packages/torch/distributed/run.py:852] Setting OMP_NUM_THREADS environment variable for each process to be 1 in default, to avoid your system being overloaded, please further tune the variable for optimal performance in your application as needed. 
W0604 16:03:32.598000 120556 site-packages/torch/distributed/run.py:852] *****************************************
WARNING: Logging before InitGoogleLogging() is written to STDERR
I0604 16:03:40.146559 120630 storage_manager.h:211] can not find env ALIOSS_END_POINT, failed to init oss client
W0604 16:03:40.146584 120630 storage_manager.h:60] Failed to init oss client, please make sure all env has been exported correctly!
I0604 16:03:40.146687 120630 flags.cc:20] ZeusEmbedding loaded. Build at 11:34:33 May 24 2026, git commit id ae27eaa9e383d65e88194828f6400cd4fdf75816, branch syw_dev.torch
WARNING: Logging before InitGoogleLogging() is written to STDERR
I0604 16:03:40.165297 120629 storage_manager.h:211] can not find env ALIOSS_END_POINT, failed to init oss client
W0604 16:03:40.165315 120629 storage_manager.h:60] Failed to init oss client, please make sure all env has been exported correctly!
I0604 16:03:40.165424 120629 flags.cc:20] ZeusEmbedding loaded. Build at 11:34:33 May 24 2026, git commit id ae27eaa9e383d65e88194828f6400cd4fdf75816, branch syw_dev.torch
WARNING: Logging before InitGoogleLogging() is written to STDERR
I0604 16:03:40.185191 120628 storage_manager.h:211] can not find env ALIOSS_END_POINT, failed to init oss client
W0604 16:03:40.185211 120628 storage_manager.h:60] Failed to init oss client, please make sure all env has been exported correctly!
I0604 16:03:40.185324 120628 flags.cc:20] ZeusEmbedding loaded. Build at 11:34:33 May 24 2026, git commit id ae27eaa9e383d65e88194828f6400cd4fdf75816, branch syw_dev.torch
WARNING: Logging before InitGoogleLogging() is written to STDERR
I0604 16:03:40.187247 120626 storage_manager.h:211] can not find env ALIOSS_END_POINT, failed to init oss client
W0604 16:03:40.187264 120626 storage_manager.h:60] Failed to init oss client, please make sure all env has been exported correctly!
I0604 16:03:40.187350 120626 flags.cc:20] ZeusEmbedding loaded. Build at 11:34:33 May 24 2026, git commit id ae27eaa9e383d65e88194828f6400cd4fdf75816, branch syw_dev.torch
WARNING: Logging before InitGoogleLogging() is written to STDERR
I0604 16:03:40.218397 120632 storage_manager.h:211] can not find env ALIOSS_END_POINT, failed to init oss client
W0604 16:03:40.218413 120632 storage_manager.h:60] Failed to init oss client, please make sure all env has been exported correctly!
I0604 16:03:40.218509 120632 flags.cc:20] ZeusEmbedding loaded. Build at 11:34:33 May 24 2026, git commit id ae27eaa9e383d65e88194828f6400cd4fdf75816, branch syw_dev.torch
WARNING: Logging before InitGoogleLogging() is written to STDERR
I0604 16:03:40.278596 120631 storage_manager.h:211] can not find env ALIOSS_END_POINT, failed to init oss client
W0604 16:03:40.278630 120631 storage_manager.h:60] Failed to init oss client, please make sure all env has been exported correctly!
I0604 16:03:40.278718 120631 flags.cc:20] ZeusEmbedding loaded. Build at 11:34:33 May 24 2026, git commit id ae27eaa9e383d65e88194828f6400cd4fdf75816, branch syw_dev.torch
WARNING: Logging before InitGoogleLogging() is written to STDERR
I0604 16:03:40.280165 120627 storage_manager.h:211] can not find env ALIOSS_END_POINT, failed to init oss client
W0604 16:03:40.280184 120627 storage_manager.h:60] Failed to init oss client, please make sure all env has been exported correctly!
I0604 16:03:40.280267 120627 flags.cc:20] ZeusEmbedding loaded. Build at 11:34:33 May 24 2026, git commit id ae27eaa9e383d65e88194828f6400cd4fdf75816, branch syw_dev.torch
WARNING: Logging before InitGoogleLogging() is written to STDERR
I0604 16:03:40.289439 120625 storage_manager.h:211] can not find env ALIOSS_END_POINT, failed to init oss client
W0604 16:03:40.289459 120625 storage_manager.h:60] Failed to init oss client, please make sure all env has been exported correctly!
I0604 16:03:40.289542 120625 flags.cc:20] ZeusEmbedding loaded. Build at 11:34:33 May 24 2026, git commit id ae27eaa9e383d65e88194828f6400cd4fdf75816, branch syw_dev.torch
[Rank 4] PID=120629, Node=N/A, LocalRank=4
[Rank 5] PID=120630, Node=N/A, LocalRank=5
[Rank 1] PID=120626, Node=N/A, LocalRank=1
[Rank 2] PID=120627, Node=N/A, LocalRank=2
[Rank 0] PID=120625, Node=N/A, LocalRank=0
[Rank 7] PID=120632, Node=N/A, LocalRank=7
[Rank 3] PID=120628, Node=N/A, LocalRank=3
[Rank 6] PID=120631, Node=N/A, LocalRank=6
[Gloo] Rank 0 is connected to 7 peer ranks. Expected number of connected peer ranks is : 7
[Gloo] Rank [Gloo] Rank 7 is connected to 67 is connected to  peer ranks. 7Expected number of connected peer ranks is :  peer ranks. 7Expected number of connected peer ranks is : 7

[Gloo] Rank 2 is connected to 7 peer ranks. Expected number of connected peer ranks is : 7
[Gloo] Rank 4 is connected to 7 peer ranks. Expected number of connected peer ranks is : 7
[Gloo] Rank [Gloo] Rank 1 is connected to 7 peer ranks. Expected number of connected peer ranks is : 73
 is connected to 7 peer ranks. Expected number of connected peer ranks is : 7
[Gloo] Rank 5 is connected to 7 peer ranks. Expected number of connected peer ranks is : 7
[Gloo] Rank 0 is connected to 7 peer ranks. Expected number of connected peer ranks is : 7
[Gloo] Rank 2 is connected to 7 peer ranks. Expected number of connected peer ranks is : 7
[Gloo] Rank 5 is connected to 7 peer ranks. Expected number of connected peer ranks is : 7
[Gloo] Rank 1 is connected to 7 peer ranks. Expected number of connected peer ranks is : 7
[Gloo] Rank 3 is connected to 7 peer ranks. Expected number of connected peer ranks is : 7
[Gloo] Rank 4 is connected to 7 peer ranks. Expected number of connected peer ranks is : 7
[Gloo] Rank [Gloo] Rank 76 is connected to  is connected to 77 peer ranks.  peer ranks. Expected number of connected peer ranks is : Expected number of connected peer ranks is : 77

[Gloo] Rank 4 is connected to 7 peer ranks. Expected number of connected peer ranks is : 7
[Gloo] Rank 0 is connected to 7 peer ranks. Expected number of connected peer ranks is : 7
[Gloo] Rank 2 is connected to 7 peer ranks. Expected number of connected peer ranks is : 7
[Gloo] Rank 3 is connected to 7 peer ranks. Expected number of connected peer ranks is : 7
[Gloo] Rank 1 is connected to 7 peer ranks. Expected number of connected peer ranks is : 7
[Gloo] Rank 6 is connected to 7 peer ranks. Expected number of connected peer ranks is : 7
[Gloo] Rank 5 is connected to 7 peer ranks. Expected number of connected peer ranks is : 7
[Gloo] Rank 7 is connected to 7 peer ranks. Expected number of connected peer ranks is : 7
[06/04/26 16:03:48] INFO     distributed env initialization done. Free cuda memory: 96165.38 MB                                                                                                                                                 
[rank5]:W0604 16:03:48.476000 120630 site-packages/torch/fx/_symbolic_trace.py:53] is_fx_tracing will return true for both fx.symbolic_trace and torch.export. Please use is_fx_tracing_symbolic_tracing() for specifically fx.symbolic_trace or torch.compiler.is_compiling() for specifically torch.export/compile.
[rank2]:W0604 16:03:48.476000 120627 site-packages/torch/fx/_symbolic_trace.py:53] is_fx_tracing will return true for both fx.symbolic_trace and torch.export. Please use is_fx_tracing_symbolic_tracing() for specifically fx.symbolic_trace or torch.compiler.is_compiling() for specifically torch.export/compile.
[rank7]:W0604 16:03:48.478000 120632 site-packages/torch/fx/_symbolic_trace.py:53] is_fx_tracing will return true for both fx.symbolic_trace and torch.export. Please use is_fx_tracing_symbolic_tracing() for specifically fx.symbolic_trace or torch.compiler.is_compiling() for specifically torch.export/compile.
[rank3]:W0604 16:03:48.481000 120628 site-packages/torch/fx/_symbolic_trace.py:53] is_fx_tracing will return true for both fx.symbolic_trace and torch.export. Please use is_fx_tracing_symbolic_tracing() for specifically fx.symbolic_trace or torch.compiler.is_compiling() for specifically torch.export/compile.
[rank4]:W0604 16:03:48.481000 120629 site-packages/torch/fx/_symbolic_trace.py:53] is_fx_tracing will return true for both fx.symbolic_trace and torch.export. Please use is_fx_tracing_symbolic_tracing() for specifically fx.symbolic_trace or torch.compiler.is_compiling() for specifically torch.export/compile.
[rank6]:W0604 16:03:48.484000 120631 site-packages/torch/fx/_symbolic_trace.py:53] is_fx_tracing will return true for both fx.symbolic_trace and torch.export. Please use is_fx_tracing_symbolic_tracing() for specifically fx.symbolic_trace or torch.compiler.is_compiling() for specifically torch.export/compile.
[rank0]:W0604 16:03:48.487000 120625 site-packages/torch/fx/_symbolic_trace.py:53] is_fx_tracing will return true for both fx.symbolic_trace and torch.export. Please use is_fx_tracing_symbolic_tracing() for specifically fx.symbolic_trace or torch.compiler.is_compiling() for specifically torch.export/compile.
[rank1]:W0604 16:03:48.498000 120626 site-packages/torch/fx/_symbolic_trace.py:53] is_fx_tracing will return true for both fx.symbolic_trace and torch.export. Please use is_fx_tracing_symbolic_tracing() for specifically fx.symbolic_trace or torch.compiler.is_compiling() for specifically torch.export/compile.
WARNING:megatron.core.tensor_parallel.random:CPU RNG state changed within GPU RNG context
WARNING:megatron.core.tensor_parallel.random:CPU RNG state changed within GPU RNG context
WARNING:megatron.core.tensor_parallel.random:CPU RNG state changed within GPU RNG context
WARNING:megatron.core.tensor_parallel.random:CPU RNG state changed within GPU RNG context
WARNING:megatron.core.tensor_parallel.random:CPU RNG state changed within GPU RNG context
WARNING:megatron.core.tensor_parallel.random:CPU RNG state changed within GPU RNG context
WARNING:megatron.core.tensor_parallel.random:CPU RNG state changed within GPU RNG context
WARNING:megatron.core.tensor_parallel.random:CPU RNG state changed within GPU RNG context
WARNING:root:Sharding spec not found for _embedding_collection._data_parallel_embedding_collection.action
WARNING:root:Sharding spec not found for _embedding_collection._data_parallel_embedding_collection.user_age
WARNING:root:Sharding spec not found for _embedding_collection._data_parallel_embedding_collection.item_category_l1


Storage layout: Host-only (single tier, CPU)
-----------+---------+-----------+-----------+--------------------
   tier    |  table  |  init(MB) |  peak(MB) |   emb/opt peak(MB) 
-----------+---------+-----------+-----------+--------------------
host (CPU) | item    | 9155.438  | 9155.438  | 3051.812 / 6103.625
           | user_id | 9155.438  | 9155.438  | 3051.812 / 6103.625
           | --------+-----------+-----------+--------------------
           | TOTAL   | 18310.875 | 18310.875 | 6103.625 / 12207.25
-----------+---------+-----------+-----------+--------------------


Storage layout: Host-only (single tier, CPU)
-----------+---------+-----------+-----------+--------------------
   tier    |  table  |  init(MB) |  peak(MB) |   emb/opt peak(MB) 
-----------+---------+-----------+-----------+--------------------
host (CPU) | item    | 9155.438  | 9155.438  | 3051.812 / 6103.625
           | user_id | 9155.438  | 9155.438  | 3051.812 / 6103.625
           | --------+-----------+-----------+--------------------
           | TOTAL   | 18310.875 | 18310.875 | 6103.625 / 12207.25
-----------+---------+-----------+-----------+--------------------


Storage layout: Host-only (single tier, CPU)
-----------+---------+-----------+-----------+--------------------
   tier    |  table  |  init(MB) |  peak(MB) |   emb/opt peak(MB) 
-----------+---------+-----------+-----------+--------------------
host (CPU) | item    | 9155.438  | 9155.438  | 3051.812 / 6103.625
           | user_id | 9155.438  | 9155.438  | 3051.812 / 6103.625
           | --------+-----------+-----------+--------------------
           | TOTAL   | 18310.875 | 18310.875 | 6103.625 / 12207.25
-----------+---------+-----------+-----------+--------------------


Storage layout: Host-only (single tier, CPU)
-----------+---------+-----------+-----------+--------------------
   tier    |  table  |  init(MB) |  peak(MB) |   emb/opt peak(MB) 
-----------+---------+-----------+-----------+--------------------
host (CPU) | item    | 9155.438  | 9155.438  | 3051.812 / 6103.625
           | user_id | 9155.438  | 9155.438  | 3051.812 / 6103.625
           | --------+-----------+-----------+--------------------
           | TOTAL   | 18310.875 | 18310.875 | 6103.625 / 12207.25
-----------+---------+-----------+-----------+--------------------


Storage layout: Host-only (single tier, CPU)
-----------+---------+-----------+-----------+--------------------
   tier    |  table  |  init(MB) |  peak(MB) |   emb/opt peak(MB) 
-----------+---------+-----------+-----------+--------------------
host (CPU) | item    | 9155.438  | 9155.438  | 3051.812 / 6103.625
           | user_id | 9155.438  | 9155.438  | 3051.812 / 6103.625
           | --------+-----------+-----------+--------------------
           | TOTAL   | 18310.875 | 18310.875 | 6103.625 / 12207.25
-----------+---------+-----------+-----------+--------------------


Storage layout: Host-only (single tier, CPU)
-----------+---------+-----------+-----------+--------------------
   tier    |  table  |  init(MB) |  peak(MB) |   emb/opt peak(MB) 
-----------+---------+-----------+-----------+--------------------
host (CPU) | item    | 9155.438  | 9155.438  | 3051.812 / 6103.625
           | user_id | 9155.438  | 9155.438  | 3051.812 / 6103.625
           | --------+-----------+-----------+--------------------
           | TOTAL   | 18310.875 | 18310.875 | 6103.625 / 12207.25
-----------+---------+-----------+-----------+--------------------


Storage layout: Host-only (single tier, CPU)
-----------+---------+-----------+-----------+--------------------
   tier    |  table  |  init(MB) |  peak(MB) |   emb/opt peak(MB) 
-----------+---------+-----------+-----------+--------------------
host (CPU) | item    | 9155.438  | 9155.438  | 3051.812 / 6103.625
           | user_id | 9155.438  | 9155.438  | 3051.812 / 6103.625
           | --------+-----------+-----------+--------------------
           | TOTAL   | 18310.875 | 18310.875 | 6103.625 / 12207.25
-----------+---------+-----------+-----------+--------------------
WARNING:torchrec.distributed.utils:Sharding Type is data_parallel, caching params will be ignored
WARNING:torchrec.distributed.utils:Sharding Type is data_parallel, caching params will be ignored
WARNING:torchrec.distributed.utils:Sharding Type is data_parallel, caching params will be ignored
WARNING:torchrec.distributed.utils:Sharding Type is data_parallel, caching params will be ignored
WARNING:torchrec.distributed.utils:Sharding Type is data_parallel, caching params will be ignored
WARNING:torchrec.distributed.utils:Sharding Type is data_parallel, caching params will be ignored
WARNING:torchrec.distributed.utils:Sharding Type is data_parallel, caching params will be ignored
WARNING:torchrec.distributed.utils:Sharding Type is data_parallel, caching params will be ignored
WARNING:torchrec.distributed.utils:Sharding Type is data_parallel, caching params will be ignored
WARNING:torchrec.distributed.utils:Sharding Type is data_parallel, caching params will be ignored
WARNING:torchrec.distributed.utils:Sharding Type is data_parallel, caching params will be ignored
WARNING:torchrec.distributed.utils:Sharding Type is data_parallel, caching params will be ignored
WARNING:torchrec.distributed.utils:Sharding Type is data_parallel, caching params will be ignored
WARNING:torchrec.distributed.utils:Sharding Type is data_parallel, caching params will be ignored
WARNING:torchrec.distributed.utils:Sharding Type is data_parallel, caching params will be ignored
WARNING:torchrec.distributed.utils:Sharding Type is data_parallel, caching params will be ignored
WARNING:torchrec.distributed.utils:Sharding Type is data_parallel, caching params will be ignored
WARNING:torchrec.distributed.utils:Sharding Type is data_parallel, caching params will be ignored
WARNING:torchrec.distributed.utils:Sharding Type is data_parallel, caching params will be ignored
WARNING:torchrec.distributed.utils:Sharding Type is data_parallel, caching params will be ignored
WARNING:torchrec.distributed.utils:Sharding Type is data_parallel, caching params will be ignored


Storage layout: Host-only (single tier, CPU)
-----------+---------+-----------+-----------+--------------------
   tier    |  table  |  init(MB) |  peak(MB) |   emb/opt peak(MB) 
-----------+---------+-----------+-----------+--------------------
host (CPU) | item    | 9155.438  | 9155.438  | 3051.812 / 6103.625
           | user_id | 9155.438  | 9155.438  | 3051.812 / 6103.625
           | --------+-----------+-----------+--------------------
           | TOTAL   | 18310.875 | 18310.875 | 6103.625 / 12207.25
-----------+---------+-----------+-----------+--------------------
WARNING:torchrec.distributed.utils:Sharding Type is data_parallel, caching params will be ignored
WARNING:torchrec.distributed.utils:Sharding Type is data_parallel, caching params will be ignored
WARNING:torchrec.distributed.utils:Sharding Type is data_parallel, caching params will be ignored
[06/04/26 16:03:54] INFO     model initialization done, start training. Free cuda memory: 94781.38 MB                                                                                                                                           
                    INFO     fill_tables done for ['item', 'user_id']                                                                                                                                                                           
[06/04/26 16:04:13] INFO     [train] [iter 19, tokens 4378696, elapsed_time 17817.64 ms, achieved FLOPS 329.60 TFLOPS, MFU 6.51%]: loss 5.546209                                                                                                
[06/04/26 16:04:21] INFO     [train] [iter 39, tokens 4378696, elapsed_time 6686.15 ms, achieved FLOPS 878.35 TFLOPS, MFU 17.36%]: loss 5.545266                                                                                                
[06/04/26 16:04:29] INFO     [train] [iter 59, tokens 4378696, elapsed_time 6704.08 ms, achieved FLOPS 876.00 TFLOPS, MFU 17.31%]: loss 5.545207                                                                                                
[06/04/26 16:04:38] INFO     [train] [iter 79, tokens 4378696, elapsed_time 6693.89 ms, achieved FLOPS 877.33 TFLOPS, MFU 17.34%]: loss 5.545053                                                                                                
[06/04/26 16:04:46] INFO     [train] [iter 99, tokens 4378696, elapsed_time 6703.53 ms, achieved FLOPS 876.07 TFLOPS, MFU 17.31%]: loss 5.506599                                                                                                
[06/04/26 16:04:54] INFO     [train] [iter 119, tokens 4378696, elapsed_time 6712.84 ms, achieved FLOPS 874.86 TFLOPS, MFU 17.29%]: loss 5.337004                                                                                               
[06/04/26 16:05:02] INFO     [train] [iter 139, tokens 4378696, elapsed_time 6714.11 ms, achieved FLOPS 874.69 TFLOPS, MFU 17.28%]: loss 5.302765                                                                                               
[06/04/26 16:05:10] INFO     [train] [iter 159, tokens 4378696, elapsed_time 6719.61 ms, achieved FLOPS 873.97 TFLOPS, MFU 17.27%]: loss 5.146953                                                                                               
[06/04/26 16:05:19] INFO     [train] [iter 179, tokens 4378696, elapsed_time 6721.20 ms, achieved FLOPS 873.77 TFLOPS, MFU 17.27%]: loss 4.952074                                                                                               
[06/04/26 16:05:27] INFO     [train] [iter 199, tokens 4378696, elapsed_time 6713.64 ms, achieved FLOPS 874.75 TFLOPS, MFU 17.29%]: loss 4.875977                                                                                               
[06/04/26 16:05:35] INFO     [train] [iter 219, tokens 4378696, elapsed_time 6719.20 ms, achieved FLOPS 874.03 TFLOPS, MFU 17.27%]: loss 4.824435                                                                                               
[06/04/26 16:05:43] INFO     [train] [iter 239, tokens 4378696, elapsed_time 6715.18 ms, achieved FLOPS 874.55 TFLOPS, MFU 17.28%]: loss 4.747135                                                                                               
[06/04/26 16:05:52] INFO     [train] [iter 259, tokens 4378696, elapsed_time 7393.37 ms, achieved FLOPS 794.33 TFLOPS, MFU 15.70%]: loss 4.782894                                                                                               
[06/04/26 16:06:00] INFO     [train] [iter 279, tokens 4378696, elapsed_time 6696.83 ms, achieved FLOPS 876.95 TFLOPS, MFU 17.33%]: loss 4.773644                                                                                               
[06/04/26 16:06:08] INFO     [train] [iter 299, tokens 4378696, elapsed_time 6709.29 ms, achieved FLOPS 875.32 TFLOPS, MFU 17.30%]: loss 4.776736                                                                                               
[06/04/26 16:06:17] INFO     [train] [iter 319, tokens 4378696, elapsed_time 6716.69 ms, achieved FLOPS 874.35 TFLOPS, MFU 17.28%]: loss 4.777461                                                                                               
[06/04/26 16:06:25] INFO     [train] [iter 339, tokens 4378696, elapsed_time 6701.91 ms, achieved FLOPS 876.28 TFLOPS, MFU 17.32%]: loss 4.692199                                                                                               
[06/04/26 16:06:33] INFO     [train] [iter 359, tokens 4378696, elapsed_time 6691.31 ms, achieved FLOPS 877.67 TFLOPS, MFU 17.34%]: loss 4.696068                                                                                               
[06/04/26 16:06:42] INFO     [train] [iter 379, tokens 4378696, elapsed_time 6689.75 ms, achieved FLOPS 877.88 TFLOPS, MFU 17.35%]: loss 4.608674                                                                                               
[06/04/26 16:06:50] INFO     [train] [iter 399, tokens 4378696, elapsed_time 6695.25 ms, achieved FLOPS 877.15 TFLOPS, MFU 17.33%]: loss 4.521068                                                                                               
[06/04/26 16:06:58] INFO     [train] [iter 419, tokens 4378696, elapsed_time 6699.33 ms, achieved FLOPS 876.62 TFLOPS, MFU 17.32%]: loss 4.466529                                                                                               
[06/04/26 16:07:06] INFO     [train] [iter 439, tokens 4378696, elapsed_time 6696.66 ms, achieved FLOPS 876.97 TFLOPS, MFU 17.33%]: loss 4.426765                                                                                               
[06/04/26 16:07:15] INFO     [train] [iter 459, tokens 4378696, elapsed_time 6691.00 ms, achieved FLOPS 877.71 TFLOPS, MFU 17.34%]: loss 4.354443                                                                                               
[06/04/26 16:07:23] INFO     [train] [iter 479, tokens 4378696, elapsed_time 6687.61 ms, achieved FLOPS 878.16 TFLOPS, MFU 17.35%]: loss 4.298246                                                                                               
[06/04/26 16:07:31] INFO     [train] [iter 499, tokens 4378696, elapsed_time 6698.19 ms, achieved FLOPS 876.77 TFLOPS, MFU 17.33%]: loss 4.296389                                                                                               
[06/04/26 16:07:39] INFO     [train] [iter 519, tokens 4378696, elapsed_time 6704.63 ms, achieved FLOPS 875.93 TFLOPS, MFU 17.31%]: loss 4.334668                                                                                               
[06/04/26 16:07:47] INFO     [train] [iter 539, tokens 4378696, elapsed_time 6704.41 ms, achieved FLOPS 875.96 TFLOPS, MFU 17.31%]: loss 4.325378                                                                                               
[06/04/26 16:07:55] INFO     [train] [iter 559, tokens 4378696, elapsed_time 6682.99 ms, achieved FLOPS 878.76 TFLOPS, MFU 17.36%]: loss 4.235498                                                                                               
[06/04/26 16:08:04] INFO     [train] [iter 579, tokens 4378696, elapsed_time 6691.36 ms, achieved FLOPS 877.66 TFLOPS, MFU 17.34%]: loss 4.196477                                                                                               
[06/04/26 16:08:12] INFO     [train] [iter 599, tokens 4378696, elapsed_time 6684.72 ms, achieved FLOPS 878.53 TFLOPS, MFU 17.36%]: loss 4.181972                                                                                               
[06/04/26 16:08:20] INFO     [train] [iter 619, tokens 4378696, elapsed_time 6701.52 ms, achieved FLOPS 876.33 TFLOPS, MFU 17.32%]: loss 4.142234                                                                                               
[06/04/26 16:08:28] INFO     [train] [iter 639, tokens 4378696, elapsed_time 6702.99 ms, achieved FLOPS 876.14 TFLOPS, MFU 17.31%]: loss 4.091392                                                                                               
[06/04/26 16:08:36] INFO     [train] [iter 659, tokens 4378696, elapsed_time 6689.49 ms, achieved FLOPS 877.91 TFLOPS, MFU 17.35%]: loss 4.012076                                                                                               
[06/04/26 16:08:44] INFO     [train] [iter 679, tokens 4378696, elapsed_time 6690.51 ms, achieved FLOPS 877.77 TFLOPS, MFU 17.34%]: loss 3.947013                                                                                               
[06/04/26 16:08:53] INFO     [train] [iter 699, tokens 4378696, elapsed_time 6689.36 ms, achieved FLOPS 877.93 TFLOPS, MFU 17.35%]: loss 3.892968                                                                                               
[06/04/26 16:09:01] INFO     [train] [iter 719, tokens 4378696, elapsed_time 6686.68 ms, achieved FLOPS 878.28 TFLOPS, MFU 17.35%]: loss 3.837237                                                                                               
[06/04/26 16:09:09] INFO     [train] [iter 739, tokens 4378696, elapsed_time 6693.51 ms, achieved FLOPS 877.38 TFLOPS, MFU 17.34%]: loss 3.782965                                                                                               
[06/04/26 16:09:17] INFO     [train] [iter 759, tokens 4378696, elapsed_time 6678.75 ms, achieved FLOPS 879.32 TFLOPS, MFU 17.38%]: loss 3.729184                                                                                               
[06/04/26 16:09:25] INFO     [train] [iter 779, tokens 4378696, elapsed_time 6683.80 ms, achieved FLOPS 878.66 TFLOPS, MFU 17.36%]: loss 3.693107                                                                                               
[06/04/26 16:09:33] INFO     [train] [iter 799, tokens 4378696, elapsed_time 6668.58 ms, achieved FLOPS 880.66 TFLOPS, MFU 17.40%]: loss 3.689955                                                                                               
[06/04/26 16:09:42] INFO     [train] [iter 819, tokens 4378696, elapsed_time 6687.26 ms, achieved FLOPS 878.20 TFLOPS, MFU 17.35%]: loss 3.705563                                                                                               
[06/04/26 16:09:50] INFO     [train] [iter 839, tokens 4378696, elapsed_time 6691.28 ms, achieved FLOPS 877.67 TFLOPS, MFU 17.34%]: loss 3.699067                                                                                               
[06/04/26 16:09:58] INFO     [train] [iter 859, tokens 4378696, elapsed_time 6685.10 ms, achieved FLOPS 878.49 TFLOPS, MFU 17.36%]: loss 3.668593                                                                                               
[06/04/26 16:10:06] INFO     [train] [iter 879, tokens 4378696, elapsed_time 6692.66 ms, achieved FLOPS 877.49 TFLOPS, MFU 17.34%]: loss 3.608734                                                                                               
[06/04/26 16:10:14] INFO     [train] [iter 899, tokens 4378696, elapsed_time 6684.55 ms, achieved FLOPS 878.56 TFLOPS, MFU 17.36%]: loss 3.542022                                                                                               
[06/04/26 16:10:23] INFO     [train] [iter 919, tokens 4378696, elapsed_time 6679.82 ms, achieved FLOPS 879.18 TFLOPS, MFU 17.37%]: loss 3.500698                                                                                               
[06/04/26 16:10:31] INFO     [train] [iter 939, tokens 4378696, elapsed_time 6683.39 ms, achieved FLOPS 878.71 TFLOPS, MFU 17.36%]: loss 3.467322                                                                                               
[06/04/26 16:10:39] INFO     [train] [iter 959, tokens 4378696, elapsed_time 6697.64 ms, achieved FLOPS 876.84 TFLOPS, MFU 17.33%]: loss 3.434421                                                                                               
[06/04/26 16:10:47] INFO     [train] [iter 979, tokens 4378696, elapsed_time 6690.21 ms, achieved FLOPS 877.81 TFLOPS, MFU 17.35%]: loss 3.434368                                                                                               
[06/04/26 16:10:55] INFO     [train] [iter 999, tokens 4378696, elapsed_time 6679.59 ms, achieved FLOPS 879.21 TFLOPS, MFU 17.37%]: loss 3.475353                                                                                               
[rank1]:[W604 16:10:57.636784348 ProcessGroupNCCL.cpp:1553] Warning: WARNING: destroy_process_group() was not called before program exit, which can leak resources. For more info, please see https://pytorch.org/docs/stable/distributed.html#shutdown (function operator())
[rank3]:[W604 16:10:57.716749763 ProcessGroupNCCL.cpp:1553] Warning: WARNING: destroy_process_group() was not called before program exit, which can leak resources. For more info, please see https://pytorch.org/docs/stable/distributed.html#shutdown (function operator())
[rank4]:[W604 16:10:57.726650313 ProcessGroupNCCL.cpp:1553] Warning: WARNING: destroy_process_group() was not called before program exit, which can leak resources. For more info, please see https://pytorch.org/docs/stable/distributed.html#shutdown (function operator())
[rank5]:[W604 16:10:57.736473163 ProcessGroupNCCL.cpp:1553] Warning: WARNING: destroy_process_group() was not called before program exit, which can leak resources. For more info, please see https://pytorch.org/docs/stable/distributed.html#shutdown (function operator())
[rank7]:[W604 16:10:57.748303858 ProcessGroupNCCL.cpp:1553] Warning: WARNING: destroy_process_group() was not called before program exit, which can leak resources. For more info, please see https://pytorch.org/docs/stable/distributed.html#shutdown (function operator())
[rank6]:[W604 16:10:57.758197663 ProcessGroupNCCL.cpp:1553] Warning: WARNING: destroy_process_group() was not called before program exit, which can leak resources. For more info, please see https://pytorch.org/docs/stable/distributed.html#shutdown (function operator())
[rank0]:[W604 16:10:57.818255671 ProcessGroupNCCL.cpp:1553] Warning: WARNING: destroy_process_group() was not called before program exit, which can leak resources. For more info, please see https://pytorch.org/docs/stable/distributed.html#shutdown (function operator())
[rank2]:[W604 16:10:57.857855993 ProcessGroupNCCL.cpp:1553] Warning: WARNING: destroy_process_group() was not called before program exit, which can leak resources. For more info, please see https://pytorch.org/docs/stable/distributed.html#shutdown (function operator())
