Mon Jun  8 18:37:03 2026
+-------------------------------------------------------------------------------+
| PPU-SMI 1.22          Driver Version: 1.4.1-816bc0  HGGC Version: 13.0        |
+---------------------------------+----------------------+----------------------+
| PPU  Name        Persistence M. | Bus-Id               | Volatile Uncorr. ECC |
| Fan  Temp  Perf   Pwr:Usage/Cap | Memory-Usage         | PPU-Util  Compute M. |
|                                 |                      |               MIG M. |
+=================================+======================+======================+
| 0  PPU-ZW810E        N/A        | 00000000:05:00.0     |                    0 |
| N/A  30C   N/A       69W / 400W | 2MiB / 97920MiB      |   0%        Default  |
|                                 |                      |             Disabled |
+---------------------------------+----------------------+----------------------+
| 1  PPU-ZW810E        N/A        | 00000000:06:00.0     |                    0 |
| N/A  29C   N/A       67W / 400W | 2MiB / 97920MiB      |   0%        Default  |
|                                 |                      |             Disabled |
+---------------------------------+----------------------+----------------------+
| 2  PPU-ZW810E        N/A        | 00000000:0B:00.0     |                    0 |
| N/A  28C   N/A       72W / 400W | 2MiB / 97920MiB      |   0%        Default  |
|                                 |                      |             Disabled |
+---------------------------------+----------------------+----------------------+
| 3  PPU-ZW810E        N/A        | 00000000:0C:00.0     |                    0 |
| N/A  28C   N/A       73W / 400W | 2MiB / 97920MiB      |   0%        Default  |
|                                 |                      |             Disabled |
+---------------------------------+----------------------+----------------------+

+-------------------------------------------------------------------------------+
| Processes:                                                                    |
| PPU    GI   CI   PID      Type  Process name                       PPU Memory |
|        ID   ID                                                     Usage      |
+===============================================================================+
| No running processes found                                                    |
+-------------------------------------------------------------------------------+
W0608 18:37:07.348000 95907 site-packages/torch/distributed/run.py:803] 
W0608 18:37:07.348000 95907 site-packages/torch/distributed/run.py:803] *****************************************
W0608 18:37:07.348000 95907 site-packages/torch/distributed/run.py:803] Setting OMP_NUM_THREADS environment variable for each process to be 1 in default, to avoid your system being overloaded, please further tune the variable for optimal performance in your application as needed. 
W0608 18:37:07.348000 95907 site-packages/torch/distributed/run.py:803] *****************************************
WARNING:root:
            [33m
            _fbgemm_torch_compat_table has no entry for v1.4.0 of FBGEMM;
            cannot determine compatibility with PyTorch 2.9.0+ali.10.ppu2.0.0.cu129
            [0m
            
WARNING:root:
            [33m
            _fbgemm_torch_compat_table has no entry for v1.4.0 of FBGEMM;
            cannot determine compatibility with PyTorch 2.9.0+ali.10.ppu2.0.0.cu129
            [0m
            
WARNING:root:
            [33m
            _fbgemm_torch_compat_table has no entry for v1.4.0 of FBGEMM;
            cannot determine compatibility with PyTorch 2.9.0+ali.10.ppu2.0.0.cu129
            [0m
            
WARNING:root:
            [33m
            _fbgemm_torch_compat_table has no entry for v1.4.0 of FBGEMM;
            cannot determine compatibility with PyTorch 2.9.0+ali.10.ppu2.0.0.cu129
            [0m
            
WARNING:root:
            [33m
            _fbgemm_torch_compat_table has no entry for v1.4.0 of FBGEMM;
            cannot determine compatibility with PyTorch 2.9.0+ali.10.ppu2.0.0.cu129
            [0m
            
WARNING:root:
            [33m
            _fbgemm_torch_compat_table has no entry for v1.4.0 of FBGEMM;
            cannot determine compatibility with PyTorch 2.9.0+ali.10.ppu2.0.0.cu129
            [0m
            
WARNING:root:
            [33m
            _fbgemm_torch_compat_table has no entry for v1.4.0 of FBGEMM;
            cannot determine compatibility with PyTorch 2.9.0+ali.10.ppu2.0.0.cu129
            [0m
            
WARNING:root:
            [33m
            _fbgemm_torch_compat_table has no entry for v1.4.0 of FBGEMM;
            cannot determine compatibility with PyTorch 2.9.0+ali.10.ppu2.0.0.cu129
            [0m
            
WARNING:root:
            [33m
            _fbgemm_torch_compat_table has no entry for v1.4.0 of FBGEMM;
            cannot determine compatibility with PyTorch 2.9.0+ali.10.ppu2.0.0.cu129
            [0m
            
WARNING:root:
            [33m
            _fbgemm_torch_compat_table has no entry for v1.4.0 of FBGEMM;
            cannot determine compatibility with PyTorch 2.9.0+ali.10.ppu2.0.0.cu129
            [0m
            
WARNING:root:
            [33m
            _fbgemm_torch_compat_table has no entry for v1.4.0 of FBGEMM;
            cannot determine compatibility with PyTorch 2.9.0+ali.10.ppu2.0.0.cu129
            [0m
            
WARNING:root:
            [33m
            _fbgemm_torch_compat_table has no entry for v1.4.0 of FBGEMM;
            cannot determine compatibility with PyTorch 2.9.0+ali.10.ppu2.0.0.cu129
            [0m
            
WARNING:root:
            [33m
            _fbgemm_torch_compat_table has no entry for v1.4.0 of FBGEMM;
            cannot determine compatibility with PyTorch 2.9.0+ali.10.ppu2.0.0.cu129
            [0m
            
WARNING:root:
            [33m
            _fbgemm_torch_compat_table has no entry for v1.4.0 of FBGEMM;
            cannot determine compatibility with PyTorch 2.9.0+ali.10.ppu2.0.0.cu129
            [0m
            
WARNING:root:
            [33m
            _fbgemm_torch_compat_table has no entry for v1.4.0 of FBGEMM;
            cannot determine compatibility with PyTorch 2.9.0+ali.10.ppu2.0.0.cu129
            [0m
            
WARNING:root:
            [33m
            _fbgemm_torch_compat_table has no entry for v1.4.0 of FBGEMM;
            cannot determine compatibility with PyTorch 2.9.0+ali.10.ppu2.0.0.cu129
            [0m
            
WARNING:root:
            [33m
            _fbgemm_torch_compat_table has no entry for v1.4.0 of FBGEMM;
            cannot determine compatibility with PyTorch 2.9.0+ali.10.ppu2.0.0.cu129
            [0m
            
WARNING:root:
            [33m
            _fbgemm_torch_compat_table has no entry for v1.4.0 of FBGEMM;
            cannot determine compatibility with PyTorch 2.9.0+ali.10.ppu2.0.0.cu129
            [0m
            
WARNING:root:
            [33m
            _fbgemm_torch_compat_table has no entry for v1.4.0 of FBGEMM;
            cannot determine compatibility with PyTorch 2.9.0+ali.10.ppu2.0.0.cu129
            [0m
            
WARNING:root:
            [33m
            _fbgemm_torch_compat_table has no entry for v1.4.0 of FBGEMM;
            cannot determine compatibility with PyTorch 2.9.0+ali.10.ppu2.0.0.cu129
            [0m
            
WARNING:root:
            [33m
            _fbgemm_torch_compat_table has no entry for v1.4.0 of FBGEMM;
            cannot determine compatibility with PyTorch 2.9.0+ali.10.ppu2.0.0.cu129
            [0m
            
WARNING:root:
            [33m
            _fbgemm_torch_compat_table has no entry for v1.4.0 of FBGEMM;
            cannot determine compatibility with PyTorch 2.9.0+ali.10.ppu2.0.0.cu129
            [0m
            
WARNING:root:
            [33m
            _fbgemm_torch_compat_table has no entry for v1.4.0 of FBGEMM;
            cannot determine compatibility with PyTorch 2.9.0+ali.10.ppu2.0.0.cu129
            [0m
            
WARNING:root:
            [33m
            _fbgemm_torch_compat_table has no entry for v1.4.0 of FBGEMM;
            cannot determine compatibility with PyTorch 2.9.0+ali.10.ppu2.0.0.cu129
            [0m
            
WARNING:root:
            [33m
            _fbgemm_torch_compat_table has no entry for v1.4.0 of FBGEMM;
            cannot determine compatibility with PyTorch 2.9.0+ali.10.ppu2.0.0.cu129
            [0m
            
WARNING:root:
            [33m
            _fbgemm_torch_compat_table has no entry for v1.4.0 of FBGEMM;
            cannot determine compatibility with PyTorch 2.9.0+ali.10.ppu2.0.0.cu129
            [0m
            
WARNING:root:
            [33m
            _fbgemm_torch_compat_table has no entry for v1.4.0 of FBGEMM;
            cannot determine compatibility with PyTorch 2.9.0+ali.10.ppu2.0.0.cu129
            [0m
            
WARNING:root:
            [33m
            _fbgemm_torch_compat_table has no entry for v1.4.0 of FBGEMM;
            cannot determine compatibility with PyTorch 2.9.0+ali.10.ppu2.0.0.cu129
            [0m
            
WARNING:root:
            [33m
            _fbgemm_torch_compat_table has no entry for v1.4.0 of FBGEMM;
            cannot determine compatibility with PyTorch 2.9.0+ali.10.ppu2.0.0.cu129
            [0m
            
WARNING:root:
            [33m
            _fbgemm_torch_compat_table has no entry for v1.4.0 of FBGEMM;
            cannot determine compatibility with PyTorch 2.9.0+ali.10.ppu2.0.0.cu129
            [0m
            
WARNING:root:
            [33m
            _fbgemm_torch_compat_table has no entry for v1.4.0 of FBGEMM;
            cannot determine compatibility with PyTorch 2.9.0+ali.10.ppu2.0.0.cu129
            [0m
            
WARNING:root:
            [33m
            _fbgemm_torch_compat_table has no entry for v1.4.0 of FBGEMM;
            cannot determine compatibility with PyTorch 2.9.0+ali.10.ppu2.0.0.cu129
            [0m
            
WARNING:root:
            [33m
            _fbgemm_torch_compat_table has no entry for v1.4.0 of FBGEMM;
            cannot determine compatibility with PyTorch 2.9.0+ali.10.ppu2.0.0.cu129
            [0m
            
WARNING:root:
            [33m
            _fbgemm_torch_compat_table has no entry for v1.4.0 of FBGEMM;
            cannot determine compatibility with PyTorch 2.9.0+ali.10.ppu2.0.0.cu129
            [0m
            
WARNING:root:
            [33m
            _fbgemm_torch_compat_table has no entry for v1.4.0 of FBGEMM;
            cannot determine compatibility with PyTorch 2.9.0+ali.10.ppu2.0.0.cu129
            [0m
            
WARNING:root:
            [33m
            _fbgemm_torch_compat_table has no entry for v1.4.0 of FBGEMM;
            cannot determine compatibility with PyTorch 2.9.0+ali.10.ppu2.0.0.cu129
            [0m
            
WARNING:root:
            [33m
            _fbgemm_torch_compat_table has no entry for v1.4.0 of FBGEMM;
            cannot determine compatibility with PyTorch 2.9.0+ali.10.ppu2.0.0.cu129
            [0m
            
WARNING:root:
            [33m
            _fbgemm_torch_compat_table has no entry for v1.4.0 of FBGEMM;
            cannot determine compatibility with PyTorch 2.9.0+ali.10.ppu2.0.0.cu129
            [0m
            
WARNING:root:
            [33m
            _fbgemm_torch_compat_table has no entry for v1.4.0 of FBGEMM;
            cannot determine compatibility with PyTorch 2.9.0+ali.10.ppu2.0.0.cu129
            [0m
            
WARNING:root:
            [33m
            _fbgemm_torch_compat_table has no entry for v1.4.0 of FBGEMM;
            cannot determine compatibility with PyTorch 2.9.0+ali.10.ppu2.0.0.cu129
            [0m
            
WARNING:root:
            [33m
            _fbgemm_torch_compat_table has no entry for v1.4.0 of FBGEMM;
            cannot determine compatibility with PyTorch 2.9.0+ali.10.ppu2.0.0.cu129
            [0m
            
WARNING:root:
            [33m
            _fbgemm_torch_compat_table has no entry for v1.4.0 of FBGEMM;
            cannot determine compatibility with PyTorch 2.9.0+ali.10.ppu2.0.0.cu129
            [0m
            
WARNING:root:
            [33m
            _fbgemm_torch_compat_table has no entry for v1.4.0 of FBGEMM;
            cannot determine compatibility with PyTorch 2.9.0+ali.10.ppu2.0.0.cu129
            [0m
            
WARNING:root:
            [33m
            _fbgemm_torch_compat_table has no entry for v1.4.0 of FBGEMM;
            cannot determine compatibility with PyTorch 2.9.0+ali.10.ppu2.0.0.cu129
            [0m
            
WARNING:root:
            [33m
            _fbgemm_torch_compat_table has no entry for v1.4.0 of FBGEMM;
            cannot determine compatibility with PyTorch 2.9.0+ali.10.ppu2.0.0.cu129
            [0m
            
WARNING:root:
            [33m
            _fbgemm_torch_compat_table has no entry for v1.4.0 of FBGEMM;
            cannot determine compatibility with PyTorch 2.9.0+ali.10.ppu2.0.0.cu129
            [0m
            
WARNING:root:
            [33m
            _fbgemm_torch_compat_table has no entry for v1.4.0 of FBGEMM;
            cannot determine compatibility with PyTorch 2.9.0+ali.10.ppu2.0.0.cu129
            [0m
            
WARNING:root:
            [33m
            _fbgemm_torch_compat_table has no entry for v1.4.0 of FBGEMM;
            cannot determine compatibility with PyTorch 2.9.0+ali.10.ppu2.0.0.cu129
            [0m
            
WARNING:root:
            [33m
            _fbgemm_torch_compat_table has no entry for v1.4.0 of FBGEMM;
            cannot determine compatibility with PyTorch 2.9.0+ali.10.ppu2.0.0.cu129
            [0m
            
WARNING:root:
            [33m
            _fbgemm_torch_compat_table has no entry for v1.4.0 of FBGEMM;
            cannot determine compatibility with PyTorch 2.9.0+ali.10.ppu2.0.0.cu129
            [0m
            
WARNING:root:
            [33m
            _fbgemm_torch_compat_table has no entry for v1.4.0 of FBGEMM;
            cannot determine compatibility with PyTorch 2.9.0+ali.10.ppu2.0.0.cu129
            [0m
            
WARNING:root:
            [33m
            _fbgemm_torch_compat_table has no entry for v1.4.0 of FBGEMM;
            cannot determine compatibility with PyTorch 2.9.0+ali.10.ppu2.0.0.cu129
            [0m
            
WARNING: temporarily disabled some autotune configs for CUDA 12.8+
WARNING: temporarily disabled some autotune configs for CUDA 12.8+
WARNING: temporarily disabled some autotune configs for CUDA 12.8+
WARNING: temporarily disabled some autotune configs for CUDA 12.8+
model-performance-4ppu-7bd6d74d45-2wfsr accl-lite version: v1.1.159.gd143c23
model-performance-4ppu-7bd6d74d45-2wfsr accl-lite version: v1.1.159.gd143c23
model-performance-4ppu-7bd6d74d45-2wfsr accl-lite version: v1.1.159.gd143c23
model-performance-4ppu-7bd6d74d45-2wfsr accl-lite version: v1.1.159.gd143c23
[Gloo] Rank 0 is connected to 3 peer ranks. Expected number of connected peer ranks is : 3
[Gloo] Rank 2 is connected to 3 peer ranks. Expected number of connected peer ranks is : 3
[Gloo] Rank 3 is connected to 3 peer ranks. Expected number of connected peer ranks is : 3
[Gloo] Rank 1 is connected to 3 peer ranks. Expected number of connected peer ranks is : 3
[Gloo] Rank 0 is connected to 3 peer ranks. Expected number of connected peer ranks is : 3
[Gloo] Rank 3 is connected to 3 peer ranks. Expected number of connected peer ranks is : 3
[Gloo] Rank 2 is connected to 3 peer ranks. Expected number of connected peer ranks is : 3
[Gloo] Rank 1 is connected to 3 peer ranks. Expected number of connected peer ranks is : 3
[Gloo] Rank 3 is connected to 3 peer ranks. Expected number of connected peer ranks is : 3
[Gloo] Rank 0 is connected to 3 peer ranks. Expected number of connected peer ranks is : 3
[Gloo] Rank 2 is connected to 3 peer ranks. Expected number of connected peer ranks is : 3
[Gloo] Rank 1 is connected to 3 peer ranks. Expected number of connected peer ranks is : 3
[06/08/26 18:37:43] INFO     distributed env initialization done. Free cuda memory: 97136.99 MB                                                                                                                                                 
[rank2]:W0608 18:37:43.486000 95991 site-packages/torch/fx/_symbolic_trace.py:52] is_fx_tracing will return true for both fx.symbolic_trace and torch.export. Please use is_fx_tracing_symbolic_tracing() for specifically fx.symbolic_trace or torch.compiler.is_compiling() for specifically torch.export/compile.
[rank3]:W0608 18:37:43.490000 95999 site-packages/torch/fx/_symbolic_trace.py:52] is_fx_tracing will return true for both fx.symbolic_trace and torch.export. Please use is_fx_tracing_symbolic_tracing() for specifically fx.symbolic_trace or torch.compiler.is_compiling() for specifically torch.export/compile.
[rank1]:W0608 18:37:43.508000 95984 site-packages/torch/fx/_symbolic_trace.py:52] is_fx_tracing will return true for both fx.symbolic_trace and torch.export. Please use is_fx_tracing_symbolic_tracing() for specifically fx.symbolic_trace or torch.compiler.is_compiling() for specifically torch.export/compile.
[rank0]:W0608 18:37:43.531000 95976 site-packages/torch/fx/_symbolic_trace.py:52] is_fx_tracing will return true for both fx.symbolic_trace and torch.export. Please use is_fx_tracing_symbolic_tracing() for specifically fx.symbolic_trace or torch.compiler.is_compiling() for specifically torch.export/compile.
WARNING:megatron.core.tensor_parallel.random:CPU RNG state changed within GPU RNG context
WARNING:megatron.core.tensor_parallel.random:CPU RNG state changed within GPU RNG context
WARNING:megatron.core.tensor_parallel.random:CPU RNG state changed within GPU RNG context
WARNING:megatron.core.tensor_parallel.random:CPU RNG state changed within GPU RNG context


Storage layout: Host-only (single tier, CPU)
-----------+---------+-----------+-----------+---------------------
   tier    |  table  |  init(MB) |  peak(MB) |   emb/opt peak(MB)  
-----------+---------+-----------+-----------+---------------------
host (CPU) | item    | 18310.688 | 18310.688 | 6103.562 / 12207.125
           | user_id | 18310.688 | 18310.688 | 6103.562 / 12207.125
           | --------+-----------+-----------+---------------------
           | TOTAL   | 36621.375 | 36621.375 | 12207.125 / 24414.25
-----------+---------+-----------+-----------+---------------------
WARNING:torchrec.distributed.utils:Sharding Type is data_parallel, caching params will be ignored
WARNING:torchrec.distributed.utils:Sharding Type is data_parallel, caching params will be ignored
WARNING:torchrec.distributed.utils:Sharding Type is data_parallel, caching params will be ignored


Storage layout: Host-only (single tier, CPU)
-----------+---------+-----------+-----------+---------------------
   tier    |  table  |  init(MB) |  peak(MB) |   emb/opt peak(MB)  
-----------+---------+-----------+-----------+---------------------
host (CPU) | item    | 18310.688 | 18310.688 | 6103.562 / 12207.125
           | user_id | 18310.688 | 18310.688 | 6103.562 / 12207.125
           | --------+-----------+-----------+---------------------
           | TOTAL   | 36621.375 | 36621.375 | 12207.125 / 24414.25
-----------+---------+-----------+-----------+---------------------


Storage layout: Host-only (single tier, CPU)
-----------+---------+-----------+-----------+---------------------
   tier    |  table  |  init(MB) |  peak(MB) |   emb/opt peak(MB)  
-----------+---------+-----------+-----------+---------------------
host (CPU) | item    | 18310.688 | 18310.688 | 6103.562 / 12207.125
           | user_id | 18310.688 | 18310.688 | 6103.562 / 12207.125
           | --------+-----------+-----------+---------------------
           | TOTAL   | 36621.375 | 36621.375 | 12207.125 / 24414.25
-----------+---------+-----------+-----------+---------------------
WARNING:torchrec.distributed.utils:Sharding Type is data_parallel, caching params will be ignored
WARNING:torchrec.distributed.utils:Sharding Type is data_parallel, caching params will be ignored
WARNING:torchrec.distributed.utils:Sharding Type is data_parallel, caching params will be ignored
WARNING:torchrec.distributed.utils:Sharding Type is data_parallel, caching params will be ignored
WARNING:torchrec.distributed.utils:Sharding Type is data_parallel, caching params will be ignored
WARNING:torchrec.distributed.utils:Sharding Type is data_parallel, caching params will be ignored


Storage layout: Host-only (single tier, CPU)
-----------+---------+-----------+-----------+---------------------
   tier    |  table  |  init(MB) |  peak(MB) |   emb/opt peak(MB)  
-----------+---------+-----------+-----------+---------------------
host (CPU) | item    | 18310.688 | 18310.688 | 6103.562 / 12207.125
           | user_id | 18310.688 | 18310.688 | 6103.562 / 12207.125
           | --------+-----------+-----------+---------------------
           | TOTAL   | 36621.375 | 36621.375 | 12207.125 / 24414.25
-----------+---------+-----------+-----------+---------------------
WARNING:torchrec.distributed.utils:Sharding Type is data_parallel, caching params will be ignored
WARNING:torchrec.distributed.utils:Sharding Type is data_parallel, caching params will be ignored
WARNING:torchrec.distributed.utils:Sharding Type is data_parallel, caching params will be ignored
[06/08/26 18:38:25] INFO     model initialization done, start training. Free cuda memory: 95387.87 MB                                                                                                                                           
[06/08/26 18:38:26] INFO     fill_tables done for ['item', 'user_id']                                                                                                                                                                           
[2026-06-08 18:38:27:22824][ALINPU INFO]: [/job_3904634/source/acompute/include/accontext.hpp:176][34m ACOMPUTE: [device caps] dev=0, name=PPU-ZW810E, sm8.0, smem=256KB, num_of_sm=64, freq_of_sm=1700MHz[0m
[2026-06-08 18:38:27:29449][ALINPU INFO]: [/job_3904634/source/acompute/include/accontext.hpp:176][34m ACOMPUTE: [device caps] dev=2, name=PPU-ZW810E, sm8.0, smem=256KB, num_of_sm=64, freq_of_sm=1700MHz[0m
[2026-06-08 18:38:27:30624][ALINPU INFO]: [/job_3904634/source/acompute/include/accontext.hpp:176][34m ACOMPUTE: [device caps] dev=3, name=PPU-ZW810E, sm8.0, smem=256KB, num_of_sm=64, freq_of_sm=1700MHz[0m
[2026-06-08 18:38:27:30902][ALINPU INFO]: [/job_3904634/source/acompute/include/accontext.hpp:176][34m ACOMPUTE: [device caps] dev=1, name=PPU-ZW810E, sm8.0, smem=256KB, num_of_sm=64, freq_of_sm=1700MHz[0m
[06/08/26 18:46:17] INFO     [train] [iter 19, tokens 2244415, elapsed_time 468070.69 ms, achieved FLOPS 6.45 TFLOPS, MFU 0.82%]: loss 5.546300                                                                                                 
[06/08/26 18:47:18] INFO     [train] [iter 39, tokens 2244415, elapsed_time 58712.39 ms, achieved FLOPS 51.43 TFLOPS, MFU 6.54%]: loss 5.546267                                                                                                 
[06/08/26 18:48:20] INFO     [train] [iter 59, tokens 2244415, elapsed_time 58741.60 ms, achieved FLOPS 51.40 TFLOPS, MFU 6.54%]: loss 5.546266                                                                                                 
[06/08/26 18:49:22] INFO     [train] [iter 79, tokens 2244415, elapsed_time 58782.94 ms, achieved FLOPS 51.37 TFLOPS, MFU 6.53%]: loss 5.546273                                                                                                 
[06/08/26 18:50:24] INFO     [train] [iter 99, tokens 2244415, elapsed_time 58779.66 ms, achieved FLOPS 51.37 TFLOPS, MFU 6.53%]: loss 5.546221                                                                                                 
[06/08/26 18:51:26] INFO     [train] [iter 119, tokens 2244415, elapsed_time 58817.99 ms, achieved FLOPS 51.34 TFLOPS, MFU 6.53%]: loss 5.546248                                                                                                
[06/08/26 18:52:28] INFO     [train] [iter 139, tokens 2244415, elapsed_time 58774.81 ms, achieved FLOPS 51.37 TFLOPS, MFU 6.53%]: loss 5.546260                                                                                                
[06/08/26 18:53:29] INFO     [train] [iter 159, tokens 2244415, elapsed_time 58776.57 ms, achieved FLOPS 51.37 TFLOPS, MFU 6.53%]: loss 5.546235                                                                                                
[06/08/26 18:54:31] INFO     [train] [iter 179, tokens 2244415, elapsed_time 58762.82 ms, achieved FLOPS 51.38 TFLOPS, MFU 6.53%]: loss 5.546265                                                                                                
[06/08/26 18:55:33] INFO     [train] [iter 199, tokens 2244415, elapsed_time 58718.01 ms, achieved FLOPS 51.42 TFLOPS, MFU 6.54%]: loss 5.546271                                                                                                
[06/08/26 18:56:35] INFO     [train] [iter 219, tokens 2244415, elapsed_time 58743.30 ms, achieved FLOPS 51.40 TFLOPS, MFU 6.54%]: loss 5.546284                                                                                                
[06/08/26 18:57:37] INFO     [train] [iter 239, tokens 2244415, elapsed_time 58799.16 ms, achieved FLOPS 51.35 TFLOPS, MFU 6.53%]: loss 5.546308                                                                                                
[06/08/26 18:58:38] INFO     [train] [iter 259, tokens 2244415, elapsed_time 58770.71 ms, achieved FLOPS 51.38 TFLOPS, MFU 6.53%]: loss 5.546275                                                                                                
[06/08/26 18:59:40] INFO     [train] [iter 279, tokens 2244415, elapsed_time 58810.95 ms, achieved FLOPS 51.34 TFLOPS, MFU 6.53%]: loss 5.546247                                                                                                
[06/08/26 19:00:42] INFO     [train] [iter 299, tokens 2244415, elapsed_time 58716.53 ms, achieved FLOPS 51.42 TFLOPS, MFU 6.54%]: loss 5.546244                                                                                                
[06/08/26 19:01:44] INFO     [train] [iter 319, tokens 2244415, elapsed_time 58726.58 ms, achieved FLOPS 51.42 TFLOPS, MFU 6.54%]: loss 5.546260                                                                                                
[06/08/26 19:02:46] INFO     [train] [iter 339, tokens 2244415, elapsed_time 58811.24 ms, achieved FLOPS 51.34 TFLOPS, MFU 6.53%]: loss 5.546249                                                                                                
[06/08/26 19:03:48] INFO     [train] [iter 359, tokens 2244415, elapsed_time 58731.93 ms, achieved FLOPS 51.41 TFLOPS, MFU 6.54%]: loss 5.546237                                                                                                
[06/08/26 19:04:49] INFO     [train] [iter 379, tokens 2244415, elapsed_time 58787.60 ms, achieved FLOPS 51.36 TFLOPS, MFU 6.53%]: loss 5.546217                                                                                                
[06/08/26 19:05:51] INFO     [train] [iter 399, tokens 2244415, elapsed_time 58768.93 ms, achieved FLOPS 51.38 TFLOPS, MFU 6.53%]: loss 5.546200                                                                                                
[06/08/26 19:06:53] INFO     [train] [iter 419, tokens 2244415, elapsed_time 58806.59 ms, achieved FLOPS 51.35 TFLOPS, MFU 6.53%]: loss 5.546227                                                                                                
[06/08/26 19:07:55] INFO     [train] [iter 439, tokens 2244415, elapsed_time 58761.14 ms, achieved FLOPS 51.39 TFLOPS, MFU 6.53%]: loss 5.546206                                                                                                
[06/08/26 19:08:57] INFO     [train] [iter 459, tokens 2244415, elapsed_time 58736.93 ms, achieved FLOPS 51.41 TFLOPS, MFU 6.54%]: loss 5.546214                                                                                                
[06/08/26 19:09:58] INFO     [train] [iter 479, tokens 2244415, elapsed_time 58798.52 ms, achieved FLOPS 51.35 TFLOPS, MFU 6.53%]: loss 5.546238                                                                                                
[06/08/26 19:11:00] INFO     [train] [iter 499, tokens 2244415, elapsed_time 58789.46 ms, achieved FLOPS 51.36 TFLOPS, MFU 6.53%]: loss 5.546246                                                                                                
[06/08/26 19:12:02] INFO     [train] [iter 519, tokens 2244415, elapsed_time 58806.70 ms, achieved FLOPS 51.35 TFLOPS, MFU 6.53%]: loss 5.546231                                                                                                
[06/08/26 19:13:04] INFO     [train] [iter 539, tokens 2244415, elapsed_time 58723.59 ms, achieved FLOPS 51.42 TFLOPS, MFU 6.54%]: loss 5.546247                                                                                                
[06/08/26 19:14:06] INFO     [train] [iter 559, tokens 2244415, elapsed_time 58782.79 ms, achieved FLOPS 51.37 TFLOPS, MFU 6.53%]: loss 5.546231                                                                                                
[06/08/26 19:15:08] INFO     [train] [iter 579, tokens 2244415, elapsed_time 58830.29 ms, achieved FLOPS 51.33 TFLOPS, MFU 6.53%]: loss 5.546219                                                                                                
[06/08/26 19:16:09] INFO     [train] [iter 599, tokens 2244415, elapsed_time 58818.88 ms, achieved FLOPS 51.34 TFLOPS, MFU 6.53%]: loss 5.546293                                                                                                
[06/08/26 19:17:11] INFO     [train] [iter 619, tokens 2244415, elapsed_time 58781.88 ms, achieved FLOPS 51.37 TFLOPS, MFU 6.53%]: loss 5.546219                                                                                                
[06/08/26 19:18:13] INFO     [train] [iter 639, tokens 2244415, elapsed_time 58744.64 ms, achieved FLOPS 51.40 TFLOPS, MFU 6.54%]: loss 5.546253                                                                                                
[06/08/26 19:19:15] INFO     [train] [iter 659, tokens 2244415, elapsed_time 58831.24 ms, achieved FLOPS 51.32 TFLOPS, MFU 6.53%]: loss 5.546279                                                                                                
[06/08/26 19:21:03] INFO     [train] [iter 679, tokens 2244415, elapsed_time 104548.25 ms, achieved FLOPS 28.88 TFLOPS, MFU 3.67%]: loss 5.546236                                                                                               
[06/08/26 19:23:06] INFO     [train] [iter 699, tokens 2244415, elapsed_time 119797.03 ms, achieved FLOPS 25.21 TFLOPS, MFU 3.20%]: loss 5.546239                                                                                               
[06/08/26 19:24:08] INFO     [train] [iter 719, tokens 2244415, elapsed_time 58823.33 ms, achieved FLOPS 51.33 TFLOPS, MFU 6.53%]: loss 5.546255                                                                                                
[06/08/26 19:25:32] INFO     [train] [iter 739, tokens 2244415, elapsed_time 81219.64 ms, achieved FLOPS 37.18 TFLOPS, MFU 4.73%]: loss 5.546258                                                                                                
[06/08/26 19:27:32] INFO     [train] [iter 759, tokens 2244415, elapsed_time 116261.40 ms, achieved FLOPS 25.97 TFLOPS, MFU 3.30%]: loss 5.546261                                                                                               
[06/08/26 19:29:11] INFO     [train] [iter 779, tokens 2244415, elapsed_time 95564.47 ms, achieved FLOPS 31.60 TFLOPS, MFU 4.02%]: loss 5.546253                                                                                                
