Mon Jun  8 18:05:01 2026
+-------------------------------------------------------------------------------+
| PPU-SMI 1.22          Driver Version: 1.4.1-816bc0  HGGC Version: 13.0        |
+---------------------------------+----------------------+----------------------+
| PPU  Name        Persistence M. | Bus-Id               | Volatile Uncorr. ECC |
| Fan  Temp  Perf   Pwr:Usage/Cap | Memory-Usage         | PPU-Util  Compute M. |
|                                 |                      |               MIG M. |
+=================================+======================+======================+
| 0  PPU-ZW810E        N/A        | 00000000:05:00.0     |                    0 |
| N/A  31C   N/A       69W / 400W | 2MiB / 97920MiB      |   0%        Default  |
|                                 |                      |             Disabled |
+---------------------------------+----------------------+----------------------+
| 1  PPU-ZW810E        N/A        | 00000000:06:00.0     |                    0 |
| N/A  29C   N/A       67W / 400W | 2MiB / 97920MiB      |   0%        Default  |
|                                 |                      |             Disabled |
+---------------------------------+----------------------+----------------------+
| 2  PPU-ZW810E        N/A        | 00000000:0B:00.0     |                    0 |
| N/A  28C   N/A       72W / 400W | 2MiB / 97920MiB      |   0%        Default  |
|                                 |                      |             Disabled |
+---------------------------------+----------------------+----------------------+
| 3  PPU-ZW810E        N/A        | 00000000:0C:00.0     |                    0 |
| N/A  29C   N/A       73W / 400W | 2MiB / 97920MiB      |   0%        Default  |
|                                 |                      |             Disabled |
+---------------------------------+----------------------+----------------------+

+-------------------------------------------------------------------------------+
| Processes:                                                                    |
| PPU    GI   CI   PID      Type  Process name                       PPU Memory |
|        ID   ID                                                     Usage      |
+===============================================================================+
| No running processes found                                                    |
+-------------------------------------------------------------------------------+
W0608 18:05:05.869000 89863 site-packages/torch/distributed/run.py:803] 
W0608 18:05:05.869000 89863 site-packages/torch/distributed/run.py:803] *****************************************
W0608 18:05:05.869000 89863 site-packages/torch/distributed/run.py:803] Setting OMP_NUM_THREADS environment variable for each process to be 1 in default, to avoid your system being overloaded, please further tune the variable for optimal performance in your application as needed. 
W0608 18:05:05.869000 89863 site-packages/torch/distributed/run.py:803] *****************************************
WARNING:root:
            [33m
            _fbgemm_torch_compat_table has no entry for v1.4.0 of FBGEMM;
            cannot determine compatibility with PyTorch 2.9.0+ali.10.ppu2.0.0.cu129
            [0m
            
WARNING:root:
            [33m
            _fbgemm_torch_compat_table has no entry for v1.4.0 of FBGEMM;
            cannot determine compatibility with PyTorch 2.9.0+ali.10.ppu2.0.0.cu129
            [0m
            
WARNING:root:
            [33m
            _fbgemm_torch_compat_table has no entry for v1.4.0 of FBGEMM;
            cannot determine compatibility with PyTorch 2.9.0+ali.10.ppu2.0.0.cu129
            [0m
            
WARNING:root:
            [33m
            _fbgemm_torch_compat_table has no entry for v1.4.0 of FBGEMM;
            cannot determine compatibility with PyTorch 2.9.0+ali.10.ppu2.0.0.cu129
            [0m
            
WARNING:root:
            [33m
            _fbgemm_torch_compat_table has no entry for v1.4.0 of FBGEMM;
            cannot determine compatibility with PyTorch 2.9.0+ali.10.ppu2.0.0.cu129
            [0m
            
WARNING:root:
            [33m
            _fbgemm_torch_compat_table has no entry for v1.4.0 of FBGEMM;
            cannot determine compatibility with PyTorch 2.9.0+ali.10.ppu2.0.0.cu129
            [0m
            
WARNING:root:
            [33m
            _fbgemm_torch_compat_table has no entry for v1.4.0 of FBGEMM;
            cannot determine compatibility with PyTorch 2.9.0+ali.10.ppu2.0.0.cu129
            [0m
            
WARNING:root:
            [33m
            _fbgemm_torch_compat_table has no entry for v1.4.0 of FBGEMM;
            cannot determine compatibility with PyTorch 2.9.0+ali.10.ppu2.0.0.cu129
            [0m
            
WARNING:root:
            [33m
            _fbgemm_torch_compat_table has no entry for v1.4.0 of FBGEMM;
            cannot determine compatibility with PyTorch 2.9.0+ali.10.ppu2.0.0.cu129
            [0m
            
WARNING:root:
            [33m
            _fbgemm_torch_compat_table has no entry for v1.4.0 of FBGEMM;
            cannot determine compatibility with PyTorch 2.9.0+ali.10.ppu2.0.0.cu129
            [0m
            
WARNING:root:
            [33m
            _fbgemm_torch_compat_table has no entry for v1.4.0 of FBGEMM;
            cannot determine compatibility with PyTorch 2.9.0+ali.10.ppu2.0.0.cu129
            [0m
            
WARNING:root:
            [33m
            _fbgemm_torch_compat_table has no entry for v1.4.0 of FBGEMM;
            cannot determine compatibility with PyTorch 2.9.0+ali.10.ppu2.0.0.cu129
            [0m
            
WARNING:root:
            [33m
            _fbgemm_torch_compat_table has no entry for v1.4.0 of FBGEMM;
            cannot determine compatibility with PyTorch 2.9.0+ali.10.ppu2.0.0.cu129
            [0m
            
WARNING:root:
            [33m
            _fbgemm_torch_compat_table has no entry for v1.4.0 of FBGEMM;
            cannot determine compatibility with PyTorch 2.9.0+ali.10.ppu2.0.0.cu129
            [0m
            
WARNING:root:
            [33m
            _fbgemm_torch_compat_table has no entry for v1.4.0 of FBGEMM;
            cannot determine compatibility with PyTorch 2.9.0+ali.10.ppu2.0.0.cu129
            [0m
            
WARNING:root:
            [33m
            _fbgemm_torch_compat_table has no entry for v1.4.0 of FBGEMM;
            cannot determine compatibility with PyTorch 2.9.0+ali.10.ppu2.0.0.cu129
            [0m
            
WARNING:root:
            [33m
            _fbgemm_torch_compat_table has no entry for v1.4.0 of FBGEMM;
            cannot determine compatibility with PyTorch 2.9.0+ali.10.ppu2.0.0.cu129
            [0m
            
WARNING:root:
            [33m
            _fbgemm_torch_compat_table has no entry for v1.4.0 of FBGEMM;
            cannot determine compatibility with PyTorch 2.9.0+ali.10.ppu2.0.0.cu129
            [0m
            
WARNING:root:
            [33m
            _fbgemm_torch_compat_table has no entry for v1.4.0 of FBGEMM;
            cannot determine compatibility with PyTorch 2.9.0+ali.10.ppu2.0.0.cu129
            [0m
            
WARNING:root:
            [33m
            _fbgemm_torch_compat_table has no entry for v1.4.0 of FBGEMM;
            cannot determine compatibility with PyTorch 2.9.0+ali.10.ppu2.0.0.cu129
            [0m
            
WARNING:root:
            [33m
            _fbgemm_torch_compat_table has no entry for v1.4.0 of FBGEMM;
            cannot determine compatibility with PyTorch 2.9.0+ali.10.ppu2.0.0.cu129
            [0m
            
WARNING:root:
            [33m
            _fbgemm_torch_compat_table has no entry for v1.4.0 of FBGEMM;
            cannot determine compatibility with PyTorch 2.9.0+ali.10.ppu2.0.0.cu129
            [0m
            
WARNING:root:
            [33m
            _fbgemm_torch_compat_table has no entry for v1.4.0 of FBGEMM;
            cannot determine compatibility with PyTorch 2.9.0+ali.10.ppu2.0.0.cu129
            [0m
            
WARNING:root:
            [33m
            _fbgemm_torch_compat_table has no entry for v1.4.0 of FBGEMM;
            cannot determine compatibility with PyTorch 2.9.0+ali.10.ppu2.0.0.cu129
            [0m
            
WARNING:root:
            [33m
            _fbgemm_torch_compat_table has no entry for v1.4.0 of FBGEMM;
            cannot determine compatibility with PyTorch 2.9.0+ali.10.ppu2.0.0.cu129
            [0m
            
WARNING:root:
            [33m
            _fbgemm_torch_compat_table has no entry for v1.4.0 of FBGEMM;
            cannot determine compatibility with PyTorch 2.9.0+ali.10.ppu2.0.0.cu129
            [0m
            
WARNING:root:
            [33m
            _fbgemm_torch_compat_table has no entry for v1.4.0 of FBGEMM;
            cannot determine compatibility with PyTorch 2.9.0+ali.10.ppu2.0.0.cu129
            [0m
            
WARNING:root:
            [33m
            _fbgemm_torch_compat_table has no entry for v1.4.0 of FBGEMM;
            cannot determine compatibility with PyTorch 2.9.0+ali.10.ppu2.0.0.cu129
            [0m
            
WARNING:root:
            [33m
            _fbgemm_torch_compat_table has no entry for v1.4.0 of FBGEMM;
            cannot determine compatibility with PyTorch 2.9.0+ali.10.ppu2.0.0.cu129
            [0m
            
WARNING:root:
            [33m
            _fbgemm_torch_compat_table has no entry for v1.4.0 of FBGEMM;
            cannot determine compatibility with PyTorch 2.9.0+ali.10.ppu2.0.0.cu129
            [0m
            
WARNING:root:
            [33m
            _fbgemm_torch_compat_table has no entry for v1.4.0 of FBGEMM;
            cannot determine compatibility with PyTorch 2.9.0+ali.10.ppu2.0.0.cu129
            [0m
            
WARNING:root:
            [33m
            _fbgemm_torch_compat_table has no entry for v1.4.0 of FBGEMM;
            cannot determine compatibility with PyTorch 2.9.0+ali.10.ppu2.0.0.cu129
            [0m
            
WARNING:root:
            [33m
            _fbgemm_torch_compat_table has no entry for v1.4.0 of FBGEMM;
            cannot determine compatibility with PyTorch 2.9.0+ali.10.ppu2.0.0.cu129
            [0m
            
WARNING:root:
            [33m
            _fbgemm_torch_compat_table has no entry for v1.4.0 of FBGEMM;
            cannot determine compatibility with PyTorch 2.9.0+ali.10.ppu2.0.0.cu129
            [0m
            
WARNING:root:
            [33m
            _fbgemm_torch_compat_table has no entry for v1.4.0 of FBGEMM;
            cannot determine compatibility with PyTorch 2.9.0+ali.10.ppu2.0.0.cu129
            [0m
            
WARNING:root:
            [33m
            _fbgemm_torch_compat_table has no entry for v1.4.0 of FBGEMM;
            cannot determine compatibility with PyTorch 2.9.0+ali.10.ppu2.0.0.cu129
            [0m
            
WARNING:root:
            [33m
            _fbgemm_torch_compat_table has no entry for v1.4.0 of FBGEMM;
            cannot determine compatibility with PyTorch 2.9.0+ali.10.ppu2.0.0.cu129
            [0m
            
WARNING:root:
            [33m
            _fbgemm_torch_compat_table has no entry for v1.4.0 of FBGEMM;
            cannot determine compatibility with PyTorch 2.9.0+ali.10.ppu2.0.0.cu129
            [0m
            
WARNING:root:
            [33m
            _fbgemm_torch_compat_table has no entry for v1.4.0 of FBGEMM;
            cannot determine compatibility with PyTorch 2.9.0+ali.10.ppu2.0.0.cu129
            [0m
            
WARNING:root:
            [33m
            _fbgemm_torch_compat_table has no entry for v1.4.0 of FBGEMM;
            cannot determine compatibility with PyTorch 2.9.0+ali.10.ppu2.0.0.cu129
            [0m
            
WARNING:root:
            [33m
            _fbgemm_torch_compat_table has no entry for v1.4.0 of FBGEMM;
            cannot determine compatibility with PyTorch 2.9.0+ali.10.ppu2.0.0.cu129
            [0m
            
WARNING:root:
            [33m
            _fbgemm_torch_compat_table has no entry for v1.4.0 of FBGEMM;
            cannot determine compatibility with PyTorch 2.9.0+ali.10.ppu2.0.0.cu129
            [0m
            
WARNING:root:
            [33m
            _fbgemm_torch_compat_table has no entry for v1.4.0 of FBGEMM;
            cannot determine compatibility with PyTorch 2.9.0+ali.10.ppu2.0.0.cu129
            [0m
            
WARNING:root:
            [33m
            _fbgemm_torch_compat_table has no entry for v1.4.0 of FBGEMM;
            cannot determine compatibility with PyTorch 2.9.0+ali.10.ppu2.0.0.cu129
            [0m
            
WARNING:root:
            [33m
            _fbgemm_torch_compat_table has no entry for v1.4.0 of FBGEMM;
            cannot determine compatibility with PyTorch 2.9.0+ali.10.ppu2.0.0.cu129
            [0m
            
WARNING:root:
            [33m
            _fbgemm_torch_compat_table has no entry for v1.4.0 of FBGEMM;
            cannot determine compatibility with PyTorch 2.9.0+ali.10.ppu2.0.0.cu129
            [0m
            
WARNING:root:
            [33m
            _fbgemm_torch_compat_table has no entry for v1.4.0 of FBGEMM;
            cannot determine compatibility with PyTorch 2.9.0+ali.10.ppu2.0.0.cu129
            [0m
            
WARNING:root:
            [33m
            _fbgemm_torch_compat_table has no entry for v1.4.0 of FBGEMM;
            cannot determine compatibility with PyTorch 2.9.0+ali.10.ppu2.0.0.cu129
            [0m
            
WARNING:root:
            [33m
            _fbgemm_torch_compat_table has no entry for v1.4.0 of FBGEMM;
            cannot determine compatibility with PyTorch 2.9.0+ali.10.ppu2.0.0.cu129
            [0m
            
WARNING:root:
            [33m
            _fbgemm_torch_compat_table has no entry for v1.4.0 of FBGEMM;
            cannot determine compatibility with PyTorch 2.9.0+ali.10.ppu2.0.0.cu129
            [0m
            
WARNING:root:
            [33m
            _fbgemm_torch_compat_table has no entry for v1.4.0 of FBGEMM;
            cannot determine compatibility with PyTorch 2.9.0+ali.10.ppu2.0.0.cu129
            [0m
            
WARNING:root:
            [33m
            _fbgemm_torch_compat_table has no entry for v1.4.0 of FBGEMM;
            cannot determine compatibility with PyTorch 2.9.0+ali.10.ppu2.0.0.cu129
            [0m
            
WARNING: temporarily disabled some autotune configs for CUDA 12.8+
WARNING: temporarily disabled some autotune configs for CUDA 12.8+
WARNING: temporarily disabled some autotune configs for CUDA 12.8+
WARNING: temporarily disabled some autotune configs for CUDA 12.8+
model-performance-4ppu-7bd6d74d45-2wfsr accl-lite version: v1.1.159.gd143c23
model-performance-4ppu-7bd6d74d45-2wfsr accl-lite version: v1.1.159.gd143c23
model-performance-4ppu-7bd6d74d45-2wfsr accl-lite version: v1.1.159.gd143c23
model-performance-4ppu-7bd6d74d45-2wfsr accl-lite version: v1.1.159.gd143c23
[Gloo] Rank 0 is connected to 3 peer ranks. Expected number of connected peer ranks is : 3
[Gloo] Rank 1 is connected to 3 peer ranks. Expected number of connected peer ranks is : 3
[Gloo] Rank 3 is connected to 3 peer ranks. Expected number of connected peer ranks is : 3
[Gloo] Rank 2 is connected to 3 peer ranks. Expected number of connected peer ranks is : 3
[Gloo] Rank 0 is connected to 3 peer ranks. Expected number of connected peer ranks is : 3
[Gloo] Rank 1 is connected to 3 peer ranks. Expected number of connected peer ranks is : 3
[Gloo] Rank [Gloo] Rank 3 is connected to 23 is connected to  peer ranks. 3Expected number of connected peer ranks is :  peer ranks. 3Expected number of connected peer ranks is : 3

[Gloo] Rank 0 is connected to 3 peer ranks. Expected number of connected peer ranks is : 3
[Gloo] Rank 3 is connected to 3 peer ranks. Expected number of connected peer ranks is : 3
[Gloo] Rank 2 is connected to 3 peer ranks. Expected number of connected peer ranks is : 3
[Gloo] Rank 1 is connected to 3 peer ranks. Expected number of connected peer ranks is : 3
[06/08/26 18:05:42] INFO     distributed env initialization done. Free cuda memory: 97136.99 MB                                                                                                                                                 
[rank2]:W0608 18:05:42.234000 89948 site-packages/torch/fx/_symbolic_trace.py:52] is_fx_tracing will return true for both fx.symbolic_trace and torch.export. Please use is_fx_tracing_symbolic_tracing() for specifically fx.symbolic_trace or torch.compiler.is_compiling() for specifically torch.export/compile.
[rank3]:W0608 18:05:42.240000 89956 site-packages/torch/fx/_symbolic_trace.py:52] is_fx_tracing will return true for both fx.symbolic_trace and torch.export. Please use is_fx_tracing_symbolic_tracing() for specifically fx.symbolic_trace or torch.compiler.is_compiling() for specifically torch.export/compile.
[rank1]:W0608 18:05:42.258000 89940 site-packages/torch/fx/_symbolic_trace.py:52] is_fx_tracing will return true for both fx.symbolic_trace and torch.export. Please use is_fx_tracing_symbolic_tracing() for specifically fx.symbolic_trace or torch.compiler.is_compiling() for specifically torch.export/compile.
[rank0]:W0608 18:05:42.279000 89932 site-packages/torch/fx/_symbolic_trace.py:52] is_fx_tracing will return true for both fx.symbolic_trace and torch.export. Please use is_fx_tracing_symbolic_tracing() for specifically fx.symbolic_trace or torch.compiler.is_compiling() for specifically torch.export/compile.
WARNING:megatron.core.tensor_parallel.random:CPU RNG state changed within GPU RNG context
WARNING:megatron.core.tensor_parallel.random:CPU RNG state changed within GPU RNG context
WARNING:megatron.core.tensor_parallel.random:CPU RNG state changed within GPU RNG context
WARNING:megatron.core.tensor_parallel.random:CPU RNG state changed within GPU RNG context


Storage layout: Caching (HBM cache + Host full backing; HBM rows duplicate Host)
--------------------+---------+-----------+-----------+---------------------
        tier        |  table  |  init(MB) |  peak(MB) |   emb/opt peak(MB)  
--------------------+---------+-----------+-----------+---------------------
hbm cache/cuda:1    | item    | 14653.5   | 14648.438 | 4882.812 / 9765.625 
                    | user_id | 14653.5   | 14648.438 | 4882.812 / 9765.625 
                    | --------+-----------+-----------+---------------------
                    | TOTAL   | 29307     | 29296.875 | 9765.625 / 19531.25 
--------------------+---------+-----------+-----------+---------------------
host backing (full) | item    | 18310.688 | 18310.688 | 6103.562 / 12207.125
                    | user_id | 18310.688 | 18310.688 | 6103.562 / 12207.125
                    | --------+-----------+-----------+---------------------
                    | TOTAL   | 36621.375 | 36621.375 | 12207.125 / 24414.25
--------------------+---------+-----------+-----------+---------------------
Note: HBM cache rows duplicate backing rows; total memory ≈ HBM cache + Host/PS backing (no subtract).
WARNING:torchrec.distributed.utils:Sharding Type is data_parallel, caching params will be ignored
WARNING:torchrec.distributed.utils:Sharding Type is data_parallel, caching params will be ignored
WARNING:torchrec.distributed.utils:Sharding Type is data_parallel, caching params will be ignored


Storage layout: Caching (HBM cache + Host full backing; HBM rows duplicate Host)
--------------------+---------+-----------+-----------+---------------------
        tier        |  table  |  init(MB) |  peak(MB) |   emb/opt peak(MB)  
--------------------+---------+-----------+-----------+---------------------
hbm cache/cuda:2    | item    | 14653.5   | 14648.438 | 4882.812 / 9765.625 
                    | user_id | 14653.5   | 14648.438 | 4882.812 / 9765.625 
                    | --------+-----------+-----------+---------------------
                    | TOTAL   | 29307     | 29296.875 | 9765.625 / 19531.25 
--------------------+---------+-----------+-----------+---------------------
host backing (full) | item    | 18310.688 | 18310.688 | 6103.562 / 12207.125
                    | user_id | 18310.688 | 18310.688 | 6103.562 / 12207.125
                    | --------+-----------+-----------+---------------------
                    | TOTAL   | 36621.375 | 36621.375 | 12207.125 / 24414.25
--------------------+---------+-----------+-----------+---------------------
Note: HBM cache rows duplicate backing rows; total memory ≈ HBM cache + Host/PS backing (no subtract).


Storage layout: Caching (HBM cache + Host full backing; HBM rows duplicate Host)
--------------------+---------+-----------+-----------+---------------------
        tier        |  table  |  init(MB) |  peak(MB) |   emb/opt peak(MB)  
--------------------+---------+-----------+-----------+---------------------
hbm cache/cuda:3    | item    | 14653.5   | 14648.438 | 4882.812 / 9765.625 
                    | user_id | 14653.5   | 14648.438 | 4882.812 / 9765.625 
                    | --------+-----------+-----------+---------------------
                    | TOTAL   | 29307     | 29296.875 | 9765.625 / 19531.25 
--------------------+---------+-----------+-----------+---------------------
host backing (full) | item    | 18310.688 | 18310.688 | 6103.562 / 12207.125
                    | user_id | 18310.688 | 18310.688 | 6103.562 / 12207.125
                    | --------+-----------+-----------+---------------------
                    | TOTAL   | 36621.375 | 36621.375 | 12207.125 / 24414.25
--------------------+---------+-----------+-----------+---------------------
Note: HBM cache rows duplicate backing rows; total memory ≈ HBM cache + Host/PS backing (no subtract).
WARNING:torchrec.distributed.utils:Sharding Type is data_parallel, caching params will be ignored
WARNING:torchrec.distributed.utils:Sharding Type is data_parallel, caching params will be ignored
WARNING:torchrec.distributed.utils:Sharding Type is data_parallel, caching params will be ignored
WARNING:torchrec.distributed.utils:Sharding Type is data_parallel, caching params will be ignored
WARNING:torchrec.distributed.utils:Sharding Type is data_parallel, caching params will be ignored
WARNING:torchrec.distributed.utils:Sharding Type is data_parallel, caching params will be ignored


Storage layout: Caching (HBM cache + Host full backing; HBM rows duplicate Host)
--------------------+---------+-----------+-----------+---------------------
        tier        |  table  |  init(MB) |  peak(MB) |   emb/opt peak(MB)  
--------------------+---------+-----------+-----------+---------------------
hbm cache/cuda:0    | item    | 14653.5   | 14648.438 | 4882.812 / 9765.625 
                    | user_id | 14653.5   | 14648.438 | 4882.812 / 9765.625 
                    | --------+-----------+-----------+---------------------
                    | TOTAL   | 29307     | 29296.875 | 9765.625 / 19531.25 
--------------------+---------+-----------+-----------+---------------------
host backing (full) | item    | 18310.688 | 18310.688 | 6103.562 / 12207.125
                    | user_id | 18310.688 | 18310.688 | 6103.562 / 12207.125
                    | --------+-----------+-----------+---------------------
                    | TOTAL   | 36621.375 | 36621.375 | 12207.125 / 24414.25
--------------------+---------+-----------+-----------+---------------------
Note: HBM cache rows duplicate backing rows; total memory ≈ HBM cache + Host/PS backing (no subtract).
WARNING:torchrec.distributed.utils:Sharding Type is data_parallel, caching params will be ignored
WARNING:torchrec.distributed.utils:Sharding Type is data_parallel, caching params will be ignored
WARNING:torchrec.distributed.utils:Sharding Type is data_parallel, caching params will be ignored
[06/08/26 18:06:25] INFO     model initialization done, start training. Free cuda memory: 65671.73 MB                                                                                                                                           
                    INFO     fill_tables done for ['item', 'user_id']                                                                                                                                                                           
[2026-06-08 18:06:26:858648][ALINPU INFO]: [/job_3904634/source/acompute/include/accontext.hpp:176][34m ACOMPUTE: [device caps] dev=2, name=PPU-ZW810E, sm8.0, smem=256KB, num_of_sm=64, freq_of_sm=1700MHz[0m
[2026-06-08 18:06:26:860605][ALINPU INFO]: [/job_3904634/source/acompute/include/accontext.hpp:176][[34m ACOMPUTE: [device caps] dev=3, name=PPU-ZW810E, sm8.0, smem=256KB, num_of_sm=64, freq_of_sm=1700MHz[0m
2026-06-08 18:06:26:860620][ALINPU INFO]: [/job_3904634/source/acompute/include/accontext.hpp:176][34m ACOMPUTE: [device caps] dev=1, name=PPU-ZW810E, sm8.0, smem=256KB, num_of_sm=64, freq_of_sm=1700MHz[0m
[2026-06-08 18:06:26:860930][ALINPU INFO]: [/job_3904634/source/acompute/include/accontext.hpp:176][34m ACOMPUTE: [device caps] dev=0, name=PPU-ZW810E, sm8.0, smem=256KB, num_of_sm=64, freq_of_sm=1700MHz[0m
[06/08/26 18:07:07] INFO     [train] [iter 19, tokens 2244415, elapsed_time 39451.87 ms, achieved FLOPS 76.54 TFLOPS, MFU 9.73%]: loss 5.546266                                                                                                 
[06/08/26 18:07:33] INFO     [train] [iter 39, tokens 2244415, elapsed_time 22449.09 ms, achieved FLOPS 134.50 TFLOPS, MFU 17.10%]: loss 5.545288                                                                                               
[06/08/26 18:07:58] INFO     [train] [iter 59, tokens 2244415, elapsed_time 22437.92 ms, achieved FLOPS 134.57 TFLOPS, MFU 17.11%]: loss 5.545229                                                                                               
[06/08/26 18:08:23] INFO     [train] [iter 79, tokens 2244415, elapsed_time 22473.10 ms, achieved FLOPS 134.36 TFLOPS, MFU 17.08%]: loss 5.543630                                                                                               
[06/08/26 18:08:48] INFO     [train] [iter 99, tokens 2244415, elapsed_time 22471.38 ms, achieved FLOPS 134.37 TFLOPS, MFU 17.09%]: loss 5.456105                                                                                               
[06/08/26 18:09:14] INFO     [train] [iter 119, tokens 2244415, elapsed_time 22479.66 ms, achieved FLOPS 134.32 TFLOPS, MFU 17.08%]: loss 5.303690                                                                                              
[06/08/26 18:09:39] INFO     [train] [iter 139, tokens 2244415, elapsed_time 22437.57 ms, achieved FLOPS 134.57 TFLOPS, MFU 17.11%]: loss 5.230009                                                                                              
[06/08/26 18:10:04] INFO     [train] [iter 159, tokens 2244415, elapsed_time 22457.59 ms, achieved FLOPS 134.45 TFLOPS, MFU 17.10%]: loss 5.121025                                                                                              
[06/08/26 18:10:30] INFO     [train] [iter 179, tokens 2244415, elapsed_time 22492.95 ms, achieved FLOPS 134.24 TFLOPS, MFU 17.07%]: loss 4.968406                                                                                              
[06/08/26 18:10:55] INFO     [train] [iter 199, tokens 2244415, elapsed_time 22460.35 ms, achieved FLOPS 134.44 TFLOPS, MFU 17.09%]: loss 4.914301                                                                                              
[06/08/26 18:11:20] INFO     [train] [iter 219, tokens 2244415, elapsed_time 22453.56 ms, achieved FLOPS 134.48 TFLOPS, MFU 17.10%]: loss 4.790950                                                                                              
[06/08/26 18:11:46] INFO     [train] [iter 239, tokens 2244415, elapsed_time 22471.52 ms, achieved FLOPS 134.37 TFLOPS, MFU 17.09%]: loss 4.658246                                                                                              
[06/08/26 18:12:11] INFO     [train] [iter 259, tokens 2244415, elapsed_time 22433.87 ms, achieved FLOPS 134.60 TFLOPS, MFU 17.11%]: loss 4.558756                                                                                              
[06/08/26 18:12:37] INFO     [train] [iter 279, tokens 2244415, elapsed_time 22477.44 ms, achieved FLOPS 134.33 TFLOPS, MFU 17.08%]: loss 4.538382                                                                                              
[06/08/26 18:13:02] INFO     [train] [iter 299, tokens 2244415, elapsed_time 22440.83 ms, achieved FLOPS 134.55 TFLOPS, MFU 17.11%]: loss 4.615144                                                                                              
[06/08/26 18:13:27] INFO     [train] [iter 319, tokens 2244415, elapsed_time 22449.67 ms, achieved FLOPS 134.50 TFLOPS, MFU 17.10%]: loss 4.577775                                                                                              
[06/08/26 18:13:52] INFO     [train] [iter 339, tokens 2244415, elapsed_time 22480.13 ms, achieved FLOPS 134.32 TFLOPS, MFU 17.08%]: loss 4.543436                                                                                              
[06/08/26 18:14:18] INFO     [train] [iter 359, tokens 2244415, elapsed_time 22453.94 ms, achieved FLOPS 134.48 TFLOPS, MFU 17.10%]: loss 4.456838                                                                                              
[06/08/26 18:14:43] INFO     [train] [iter 379, tokens 2244415, elapsed_time 22418.14 ms, achieved FLOPS 134.69 TFLOPS, MFU 17.13%]: loss 4.399127                                                                                              
[06/08/26 18:15:08] INFO     [train] [iter 399, tokens 2244415, elapsed_time 22445.93 ms, achieved FLOPS 134.52 TFLOPS, MFU 17.11%]: loss 4.369833                                                                                              
[06/08/26 18:15:34] INFO     [train] [iter 419, tokens 2244415, elapsed_time 22454.35 ms, achieved FLOPS 134.47 TFLOPS, MFU 17.10%]: loss 4.301593                                                                                              
[06/08/26 18:15:59] INFO     [train] [iter 439, tokens 2244415, elapsed_time 22471.80 ms, achieved FLOPS 134.37 TFLOPS, MFU 17.09%]: loss 4.251900                                                                                              
[06/08/26 18:16:24] INFO     [train] [iter 459, tokens 2244415, elapsed_time 22446.71 ms, achieved FLOPS 134.52 TFLOPS, MFU 17.10%]: loss 4.209219                                                                                              
[06/08/26 18:16:50] INFO     [train] [iter 479, tokens 2244415, elapsed_time 22455.85 ms, achieved FLOPS 134.46 TFLOPS, MFU 17.10%]: loss 4.222734                                                                                              
[06/08/26 18:17:15] INFO     [train] [iter 499, tokens 2244415, elapsed_time 22441.50 ms, achieved FLOPS 134.55 TFLOPS, MFU 17.11%]: loss 4.106595                                                                                              
[06/08/26 18:17:40] INFO     [train] [iter 519, tokens 2244415, elapsed_time 22469.01 ms, achieved FLOPS 134.38 TFLOPS, MFU 17.09%]: loss 4.009898                                                                                              
[06/08/26 18:18:05] INFO     [train] [iter 539, tokens 2244415, elapsed_time 22450.86 ms, achieved FLOPS 134.49 TFLOPS, MFU 17.10%]: loss 3.929898                                                                                              
[06/08/26 18:18:31] INFO     [train] [iter 559, tokens 2244415, elapsed_time 22447.86 ms, achieved FLOPS 134.51 TFLOPS, MFU 17.10%]: loss 3.863238                                                                                              
[06/08/26 18:18:56] INFO     [train] [iter 579, tokens 2244415, elapsed_time 22463.28 ms, achieved FLOPS 134.42 TFLOPS, MFU 17.09%]: loss 3.799946                                                                                              
[06/08/26 18:19:21] INFO     [train] [iter 599, tokens 2244415, elapsed_time 22443.76 ms, achieved FLOPS 134.54 TFLOPS, MFU 17.11%]: loss 3.746906                                                                                              
[06/08/26 18:19:47] INFO     [train] [iter 619, tokens 2244415, elapsed_time 22451.23 ms, achieved FLOPS 134.49 TFLOPS, MFU 17.10%]: loss 3.701164                                                                                              
[06/08/26 18:20:12] INFO     [train] [iter 639, tokens 2244415, elapsed_time 22436.40 ms, achieved FLOPS 134.58 TFLOPS, MFU 17.11%]: loss 3.660205                                                                                              
[06/08/26 18:20:37] INFO     [train] [iter 659, tokens 2244415, elapsed_time 22476.83 ms, achieved FLOPS 134.34 TFLOPS, MFU 17.08%]: loss 3.631545                                                                                              
[06/08/26 18:21:03] INFO     [train] [iter 679, tokens 2244415, elapsed_time 22419.78 ms, achieved FLOPS 134.68 TFLOPS, MFU 17.13%]: loss 3.581251                                                                                              
[06/08/26 18:21:28] INFO     [train] [iter 699, tokens 2244415, elapsed_time 22432.97 ms, achieved FLOPS 134.60 TFLOPS, MFU 17.12%]: loss 3.516442                                                                                              
[06/08/26 18:21:53] INFO     [train] [iter 719, tokens 2244415, elapsed_time 22421.87 ms, achieved FLOPS 134.67 TFLOPS, MFU 17.12%]: loss 3.472709                                                                                              
[06/08/26 18:22:18] INFO     [train] [iter 739, tokens 2244415, elapsed_time 22455.64 ms, achieved FLOPS 134.46 TFLOPS, MFU 17.10%]: loss 3.462914                                                                                              
[06/08/26 18:22:44] INFO     [train] [iter 759, tokens 2244415, elapsed_time 22443.28 ms, achieved FLOPS 134.54 TFLOPS, MFU 17.11%]: loss 3.456683                                                                                              
[06/08/26 18:23:09] INFO     [train] [iter 779, tokens 2244415, elapsed_time 22443.74 ms, achieved FLOPS 134.54 TFLOPS, MFU 17.11%]: loss 3.391075                                                                                              
[06/08/26 18:23:34] INFO     [train] [iter 799, tokens 2244415, elapsed_time 22444.84 ms, achieved FLOPS 134.53 TFLOPS, MFU 17.11%]: loss 3.405026                                                                                              
[06/08/26 18:24:00] INFO     [train] [iter 819, tokens 2244415, elapsed_time 22442.85 ms, achieved FLOPS 134.54 TFLOPS, MFU 17.11%]: loss 3.427734                                                                                              
[06/08/26 18:24:25] INFO     [train] [iter 839, tokens 2244415, elapsed_time 22428.27 ms, achieved FLOPS 134.63 TFLOPS, MFU 17.12%]: loss 3.389831                                                                                              
[06/08/26 18:24:50] INFO     [train] [iter 859, tokens 2244415, elapsed_time 22421.38 ms, achieved FLOPS 134.67 TFLOPS, MFU 17.12%]: loss 3.422608                                                                                              
[06/08/26 18:25:16] INFO     [train] [iter 879, tokens 2244415, elapsed_time 22467.51 ms, achieved FLOPS 134.39 TFLOPS, MFU 17.09%]: loss 3.384778                                                                                              
[06/08/26 18:25:41] INFO     [train] [iter 899, tokens 2244415, elapsed_time 22446.34 ms, achieved FLOPS 134.52 TFLOPS, MFU 17.11%]: loss 3.392477                                                                                              
[06/08/26 18:26:06] INFO     [train] [iter 919, tokens 2244415, elapsed_time 22406.24 ms, achieved FLOPS 134.76 TFLOPS, MFU 17.14%]: loss 3.358468                                                                                              
[06/08/26 18:26:31] INFO     [train] [iter 939, tokens 2244415, elapsed_time 22442.65 ms, achieved FLOPS 134.54 TFLOPS, MFU 17.11%]: loss 3.241704                                                                                              
[06/08/26 18:26:57] INFO     [train] [iter 959, tokens 2244415, elapsed_time 22426.13 ms, achieved FLOPS 134.64 TFLOPS, MFU 17.12%]: loss 3.154111                                                                                              
[06/08/26 18:27:22] INFO     [train] [iter 979, tokens 2244415, elapsed_time 22450.33 ms, achieved FLOPS 134.50 TFLOPS, MFU 17.10%]: loss 3.104374                                                                                              
[06/08/26 18:27:47] INFO     [train] [iter 999, tokens 2244415, elapsed_time 22425.79 ms, achieved FLOPS 134.64 TFLOPS, MFU 17.12%]: loss 3.054759                                                                                              
[rank0]:[W608 18:27:50.695833134 ProcessGroupNCCL.cpp:1528] Warning: WARNING: destroy_process_group() was not called before program exit, which can leak resources. For more info, please see https://pytorch.org/docs/stable/distributed.html#shutdown (function operator())
[rank2]:[W608 18:27:50.705402203 ProcessGroupNCCL.cpp:1528] Warning: WARNING: destroy_process_group() was not called before program exit, which can leak resources. For more info, please see https://pytorch.org/docs/stable/distributed.html#shutdown (function operator())
[rank3]:[W608 18:27:50.706438825 ProcessGroupNCCL.cpp:1528] Warning: WARNING: destroy_process_group() was not called before program exit, which can leak resources. For more info, please see https://pytorch.org/docs/stable/distributed.html#shutdown (function operator())
[rank1]:[W608 18:27:50.708740582 ProcessGroupNCCL.cpp:1528] Warning: WARNING: destroy_process_group() was not called before program exit, which can leak resources. For more info, please see https://pytorch.org/docs/stable/distributed.html#shutdown (function operator())
