Mon Jun  8 17:56:50 2026
+-------------------------------------------------------------------------------+
| PPU-SMI 1.22          Driver Version: 1.4.1-816bc0  HGGC Version: 13.0        |
+---------------------------------+----------------------+----------------------+
| PPU  Name        Persistence M. | Bus-Id               | Volatile Uncorr. ECC |
| Fan  Temp  Perf   Pwr:Usage/Cap | Memory-Usage         | PPU-Util  Compute M. |
|                                 |                      |               MIG M. |
+=================================+======================+======================+
| 0  PPU-ZW810E        N/A        | 00000000:05:00.0     |                    0 |
| N/A  32C   N/A       69W / 400W | 2MiB / 97920MiB      |   0%        Default  |
|                                 |                      |             Disabled |
+---------------------------------+----------------------+----------------------+
| 1  PPU-ZW810E        N/A        | 00000000:06:00.0     |                    0 |
| N/A  29C   N/A       67W / 400W | 2MiB / 97920MiB      |   0%        Default  |
|                                 |                      |             Disabled |
+---------------------------------+----------------------+----------------------+
| 2  PPU-ZW810E        N/A        | 00000000:0B:00.0     |                    0 |
| N/A  29C   N/A       72W / 400W | 2MiB / 97920MiB      |   0%        Default  |
|                                 |                      |             Disabled |
+---------------------------------+----------------------+----------------------+
| 3  PPU-ZW810E        N/A        | 00000000:0C:00.0     |                    0 |
| N/A  29C   N/A       73W / 400W | 2MiB / 97920MiB      |   0%        Default  |
|                                 |                      |             Disabled |
+---------------------------------+----------------------+----------------------+

+-------------------------------------------------------------------------------+
| Processes:                                                                    |
| PPU    GI   CI   PID      Type  Process name                       PPU Memory |
|        ID   ID                                                     Usage      |
+===============================================================================+
| No running processes found                                                    |
+-------------------------------------------------------------------------------+
W0608 17:56:51.151000 87150 site-packages/torch/distributed/run.py:803] 
W0608 17:56:51.151000 87150 site-packages/torch/distributed/run.py:803] *****************************************
W0608 17:56:51.151000 87150 site-packages/torch/distributed/run.py:803] Setting OMP_NUM_THREADS environment variable for each process to be 1 in default, to avoid your system being overloaded, please further tune the variable for optimal performance in your application as needed. 
W0608 17:56:51.151000 87150 site-packages/torch/distributed/run.py:803] *****************************************
WARNING:root:
            [33m
            _fbgemm_torch_compat_table has no entry for v1.4.0 of FBGEMM;
            cannot determine compatibility with PyTorch 2.9.0+ali.10.ppu2.0.0.cu129
            [0m
            
WARNING:root:
            [33m
            _fbgemm_torch_compat_table has no entry for v1.4.0 of FBGEMM;
            cannot determine compatibility with PyTorch 2.9.0+ali.10.ppu2.0.0.cu129
            [0m
            
WARNING:root:
            [33m
            _fbgemm_torch_compat_table has no entry for v1.4.0 of FBGEMM;
            cannot determine compatibility with PyTorch 2.9.0+ali.10.ppu2.0.0.cu129
            [0m
            
WARNING:root:
            [33m
            _fbgemm_torch_compat_table has no entry for v1.4.0 of FBGEMM;
            cannot determine compatibility with PyTorch 2.9.0+ali.10.ppu2.0.0.cu129
            [0m
            
WARNING:root:
            [33m
            _fbgemm_torch_compat_table has no entry for v1.4.0 of FBGEMM;
            cannot determine compatibility with PyTorch 2.9.0+ali.10.ppu2.0.0.cu129
            [0m
            
WARNING:root:
            [33m
            _fbgemm_torch_compat_table has no entry for v1.4.0 of FBGEMM;
            cannot determine compatibility with PyTorch 2.9.0+ali.10.ppu2.0.0.cu129
            [0m
            
WARNING:root:
            [33m
            _fbgemm_torch_compat_table has no entry for v1.4.0 of FBGEMM;
            cannot determine compatibility with PyTorch 2.9.0+ali.10.ppu2.0.0.cu129
            [0m
            
WARNING:root:
            [33m
            _fbgemm_torch_compat_table has no entry for v1.4.0 of FBGEMM;
            cannot determine compatibility with PyTorch 2.9.0+ali.10.ppu2.0.0.cu129
            [0m
            
WARNING:root:
            [33m
            _fbgemm_torch_compat_table has no entry for v1.4.0 of FBGEMM;
            cannot determine compatibility with PyTorch 2.9.0+ali.10.ppu2.0.0.cu129
            [0m
            
WARNING:root:
            [33m
            _fbgemm_torch_compat_table has no entry for v1.4.0 of FBGEMM;
            cannot determine compatibility with PyTorch 2.9.0+ali.10.ppu2.0.0.cu129
            [0m
            
WARNING:root:
            [33m
            _fbgemm_torch_compat_table has no entry for v1.4.0 of FBGEMM;
            cannot determine compatibility with PyTorch 2.9.0+ali.10.ppu2.0.0.cu129
            [0m
            
WARNING:root:
            [33m
            _fbgemm_torch_compat_table has no entry for v1.4.0 of FBGEMM;
            cannot determine compatibility with PyTorch 2.9.0+ali.10.ppu2.0.0.cu129
            [0m
            
WARNING:root:
            [33m
            _fbgemm_torch_compat_table has no entry for v1.4.0 of FBGEMM;
            cannot determine compatibility with PyTorch 2.9.0+ali.10.ppu2.0.0.cu129
            [0m
            
WARNING:root:
            [33m
            _fbgemm_torch_compat_table has no entry for v1.4.0 of FBGEMM;
            cannot determine compatibility with PyTorch 2.9.0+ali.10.ppu2.0.0.cu129
            [0m
            
WARNING:root:
            [33m
            _fbgemm_torch_compat_table has no entry for v1.4.0 of FBGEMM;
            cannot determine compatibility with PyTorch 2.9.0+ali.10.ppu2.0.0.cu129
            [0m
            
WARNING:root:
            [33m
            _fbgemm_torch_compat_table has no entry for v1.4.0 of FBGEMM;
            cannot determine compatibility with PyTorch 2.9.0+ali.10.ppu2.0.0.cu129
            [0m
            
WARNING:root:
            [33m
            _fbgemm_torch_compat_table has no entry for v1.4.0 of FBGEMM;
            cannot determine compatibility with PyTorch 2.9.0+ali.10.ppu2.0.0.cu129
            [0m
            
WARNING:root:
            [33m
            _fbgemm_torch_compat_table has no entry for v1.4.0 of FBGEMM;
            cannot determine compatibility with PyTorch 2.9.0+ali.10.ppu2.0.0.cu129
            [0m
            
WARNING:root:
            [33m
            _fbgemm_torch_compat_table has no entry for v1.4.0 of FBGEMM;
            cannot determine compatibility with PyTorch 2.9.0+ali.10.ppu2.0.0.cu129
            [0m
            
WARNING:root:
            [33m
            _fbgemm_torch_compat_table has no entry for v1.4.0 of FBGEMM;
            cannot determine compatibility with PyTorch 2.9.0+ali.10.ppu2.0.0.cu129
            [0m
            
WARNING:root:
            [33m
            _fbgemm_torch_compat_table has no entry for v1.4.0 of FBGEMM;
            cannot determine compatibility with PyTorch 2.9.0+ali.10.ppu2.0.0.cu129
            [0m
            
WARNING:root:
            [33m
            _fbgemm_torch_compat_table has no entry for v1.4.0 of FBGEMM;
            cannot determine compatibility with PyTorch 2.9.0+ali.10.ppu2.0.0.cu129
            [0m
            
WARNING:root:
            [33m
            _fbgemm_torch_compat_table has no entry for v1.4.0 of FBGEMM;
            cannot determine compatibility with PyTorch 2.9.0+ali.10.ppu2.0.0.cu129
            [0m
            
WARNING:root:
            [33m
            _fbgemm_torch_compat_table has no entry for v1.4.0 of FBGEMM;
            cannot determine compatibility with PyTorch 2.9.0+ali.10.ppu2.0.0.cu129
            [0m
            
WARNING:root:
            [33m
            _fbgemm_torch_compat_table has no entry for v1.4.0 of FBGEMM;
            cannot determine compatibility with PyTorch 2.9.0+ali.10.ppu2.0.0.cu129
            [0m
            
WARNING:root:
            [33m
            _fbgemm_torch_compat_table has no entry for v1.4.0 of FBGEMM;
            cannot determine compatibility with PyTorch 2.9.0+ali.10.ppu2.0.0.cu129
            [0m
            
WARNING:root:
            [33m
            _fbgemm_torch_compat_table has no entry for v1.4.0 of FBGEMM;
            cannot determine compatibility with PyTorch 2.9.0+ali.10.ppu2.0.0.cu129
            [0m
            
WARNING:root:
            [33m
            _fbgemm_torch_compat_table has no entry for v1.4.0 of FBGEMM;
            cannot determine compatibility with PyTorch 2.9.0+ali.10.ppu2.0.0.cu129
            [0m
            
WARNING:root:
            [33m
            _fbgemm_torch_compat_table has no entry for v1.4.0 of FBGEMM;
            cannot determine compatibility with PyTorch 2.9.0+ali.10.ppu2.0.0.cu129
            [0m
            
WARNING:root:
            [33m
            _fbgemm_torch_compat_table has no entry for v1.4.0 of FBGEMM;
            cannot determine compatibility with PyTorch 2.9.0+ali.10.ppu2.0.0.cu129
            [0m
            
WARNING:root:
            [33m
            _fbgemm_torch_compat_table has no entry for v1.4.0 of FBGEMM;
            cannot determine compatibility with PyTorch 2.9.0+ali.10.ppu2.0.0.cu129
            [0m
            
WARNING:root:
            [33m
            _fbgemm_torch_compat_table has no entry for v1.4.0 of FBGEMM;
            cannot determine compatibility with PyTorch 2.9.0+ali.10.ppu2.0.0.cu129
            [0m
            
WARNING:root:
            [33m
            _fbgemm_torch_compat_table has no entry for v1.4.0 of FBGEMM;
            cannot determine compatibility with PyTorch 2.9.0+ali.10.ppu2.0.0.cu129
            [0m
            
WARNING:root:
            [33m
            _fbgemm_torch_compat_table has no entry for v1.4.0 of FBGEMM;
            cannot determine compatibility with PyTorch 2.9.0+ali.10.ppu2.0.0.cu129
            [0m
            
WARNING:root:
            [33m
            _fbgemm_torch_compat_table has no entry for v1.4.0 of FBGEMM;
            cannot determine compatibility with PyTorch 2.9.0+ali.10.ppu2.0.0.cu129
            [0m
            
WARNING:root:
            [33m
            _fbgemm_torch_compat_table has no entry for v1.4.0 of FBGEMM;
            cannot determine compatibility with PyTorch 2.9.0+ali.10.ppu2.0.0.cu129
            [0m
            
WARNING:root:
            [33m
            _fbgemm_torch_compat_table has no entry for v1.4.0 of FBGEMM;
            cannot determine compatibility with PyTorch 2.9.0+ali.10.ppu2.0.0.cu129
            [0m
            
WARNING:root:
            [33m
            _fbgemm_torch_compat_table has no entry for v1.4.0 of FBGEMM;
            cannot determine compatibility with PyTorch 2.9.0+ali.10.ppu2.0.0.cu129
            [0m
            
WARNING:root:
            [33m
            _fbgemm_torch_compat_table has no entry for v1.4.0 of FBGEMM;
            cannot determine compatibility with PyTorch 2.9.0+ali.10.ppu2.0.0.cu129
            [0m
            
WARNING:root:
            [33m
            _fbgemm_torch_compat_table has no entry for v1.4.0 of FBGEMM;
            cannot determine compatibility with PyTorch 2.9.0+ali.10.ppu2.0.0.cu129
            [0m
            
WARNING:root:
            [33m
            _fbgemm_torch_compat_table has no entry for v1.4.0 of FBGEMM;
            cannot determine compatibility with PyTorch 2.9.0+ali.10.ppu2.0.0.cu129
            [0m
            
WARNING:root:
            [33m
            _fbgemm_torch_compat_table has no entry for v1.4.0 of FBGEMM;
            cannot determine compatibility with PyTorch 2.9.0+ali.10.ppu2.0.0.cu129
            [0m
            
WARNING:root:
            [33m
            _fbgemm_torch_compat_table has no entry for v1.4.0 of FBGEMM;
            cannot determine compatibility with PyTorch 2.9.0+ali.10.ppu2.0.0.cu129
            [0m
            
WARNING:root:
            [33m
            _fbgemm_torch_compat_table has no entry for v1.4.0 of FBGEMM;
            cannot determine compatibility with PyTorch 2.9.0+ali.10.ppu2.0.0.cu129
            [0m
            
WARNING:root:
            [33m
            _fbgemm_torch_compat_table has no entry for v1.4.0 of FBGEMM;
            cannot determine compatibility with PyTorch 2.9.0+ali.10.ppu2.0.0.cu129
            [0m
            
WARNING:root:
            [33m
            _fbgemm_torch_compat_table has no entry for v1.4.0 of FBGEMM;
            cannot determine compatibility with PyTorch 2.9.0+ali.10.ppu2.0.0.cu129
            [0m
            
WARNING:root:
            [33m
            _fbgemm_torch_compat_table has no entry for v1.4.0 of FBGEMM;
            cannot determine compatibility with PyTorch 2.9.0+ali.10.ppu2.0.0.cu129
            [0m
            
WARNING:root:
            [33m
            _fbgemm_torch_compat_table has no entry for v1.4.0 of FBGEMM;
            cannot determine compatibility with PyTorch 2.9.0+ali.10.ppu2.0.0.cu129
            [0m
            
WARNING:root:
            [33m
            _fbgemm_torch_compat_table has no entry for v1.4.0 of FBGEMM;
            cannot determine compatibility with PyTorch 2.9.0+ali.10.ppu2.0.0.cu129
            [0m
            
WARNING:root:
            [33m
            _fbgemm_torch_compat_table has no entry for v1.4.0 of FBGEMM;
            cannot determine compatibility with PyTorch 2.9.0+ali.10.ppu2.0.0.cu129
            [0m
            
WARNING:root:
            [33m
            _fbgemm_torch_compat_table has no entry for v1.4.0 of FBGEMM;
            cannot determine compatibility with PyTorch 2.9.0+ali.10.ppu2.0.0.cu129
            [0m
            
WARNING:root:
            [33m
            _fbgemm_torch_compat_table has no entry for v1.4.0 of FBGEMM;
            cannot determine compatibility with PyTorch 2.9.0+ali.10.ppu2.0.0.cu129
            [0m
            
WARNING: temporarily disabled some autotune configs for CUDA 12.8+
WARNING: temporarily disabled some autotune configs for CUDA 12.8+
WARNING: temporarily disabled some autotune configs for CUDA 12.8+
WARNING: temporarily disabled some autotune configs for CUDA 12.8+
model-performance-4ppu-7bd6d74d45-2wfsr accl-lite version: v1.1.159.gd143c23
model-performance-4ppu-7bd6d74d45-2wfsr accl-lite version: v1.1.159.gd143c23
model-performance-4ppu-7bd6d74d45-2wfsr accl-lite version: v1.1.159.gd143c23
model-performance-4ppu-7bd6d74d45-2wfsr accl-lite version: v1.1.159.gd143c23
[Gloo] Rank [Gloo] Rank 2 is connected to 3 peer ranks. 0Expected number of connected peer ranks is :  is connected to 33[Gloo] Rank  peer ranks. 
Expected number of connected peer ranks is : 13 is connected to 3 peer ranks. 
Expected number of connected peer ranks is : 3
[Gloo] Rank 3 is connected to 3 peer ranks. Expected number of connected peer ranks is : 3
[Gloo] Rank 0 is connected to 3 peer ranks. Expected number of connected peer ranks is : 3
[Gloo] Rank 1 is connected to 3 peer ranks. Expected number of connected peer ranks is : 3
[Gloo] Rank 3 is connected to 3[Gloo] Rank  peer ranks. Expected number of connected peer ranks is : 23 is connected to 3
 peer ranks. Expected number of connected peer ranks is : 3
[Gloo] Rank 0 is connected to 3 peer ranks. Expected number of connected peer ranks is : 3
[Gloo] Rank 2[Gloo] Rank  is connected to 13 is connected to  peer ranks. 3Expected number of connected peer ranks is :  peer ranks. 3Expected number of connected peer ranks is : 
3
[Gloo] Rank 3 is connected to 3 peer ranks. Expected number of connected peer ranks is : 3
[06/08/26 17:57:04] INFO     distributed env initialization done. Free cuda memory: 97137.11 MB                                                                                                                                                 
[rank2]:W0608 17:57:04.778000 87202 site-packages/torch/fx/_symbolic_trace.py:52] is_fx_tracing will return true for both fx.symbolic_trace and torch.export. Please use is_fx_tracing_symbolic_tracing() for specifically fx.symbolic_trace or torch.compiler.is_compiling() for specifically torch.export/compile.
[rank0]:W0608 17:57:04.779000 87200 site-packages/torch/fx/_symbolic_trace.py:52] is_fx_tracing will return true for both fx.symbolic_trace and torch.export. Please use is_fx_tracing_symbolic_tracing() for specifically fx.symbolic_trace or torch.compiler.is_compiling() for specifically torch.export/compile.
[rank3]:W0608 17:57:04.783000 87203 site-packages/torch/fx/_symbolic_trace.py:52] is_fx_tracing will return true for both fx.symbolic_trace and torch.export. Please use is_fx_tracing_symbolic_tracing() for specifically fx.symbolic_trace or torch.compiler.is_compiling() for specifically torch.export/compile.
[rank1]:W0608 17:57:04.800000 87201 site-packages/torch/fx/_symbolic_trace.py:52] is_fx_tracing will return true for both fx.symbolic_trace and torch.export. Please use is_fx_tracing_symbolic_tracing() for specifically fx.symbolic_trace or torch.compiler.is_compiling() for specifically torch.export/compile.
WARNING:megatron.core.tensor_parallel.random:CPU RNG state changed within GPU RNG context
WARNING:megatron.core.tensor_parallel.random:CPU RNG state changed within GPU RNG context
WARNING:megatron.core.tensor_parallel.random:CPU RNG state changed within GPU RNG context
WARNING:megatron.core.tensor_parallel.random:CPU RNG state changed within GPU RNG context


Storage layout: Host-only (single tier, CPU)
-----------+---------+-----------+-----------+---------------------
   tier    |  table  |  init(MB) |  peak(MB) |   emb/opt peak(MB)  
-----------+---------+-----------+-----------+---------------------
host (CPU) | item    | 18310.688 | 18310.688 | 6103.562 / 12207.125
           | user_id | 18310.688 | 18310.688 | 6103.562 / 12207.125
           | --------+-----------+-----------+---------------------
           | TOTAL   | 36621.375 | 36621.375 | 12207.125 / 24414.25
-----------+---------+-----------+-----------+---------------------
WARNING:torchrec.distributed.utils:Sharding Type is data_parallel, caching params will be ignored
WARNING:torchrec.distributed.utils:Sharding Type is data_parallel, caching params will be ignored
WARNING:torchrec.distributed.utils:Sharding Type is data_parallel, caching params will be ignored


Storage layout: Host-only (single tier, CPU)
-----------+---------+-----------+-----------+---------------------
   tier    |  table  |  init(MB) |  peak(MB) |   emb/opt peak(MB)  
-----------+---------+-----------+-----------+---------------------
host (CPU) | item    | 18310.688 | 18310.688 | 6103.562 / 12207.125
           | user_id | 18310.688 | 18310.688 | 6103.562 / 12207.125
           | --------+-----------+-----------+---------------------
           | TOTAL   | 36621.375 | 36621.375 | 12207.125 / 24414.25
-----------+---------+-----------+-----------+---------------------
WARNING:torchrec.distributed.utils:Sharding Type is data_parallel, caching params will be ignored
WARNING:torchrec.distributed.utils:Sharding Type is data_parallel, caching params will be ignored
WARNING:torchrec.distributed.utils:Sharding Type is data_parallel, caching params will be ignored


Storage layout: Host-only (single tier, CPU)
-----------+---------+-----------+-----------+---------------------
   tier    |  table  |  init(MB) |  peak(MB) |   emb/opt peak(MB)  
-----------+---------+-----------+-----------+---------------------
host (CPU) | item    | 18310.688 | 18310.688 | 6103.562 / 12207.125
           | user_id | 18310.688 | 18310.688 | 6103.562 / 12207.125
           | --------+-----------+-----------+---------------------
           | TOTAL   | 36621.375 | 36621.375 | 12207.125 / 24414.25
-----------+---------+-----------+-----------+---------------------
WARNING:torchrec.distributed.utils:Sharding Type is data_parallel, caching params will be ignored
WARNING:torchrec.distributed.utils:Sharding Type is data_parallel, caching params will be ignored
WARNING:torchrec.distributed.utils:Sharding Type is data_parallel, caching params will be ignored


Storage layout: Host-only (single tier, CPU)
-----------+---------+-----------+-----------+---------------------
   tier    |  table  |  init(MB) |  peak(MB) |   emb/opt peak(MB)  
-----------+---------+-----------+-----------+---------------------
host (CPU) | item    | 18310.688 | 18310.688 | 6103.562 / 12207.125
           | user_id | 18310.688 | 18310.688 | 6103.562 / 12207.125
           | --------+-----------+-----------+---------------------
           | TOTAL   | 36621.375 | 36621.375 | 12207.125 / 24414.25
-----------+---------+-----------+-----------+---------------------
WARNING:torchrec.distributed.utils:Sharding Type is data_parallel, caching params will be ignored
WARNING:torchrec.distributed.utils:Sharding Type is data_parallel, caching params will be ignored
WARNING:torchrec.distributed.utils:Sharding Type is data_parallel, caching params will be ignored
[06/08/26 17:57:47] INFO     model initialization done, start training. Free cuda memory: 95387.99 MB                                                                                                                                           
                    INFO     fill_tables done for ['item', 'user_id']                                                                                                                                                                           
[2026-06-08 17:57:48:431544][ALINPU INFO]: [/job_3904634/source/acompute/include/accontext.hpp:176][34m ACOMPUTE: [device caps] dev=0, name=PPU-ZW810E, sm8.0, smem=256KB, num_of_sm=64, freq_of_sm=1700MHz[0m
[2026-06-08 17:57:48:431689][ALINPU INFO]: [/job_3904634/source/acompute/include/accontext.hpp:176][34m ACOMPUTE: [device caps] dev=2, name=PPU-ZW810E, sm8.0, smem=256KB, num_of_sm=64, freq_of_sm=1700MHz[0m
[2026-06-08 17:57:48:431991][ALINPU INFO]: [/job_3904634/source/acompute/include/accontext.hpp:176][34m ACOMPUTE: [device caps] dev=3, name=PPU-ZW810E, sm8.0, smem=256KB, num_of_sm=64, freq_of_sm=1700MHz[0m
[2026-06-08 17:57:48:457874][ALINPU INFO]: [/job_3904634/source/acompute/include/accontext.hpp:176][34m ACOMPUTE: [device caps] dev=1, name=PPU-ZW810E, sm8.0, smem=256KB, num_of_sm=64, freq_of_sm=1700MHz[0m
W0608 17:57:50.664000 87150 site-packages/torch/distributed/elastic/agent/server/api.py:725] Received 15 death signal, shutting down workers
W0608 17:57:50.665000 87150 site-packages/torch/distributed/elastic/multiprocessing/api.py:908] Sending process 87200 closing signal SIGTERM
W0608 17:57:50.666000 87150 site-packages/torch/distributed/elastic/multiprocessing/api.py:908] Sending process 87201 closing signal SIGTERM
W0608 17:57:50.666000 87150 site-packages/torch/distributed/elastic/multiprocessing/api.py:908] Sending process 87202 closing signal SIGTERM
W0608 17:57:50.666000 87150 site-packages/torch/distributed/elastic/multiprocessing/api.py:908] Sending process 87203 closing signal SIGTERM
W0608 17:57:57.202000 87150 site-packages/torch/distributed/elastic/multiprocessing/api.py:908] Sending process 87200 closing signal SIGTERM
W0608 17:57:57.202000 87150 site-packages/torch/distributed/elastic/multiprocessing/api.py:908] Sending process 87201 closing signal SIGTERM
W0608 17:57:57.203000 87150 site-packages/torch/distributed/elastic/multiprocessing/api.py:908] Sending process 87202 closing signal SIGTERM
W0608 17:57:57.203000 87150 site-packages/torch/distributed/elastic/multiprocessing/api.py:908] Sending process 87203 closing signal SIGTERM
Traceback (most recent call last):
  File "/opt/ac2/lib/python3.12/site-packages/torch/distributed/elastic/agent/server/api.py", line 717, in run
    result = self._invoke_run(role)
             ^^^^^^^^^^^^^^^^^^^^^^
  File "/opt/ac2/lib/python3.12/site-packages/torch/distributed/elastic/agent/server/api.py", line 881, in _invoke_run
    time.sleep(monitor_interval)
  File "/opt/ac2/lib/python3.12/site-packages/torch/distributed/elastic/multiprocessing/api.py", line 85, in _terminate_process_handler
    raise SignalException(f"Process {os.getpid()} got signal: {sigval}", sigval=sigval)
torch.distributed.elastic.multiprocessing.api.SignalException: Process 87150 got signal: 15

During handling of the above exception, another exception occurred:

Traceback (most recent call last):
  File "/opt/ac2/bin/torchrun", line 33, in <module>
    sys.exit(load_entry_point('torch==2.9.0+ali.10.ppu2.0.0.cu129', 'console_scripts', 'torchrun')())
             ^^^^^^^^^^^^^^^^^^^^^^^^^^^^^^^^^^^^^^^^^^^^^^^^^^^^^^^^^^^^^^^^^^^^^^^^^^^^^^^^^^^^^^^
  File "/opt/ac2/lib/python3.12/site-packages/torch/distributed/elastic/multiprocessing/errors/__init__.py", line 357, in wrapper
    return f(*args, **kwargs)
           ^^^^^^^^^^^^^^^^^^
  File "/opt/ac2/lib/python3.12/site-packages/torch/distributed/run.py", line 936, in main
    run(args)
  File "/opt/ac2/lib/python3.12/site-packages/torch/distributed/run.py", line 927, in run
    elastic_launch(
  File "/opt/ac2/lib/python3.12/site-packages/torch/distributed/launcher/api.py", line 156, in __call__
    return launch_agent(self._config, self._entrypoint, list(args))
           ^^^^^^^^^^^^^^^^^^^^^^^^^^^^^^^^^^^^^^^^^^^^^^^^^^^^^^^^
  File "/opt/ac2/lib/python3.12/site-packages/torch/distributed/launcher/api.py", line 284, in launch_agent
    result = agent.run()
             ^^^^^^^^^^^
  File "/opt/ac2/lib/python3.12/site-packages/torch/distributed/elastic/metrics/api.py", line 138, in wrapper
    result = f(*args, **kwargs)
             ^^^^^^^^^^^^^^^^^^
  File "/opt/ac2/lib/python3.12/site-packages/torch/distributed/elastic/agent/server/api.py", line 726, in run
    self._shutdown(e.sigval)
  File "/opt/ac2/lib/python3.12/site-packages/torch/distributed/elastic/agent/server/local_elastic_agent.py", line 369, in _shutdown
    self._pcontext.close(death_sig)
  File "/opt/ac2/lib/python3.12/site-packages/torch/distributed/elastic/multiprocessing/api.py", line 578, in close
    self._close(death_sig=death_sig, timeout=timeout)
  File "/opt/ac2/lib/python3.12/site-packages/torch/distributed/elastic/multiprocessing/api.py", line 920, in _close
    handler.proc.wait(time_to_wait)
  File "/opt/ac2/lib/python3.12/subprocess.py", line 1264, in wait
    return self._wait(timeout=timeout)
           ^^^^^^^^^^^^^^^^^^^^^^^^^^^
  File "/opt/ac2/lib/python3.12/subprocess.py", line 2047, in _wait
    time.sleep(delay)
  File "/opt/ac2/lib/python3.12/site-packages/torch/distributed/elastic/multiprocessing/api.py", line 85, in _terminate_process_handler
    raise SignalException(f"Process {os.getpid()} got signal: {sigval}", sigval=sigval)
torch.distributed.elastic.multiprocessing.api.SignalException: Process 87150 got signal: 15
