Thu Jun  4 15:55:45 2026       
+-----------------------------------------------------------------------------------------+
| NVIDIA-SMI 570.133.20             Driver Version: 570.133.20     CUDA Version: 12.8     |
|-----------------------------------------+------------------------+----------------------+
| GPU  Name                 Persistence-M | Bus-Id          Disp.A | Volatile Uncorr. ECC |
| Fan  Temp   Perf          Pwr:Usage/Cap |           Memory-Usage | GPU-Util  Compute M. |
|                                         |                        |               MIG M. |
|=========================================+========================+======================|
|   0  NVIDIA H20                     On  |   00000000:08:00.0 Off |                    0 |
| N/A   47C    P0             79W /  500W |       0MiB /  97871MiB |      0%      Default |
|                                         |                        |             Disabled |
+-----------------------------------------+------------------------+----------------------+
|   1  NVIDIA H20                     On  |   00000000:7E:00.0 Off |                    0 |
| N/A   40C    P0             75W /  500W |       0MiB /  97871MiB |      0%      Default |
|                                         |                        |             Disabled |
+-----------------------------------------+------------------------+----------------------+
|   2  NVIDIA H20                     On  |   00000000:A2:00.0 Off |                    0 |
| N/A   48C    P0             78W /  500W |       0MiB /  97871MiB |      0%      Default |
|                                         |                        |             Disabled |
+-----------------------------------------+------------------------+----------------------+
|   3  NVIDIA H20                     On  |   00000000:C6:00.0 Off |                    0 |
| N/A   42C    P0             75W /  500W |       0MiB /  97871MiB |      0%      Default |
|                                         |                        |             Disabled |
+-----------------------------------------+------------------------+----------------------+
|   4  NVIDIA H20                     On  |   00000001:09:00.0 Off |                    0 |
| N/A   38C    P0             72W /  500W |       0MiB /  97871MiB |      0%      Default |
|                                         |                        |             Disabled |
+-----------------------------------------+------------------------+----------------------+
|   5  NVIDIA H20                     On  |   00000001:7F:00.0 Off |                    0 |
| N/A   47C    P0             76W /  500W |       0MiB /  97871MiB |      0%      Default |
|                                         |                        |             Disabled |
+-----------------------------------------+------------------------+----------------------+
|   6  NVIDIA H20                     On  |   00000001:A3:00.0 Off |                    0 |
| N/A   44C    P0             75W /  500W |       0MiB /  97871MiB |      0%      Default |
|                                         |                        |             Disabled |
+-----------------------------------------+------------------------+----------------------+
|   7  NVIDIA H20                     On  |   00000001:C7:00.0 Off |                    0 |
| N/A   49C    P0             77W /  500W |       0MiB /  97871MiB |      0%      Default |
|                                         |                        |             Disabled |
+-----------------------------------------+------------------------+----------------------+
                                                                                         
+-----------------------------------------------------------------------------------------+
| Processes:                                                                              |
|  GPU   GI   CI              PID   Type   Process name                        GPU Memory |
|        ID   ID                                                               Usage      |
|=========================================================================================|
|  No running processes found                                                             |
+-----------------------------------------------------------------------------------------+
W0604 15:55:46.927000 116795 site-packages/torch/distributed/run.py:852] 
W0604 15:55:46.927000 116795 site-packages/torch/distributed/run.py:852] *****************************************
W0604 15:55:46.927000 116795 site-packages/torch/distributed/run.py:852] Setting OMP_NUM_THREADS environment variable for each process to be 1 in default, to avoid your system being overloaded, please further tune the variable for optimal performance in your application as needed. 
W0604 15:55:46.927000 116795 site-packages/torch/distributed/run.py:852] *****************************************
WARNING: Logging before InitGoogleLogging() is written to STDERR
I0604 15:55:54.394574 116875 storage_manager.h:211] can not find env ALIOSS_END_POINT, failed to init oss client
W0604 15:55:54.394596 116875 storage_manager.h:60] Failed to init oss client, please make sure all env has been exported correctly!
I0604 15:55:54.394687 116875 flags.cc:20] ZeusEmbedding loaded. Build at 11:34:33 May 24 2026, git commit id ae27eaa9e383d65e88194828f6400cd4fdf75816, branch syw_dev.torch
WARNING: Logging before InitGoogleLogging() is written to STDERR
I0604 15:55:54.426391 116876 storage_manager.h:211] can not find env ALIOSS_END_POINT, failed to init oss client
W0604 15:55:54.426421 116876 storage_manager.h:60] Failed to init oss client, please make sure all env has been exported correctly!
I0604 15:55:54.426515 116876 flags.cc:20] ZeusEmbedding loaded. Build at 11:34:33 May 24 2026, git commit id ae27eaa9e383d65e88194828f6400cd4fdf75816, branch syw_dev.torch
WARNING: Logging before InitGoogleLogging() is written to STDERR
I0604 15:55:54.429086 116871 storage_manager.h:211] can not find env ALIOSS_END_POINT, failed to init oss client
W0604 15:55:54.429107 116871 storage_manager.h:60] Failed to init oss client, please make sure all env has been exported correctly!
I0604 15:55:54.429193 116871 flags.cc:20] ZeusEmbedding loaded. Build at 11:34:33 May 24 2026, git commit id ae27eaa9e383d65e88194828f6400cd4fdf75816, branch syw_dev.torch
WARNING: Logging before InitGoogleLogging() is written to STDERR
I0604 15:55:54.430403 116872 storage_manager.h:211] can not find env ALIOSS_END_POINT, failed to init oss client
W0604 15:55:54.430423 116872 storage_manager.h:60] Failed to init oss client, please make sure all env has been exported correctly!
I0604 15:55:54.430517 116872 flags.cc:20] ZeusEmbedding loaded. Build at 11:34:33 May 24 2026, git commit id ae27eaa9e383d65e88194828f6400cd4fdf75816, branch syw_dev.torch
WARNING: Logging before InitGoogleLogging() is written to STDERR
I0604 15:55:54.431325 116878 storage_manager.h:211] can not find env ALIOSS_END_POINT, failed to init oss client
W0604 15:55:54.431345 116878 storage_manager.h:60] Failed to init oss client, please make sure all env has been exported correctly!
I0604 15:55:54.431442 116878 flags.cc:20] ZeusEmbedding loaded. Build at 11:34:33 May 24 2026, git commit id ae27eaa9e383d65e88194828f6400cd4fdf75816, branch syw_dev.torch
WARNING: Logging before InitGoogleLogging() is written to STDERR
I0604 15:55:54.431957 116874 storage_manager.h:211] can not find env ALIOSS_END_POINT, failed to init oss client
W0604 15:55:54.431980 116874 storage_manager.h:60] Failed to init oss client, please make sure all env has been exported correctly!
I0604 15:55:54.432063 116874 flags.cc:20] ZeusEmbedding loaded. Build at 11:34:33 May 24 2026, git commit id ae27eaa9e383d65e88194828f6400cd4fdf75816, branch syw_dev.torch
WARNING: Logging before InitGoogleLogging() is written to STDERR
I0604 15:55:54.434782 116873 storage_manager.h:211] can not find env ALIOSS_END_POINT, failed to init oss client
W0604 15:55:54.434800 116873 storage_manager.h:60] Failed to init oss client, please make sure all env has been exported correctly!
I0604 15:55:54.434886 116873 flags.cc:20] ZeusEmbedding loaded. Build at 11:34:33 May 24 2026, git commit id ae27eaa9e383d65e88194828f6400cd4fdf75816, branch syw_dev.torch
WARNING: Logging before InitGoogleLogging() is written to STDERR
I0604 15:55:54.442646 116877 storage_manager.h:211] can not find env ALIOSS_END_POINT, failed to init oss client
W0604 15:55:54.442665 116877 storage_manager.h:60] Failed to init oss client, please make sure all env has been exported correctly!
I0604 15:55:54.442754 116877 flags.cc:20] ZeusEmbedding loaded. Build at 11:34:33 May 24 2026, git commit id ae27eaa9e383d65e88194828f6400cd4fdf75816, branch syw_dev.torch
[Rank 2] PID=116873, Node=N/A, LocalRank=2
[Rank 0] PID=116871, Node=N/A, LocalRank=0
[Rank 5] PID=116876, Node=N/A, LocalRank=5
[Rank 3] PID=116874, Node=N/A, LocalRank=3
[Rank 7] PID=116878, Node=N/A, LocalRank=7
[Rank 4] PID=116875, Node=N/A, LocalRank=4
[Rank 1] PID=116872, Node=N/A, LocalRank=1
[Rank 6] PID=116877, Node=N/A, LocalRank=6
[Gloo] Rank 1 is connected to 7 peer ranks. Expected number of connected peer ranks is : 7
[Gloo] Rank 3 is connected to 7 peer ranks. Expected number of connected peer ranks is : 7
[Gloo] Rank 0 is connected to 7 peer ranks. Expected number of connected peer ranks is : 7
[Gloo] Rank [Gloo] Rank 2 is connected to 47 is connected to  peer ranks. 7 peer ranks. Expected number of connected peer ranks is : Expected number of connected peer ranks is : 77

[Gloo] Rank 5 is connected to 7 peer ranks. Expected number of connected peer ranks is : 7
[Gloo] Rank 7 is connected to 7 peer ranks. Expected number of connected peer ranks is : 7
[Gloo] Rank 6 is connected to 7 peer ranks. Expected number of connected peer ranks is : 7
[Gloo] Rank 0 is connected to 7 peer ranks. Expected number of connected peer ranks is : 7
[Gloo] Rank 1 is connected to 7 peer ranks. Expected number of connected peer ranks is : 7
[Gloo] Rank 3 is connected to 7 peer ranks. Expected number of connected peer ranks is : 7
[Gloo] Rank 2 is connected to 7 peer ranks. Expected number of connected peer ranks is : 7
[Gloo] Rank 6 is connected to 7 peer ranks. Expected number of connected peer ranks is : 7
[Gloo] Rank 4 is connected to 7 peer ranks. Expected number of connected peer ranks is : 7
[Gloo] Rank 5 is connected to 7 peer ranks. Expected number of connected peer ranks is : 7
[Gloo] Rank 7 is connected to 7 peer ranks. Expected number of connected peer ranks is : 7
[Gloo] Rank 6 is connected to 7 peer ranks. Expected number of connected peer ranks is : 7[Gloo] Rank 
2 is connected to 7 peer ranks. Expected number of connected peer ranks is : 7
[Gloo] Rank 3 is connected to 7 peer ranks. Expected number of connected peer ranks is : 7
[Gloo] Rank 0 is connected to 7 peer ranks. Expected number of connected peer ranks is : 7
[Gloo] Rank 1 is connected to 7 peer ranks. Expected number of connected peer ranks is : 7
[Gloo] Rank 5 is connected to 7 peer ranks. Expected number of connected peer ranks is : 7
[Gloo] Rank 4 is connected to 7 peer ranks. Expected number of connected peer ranks is : 7
[Gloo] Rank 7 is connected to 7 peer ranks. Expected number of connected peer ranks is : 7
[06/04/26 15:56:01] INFO     distributed env initialization done. Free cuda memory: 96165.38 MB                                                                                                                                                 
[rank2]:W0604 15:56:01.878000 116873 site-packages/torch/fx/_symbolic_trace.py:53] is_fx_tracing will return true for both fx.symbolic_trace and torch.export. Please use is_fx_tracing_symbolic_tracing() for specifically fx.symbolic_trace or torch.compiler.is_compiling() for specifically torch.export/compile.
[rank5]:W0604 15:56:01.878000 116876 site-packages/torch/fx/_symbolic_trace.py:53] is_fx_tracing will return true for both fx.symbolic_trace and torch.export. Please use is_fx_tracing_symbolic_tracing() for specifically fx.symbolic_trace or torch.compiler.is_compiling() for specifically torch.export/compile.
[rank4]:W0604 15:56:01.882000 116875 site-packages/torch/fx/_symbolic_trace.py:53] is_fx_tracing will return true for both fx.symbolic_trace and torch.export. Please use is_fx_tracing_symbolic_tracing() for specifically fx.symbolic_trace or torch.compiler.is_compiling() for specifically torch.export/compile.
[rank0]:W0604 15:56:01.883000 116871 site-packages/torch/fx/_symbolic_trace.py:53] is_fx_tracing will return true for both fx.symbolic_trace and torch.export. Please use is_fx_tracing_symbolic_tracing() for specifically fx.symbolic_trace or torch.compiler.is_compiling() for specifically torch.export/compile.
[rank3]:W0604 15:56:01.883000 116874 site-packages/torch/fx/_symbolic_trace.py:53] is_fx_tracing will return true for both fx.symbolic_trace and torch.export. Please use is_fx_tracing_symbolic_tracing() for specifically fx.symbolic_trace or torch.compiler.is_compiling() for specifically torch.export/compile.
[rank6]:W0604 15:56:01.885000 116877 site-packages/torch/fx/_symbolic_trace.py:53] is_fx_tracing will return true for both fx.symbolic_trace and torch.export. Please use is_fx_tracing_symbolic_tracing() for specifically fx.symbolic_trace or torch.compiler.is_compiling() for specifically torch.export/compile.
[rank7]:W0604 15:56:01.889000 116878 site-packages/torch/fx/_symbolic_trace.py:53] is_fx_tracing will return true for both fx.symbolic_trace and torch.export. Please use is_fx_tracing_symbolic_tracing() for specifically fx.symbolic_trace or torch.compiler.is_compiling() for specifically torch.export/compile.
[rank1]:W0604 15:56:01.900000 116872 site-packages/torch/fx/_symbolic_trace.py:53] is_fx_tracing will return true for both fx.symbolic_trace and torch.export. Please use is_fx_tracing_symbolic_tracing() for specifically fx.symbolic_trace or torch.compiler.is_compiling() for specifically torch.export/compile.
WARNING:megatron.core.tensor_parallel.random:CPU RNG state changed within GPU RNG context
WARNING:megatron.core.tensor_parallel.random:CPU RNG state changed within GPU RNG context
WARNING:megatron.core.tensor_parallel.random:CPU RNG state changed within GPU RNG context
WARNING:megatron.core.tensor_parallel.random:CPU RNG state changed within GPU RNG context
WARNING:megatron.core.tensor_parallel.random:CPU RNG state changed within GPU RNG context
WARNING:megatron.core.tensor_parallel.random:CPU RNG state changed within GPU RNG context
WARNING:megatron.core.tensor_parallel.random:CPU RNG state changed within GPU RNG context
WARNING:megatron.core.tensor_parallel.random:CPU RNG state changed within GPU RNG context
WARNING:root:Sharding spec not found for _embedding_collection._data_parallel_embedding_collection.action
WARNING:root:Sharding spec not found for _embedding_collection._data_parallel_embedding_collection.user_age
WARNING:root:Sharding spec not found for _embedding_collection._data_parallel_embedding_collection.item_category_l1


Storage layout: Host-only (single tier, CPU)
-----------+---------+-----------+-----------+--------------------
   tier    |  table  |  init(MB) |  peak(MB) |   emb/opt peak(MB) 
-----------+---------+-----------+-----------+--------------------
host (CPU) | item    | 9155.438  | 9155.438  | 3051.812 / 6103.625
           | user_id | 9155.438  | 9155.438  | 3051.812 / 6103.625
           | --------+-----------+-----------+--------------------
           | TOTAL   | 18310.875 | 18310.875 | 6103.625 / 12207.25
-----------+---------+-----------+-----------+--------------------


Storage layout: Host-only (single tier, CPU)
-----------+---------+-----------+-----------+--------------------
   tier    |  table  |  init(MB) |  peak(MB) |   emb/opt peak(MB) 
-----------+---------+-----------+-----------+--------------------
host (CPU) | item    | 9155.438  | 9155.438  | 3051.812 / 6103.625
           | user_id | 9155.438  | 9155.438  | 3051.812 / 6103.625
           | --------+-----------+-----------+--------------------
           | TOTAL   | 18310.875 | 18310.875 | 6103.625 / 12207.25
-----------+---------+-----------+-----------+--------------------


Storage layout: Host-only (single tier, CPU)
-----------+---------+-----------+-----------+--------------------
   tier    |  table  |  init(MB) |  peak(MB) |   emb/opt peak(MB) 
-----------+---------+-----------+-----------+--------------------
host (CPU) | item    | 9155.438  | 9155.438  | 3051.812 / 6103.625
           | user_id | 9155.438  | 9155.438  | 3051.812 / 6103.625
           | --------+-----------+-----------+--------------------
           | TOTAL   | 18310.875 | 18310.875 | 6103.625 / 12207.25
-----------+---------+-----------+-----------+--------------------


Storage layout: Host-only (single tier, CPU)
-----------+---------+-----------+-----------+--------------------
   tier    |  table  |  init(MB) |  peak(MB) |   emb/opt peak(MB) 
-----------+---------+-----------+-----------+--------------------
host (CPU) | item    | 9155.438  | 9155.438  | 3051.812 / 6103.625
           | user_id | 9155.438  | 9155.438  | 3051.812 / 6103.625
           | --------+-----------+-----------+--------------------
           | TOTAL   | 18310.875 | 18310.875 | 6103.625 / 12207.25
-----------+---------+-----------+-----------+--------------------


Storage layout: Host-only (single tier, CPU)
-----------+---------+-----------+-----------+--------------------
   tier    |  table  |  init(MB) |  peak(MB) |   emb/opt peak(MB) 
-----------+---------+-----------+-----------+--------------------
host (CPU) | item    | 9155.438  | 9155.438  | 3051.812 / 6103.625
           | user_id | 9155.438  | 9155.438  | 3051.812 / 6103.625
           | --------+-----------+-----------+--------------------
           | TOTAL   | 18310.875 | 18310.875 | 6103.625 / 12207.25
-----------+---------+-----------+-----------+--------------------


Storage layout: Host-only (single tier, CPU)
-----------+---------+-----------+-----------+--------------------
   tier    |  table  |  init(MB) |  peak(MB) |   emb/opt peak(MB) 
-----------+---------+-----------+-----------+--------------------
host (CPU) | item    | 9155.438  | 9155.438  | 3051.812 / 6103.625
           | user_id | 9155.438  | 9155.438  | 3051.812 / 6103.625
           | --------+-----------+-----------+--------------------
           | TOTAL   | 18310.875 | 18310.875 | 6103.625 / 12207.25
-----------+---------+-----------+-----------+--------------------


Storage layout: Host-only (single tier, CPU)
-----------+---------+-----------+-----------+--------------------
   tier    |  table  |  init(MB) |  peak(MB) |   emb/opt peak(MB) 
-----------+---------+-----------+-----------+--------------------
host (CPU) | item    | 9155.438  | 9155.438  | 3051.812 / 6103.625
           | user_id | 9155.438  | 9155.438  | 3051.812 / 6103.625
           | --------+-----------+-----------+--------------------
           | TOTAL   | 18310.875 | 18310.875 | 6103.625 / 12207.25
-----------+---------+-----------+-----------+--------------------


Storage layout: Host-only (single tier, CPU)
-----------+---------+-----------+-----------+--------------------
   tier    |  table  |  init(MB) |  peak(MB) |   emb/opt peak(MB) 
-----------+---------+-----------+-----------+--------------------
host (CPU) | item    | 9155.438  | 9155.438  | 3051.812 / 6103.625
           | user_id | 9155.438  | 9155.438  | 3051.812 / 6103.625
           | --------+-----------+-----------+--------------------
           | TOTAL   | 18310.875 | 18310.875 | 6103.625 / 12207.25
-----------+---------+-----------+-----------+--------------------
WARNING:torchrec.distributed.utils:Sharding Type is data_parallel, caching params will be ignored
WARNING:torchrec.distributed.utils:Sharding Type is data_parallel, caching params will be ignored
WARNING:torchrec.distributed.utils:Sharding Type is data_parallel, caching params will be ignored
WARNING:torchrec.distributed.utils:Sharding Type is data_parallel, caching params will be ignored
WARNING:torchrec.distributed.utils:Sharding Type is data_parallel, caching params will be ignored
WARNING:torchrec.distributed.utils:Sharding Type is data_parallel, caching params will be ignored
WARNING:torchrec.distributed.utils:Sharding Type is data_parallel, caching params will be ignored
WARNING:torchrec.distributed.utils:Sharding Type is data_parallel, caching params will be ignored
WARNING:torchrec.distributed.utils:Sharding Type is data_parallel, caching params will be ignored
WARNING:torchrec.distributed.utils:Sharding Type is data_parallel, caching params will be ignored
WARNING:torchrec.distributed.utils:Sharding Type is data_parallel, caching params will be ignored
WARNING:torchrec.distributed.utils:Sharding Type is data_parallel, caching params will be ignored
WARNING:torchrec.distributed.utils:Sharding Type is data_parallel, caching params will be ignored
WARNING:torchrec.distributed.utils:Sharding Type is data_parallel, caching params will be ignored
WARNING:torchrec.distributed.utils:Sharding Type is data_parallel, caching params will be ignored
WARNING:torchrec.distributed.utils:Sharding Type is data_parallel, caching params will be ignored
WARNING:torchrec.distributed.utils:Sharding Type is data_parallel, caching params will be ignored
WARNING:torchrec.distributed.utils:Sharding Type is data_parallel, caching params will be ignored
WARNING:torchrec.distributed.utils:Sharding Type is data_parallel, caching params will be ignored
WARNING:torchrec.distributed.utils:Sharding Type is data_parallel, caching params will be ignored
WARNING:torchrec.distributed.utils:Sharding Type is data_parallel, caching params will be ignored
WARNING:torchrec.distributed.utils:Sharding Type is data_parallel, caching params will be ignored
WARNING:torchrec.distributed.utils:Sharding Type is data_parallel, caching params will be ignored
WARNING:torchrec.distributed.utils:Sharding Type is data_parallel, caching params will be ignored
[06/04/26 15:56:07] INFO     model initialization done, start training. Free cuda memory: 94781.38 MB                                                                                                                                           
                    INFO     fill_tables done for ['item', 'user_id']                                                                                                                                                                           
[06/04/26 15:56:28] INFO     [train] [iter 19, tokens 4378696, elapsed_time 20304.57 ms, achieved FLOPS 289.23 TFLOPS, MFU 5.72%]: loss 5.546245                                                                                                
[06/04/26 15:56:37] INFO     [train] [iter 39, tokens 4378696, elapsed_time 6698.28 ms, achieved FLOPS 876.76 TFLOPS, MFU 17.32%]: loss 5.545224                                                                                                
[06/04/26 15:56:45] INFO     [train] [iter 59, tokens 4378696, elapsed_time 6715.82 ms, achieved FLOPS 874.47 TFLOPS, MFU 17.28%]: loss 5.545187                                                                                                
[06/04/26 15:56:53] INFO     [train] [iter 79, tokens 4378696, elapsed_time 6706.26 ms, achieved FLOPS 875.71 TFLOPS, MFU 17.30%]: loss 5.545016                                                                                                
[06/04/26 15:57:01] INFO     [train] [iter 99, tokens 4378696, elapsed_time 6716.36 ms, achieved FLOPS 874.40 TFLOPS, MFU 17.28%]: loss 5.483960                                                                                                
[06/04/26 15:57:09] INFO     [train] [iter 119, tokens 4378696, elapsed_time 6724.04 ms, achieved FLOPS 873.40 TFLOPS, MFU 17.26%]: loss 5.284353                                                                                               
[06/04/26 15:57:17] INFO     [train] [iter 139, tokens 4378696, elapsed_time 6720.79 ms, achieved FLOPS 873.82 TFLOPS, MFU 17.27%]: loss 5.096141                                                                                               
[06/04/26 15:57:25] INFO     [train] [iter 159, tokens 4378696, elapsed_time 6730.90 ms, achieved FLOPS 872.51 TFLOPS, MFU 17.24%]: loss 4.988812                                                                                               
[06/04/26 15:57:34] INFO     [train] [iter 179, tokens 4378696, elapsed_time 6724.86 ms, achieved FLOPS 873.29 TFLOPS, MFU 17.26%]: loss 4.866529                                                                                               
[06/04/26 15:57:42] INFO     [train] [iter 199, tokens 4378696, elapsed_time 6720.51 ms, achieved FLOPS 873.86 TFLOPS, MFU 17.27%]: loss 4.764968                                                                                               
[06/04/26 15:57:50] INFO     [train] [iter 219, tokens 4378696, elapsed_time 6731.85 ms, achieved FLOPS 872.38 TFLOPS, MFU 17.24%]: loss 4.735846                                                                                               
[06/04/26 15:57:59] INFO     [train] [iter 239, tokens 4378696, elapsed_time 6715.86 ms, achieved FLOPS 874.46 TFLOPS, MFU 17.28%]: loss 4.635989                                                                                               
[06/04/26 15:58:08] INFO     [train] [iter 259, tokens 4378696, elapsed_time 7625.39 ms, achieved FLOPS 770.16 TFLOPS, MFU 15.22%]: loss 4.600884                                                                                               
[06/04/26 15:58:16] INFO     [train] [iter 279, tokens 4378696, elapsed_time 6713.96 ms, achieved FLOPS 874.71 TFLOPS, MFU 17.28%]: loss 4.559421                                                                                               
[06/04/26 15:58:25] INFO     [train] [iter 299, tokens 4378696, elapsed_time 6726.88 ms, achieved FLOPS 873.03 TFLOPS, MFU 17.25%]: loss 4.553191                                                                                               
[06/04/26 15:58:33] INFO     [train] [iter 319, tokens 4378696, elapsed_time 6739.80 ms, achieved FLOPS 871.36 TFLOPS, MFU 17.22%]: loss 4.562119                                                                                               
[06/04/26 15:58:41] INFO     [train] [iter 339, tokens 4378696, elapsed_time 6720.70 ms, achieved FLOPS 873.83 TFLOPS, MFU 17.27%]: loss 4.540313                                                                                               
[06/04/26 15:58:50] INFO     [train] [iter 359, tokens 4378696, elapsed_time 6701.79 ms, achieved FLOPS 876.30 TFLOPS, MFU 17.32%]: loss 4.505346                                                                                               
[06/04/26 15:58:58] INFO     [train] [iter 379, tokens 4378696, elapsed_time 6703.51 ms, achieved FLOPS 876.07 TFLOPS, MFU 17.31%]: loss 4.470904                                                                                               
[06/04/26 15:59:06] INFO     [train] [iter 399, tokens 4378696, elapsed_time 6707.43 ms, achieved FLOPS 875.56 TFLOPS, MFU 17.30%]: loss 4.480982                                                                                               
[06/04/26 15:59:14] INFO     [train] [iter 419, tokens 4378696, elapsed_time 6717.07 ms, achieved FLOPS 874.30 TFLOPS, MFU 17.28%]: loss 4.460893                                                                                               
[06/04/26 15:59:22] INFO     [train] [iter 439, tokens 4378696, elapsed_time 6707.56 ms, achieved FLOPS 875.54 TFLOPS, MFU 17.30%]: loss 4.442982                                                                                               
[06/04/26 15:59:30] INFO     [train] [iter 459, tokens 4378696, elapsed_time 6706.36 ms, achieved FLOPS 875.70 TFLOPS, MFU 17.30%]: loss 4.333262                                                                                               
[06/04/26 15:59:38] INFO     [train] [iter 479, tokens 4378696, elapsed_time 6694.87 ms, achieved FLOPS 877.20 TFLOPS, MFU 17.33%]: loss 4.264930                                                                                               
[06/04/26 15:59:46] INFO     [train] [iter 499, tokens 4378696, elapsed_time 6701.47 ms, achieved FLOPS 876.34 TFLOPS, MFU 17.32%]: loss 4.199855                                                                                               
[06/04/26 15:59:56] INFO     [train] [iter 519, tokens 4378696, elapsed_time 6692.25 ms, achieved FLOPS 877.55 TFLOPS, MFU 17.34%]: loss 4.155276                                                                                               
[06/04/26 16:00:04] INFO     [train] [iter 539, tokens 4378696, elapsed_time 6697.45 ms, achieved FLOPS 876.87 TFLOPS, MFU 17.33%]: loss 4.116734                                                                                               
[06/04/26 16:00:12] INFO     [train] [iter 559, tokens 4378696, elapsed_time 6702.52 ms, achieved FLOPS 876.20 TFLOPS, MFU 17.31%]: loss 4.064982                                                                                               
[06/04/26 16:00:20] INFO     [train] [iter 579, tokens 4378696, elapsed_time 6698.50 ms, achieved FLOPS 876.73 TFLOPS, MFU 17.32%]: loss 4.007220                                                                                               
[06/04/26 16:00:28] INFO     [train] [iter 599, tokens 4378696, elapsed_time 6694.16 ms, achieved FLOPS 877.30 TFLOPS, MFU 17.34%]: loss 3.951836                                                                                               
[06/04/26 16:00:36] INFO     [train] [iter 619, tokens 4378696, elapsed_time 6702.01 ms, achieved FLOPS 876.27 TFLOPS, MFU 17.32%]: loss 3.931973                                                                                               
[06/04/26 16:00:44] INFO     [train] [iter 639, tokens 4378696, elapsed_time 6718.02 ms, achieved FLOPS 874.18 TFLOPS, MFU 17.27%]: loss 3.928318                                                                                               
[06/04/26 16:00:53] INFO     [train] [iter 659, tokens 4378696, elapsed_time 6703.64 ms, achieved FLOPS 876.06 TFLOPS, MFU 17.31%]: loss 3.928840                                                                                               
[06/04/26 16:01:01] INFO     [train] [iter 679, tokens 4378696, elapsed_time 6692.60 ms, achieved FLOPS 877.50 TFLOPS, MFU 17.34%]: loss 3.897722                                                                                               
[06/04/26 16:01:09] INFO     [train] [iter 699, tokens 4378696, elapsed_time 6705.41 ms, achieved FLOPS 875.82 TFLOPS, MFU 17.31%]: loss 3.849652                                                                                               
[06/04/26 16:01:17] INFO     [train] [iter 719, tokens 4378696, elapsed_time 6702.64 ms, achieved FLOPS 876.19 TFLOPS, MFU 17.31%]: loss 3.805219                                                                                               
[06/04/26 16:01:25] INFO     [train] [iter 739, tokens 4378696, elapsed_time 6706.61 ms, achieved FLOPS 875.67 TFLOPS, MFU 17.30%]: loss 3.784042                                                                                               
[06/04/26 16:01:34] INFO     [train] [iter 759, tokens 4378696, elapsed_time 6692.03 ms, achieved FLOPS 877.58 TFLOPS, MFU 17.34%]: loss 3.774932                                                                                               
[06/04/26 16:01:42] INFO     [train] [iter 779, tokens 4378696, elapsed_time 6703.20 ms, achieved FLOPS 876.11 TFLOPS, MFU 17.31%]: loss 3.777011                                                                                               
[06/04/26 16:01:50] INFO     [train] [iter 799, tokens 4378696, elapsed_time 6699.61 ms, achieved FLOPS 876.58 TFLOPS, MFU 17.32%]: loss 3.759593                                                                                               
[06/04/26 16:01:58] INFO     [train] [iter 819, tokens 4378696, elapsed_time 6694.90 ms, achieved FLOPS 877.20 TFLOPS, MFU 17.33%]: loss 3.728879                                                                                               
[06/04/26 16:02:06] INFO     [train] [iter 839, tokens 4378696, elapsed_time 6690.81 ms, achieved FLOPS 877.74 TFLOPS, MFU 17.34%]: loss 3.699994                                                                                               
[06/04/26 16:02:14] INFO     [train] [iter 859, tokens 4378696, elapsed_time 6690.16 ms, achieved FLOPS 877.82 TFLOPS, MFU 17.35%]: loss 3.658465                                                                                               
[06/04/26 16:02:22] INFO     [train] [iter 879, tokens 4378696, elapsed_time 6678.99 ms, achieved FLOPS 879.29 TFLOPS, MFU 17.37%]: loss 3.624809                                                                                               
[06/04/26 16:02:30] INFO     [train] [iter 899, tokens 4378696, elapsed_time 6691.70 ms, achieved FLOPS 877.62 TFLOPS, MFU 17.34%]: loss 3.598230                                                                                               
[06/04/26 16:02:38] INFO     [train] [iter 919, tokens 4378696, elapsed_time 6690.59 ms, achieved FLOPS 877.77 TFLOPS, MFU 17.34%]: loss 3.566231                                                                                               
[06/04/26 16:02:46] INFO     [train] [iter 939, tokens 4378696, elapsed_time 6725.29 ms, achieved FLOPS 873.24 TFLOPS, MFU 17.26%]: loss 3.529933                                                                                               
[06/04/26 16:02:55] INFO     [train] [iter 959, tokens 4378696, elapsed_time 6725.45 ms, achieved FLOPS 873.21 TFLOPS, MFU 17.25%]: loss 3.510203                                                                                               
[06/04/26 16:03:03] INFO     [train] [iter 979, tokens 4378696, elapsed_time 6687.41 ms, achieved FLOPS 878.18 TFLOPS, MFU 17.35%]: loss 3.514653                                                                                               
[06/04/26 16:03:11] INFO     [train] [iter 999, tokens 4378696, elapsed_time 6683.23 ms, achieved FLOPS 878.73 TFLOPS, MFU 17.36%]: loss 3.518827                                                                                               
[rank0]:[W604 16:03:13.256720024 ProcessGroupNCCL.cpp:1553] Warning: WARNING: destroy_process_group() was not called before program exit, which can leak resources. For more info, please see https://pytorch.org/docs/stable/distributed.html#shutdown (function operator())
[rank4]:[W604 16:03:13.690240884 ProcessGroupNCCL.cpp:1553] Warning: WARNING: destroy_process_group() was not called before program exit, which can leak resources. For more info, please see https://pytorch.org/docs/stable/distributed.html#shutdown (function operator())
[rank1]:[W604 16:03:13.729949718 ProcessGroupNCCL.cpp:1553] Warning: WARNING: destroy_process_group() was not called before program exit, which can leak resources. For more info, please see https://pytorch.org/docs/stable/distributed.html#shutdown (function operator())
[rank2]:[W604 16:03:13.730380379 ProcessGroupNCCL.cpp:1553] Warning: WARNING: destroy_process_group() was not called before program exit, which can leak resources. For more info, please see https://pytorch.org/docs/stable/distributed.html#shutdown (function operator())
[rank5]:[W604 16:03:13.759383016 ProcessGroupNCCL.cpp:1553] Warning: WARNING: destroy_process_group() was not called before program exit, which can leak resources. For more info, please see https://pytorch.org/docs/stable/distributed.html#shutdown (function operator())
[rank6]:[W604 16:03:13.900712084 ProcessGroupNCCL.cpp:1553] Warning: WARNING: destroy_process_group() was not called before program exit, which can leak resources. For more info, please see https://pytorch.org/docs/stable/distributed.html#shutdown (function operator())
[rank7]:[W604 16:03:14.922332134 ProcessGroupNCCL.cpp:1553] Warning: WARNING: destroy_process_group() was not called before program exit, which can leak resources. For more info, please see https://pytorch.org/docs/stable/distributed.html#shutdown (function operator())
[rank3]:[W604 16:03:14.084248205 ProcessGroupNCCL.cpp:1553] Warning: WARNING: destroy_process_group() was not called before program exit, which can leak resources. For more info, please see https://pytorch.org/docs/stable/distributed.html#shutdown (function operator())
