Thu Jun  4 16:18:59 2026       
+-----------------------------------------------------------------------------------------+
| NVIDIA-SMI 570.133.20             Driver Version: 570.133.20     CUDA Version: 12.8     |
|-----------------------------------------+------------------------+----------------------+
| GPU  Name                 Persistence-M | Bus-Id          Disp.A | Volatile Uncorr. ECC |
| Fan  Temp   Perf          Pwr:Usage/Cap |           Memory-Usage | GPU-Util  Compute M. |
|                                         |                        |               MIG M. |
|=========================================+========================+======================|
|   0  NVIDIA H20                     On  |   00000000:08:00.0 Off |                    0 |
| N/A   49C    P0             80W /  500W |       0MiB /  97871MiB |      0%      Default |
|                                         |                        |             Disabled |
+-----------------------------------------+------------------------+----------------------+
|   1  NVIDIA H20                     On  |   00000000:7E:00.0 Off |                    0 |
| N/A   40C    P0             75W /  500W |       0MiB /  97871MiB |      0%      Default |
|                                         |                        |             Disabled |
+-----------------------------------------+------------------------+----------------------+
|   2  NVIDIA H20                     On  |   00000000:A2:00.0 Off |                    0 |
| N/A   50C    P0             79W /  500W |       0MiB /  97871MiB |      0%      Default |
|                                         |                        |             Disabled |
+-----------------------------------------+------------------------+----------------------+
|   3  NVIDIA H20                     On  |   00000000:C6:00.0 Off |                    0 |
| N/A   44C    P0             75W /  500W |       0MiB /  97871MiB |      0%      Default |
|                                         |                        |             Disabled |
+-----------------------------------------+------------------------+----------------------+
|   4  NVIDIA H20                     On  |   00000001:09:00.0 Off |                    0 |
| N/A   39C    P0             73W /  500W |       0MiB /  97871MiB |      0%      Default |
|                                         |                        |             Disabled |
+-----------------------------------------+------------------------+----------------------+
|   5  NVIDIA H20                     On  |   00000001:7F:00.0 Off |                    0 |
| N/A   49C    P0             77W /  500W |       0MiB /  97871MiB |      0%      Default |
|                                         |                        |             Disabled |
+-----------------------------------------+------------------------+----------------------+
|   6  NVIDIA H20                     On  |   00000001:A3:00.0 Off |                    0 |
| N/A   46C    P0             75W /  500W |       0MiB /  97871MiB |      0%      Default |
|                                         |                        |             Disabled |
+-----------------------------------------+------------------------+----------------------+
|   7  NVIDIA H20                     On  |   00000001:C7:00.0 Off |                    0 |
| N/A   52C    P0             77W /  500W |       0MiB /  97871MiB |      0%      Default |
|                                         |                        |             Disabled |
+-----------------------------------------+------------------------+----------------------+
                                                                                         
+-----------------------------------------------------------------------------------------+
| Processes:                                                                              |
|  GPU   GI   CI              PID   Type   Process name                        GPU Memory |
|        ID   ID                                                               Usage      |
|=========================================================================================|
|  No running processes found                                                             |
+-----------------------------------------------------------------------------------------+
W0604 16:19:01.275000 128103 site-packages/torch/distributed/run.py:852] 
W0604 16:19:01.275000 128103 site-packages/torch/distributed/run.py:852] *****************************************
W0604 16:19:01.275000 128103 site-packages/torch/distributed/run.py:852] Setting OMP_NUM_THREADS environment variable for each process to be 1 in default, to avoid your system being overloaded, please further tune the variable for optimal performance in your application as needed. 
W0604 16:19:01.275000 128103 site-packages/torch/distributed/run.py:852] *****************************************
WARNING: Logging before InitGoogleLogging() is written to STDERR
I0604 16:19:08.185026 128173 storage_manager.h:211] can not find env ALIOSS_END_POINT, failed to init oss client
W0604 16:19:08.185056 128173 storage_manager.h:60] Failed to init oss client, please make sure all env has been exported correctly!
I0604 16:19:08.185173 128173 flags.cc:20] ZeusEmbedding loaded. Build at 11:34:33 May 24 2026, git commit id ae27eaa9e383d65e88194828f6400cd4fdf75816, branch syw_dev.torch
WARNING: Logging before InitGoogleLogging() is written to STDERR
I0604 16:19:08.449249 128172 storage_manager.h:211] can not find env ALIOSS_END_POINT, failed to init oss client
W0604 16:19:08.449285 128172 storage_manager.h:60] Failed to init oss client, please make sure all env has been exported correctly!
I0604 16:19:08.449379 128172 flags.cc:20] ZeusEmbedding loaded. Build at 11:34:33 May 24 2026, git commit id ae27eaa9e383d65e88194828f6400cd4fdf75816, branch syw_dev.torch
WARNING: Logging before InitGoogleLogging() is written to STDERR
I0604 16:19:08.450115 128177 storage_manager.h:211] can not find env ALIOSS_END_POINT, failed to init oss client
W0604 16:19:08.450135 128177 storage_manager.h:60] Failed to init oss client, please make sure all env has been exported correctly!
I0604 16:19:08.450224 128177 flags.cc:20] ZeusEmbedding loaded. Build at 11:34:33 May 24 2026, git commit id ae27eaa9e383d65e88194828f6400cd4fdf75816, branch syw_dev.torch
WARNING: Logging before InitGoogleLogging() is written to STDERR
I0604 16:19:08.484519 128175 storage_manager.h:211] can not find env ALIOSS_END_POINT, failed to init oss client
W0604 16:19:08.484542 128175 storage_manager.h:60] Failed to init oss client, please make sure all env has been exported correctly!
I0604 16:19:08.484637 128175 flags.cc:20] ZeusEmbedding loaded. Build at 11:34:33 May 24 2026, git commit id ae27eaa9e383d65e88194828f6400cd4fdf75816, branch syw_dev.torch
WARNING: Logging before InitGoogleLogging() is written to STDERR
I0604 16:19:08.486634 128176 storage_manager.h:211] can not find env ALIOSS_END_POINT, failed to init oss client
W0604 16:19:08.486649 128176 storage_manager.h:60] Failed to init oss client, please make sure all env has been exported correctly!
I0604 16:19:08.486825 128176 flags.cc:20] ZeusEmbedding loaded. Build at 11:34:33 May 24 2026, git commit id ae27eaa9e383d65e88194828f6400cd4fdf75816, branch syw_dev.torch
WARNING: Logging before InitGoogleLogging() is written to STDERR
I0604 16:19:08.525738 128178 storage_manager.h:211] can not find env ALIOSS_END_POINT, failed to init oss client
W0604 16:19:08.525756 128178 storage_manager.h:60] Failed to init oss client, please make sure all env has been exported correctly!
I0604 16:19:08.525844 128178 flags.cc:20] ZeusEmbedding loaded. Build at 11:34:33 May 24 2026, git commit id ae27eaa9e383d65e88194828f6400cd4fdf75816, branch syw_dev.torch
WARNING: Logging before InitGoogleLogging() is written to STDERR
I0604 16:19:08.572568 128179 storage_manager.h:211] can not find env ALIOSS_END_POINT, failed to init oss client
W0604 16:19:08.572587 128179 storage_manager.h:60] Failed to init oss client, please make sure all env has been exported correctly!
I0604 16:19:08.572674 128179 flags.cc:20] ZeusEmbedding loaded. Build at 11:34:33 May 24 2026, git commit id ae27eaa9e383d65e88194828f6400cd4fdf75816, branch syw_dev.torch
WARNING: Logging before InitGoogleLogging() is written to STDERR
I0604 16:19:08.591617 128174 storage_manager.h:211] can not find env ALIOSS_END_POINT, failed to init oss client
W0604 16:19:08.591634 128174 storage_manager.h:60] Failed to init oss client, please make sure all env has been exported correctly!
I0604 16:19:08.591730 128174 flags.cc:20] ZeusEmbedding loaded. Build at 11:34:33 May 24 2026, git commit id ae27eaa9e383d65e88194828f6400cd4fdf75816, branch syw_dev.torch
[Rank 1] PID=128173, Node=N/A, LocalRank=1
[Rank 0] PID=128172, Node=N/A, LocalRank=0
[Rank 5] PID=128177, Node=N/A, LocalRank=5
[Rank 7] PID=128179, Node=N/A, LocalRank=7
[Rank 2] PID=128174, Node=N/A, LocalRank=2
[Rank 6] PID=128178, Node=N/A, LocalRank=6
[Rank 4] PID=128176, Node=N/A, LocalRank=4
[Rank 3] PID=128175, Node=N/A, LocalRank=3
[Gloo] Rank 0 is connected to 7 peer ranks. Expected number of connected peer ranks is : 7
[Gloo] Rank 1 is connected to 7 peer ranks. Expected number of connected peer ranks is : 7
[Gloo] Rank 2 is connected to 7 peer ranks. Expected number of connected peer ranks is : 7
[Gloo] Rank 3[Gloo] Rank  is connected to 7 peer ranks. Expected number of connected peer ranks is : 57 is connected to 7 peer ranks. 
Expected number of connected peer ranks is : 7
[Gloo] Rank 4 is connected to 7 peer ranks. Expected number of connected peer ranks is : 7
[Gloo] Rank 7 is connected to 7 peer ranks. Expected number of connected peer ranks is : 7[Gloo] Rank 
6 is connected to 7 peer ranks. Expected number of connected peer ranks is : 7
[Gloo] Rank 6 is connected to 7 peer ranks. Expected number of connected peer ranks is : 7
[Gloo] Rank 0 is connected to 7 peer ranks. Expected number of connected peer ranks is : 7
[Gloo] Rank 1 is connected to 7 peer ranks. Expected number of connected peer ranks is : 7
[Gloo] Rank 2 is connected to 7 peer ranks. Expected number of connected peer ranks is : 7
[Gloo] Rank 3 is connected to 7 peer ranks. Expected number of connected peer ranks is : 7
[Gloo] Rank 4 is connected to 7 peer ranks. Expected number of connected peer ranks is : 7
[Gloo] Rank 5 is connected to 7 peer ranks. Expected number of connected peer ranks is : 7
[Gloo] Rank 7 is connected to 7 peer ranks. Expected number of connected peer ranks is : 7
[Gloo] Rank 1 is connected to 7 peer ranks. Expected number of connected peer ranks is : 7
[Gloo] Rank 3 is connected to 7 peer ranks. Expected number of connected peer ranks is : 7
[Gloo] Rank 6 is connected to 7 peer ranks. Expected number of connected peer ranks is : 7
[Gloo] Rank 5 is connected to 7 peer ranks. Expected number of connected peer ranks is : 7
[Gloo] Rank 0 is connected to 7 peer ranks. Expected number of connected peer ranks is : 7
[Gloo] Rank 2 is connected to 7 peer ranks. Expected number of connected peer ranks is : 7
[Gloo] Rank 4 is connected to 7 peer ranks. Expected number of connected peer ranks is : 7
[Gloo] Rank 7 is connected to 7 peer ranks. Expected number of connected peer ranks is : 7
[06/04/26 16:19:15] INFO     distributed env initialization done. Free cuda memory: 96165.38 MB                                                                                                                                                 
[rank2]:W0604 16:19:15.411000 128174 site-packages/torch/fx/_symbolic_trace.py:53] is_fx_tracing will return true for both fx.symbolic_trace and torch.export. Please use is_fx_tracing_symbolic_tracing() for specifically fx.symbolic_trace or torch.compiler.is_compiling() for specifically torch.export/compile.
[rank7]:W0604 16:19:15.413000 128179 site-packages/torch/fx/_symbolic_trace.py:53] is_fx_tracing will return true for both fx.symbolic_trace and torch.export. Please use is_fx_tracing_symbolic_tracing() for specifically fx.symbolic_trace or torch.compiler.is_compiling() for specifically torch.export/compile.
[rank4]:W0604 16:19:15.413000 128176 site-packages/torch/fx/_symbolic_trace.py:53] is_fx_tracing will return true for both fx.symbolic_trace and torch.export. Please use is_fx_tracing_symbolic_tracing() for specifically fx.symbolic_trace or torch.compiler.is_compiling() for specifically torch.export/compile.
[rank0]:W0604 16:19:15.417000 128172 site-packages/torch/fx/_symbolic_trace.py:53] is_fx_tracing will return true for both fx.symbolic_trace and torch.export. Please use is_fx_tracing_symbolic_tracing() for specifically fx.symbolic_trace or torch.compiler.is_compiling() for specifically torch.export/compile.
[rank6]:W0604 16:19:15.418000 128178 site-packages/torch/fx/_symbolic_trace.py:53] is_fx_tracing will return true for both fx.symbolic_trace and torch.export. Please use is_fx_tracing_symbolic_tracing() for specifically fx.symbolic_trace or torch.compiler.is_compiling() for specifically torch.export/compile.
[rank5]:W0604 16:19:15.419000 128177 site-packages/torch/fx/_symbolic_trace.py:53] is_fx_tracing will return true for both fx.symbolic_trace and torch.export. Please use is_fx_tracing_symbolic_tracing() for specifically fx.symbolic_trace or torch.compiler.is_compiling() for specifically torch.export/compile.
[rank3]:W0604 16:19:15.421000 128175 site-packages/torch/fx/_symbolic_trace.py:53] is_fx_tracing will return true for both fx.symbolic_trace and torch.export. Please use is_fx_tracing_symbolic_tracing() for specifically fx.symbolic_trace or torch.compiler.is_compiling() for specifically torch.export/compile.
[rank1]:W0604 16:19:15.432000 128173 site-packages/torch/fx/_symbolic_trace.py:53] is_fx_tracing will return true for both fx.symbolic_trace and torch.export. Please use is_fx_tracing_symbolic_tracing() for specifically fx.symbolic_trace or torch.compiler.is_compiling() for specifically torch.export/compile.
WARNING:megatron.core.tensor_parallel.random:CPU RNG state changed within GPU RNG context
WARNING:megatron.core.tensor_parallel.random:CPU RNG state changed within GPU RNG context
WARNING:megatron.core.tensor_parallel.random:CPU RNG state changed within GPU RNG context
WARNING:megatron.core.tensor_parallel.random:CPU RNG state changed within GPU RNG context
WARNING:megatron.core.tensor_parallel.random:CPU RNG state changed within GPU RNG context
WARNING:megatron.core.tensor_parallel.random:CPU RNG state changed within GPU RNG context
WARNING:megatron.core.tensor_parallel.random:CPU RNG state changed within GPU RNG context
WARNING:megatron.core.tensor_parallel.random:CPU RNG state changed within GPU RNG context
WARNING:root:Sharding spec not found for _embedding_collection._data_parallel_embedding_collection.action
WARNING:root:Sharding spec not found for _embedding_collection._data_parallel_embedding_collection.user_age
WARNING:root:Sharding spec not found for _embedding_collection._data_parallel_embedding_collection.item_category_l1


Storage layout: Caching (HBM cache + Host full backing; HBM rows duplicate Host)
--------------------+---------+-----------+-----------+--------------------
        tier        |  table  |  init(MB) |  peak(MB) |   emb/opt peak(MB) 
--------------------+---------+-----------+-----------+--------------------
hbm cache/cuda:1    | item    | 7329      | 7324.219  | 2441.406 / 4882.812
                    | user_id | 7329      | 7324.219  | 2441.406 / 4882.812
                    | --------+-----------+-----------+--------------------
                    | TOTAL   | 14658     | 14648.438 | 4882.812 / 9765.625
--------------------+---------+-----------+-----------+--------------------
host backing (full) | item    | 9155.438  | 9155.438  | 3051.812 / 6103.625
                    | user_id | 9155.438  | 9155.438  | 3051.812 / 6103.625
                    | --------+-----------+-----------+--------------------
                    | TOTAL   | 18310.875 | 18310.875 | 6103.625 / 12207.25
--------------------+---------+-----------+-----------+--------------------
Note: HBM cache rows duplicate backing rows; total memory ≈ HBM cache + Host/PS backing (no subtract).


Storage layout: Caching (HBM cache + Host full backing; HBM rows duplicate Host)
--------------------+---------+-----------+-----------+--------------------
        tier        |  table  |  init(MB) |  peak(MB) |   emb/opt peak(MB) 
--------------------+---------+-----------+-----------+--------------------
hbm cache/cuda:5    | item    | 7329      | 7324.219  | 2441.406 / 4882.812
                    | user_id | 7329      | 7324.219  | 2441.406 / 4882.812
                    | --------+-----------+-----------+--------------------
                    | TOTAL   | 14658     | 14648.438 | 4882.812 / 9765.625
--------------------+---------+-----------+-----------+--------------------
host backing (full) | item    | 9155.438  | 9155.438  | 3051.812 / 6103.625
                    | user_id | 9155.438  | 9155.438  | 3051.812 / 6103.625
                    | --------+-----------+-----------+--------------------
                    | TOTAL   | 18310.875 | 18310.875 | 6103.625 / 12207.25
--------------------+---------+-----------+-----------+--------------------
Note: HBM cache rows duplicate backing rows; total memory ≈ HBM cache + Host/PS backing (no subtract).


Storage layout: Caching (HBM cache + Host full backing; HBM rows duplicate Host)
--------------------+---------+-----------+-----------+--------------------
        tier        |  table  |  init(MB) |  peak(MB) |   emb/opt peak(MB) 
--------------------+---------+-----------+-----------+--------------------
hbm cache/cuda:0    | item    | 7329      | 7324.219  | 2441.406 / 4882.812
                    | user_id | 7329      | 7324.219  | 2441.406 / 4882.812
                    | --------+-----------+-----------+--------------------
                    | TOTAL   | 14658     | 14648.438 | 4882.812 / 9765.625
--------------------+---------+-----------+-----------+--------------------
host backing (full) | item    | 9155.438  | 9155.438  | 3051.812 / 6103.625
                    | user_id | 9155.438  | 9155.438  | 3051.812 / 6103.625
                    | --------+-----------+-----------+--------------------
                    | TOTAL   | 18310.875 | 18310.875 | 6103.625 / 12207.25
--------------------+---------+-----------+-----------+--------------------
Note: HBM cache rows duplicate backing rows; total memory ≈ HBM cache + Host/PS backing (no subtract).


Storage layout: Caching (HBM cache + Host full backing; HBM rows duplicate Host)
--------------------+---------+-----------+-----------+--------------------
        tier        |  table  |  init(MB) |  peak(MB) |   emb/opt peak(MB) 
--------------------+---------+-----------+-----------+--------------------
hbm cache/cuda:6    | item    | 7329      | 7324.219  | 2441.406 / 4882.812
                    | user_id | 7329      | 7324.219  | 2441.406 / 4882.812
                    | --------+-----------+-----------+--------------------
                    | TOTAL   | 14658     | 14648.438 | 4882.812 / 9765.625
--------------------+---------+-----------+-----------+--------------------
host backing (full) | item    | 9155.438  | 9155.438  | 3051.812 / 6103.625
                    | user_id | 9155.438  | 9155.438  | 3051.812 / 6103.625
                    | --------+-----------+-----------+--------------------
                    | TOTAL   | 18310.875 | 18310.875 | 6103.625 / 12207.25
--------------------+---------+-----------+-----------+--------------------
Note: HBM cache rows duplicate backing rows; total memory ≈ HBM cache + Host/PS backing (no subtract).


Storage layout: Caching (HBM cache + Host full backing; HBM rows duplicate Host)
--------------------+---------+-----------+-----------+--------------------
        tier        |  table  |  init(MB) |  peak(MB) |   emb/opt peak(MB) 
--------------------+---------+-----------+-----------+--------------------
hbm cache/cuda:3    | item    | 7329      | 7324.219  | 2441.406 / 4882.812
                    | user_id | 7329      | 7324.219  | 2441.406 / 4882.812
                    | --------+-----------+-----------+--------------------
                    | TOTAL   | 14658     | 14648.438 | 4882.812 / 9765.625
--------------------+---------+-----------+-----------+--------------------
host backing (full) | item    | 9155.438  | 9155.438  | 3051.812 / 6103.625
                    | user_id | 9155.438  | 9155.438  | 3051.812 / 6103.625
                    | --------+-----------+-----------+--------------------
                    | TOTAL   | 18310.875 | 18310.875 | 6103.625 / 12207.25
--------------------+---------+-----------+-----------+--------------------
Note: HBM cache rows duplicate backing rows; total memory ≈ HBM cache + Host/PS backing (no subtract).


Storage layout: Caching (HBM cache + Host full backing; HBM rows duplicate Host)
--------------------+---------+-----------+-----------+--------------------
        tier        |  table  |  init(MB) |  peak(MB) |   emb/opt peak(MB) 
--------------------+---------+-----------+-----------+--------------------
hbm cache/cuda:2    | item    | 7329      | 7324.219  | 2441.406 / 4882.812
                    | user_id | 7329      | 7324.219  | 2441.406 / 4882.812
                    | --------+-----------+-----------+--------------------
                    | TOTAL   | 14658     | 14648.438 | 4882.812 / 9765.625
--------------------+---------+-----------+-----------+--------------------
host backing (full) | item    | 9155.438  | 9155.438  | 3051.812 / 6103.625
                    | user_id | 9155.438  | 9155.438  | 3051.812 / 6103.625
                    | --------+-----------+-----------+--------------------
                    | TOTAL   | 18310.875 | 18310.875 | 6103.625 / 12207.25
--------------------+---------+-----------+-----------+--------------------
Note: HBM cache rows duplicate backing rows; total memory ≈ HBM cache + Host/PS backing (no subtract).


Storage layout: Caching (HBM cache + Host full backing; HBM rows duplicate Host)
--------------------+---------+-----------+-----------+--------------------
        tier        |  table  |  init(MB) |  peak(MB) |   emb/opt peak(MB) 
--------------------+---------+-----------+-----------+--------------------
hbm cache/cuda:7    | item    | 7329      | 7324.219  | 2441.406 / 4882.812
                    | user_id | 7329      | 7324.219  | 2441.406 / 4882.812
                    | --------+-----------+-----------+--------------------
                    | TOTAL   | 14658     | 14648.438 | 4882.812 / 9765.625
--------------------+---------+-----------+-----------+--------------------
host backing (full) | item    | 9155.438  | 9155.438  | 3051.812 / 6103.625
                    | user_id | 9155.438  | 9155.438  | 3051.812 / 6103.625
                    | --------+-----------+-----------+--------------------
                    | TOTAL   | 18310.875 | 18310.875 | 6103.625 / 12207.25
--------------------+---------+-----------+-----------+--------------------
Note: HBM cache rows duplicate backing rows; total memory ≈ HBM cache + Host/PS backing (no subtract).


Storage layout: Caching (HBM cache + Host full backing; HBM rows duplicate Host)
--------------------+---------+-----------+-----------+--------------------
        tier        |  table  |  init(MB) |  peak(MB) |   emb/opt peak(MB) 
--------------------+---------+-----------+-----------+--------------------
hbm cache/cuda:4    | item    | 7329      | 7324.219  | 2441.406 / 4882.812
                    | user_id | 7329      | 7324.219  | 2441.406 / 4882.812
                    | --------+-----------+-----------+--------------------
                    | TOTAL   | 14658     | 14648.438 | 4882.812 / 9765.625
--------------------+---------+-----------+-----------+--------------------
host backing (full) | item    | 9155.438  | 9155.438  | 3051.812 / 6103.625
                    | user_id | 9155.438  | 9155.438  | 3051.812 / 6103.625
                    | --------+-----------+-----------+--------------------
                    | TOTAL   | 18310.875 | 18310.875 | 6103.625 / 12207.25
--------------------+---------+-----------+-----------+--------------------
Note: HBM cache rows duplicate backing rows; total memory ≈ HBM cache + Host/PS backing (no subtract).
WARNING:torchrec.distributed.utils:Sharding Type is data_parallel, caching params will be ignored
WARNING:torchrec.distributed.utils:Sharding Type is data_parallel, caching params will be ignored
WARNING:torchrec.distributed.utils:Sharding Type is data_parallel, caching params will be ignored
WARNING:torchrec.distributed.utils:Sharding Type is data_parallel, caching params will be ignored
WARNING:torchrec.distributed.utils:Sharding Type is data_parallel, caching params will be ignored
WARNING:torchrec.distributed.utils:Sharding Type is data_parallel, caching params will be ignored
WARNING:torchrec.distributed.utils:Sharding Type is data_parallel, caching params will be ignored
WARNING:torchrec.distributed.utils:Sharding Type is data_parallel, caching params will be ignored
WARNING:torchrec.distributed.utils:Sharding Type is data_parallel, caching params will be ignored
WARNING:torchrec.distributed.utils:Sharding Type is data_parallel, caching params will be ignored
WARNING:torchrec.distributed.utils:Sharding Type is data_parallel, caching params will be ignored
WARNING:torchrec.distributed.utils:Sharding Type is data_parallel, caching params will be ignored
WARNING:torchrec.distributed.utils:Sharding Type is data_parallel, caching params will be ignored
WARNING:torchrec.distributed.utils:Sharding Type is data_parallel, caching params will be ignored
WARNING:torchrec.distributed.utils:Sharding Type is data_parallel, caching params will be ignored
WARNING:torchrec.distributed.utils:Sharding Type is data_parallel, caching params will be ignored
WARNING:torchrec.distributed.utils:Sharding Type is data_parallel, caching params will be ignored
WARNING:torchrec.distributed.utils:Sharding Type is data_parallel, caching params will be ignored
WARNING:torchrec.distributed.utils:Sharding Type is data_parallel, caching params will be ignored
WARNING:torchrec.distributed.utils:Sharding Type is data_parallel, caching params will be ignored
WARNING:torchrec.distributed.utils:Sharding Type is data_parallel, caching params will be ignored
WARNING:torchrec.distributed.utils:Sharding Type is data_parallel, caching params will be ignored
WARNING:torchrec.distributed.utils:Sharding Type is data_parallel, caching params will be ignored
WARNING:torchrec.distributed.utils:Sharding Type is data_parallel, caching params will be ignored
[06/04/26 16:19:20] INFO     model initialization done, start training. Free cuda memory: 79917.38 MB                                                                                                                                           
                    INFO     fill_tables done for ['item', 'user_id']                                                                                                                                                                           
[06/04/26 16:19:42] INFO     [train] [iter 19, tokens 4378696, elapsed_time 20674.38 ms, achieved FLOPS 284.06 TFLOPS, MFU 5.61%]: loss 5.546436                                                                                                
[06/04/26 16:19:51] INFO     [train] [iter 39, tokens 4378696, elapsed_time 6643.82 ms, achieved FLOPS 883.94 TFLOPS, MFU 17.47%]: loss 5.545227                                                                                                
[06/04/26 16:19:59] INFO     [train] [iter 59, tokens 4378696, elapsed_time 6652.73 ms, achieved FLOPS 882.76 TFLOPS, MFU 17.44%]: loss 5.545193                                                                                                
[06/04/26 16:20:07] INFO     [train] [iter 79, tokens 4378696, elapsed_time 6643.75 ms, achieved FLOPS 883.95 TFLOPS, MFU 17.47%]: loss 5.545136                                                                                                
[06/04/26 16:20:15] INFO     [train] [iter 99, tokens 4378696, elapsed_time 6653.09 ms, achieved FLOPS 882.71 TFLOPS, MFU 17.44%]: loss 5.535256                                                                                                
[06/04/26 16:20:23] INFO     [train] [iter 119, tokens 4378696, elapsed_time 6653.62 ms, achieved FLOPS 882.64 TFLOPS, MFU 17.44%]: loss 5.459757                                                                                               
[06/04/26 16:20:31] INFO     [train] [iter 139, tokens 4378696, elapsed_time 6647.48 ms, achieved FLOPS 883.46 TFLOPS, MFU 17.46%]: loss 5.409307                                                                                               
[06/04/26 16:20:39] INFO     [train] [iter 159, tokens 4378696, elapsed_time 6642.37 ms, achieved FLOPS 884.14 TFLOPS, MFU 17.47%]: loss 5.254779                                                                                               
[06/04/26 16:20:47] INFO     [train] [iter 179, tokens 4378696, elapsed_time 6651.20 ms, achieved FLOPS 882.96 TFLOPS, MFU 17.45%]: loss 5.153668                                                                                               
[06/04/26 16:20:56] INFO     [train] [iter 199, tokens 4378696, elapsed_time 6646.60 ms, achieved FLOPS 883.57 TFLOPS, MFU 17.46%]: loss 5.027927                                                                                               
[06/04/26 16:21:04] INFO     [train] [iter 219, tokens 4378696, elapsed_time 6657.72 ms, achieved FLOPS 882.10 TFLOPS, MFU 17.43%]: loss 4.931630                                                                                               
[06/04/26 16:21:13] INFO     [train] [iter 239, tokens 4378696, elapsed_time 6658.34 ms, achieved FLOPS 882.02 TFLOPS, MFU 17.43%]: loss 4.895674                                                                                               
[06/04/26 16:21:21] INFO     [train] [iter 259, tokens 4378696, elapsed_time 7316.79 ms, achieved FLOPS 802.64 TFLOPS, MFU 15.86%]: loss 4.791368                                                                                               
[06/04/26 16:21:30] INFO     [train] [iter 279, tokens 4378696, elapsed_time 7005.89 ms, achieved FLOPS 838.26 TFLOPS, MFU 16.56%]: loss 4.781235                                                                                               
[06/04/26 16:21:39] INFO     [train] [iter 299, tokens 4378696, elapsed_time 6654.06 ms, achieved FLOPS 882.58 TFLOPS, MFU 17.44%]: loss 4.741316                                                                                               
[06/04/26 16:21:47] INFO     [train] [iter 319, tokens 4378696, elapsed_time 6670.54 ms, achieved FLOPS 880.40 TFLOPS, MFU 17.40%]: loss 4.696299                                                                                               
[06/04/26 16:21:55] INFO     [train] [iter 339, tokens 4378696, elapsed_time 6643.94 ms, achieved FLOPS 883.93 TFLOPS, MFU 17.47%]: loss 4.673504                                                                                               
[06/04/26 16:22:03] INFO     [train] [iter 359, tokens 4378696, elapsed_time 6640.47 ms, achieved FLOPS 884.39 TFLOPS, MFU 17.48%]: loss 4.645245                                                                                               
[06/04/26 16:22:11] INFO     [train] [iter 379, tokens 4378696, elapsed_time 6652.06 ms, achieved FLOPS 882.85 TFLOPS, MFU 17.45%]: loss 4.582496                                                                                               
[06/04/26 16:22:19] INFO     [train] [iter 399, tokens 4378696, elapsed_time 6640.73 ms, achieved FLOPS 884.35 TFLOPS, MFU 17.47%]: loss 4.523825                                                                                               
[06/04/26 16:22:28] INFO     [train] [iter 419, tokens 4378696, elapsed_time 6640.12 ms, achieved FLOPS 884.44 TFLOPS, MFU 17.48%]: loss 4.471273                                                                                               
[06/04/26 16:22:36] INFO     [train] [iter 439, tokens 4378696, elapsed_time 6635.52 ms, achieved FLOPS 885.05 TFLOPS, MFU 17.49%]: loss 4.436693                                                                                               
[06/04/26 16:22:44] INFO     [train] [iter 459, tokens 4378696, elapsed_time 6641.80 ms, achieved FLOPS 884.21 TFLOPS, MFU 17.47%]: loss 4.385425                                                                                               
[06/04/26 16:22:52] INFO     [train] [iter 479, tokens 4378696, elapsed_time 6636.67 ms, achieved FLOPS 884.90 TFLOPS, MFU 17.49%]: loss 4.338908                                                                                               
[06/04/26 16:23:00] INFO     [train] [iter 499, tokens 4378696, elapsed_time 6637.04 ms, achieved FLOPS 884.85 TFLOPS, MFU 17.48%]: loss 4.330201                                                                                               
[06/04/26 16:23:08] INFO     [train] [iter 519, tokens 4378696, elapsed_time 6637.33 ms, achieved FLOPS 884.81 TFLOPS, MFU 17.48%]: loss 4.313743                                                                                               
[06/04/26 16:23:16] INFO     [train] [iter 539, tokens 4378696, elapsed_time 6634.29 ms, achieved FLOPS 885.21 TFLOPS, MFU 17.49%]: loss 4.300187                                                                                               
[06/04/26 16:23:24] INFO     [train] [iter 559, tokens 4378696, elapsed_time 6638.85 ms, achieved FLOPS 884.61 TFLOPS, MFU 17.48%]: loss 4.346649                                                                                               
[06/04/26 16:23:32] INFO     [train] [iter 579, tokens 4378696, elapsed_time 6644.33 ms, achieved FLOPS 883.88 TFLOPS, MFU 17.47%]: loss 4.335002                                                                                               
[06/04/26 16:23:41] INFO     [train] [iter 599, tokens 4378696, elapsed_time 6650.12 ms, achieved FLOPS 883.11 TFLOPS, MFU 17.45%]: loss 4.373894                                                                                               
[06/04/26 16:23:49] INFO     [train] [iter 619, tokens 4378696, elapsed_time 6633.85 ms, achieved FLOPS 885.27 TFLOPS, MFU 17.49%]: loss 4.258148                                                                                               
[06/04/26 16:23:57] INFO     [train] [iter 639, tokens 4378696, elapsed_time 6637.71 ms, achieved FLOPS 884.76 TFLOPS, MFU 17.48%]: loss 4.191056                                                                                               
[06/04/26 16:24:05] INFO     [train] [iter 659, tokens 4378696, elapsed_time 6641.12 ms, achieved FLOPS 884.30 TFLOPS, MFU 17.47%]: loss 4.150427                                                                                               
[06/04/26 16:24:13] INFO     [train] [iter 679, tokens 4378696, elapsed_time 6642.00 ms, achieved FLOPS 884.19 TFLOPS, MFU 17.47%]: loss 4.112817                                                                                               
[06/04/26 16:24:21] INFO     [train] [iter 699, tokens 4378696, elapsed_time 6642.33 ms, achieved FLOPS 884.14 TFLOPS, MFU 17.47%]: loss 4.064841                                                                                               
[06/04/26 16:24:29] INFO     [train] [iter 719, tokens 4378696, elapsed_time 6634.15 ms, achieved FLOPS 885.23 TFLOPS, MFU 17.49%]: loss 4.023769                                                                                               
[06/04/26 16:24:37] INFO     [train] [iter 739, tokens 4378696, elapsed_time 6641.93 ms, achieved FLOPS 884.20 TFLOPS, MFU 17.47%]: loss 3.997221                                                                                               
[06/04/26 16:24:45] INFO     [train] [iter 759, tokens 4378696, elapsed_time 6637.51 ms, achieved FLOPS 884.78 TFLOPS, MFU 17.48%]: loss 3.987844                                                                                               
[06/04/26 16:24:53] INFO     [train] [iter 779, tokens 4378696, elapsed_time 6640.49 ms, achieved FLOPS 884.39 TFLOPS, MFU 17.48%]: loss 4.003854                                                                                               
[06/04/26 16:25:01] INFO     [train] [iter 799, tokens 4378696, elapsed_time 6633.82 ms, achieved FLOPS 885.28 TFLOPS, MFU 17.49%]: loss 4.002429                                                                                               
[06/04/26 16:25:09] INFO     [train] [iter 819, tokens 4378696, elapsed_time 6642.85 ms, achieved FLOPS 884.07 TFLOPS, MFU 17.47%]: loss 3.945723                                                                                               
[06/04/26 16:25:17] INFO     [train] [iter 839, tokens 4378696, elapsed_time 6639.44 ms, achieved FLOPS 884.53 TFLOPS, MFU 17.48%]: loss 3.905783                                                                                               
[06/04/26 16:25:26] INFO     [train] [iter 859, tokens 4378696, elapsed_time 6638.01 ms, achieved FLOPS 884.72 TFLOPS, MFU 17.48%]: loss 3.875928                                                                                               
[06/04/26 16:25:34] INFO     [train] [iter 879, tokens 4378696, elapsed_time 6636.20 ms, achieved FLOPS 884.96 TFLOPS, MFU 17.49%]: loss 3.873471                                                                                               
[06/04/26 16:25:42] INFO     [train] [iter 899, tokens 4378696, elapsed_time 6643.37 ms, achieved FLOPS 884.00 TFLOPS, MFU 17.47%]: loss 3.871566                                                                                               
[06/04/26 16:25:50] INFO     [train] [iter 919, tokens 4378696, elapsed_time 6634.92 ms, achieved FLOPS 885.13 TFLOPS, MFU 17.49%]: loss 3.894259                                                                                               
[06/04/26 16:25:58] INFO     [train] [iter 939, tokens 4378696, elapsed_time 6641.48 ms, achieved FLOPS 884.26 TFLOPS, MFU 17.47%]: loss 3.846547                                                                                               
[06/04/26 16:26:06] INFO     [train] [iter 959, tokens 4378696, elapsed_time 6657.54 ms, achieved FLOPS 882.12 TFLOPS, MFU 17.43%]: loss 3.776343                                                                                               
[06/04/26 16:26:14] INFO     [train] [iter 979, tokens 4378696, elapsed_time 6645.92 ms, achieved FLOPS 883.66 TFLOPS, MFU 17.46%]: loss 3.751435                                                                                               
[06/04/26 16:26:22] INFO     [train] [iter 999, tokens 4378696, elapsed_time 6627.93 ms, achieved FLOPS 886.06 TFLOPS, MFU 17.51%]: loss 3.718965                                                                                               
[rank1]:[W604 16:26:24.452491361 ProcessGroupNCCL.cpp:1553] Warning: WARNING: destroy_process_group() was not called before program exit, which can leak resources. For more info, please see https://pytorch.org/docs/stable/distributed.html#shutdown (function operator())
[rank5]:[W604 16:26:24.602150935 ProcessGroupNCCL.cpp:1553] Warning: WARNING: destroy_process_group() was not called before program exit, which can leak resources. For more info, please see https://pytorch.org/docs/stable/distributed.html#shutdown (function operator())
[rank2]:[W604 16:26:24.612884130 ProcessGroupNCCL.cpp:1553] Warning: WARNING: destroy_process_group() was not called before program exit, which can leak resources. For more info, please see https://pytorch.org/docs/stable/distributed.html#shutdown (function operator())
[rank4]:[W604 16:26:24.622775297 ProcessGroupNCCL.cpp:1553] Warning: WARNING: destroy_process_group() was not called before program exit, which can leak resources. For more info, please see https://pytorch.org/docs/stable/distributed.html#shutdown (function operator())
[rank7]:[W604 16:26:24.632485970 ProcessGroupNCCL.cpp:1553] Warning: WARNING: destroy_process_group() was not called before program exit, which can leak resources. For more info, please see https://pytorch.org/docs/stable/distributed.html#shutdown (function operator())
[rank0]:[W604 16:26:24.742843250 ProcessGroupNCCL.cpp:1553] Warning: WARNING: destroy_process_group() was not called before program exit, which can leak resources. For more info, please see https://pytorch.org/docs/stable/distributed.html#shutdown (function operator())
[rank6]:[W604 16:26:24.814164996 ProcessGroupNCCL.cpp:1553] Warning: WARNING: destroy_process_group() was not called before program exit, which can leak resources. For more info, please see https://pytorch.org/docs/stable/distributed.html#shutdown (function operator())
[rank3]:[W604 16:26:24.814909496 ProcessGroupNCCL.cpp:1553] Warning: WARNING: destroy_process_group() was not called before program exit, which can leak resources. For more info, please see https://pytorch.org/docs/stable/distributed.html#shutdown (function operator())
