Thu Jun  4 14:32:08 2026       
+-----------------------------------------------------------------------------------------+
| NVIDIA-SMI 570.133.20             Driver Version: 570.133.20     CUDA Version: 12.8     |
|-----------------------------------------+------------------------+----------------------+
| GPU  Name                 Persistence-M | Bus-Id          Disp.A | Volatile Uncorr. ECC |
| Fan  Temp   Perf          Pwr:Usage/Cap |           Memory-Usage | GPU-Util  Compute M. |
|                                         |                        |               MIG M. |
|=========================================+========================+======================|
|   0  NVIDIA H20                     On  |   00000000:08:00.0 Off |                    0 |
| N/A   33C    P0             74W /  500W |       0MiB /  97871MiB |      0%      Default |
|                                         |                        |             Disabled |
+-----------------------------------------+------------------------+----------------------+
|   1  NVIDIA H20                     On  |   00000000:7E:00.0 Off |                    0 |
| N/A   32C    P0             73W /  500W |       0MiB /  97871MiB |      0%      Default |
|                                         |                        |             Disabled |
+-----------------------------------------+------------------------+----------------------+
|   2  NVIDIA H20                     On  |   00000000:A2:00.0 Off |                    0 |
| N/A   36C    P0             75W /  500W |       0MiB /  97871MiB |      0%      Default |
|                                         |                        |             Disabled |
+-----------------------------------------+------------------------+----------------------+
|   3  NVIDIA H20                     On  |   00000000:C6:00.0 Off |                    0 |
| N/A   35C    P0             73W /  500W |       0MiB /  97871MiB |      0%      Default |
|                                         |                        |             Disabled |
+-----------------------------------------+------------------------+----------------------+
|   4  NVIDIA H20                     On  |   00000001:09:00.0 Off |                    0 |
| N/A   32C    P0             71W /  500W |       0MiB /  97871MiB |      0%      Default |
|                                         |                        |             Disabled |
+-----------------------------------------+------------------------+----------------------+
|   5  NVIDIA H20                     On  |   00000001:7F:00.0 Off |                    0 |
| N/A   35C    P0             73W /  500W |       0MiB /  97871MiB |      0%      Default |
|                                         |                        |             Disabled |
+-----------------------------------------+------------------------+----------------------+
|   6  NVIDIA H20                     On  |   00000001:A3:00.0 Off |                    0 |
| N/A   36C    P0             73W /  500W |       0MiB /  97871MiB |      0%      Default |
|                                         |                        |             Disabled |
+-----------------------------------------+------------------------+----------------------+
|   7  NVIDIA H20                     On  |   00000001:C7:00.0 Off |                    0 |
| N/A   38C    P0             73W /  500W |       0MiB /  97871MiB |      0%      Default |
|                                         |                        |             Disabled |
+-----------------------------------------+------------------------+----------------------+
                                                                                         
+-----------------------------------------------------------------------------------------+
| Processes:                                                                              |
|  GPU   GI   CI              PID   Type   Process name                        GPU Memory |
|        ID   ID                                                               Usage      |
|=========================================================================================|
|  No running processes found                                                             |
+-----------------------------------------------------------------------------------------+
W0604 14:32:10.037000 94704 site-packages/torch/distributed/run.py:852] 
W0604 14:32:10.037000 94704 site-packages/torch/distributed/run.py:852] *****************************************
W0604 14:32:10.037000 94704 site-packages/torch/distributed/run.py:852] Setting OMP_NUM_THREADS environment variable for each process to be 1 in default, to avoid your system being overloaded, please further tune the variable for optimal performance in your application as needed. 
W0604 14:32:10.037000 94704 site-packages/torch/distributed/run.py:852] *****************************************
WARNING: Logging before InitGoogleLogging() is written to STDERR
I0604 14:32:17.663336 94774 storage_manager.h:211] can not find env ALIOSS_END_POINT, failed to init oss client
W0604 14:32:17.663367 94774 storage_manager.h:60] Failed to init oss client, please make sure all env has been exported correctly!
I0604 14:32:17.663458 94774 flags.cc:20] ZeusEmbedding loaded. Build at 11:34:33 May 24 2026, git commit id ae27eaa9e383d65e88194828f6400cd4fdf75816, branch syw_dev.torch
WARNING: Logging before InitGoogleLogging() is written to STDERR
I0604 14:32:17.732864 94777 storage_manager.h:211] can not find env ALIOSS_END_POINT, failed to init oss client
W0604 14:32:17.732888 94777 storage_manager.h:60] Failed to init oss client, please make sure all env has been exported correctly!
I0604 14:32:17.732983 94777 flags.cc:20] ZeusEmbedding loaded. Build at 11:34:33 May 24 2026, git commit id ae27eaa9e383d65e88194828f6400cd4fdf75816, branch syw_dev.torch
WARNING: Logging before InitGoogleLogging() is written to STDERR
I0604 14:32:17.749716 94776 storage_manager.h:211] can not find env ALIOSS_END_POINT, failed to init oss client
W0604 14:32:17.749733 94776 storage_manager.h:60] Failed to init oss client, please make sure all env has been exported correctly!
I0604 14:32:17.749820 94776 flags.cc:20] ZeusEmbedding loaded. Build at 11:34:33 May 24 2026, git commit id ae27eaa9e383d65e88194828f6400cd4fdf75816, branch syw_dev.torch
WARNING: Logging before InitGoogleLogging() is written to STDERR
I0604 14:32:17.751137 94775 storage_manager.h:211] can not find env ALIOSS_END_POINT, failed to init oss client
W0604 14:32:17.751152 94775 storage_manager.h:60] Failed to init oss client, please make sure all env has been exported correctly!
I0604 14:32:17.751245 94775 flags.cc:20] ZeusEmbedding loaded. Build at 11:34:33 May 24 2026, git commit id ae27eaa9e383d65e88194828f6400cd4fdf75816, branch syw_dev.torch
[Rank 0] PID=94774, Node=N/A, LocalRank=0
[Rank 1] PID=94775, Node=N/A, LocalRank=1
[Rank 2] PID=94776, Node=N/A, LocalRank=2
[Rank 3] PID=94777, Node=N/A, LocalRank=3
[Gloo] Rank 0 is connected to 3 peer ranks. Expected number of connected peer ranks is : 3
[Gloo] Rank 2 is connected to 3 peer ranks. Expected number of connected peer ranks is : 3
[Gloo] Rank 1 is connected to 3 peer ranks. Expected number of connected peer ranks is : 3
[Gloo] Rank 3 is connected to 3 peer ranks. Expected number of connected peer ranks is : 3
[Gloo] Rank [Gloo] Rank 01 is connected to  is connected to 33 peer ranks.  peer ranks. Expected number of connected peer ranks is : Expected number of connected peer ranks is : 33

[Gloo] Rank [Gloo] Rank 23 is connected to  is connected to 33 peer ranks.  peer ranks. Expected number of connected peer ranks is : Expected number of connected peer ranks is : 33

[Gloo] Rank 3 is connected to 3 peer ranks. Expected number of connected peer ranks is : 3
[Gloo] Rank 0 is connected to 3 peer ranks. Expected number of connected peer ranks is : 3
[Gloo] Rank 1 is connected to 3[Gloo] Rank  peer ranks. 2Expected number of connected peer ranks is :  is connected to 33
 peer ranks. Expected number of connected peer ranks is : 3
[06/04/26 14:32:23] INFO     distributed env initialization done. Free cuda memory: 96165.38 MB                                                                                                                                                 
[rank2]:W0604 14:32:23.840000 94776 site-packages/torch/fx/_symbolic_trace.py:53] is_fx_tracing will return true for both fx.symbolic_trace and torch.export. Please use is_fx_tracing_symbolic_tracing() for specifically fx.symbolic_trace or torch.compiler.is_compiling() for specifically torch.export/compile.
[rank3]:W0604 14:32:23.845000 94777 site-packages/torch/fx/_symbolic_trace.py:53] is_fx_tracing will return true for both fx.symbolic_trace and torch.export. Please use is_fx_tracing_symbolic_tracing() for specifically fx.symbolic_trace or torch.compiler.is_compiling() for specifically torch.export/compile.
[rank0]:W0604 14:32:23.851000 94774 site-packages/torch/fx/_symbolic_trace.py:53] is_fx_tracing will return true for both fx.symbolic_trace and torch.export. Please use is_fx_tracing_symbolic_tracing() for specifically fx.symbolic_trace or torch.compiler.is_compiling() for specifically torch.export/compile.
[rank1]:W0604 14:32:23.864000 94775 site-packages/torch/fx/_symbolic_trace.py:53] is_fx_tracing will return true for both fx.symbolic_trace and torch.export. Please use is_fx_tracing_symbolic_tracing() for specifically fx.symbolic_trace or torch.compiler.is_compiling() for specifically torch.export/compile.
WARNING:megatron.core.tensor_parallel.random:CPU RNG state changed within GPU RNG context
WARNING:megatron.core.tensor_parallel.random:CPU RNG state changed within GPU RNG context
WARNING:megatron.core.tensor_parallel.random:CPU RNG state changed within GPU RNG context
WARNING:megatron.core.tensor_parallel.random:CPU RNG state changed within GPU RNG context
WARNING:root:Sharding spec not found for _embedding_collection._data_parallel_embedding_collection.action
WARNING:root:Sharding spec not found for _embedding_collection._data_parallel_embedding_collection.user_age
WARNING:root:Sharding spec not found for _embedding_collection._data_parallel_embedding_collection.item_category_l1


Storage layout: Host-only (single tier, CPU)
-----------+---------+-----------+-----------+---------------------
   tier    |  table  |  init(MB) |  peak(MB) |   emb/opt peak(MB)  
-----------+---------+-----------+-----------+---------------------
host (CPU) | item    | 18310.688 | 18310.688 | 6103.562 / 12207.125
           | user_id | 18310.688 | 18310.688 | 6103.562 / 12207.125
           | --------+-----------+-----------+---------------------
           | TOTAL   | 36621.375 | 36621.375 | 12207.125 / 24414.25
-----------+---------+-----------+-----------+---------------------


Storage layout: Host-only (single tier, CPU)
-----------+---------+-----------+-----------+---------------------
   tier    |  table  |  init(MB) |  peak(MB) |   emb/opt peak(MB)  
-----------+---------+-----------+-----------+---------------------
host (CPU) | item    | 18310.688 | 18310.688 | 6103.562 / 12207.125
           | user_id | 18310.688 | 18310.688 | 6103.562 / 12207.125
           | --------+-----------+-----------+---------------------
           | TOTAL   | 36621.375 | 36621.375 | 12207.125 / 24414.25
-----------+---------+-----------+-----------+---------------------
WARNING:torchrec.distributed.utils:Sharding Type is data_parallel, caching params will be ignored
WARNING:torchrec.distributed.utils:Sharding Type is data_parallel, caching params will be ignored
WARNING:torchrec.distributed.utils:Sharding Type is data_parallel, caching params will be ignored


Storage layout: Host-only (single tier, CPU)
-----------+---------+-----------+-----------+---------------------
   tier    |  table  |  init(MB) |  peak(MB) |   emb/opt peak(MB)  
-----------+---------+-----------+-----------+---------------------
host (CPU) | item    | 18310.688 | 18310.688 | 6103.562 / 12207.125
           | user_id | 18310.688 | 18310.688 | 6103.562 / 12207.125
           | --------+-----------+-----------+---------------------
           | TOTAL   | 36621.375 | 36621.375 | 12207.125 / 24414.25
-----------+---------+-----------+-----------+---------------------


Storage layout: Host-only (single tier, CPU)
-----------+---------+-----------+-----------+---------------------
   tier    |  table  |  init(MB) |  peak(MB) |   emb/opt peak(MB)  
-----------+---------+-----------+-----------+---------------------
host (CPU) | item    | 18310.688 | 18310.688 | 6103.562 / 12207.125
           | user_id | 18310.688 | 18310.688 | 6103.562 / 12207.125
           | --------+-----------+-----------+---------------------
           | TOTAL   | 36621.375 | 36621.375 | 12207.125 / 24414.25
-----------+---------+-----------+-----------+---------------------
WARNING:torchrec.distributed.utils:Sharding Type is data_parallel, caching params will be ignored
WARNING:torchrec.distributed.utils:Sharding Type is data_parallel, caching params will be ignored
WARNING:torchrec.distributed.utils:Sharding Type is data_parallel, caching params will be ignored
WARNING:torchrec.distributed.utils:Sharding Type is data_parallel, caching params will be ignored
WARNING:torchrec.distributed.utils:Sharding Type is data_parallel, caching params will be ignored
WARNING:torchrec.distributed.utils:Sharding Type is data_parallel, caching params will be ignored
WARNING:torchrec.distributed.utils:Sharding Type is data_parallel, caching params will be ignored
WARNING:torchrec.distributed.utils:Sharding Type is data_parallel, caching params will be ignored
WARNING:torchrec.distributed.utils:Sharding Type is data_parallel, caching params will be ignored
[06/04/26 14:32:32] INFO     model initialization done, start training. Free cuda memory: 94495.38 MB                                                                                                                                           
                    INFO     fill_tables done for ['item', 'user_id']                                                                                                                                                                           
[06/04/26 14:32:47] INFO     [train] [iter 19, tokens 2244415, elapsed_time 14342.62 ms, achieved FLOPS 210.53 TFLOPS, MFU 8.32%]: loss 5.546202                                                                                                
[06/04/26 14:32:55] INFO     [train] [iter 39, tokens 2244415, elapsed_time 6840.29 ms, achieved FLOPS 441.43 TFLOPS, MFU 17.45%]: loss 5.545309                                                                                                
[06/04/26 14:33:02] INFO     [train] [iter 59, tokens 2244415, elapsed_time 6849.81 ms, achieved FLOPS 440.81 TFLOPS, MFU 17.42%]: loss 5.545240                                                                                                
[06/04/26 14:33:10] INFO     [train] [iter 79, tokens 2244415, elapsed_time 6851.00 ms, achieved FLOPS 440.74 TFLOPS, MFU 17.42%]: loss 5.544027                                                                                                
[06/04/26 14:33:18] INFO     [train] [iter 99, tokens 2244415, elapsed_time 6854.18 ms, achieved FLOPS 440.53 TFLOPS, MFU 17.41%]: loss 5.410958                                                                                                
[06/04/26 14:33:26] INFO     [train] [iter 119, tokens 2244415, elapsed_time 6860.84 ms, achieved FLOPS 440.11 TFLOPS, MFU 17.39%]: loss 5.284207                                                                                               
[06/04/26 14:33:34] INFO     [train] [iter 139, tokens 2244415, elapsed_time 6864.55 ms, achieved FLOPS 439.87 TFLOPS, MFU 17.38%]: loss 5.202261                                                                                               
[06/04/26 14:33:42] INFO     [train] [iter 159, tokens 2244415, elapsed_time 6875.10 ms, achieved FLOPS 439.19 TFLOPS, MFU 17.36%]: loss 5.099579                                                                                               
[06/04/26 14:33:49] INFO     [train] [iter 179, tokens 2244415, elapsed_time 6875.75 ms, achieved FLOPS 439.15 TFLOPS, MFU 17.36%]: loss 4.993289                                                                                               
[06/04/26 14:33:57] INFO     [train] [iter 199, tokens 2244415, elapsed_time 6869.94 ms, achieved FLOPS 439.52 TFLOPS, MFU 17.37%]: loss 4.900049                                                                                               
[06/04/26 14:34:05] INFO     [train] [iter 219, tokens 2244415, elapsed_time 6875.12 ms, achieved FLOPS 439.19 TFLOPS, MFU 17.36%]: loss 4.875193                                                                                               
[06/04/26 14:34:13] INFO     [train] [iter 239, tokens 2244415, elapsed_time 6865.48 ms, achieved FLOPS 439.81 TFLOPS, MFU 17.38%]: loss 4.763250                                                                                               
[06/04/26 14:34:21] INFO     [train] [iter 259, tokens 2244415, elapsed_time 7286.55 ms, achieved FLOPS 414.39 TFLOPS, MFU 16.38%]: loss 4.763292                                                                                               
[06/04/26 14:34:28] INFO     [train] [iter 279, tokens 2244415, elapsed_time 6856.11 ms, achieved FLOPS 440.41 TFLOPS, MFU 17.41%]: loss 4.677999                                                                                               
[06/04/26 14:34:36] INFO     [train] [iter 299, tokens 2244415, elapsed_time 6861.63 ms, achieved FLOPS 440.05 TFLOPS, MFU 17.39%]: loss 4.685195                                                                                               
[06/04/26 14:34:44] INFO     [train] [iter 319, tokens 2244415, elapsed_time 6866.32 ms, achieved FLOPS 439.75 TFLOPS, MFU 17.38%]: loss 4.649242                                                                                               
[06/04/26 14:34:52] INFO     [train] [iter 339, tokens 2244415, elapsed_time 6864.09 ms, achieved FLOPS 439.90 TFLOPS, MFU 17.38%]: loss 4.605525                                                                                               
[06/04/26 14:34:59] INFO     [train] [iter 359, tokens 2244415, elapsed_time 6861.13 ms, achieved FLOPS 440.09 TFLOPS, MFU 17.39%]: loss 4.607311                                                                                               
[06/04/26 14:35:07] INFO     [train] [iter 379, tokens 2244415, elapsed_time 6861.57 ms, achieved FLOPS 440.06 TFLOPS, MFU 17.39%]: loss 4.563082                                                                                               
[06/04/26 14:35:15] INFO     [train] [iter 399, tokens 2244415, elapsed_time 6855.37 ms, achieved FLOPS 440.46 TFLOPS, MFU 17.41%]: loss 4.501950                                                                                               
[06/04/26 14:35:22] INFO     [train] [iter 419, tokens 2244415, elapsed_time 6853.34 ms, achieved FLOPS 440.59 TFLOPS, MFU 17.41%]: loss 4.444085                                                                                               
[06/04/26 14:35:30] INFO     [train] [iter 439, tokens 2244415, elapsed_time 6858.01 ms, achieved FLOPS 440.29 TFLOPS, MFU 17.40%]: loss 4.422034                                                                                               
[06/04/26 14:35:38] INFO     [train] [iter 459, tokens 2244415, elapsed_time 6865.59 ms, achieved FLOPS 439.80 TFLOPS, MFU 17.38%]: loss 4.410854                                                                                               
[06/04/26 14:35:46] INFO     [train] [iter 479, tokens 2244415, elapsed_time 6876.79 ms, achieved FLOPS 439.08 TFLOPS, MFU 17.35%]: loss 4.385719                                                                                               
[06/04/26 14:35:55] INFO     [train] [iter 499, tokens 2244415, elapsed_time 6865.98 ms, achieved FLOPS 439.78 TFLOPS, MFU 17.38%]: loss 4.359262                                                                                               
[06/04/26 14:36:02] INFO     [train] [iter 519, tokens 2244415, elapsed_time 6856.09 ms, achieved FLOPS 440.41 TFLOPS, MFU 17.41%]: loss 4.352794                                                                                               
[06/04/26 14:36:10] INFO     [train] [iter 539, tokens 2244415, elapsed_time 6843.27 ms, achieved FLOPS 441.24 TFLOPS, MFU 17.44%]: loss 4.308707                                                                                               
[06/04/26 14:36:18] INFO     [train] [iter 559, tokens 2244415, elapsed_time 6841.60 ms, achieved FLOPS 441.34 TFLOPS, MFU 17.44%]: loss 4.258568                                                                                               
[06/04/26 14:36:25] INFO     [train] [iter 579, tokens 2244415, elapsed_time 6836.13 ms, achieved FLOPS 441.70 TFLOPS, MFU 17.46%]: loss 4.221760                                                                                               
[06/04/26 14:36:33] INFO     [train] [iter 599, tokens 2244415, elapsed_time 6838.24 ms, achieved FLOPS 441.56 TFLOPS, MFU 17.45%]: loss 4.190208                                                                                               
[06/04/26 14:36:42] INFO     [train] [iter 619, tokens 2244415, elapsed_time 6845.71 ms, achieved FLOPS 441.08 TFLOPS, MFU 17.43%]: loss 4.181865                                                                                               
[06/04/26 14:36:50] INFO     [train] [iter 639, tokens 2244415, elapsed_time 6856.53 ms, achieved FLOPS 440.38 TFLOPS, MFU 17.40%]: loss 4.170929                                                                                               
[06/04/26 14:36:57] INFO     [train] [iter 659, tokens 2244415, elapsed_time 6843.63 ms, achieved FLOPS 441.21 TFLOPS, MFU 17.44%]: loss 4.121290                                                                                               
[06/04/26 14:37:05] INFO     [train] [iter 679, tokens 2244415, elapsed_time 6841.16 ms, achieved FLOPS 441.37 TFLOPS, MFU 17.44%]: loss 4.061119                                                                                               
[06/04/26 14:37:13] INFO     [train] [iter 699, tokens 2244415, elapsed_time 6837.33 ms, achieved FLOPS 441.62 TFLOPS, MFU 17.45%]: loss 4.011851                                                                                               
[06/04/26 14:37:20] INFO     [train] [iter 719, tokens 2244415, elapsed_time 6834.22 ms, achieved FLOPS 441.82 TFLOPS, MFU 17.46%]: loss 3.970530                                                                                               
[06/04/26 14:37:28] INFO     [train] [iter 739, tokens 2244415, elapsed_time 6832.89 ms, achieved FLOPS 441.91 TFLOPS, MFU 17.46%]: loss 3.929140                                                                                               
[06/04/26 14:37:36] INFO     [train] [iter 759, tokens 2244415, elapsed_time 6828.81 ms, achieved FLOPS 442.17 TFLOPS, MFU 17.47%]: loss 3.884194                                                                                               
[06/04/26 14:37:43] INFO     [train] [iter 779, tokens 2244415, elapsed_time 6830.05 ms, achieved FLOPS 442.09 TFLOPS, MFU 17.47%]: loss 3.844096                                                                                               
[06/04/26 14:37:51] INFO     [train] [iter 799, tokens 2244415, elapsed_time 6827.94 ms, achieved FLOPS 442.23 TFLOPS, MFU 17.48%]: loss 3.806859                                                                                               
[06/04/26 14:37:59] INFO     [train] [iter 819, tokens 2244415, elapsed_time 6824.17 ms, achieved FLOPS 442.47 TFLOPS, MFU 17.49%]: loss 3.775093                                                                                               
[06/04/26 14:38:06] INFO     [train] [iter 839, tokens 2244415, elapsed_time 6834.54 ms, achieved FLOPS 441.80 TFLOPS, MFU 17.46%]: loss 3.760490                                                                                               
[06/04/26 14:38:14] INFO     [train] [iter 859, tokens 2244415, elapsed_time 6830.51 ms, achieved FLOPS 442.06 TFLOPS, MFU 17.47%]: loss 3.748927                                                                                               
[06/04/26 14:38:22] INFO     [train] [iter 879, tokens 2244415, elapsed_time 6824.08 ms, achieved FLOPS 442.48 TFLOPS, MFU 17.49%]: loss 3.730941                                                                                               
[06/04/26 14:38:29] INFO     [train] [iter 899, tokens 2244415, elapsed_time 6824.04 ms, achieved FLOPS 442.48 TFLOPS, MFU 17.49%]: loss 3.703223                                                                                               
[06/04/26 14:38:37] INFO     [train] [iter 919, tokens 2244415, elapsed_time 6823.96 ms, achieved FLOPS 442.48 TFLOPS, MFU 17.49%]: loss 3.644157                                                                                               
[06/04/26 14:38:45] INFO     [train] [iter 939, tokens 2244415, elapsed_time 6822.73 ms, achieved FLOPS 442.56 TFLOPS, MFU 17.49%]: loss 3.588364                                                                                               
[06/04/26 14:38:52] INFO     [train] [iter 959, tokens 2244415, elapsed_time 6840.92 ms, achieved FLOPS 441.39 TFLOPS, MFU 17.44%]: loss 3.554280                                                                                               
[06/04/26 14:39:00] INFO     [train] [iter 979, tokens 2244415, elapsed_time 6825.65 ms, achieved FLOPS 442.37 TFLOPS, MFU 17.48%]: loss 3.538803                                                                                               
[06/04/26 14:39:08] INFO     [train] [iter 999, tokens 2244415, elapsed_time 6834.65 ms, achieved FLOPS 441.79 TFLOPS, MFU 17.46%]: loss 3.543268                                                                                               
[rank0]:[W604 14:39:11.835283189 ProcessGroupNCCL.cpp:1553] Warning: WARNING: destroy_process_group() was not called before program exit, which can leak resources. For more info, please see https://pytorch.org/docs/stable/distributed.html#shutdown (function operator())
[rank1]:[W604 14:39:12.028348642 ProcessGroupNCCL.cpp:1553] Warning: WARNING: destroy_process_group() was not called before program exit, which can leak resources. For more info, please see https://pytorch.org/docs/stable/distributed.html#shutdown (function operator())
[rank3]:[W604 14:39:12.028683006 ProcessGroupNCCL.cpp:1553] Warning: WARNING: destroy_process_group() was not called before program exit, which can leak resources. For more info, please see https://pytorch.org/docs/stable/distributed.html#shutdown (function operator())
[rank2]:[W604 14:39:12.048683162 ProcessGroupNCCL.cpp:1553] Warning: WARNING: destroy_process_group() was not called before program exit, which can leak resources. For more info, please see https://pytorch.org/docs/stable/distributed.html#shutdown (function operator())
