Thu Jun  4 15:06:07 2026       
+-----------------------------------------------------------------------------------------+
| NVIDIA-SMI 570.133.20             Driver Version: 570.133.20     CUDA Version: 12.8     |
|-----------------------------------------+------------------------+----------------------+
| GPU  Name                 Persistence-M | Bus-Id          Disp.A | Volatile Uncorr. ECC |
| Fan  Temp   Perf          Pwr:Usage/Cap |           Memory-Usage | GPU-Util  Compute M. |
|                                         |                        |               MIG M. |
|=========================================+========================+======================|
|   0  NVIDIA H20                     On  |   00000000:08:00.0 Off |                    0 |
| N/A   49C    P0             80W /  500W |       0MiB /  97871MiB |      0%      Default |
|                                         |                        |             Disabled |
+-----------------------------------------+------------------------+----------------------+
|   1  NVIDIA H20                     On  |   00000000:7E:00.0 Off |                    0 |
| N/A   40C    P0             74W /  500W |       0MiB /  97871MiB |      0%      Default |
|                                         |                        |             Disabled |
+-----------------------------------------+------------------------+----------------------+
|   2  NVIDIA H20                     On  |   00000000:A2:00.0 Off |                    0 |
| N/A   51C    P0             79W /  500W |       0MiB /  97871MiB |      0%      Default |
|                                         |                        |             Disabled |
+-----------------------------------------+------------------------+----------------------+
|   3  NVIDIA H20                     On  |   00000000:C6:00.0 Off |                    0 |
| N/A   44C    P0             75W /  500W |       0MiB /  97871MiB |      0%      Default |
|                                         |                        |             Disabled |
+-----------------------------------------+------------------------+----------------------+
|   4  NVIDIA H20                     On  |   00000001:09:00.0 Off |                    0 |
| N/A   32C    P0             71W /  500W |       0MiB /  97871MiB |      0%      Default |
|                                         |                        |             Disabled |
+-----------------------------------------+------------------------+----------------------+
|   5  NVIDIA H20                     On  |   00000001:7F:00.0 Off |                    0 |
| N/A   36C    P0             73W /  500W |       0MiB /  97871MiB |      0%      Default |
|                                         |                        |             Disabled |
+-----------------------------------------+------------------------+----------------------+
|   6  NVIDIA H20                     On  |   00000001:A3:00.0 Off |                    0 |
| N/A   37C    P0             73W /  500W |       0MiB /  97871MiB |      0%      Default |
|                                         |                        |             Disabled |
+-----------------------------------------+------------------------+----------------------+
|   7  NVIDIA H20                     On  |   00000001:C7:00.0 Off |                    0 |
| N/A   38C    P0             73W /  500W |       0MiB /  97871MiB |      0%      Default |
|                                         |                        |             Disabled |
+-----------------------------------------+------------------------+----------------------+
                                                                                         
+-----------------------------------------------------------------------------------------+
| Processes:                                                                              |
|  GPU   GI   CI              PID   Type   Process name                        GPU Memory |
|        ID   ID                                                               Usage      |
|=========================================================================================|
|  No running processes found                                                             |
+-----------------------------------------------------------------------------------------+
W0604 15:06:09.506000 102839 site-packages/torch/distributed/run.py:852] 
W0604 15:06:09.506000 102839 site-packages/torch/distributed/run.py:852] *****************************************
W0604 15:06:09.506000 102839 site-packages/torch/distributed/run.py:852] Setting OMP_NUM_THREADS environment variable for each process to be 1 in default, to avoid your system being overloaded, please further tune the variable for optimal performance in your application as needed. 
W0604 15:06:09.506000 102839 site-packages/torch/distributed/run.py:852] *****************************************
WARNING: Logging before InitGoogleLogging() is written to STDERR
I0604 15:06:15.550487 102911 storage_manager.h:211] can not find env ALIOSS_END_POINT, failed to init oss client
W0604 15:06:15.550522 102911 storage_manager.h:60] Failed to init oss client, please make sure all env has been exported correctly!
I0604 15:06:15.550628 102911 flags.cc:20] ZeusEmbedding loaded. Build at 11:34:33 May 24 2026, git commit id ae27eaa9e383d65e88194828f6400cd4fdf75816, branch syw_dev.torch
WARNING: Logging before InitGoogleLogging() is written to STDERR
I0604 15:06:15.589919 102909 storage_manager.h:211] can not find env ALIOSS_END_POINT, failed to init oss client
W0604 15:06:15.589941 102909 storage_manager.h:60] Failed to init oss client, please make sure all env has been exported correctly!
I0604 15:06:15.590037 102909 flags.cc:20] ZeusEmbedding loaded. Build at 11:34:33 May 24 2026, git commit id ae27eaa9e383d65e88194828f6400cd4fdf75816, branch syw_dev.torch
WARNING: Logging before InitGoogleLogging() is written to STDERR
I0604 15:06:15.591429 102910 storage_manager.h:211] can not find env ALIOSS_END_POINT, failed to init oss client
W0604 15:06:15.591454 102910 storage_manager.h:60] Failed to init oss client, please make sure all env has been exported correctly!
I0604 15:06:15.591538 102910 flags.cc:20] ZeusEmbedding loaded. Build at 11:34:33 May 24 2026, git commit id ae27eaa9e383d65e88194828f6400cd4fdf75816, branch syw_dev.torch
WARNING: Logging before InitGoogleLogging() is written to STDERR
I0604 15:06:15.593400 102908 storage_manager.h:211] can not find env ALIOSS_END_POINT, failed to init oss client
W0604 15:06:15.593423 102908 storage_manager.h:60] Failed to init oss client, please make sure all env has been exported correctly!
I0604 15:06:15.593513 102908 flags.cc:20] ZeusEmbedding loaded. Build at 11:34:33 May 24 2026, git commit id ae27eaa9e383d65e88194828f6400cd4fdf75816, branch syw_dev.torch
[Rank 1] PID=102909, Node=N/A, LocalRank=1
[Rank 2] PID=102910, Node=N/A, LocalRank=2
[Rank 3] PID=102911, Node=N/A, LocalRank=3
[Rank 0] PID=102908, Node=N/A, LocalRank=0
[Gloo] Rank 0 is connected to 3 peer ranks. Expected number of connected peer ranks is : 3
[Gloo] Rank 1 is connected to 3 peer ranks. Expected number of connected peer ranks is : 3
[Gloo] Rank 3 is connected to 3 peer ranks. Expected number of connected peer ranks is : [Gloo] Rank 3
2 is connected to 3 peer ranks. Expected number of connected peer ranks is : 3
[Gloo] Rank 0 is connected to 3 peer ranks. Expected number of connected peer ranks is : 3
[Gloo] Rank 1 is connected to 3 peer ranks. Expected number of connected peer ranks is : 3
[Gloo] Rank [Gloo] Rank 23 is connected to  is connected to 33 peer ranks.  peer ranks. Expected number of connected peer ranks is : Expected number of connected peer ranks is : 33

[Gloo] Rank 0 is connected to 3 peer ranks. Expected number of connected peer ranks is : 3
[Gloo] Rank 1 is connected to 3 peer ranks. Expected number of connected peer ranks is : 3
[Gloo] Rank 2 is connected to 3 peer ranks. Expected number of connected peer ranks is : 3
[Gloo] Rank 3 is connected to 3 peer ranks. Expected number of connected peer ranks is : 3
[06/04/26 15:06:21] INFO     distributed env initialization done. Free cuda memory: 96165.38 MB                                                                                                                                                 
[rank2]:W0604 15:06:21.745000 102910 site-packages/torch/fx/_symbolic_trace.py:53] is_fx_tracing will return true for both fx.symbolic_trace and torch.export. Please use is_fx_tracing_symbolic_tracing() for specifically fx.symbolic_trace or torch.compiler.is_compiling() for specifically torch.export/compile.
[rank0]:W0604 15:06:21.750000 102908 site-packages/torch/fx/_symbolic_trace.py:53] is_fx_tracing will return true for both fx.symbolic_trace and torch.export. Please use is_fx_tracing_symbolic_tracing() for specifically fx.symbolic_trace or torch.compiler.is_compiling() for specifically torch.export/compile.
[rank3]:W0604 15:06:21.752000 102911 site-packages/torch/fx/_symbolic_trace.py:53] is_fx_tracing will return true for both fx.symbolic_trace and torch.export. Please use is_fx_tracing_symbolic_tracing() for specifically fx.symbolic_trace or torch.compiler.is_compiling() for specifically torch.export/compile.
[rank1]:W0604 15:06:21.767000 102909 site-packages/torch/fx/_symbolic_trace.py:53] is_fx_tracing will return true for both fx.symbolic_trace and torch.export. Please use is_fx_tracing_symbolic_tracing() for specifically fx.symbolic_trace or torch.compiler.is_compiling() for specifically torch.export/compile.
WARNING:megatron.core.tensor_parallel.random:CPU RNG state changed within GPU RNG context
WARNING:megatron.core.tensor_parallel.random:CPU RNG state changed within GPU RNG context
WARNING:megatron.core.tensor_parallel.random:CPU RNG state changed within GPU RNG context
WARNING:megatron.core.tensor_parallel.random:CPU RNG state changed within GPU RNG context
WARNING:root:Sharding spec not found for _embedding_collection._data_parallel_embedding_collection.action
WARNING:root:Sharding spec not found for _embedding_collection._data_parallel_embedding_collection.user_age
WARNING:root:Sharding spec not found for _embedding_collection._data_parallel_embedding_collection.item_category_l1


Storage layout: Caching (HBM cache + Host full backing; HBM rows duplicate Host)
--------------------+---------+-----------+-----------+---------------------
        tier        |  table  |  init(MB) |  peak(MB) |   emb/opt peak(MB)  
--------------------+---------+-----------+-----------+---------------------
hbm cache/cuda:2    | item    | 14653.5   | 14648.438 | 4882.812 / 9765.625 
                    | user_id | 14653.5   | 14648.438 | 4882.812 / 9765.625 
                    | --------+-----------+-----------+---------------------
                    | TOTAL   | 29307     | 29296.875 | 9765.625 / 19531.25 
--------------------+---------+-----------+-----------+---------------------
host backing (full) | item    | 18310.688 | 18310.688 | 6103.562 / 12207.125
                    | user_id | 18310.688 | 18310.688 | 6103.562 / 12207.125
                    | --------+-----------+-----------+---------------------
                    | TOTAL   | 36621.375 | 36621.375 | 12207.125 / 24414.25
--------------------+---------+-----------+-----------+---------------------
Note: HBM cache rows duplicate backing rows; total memory ≈ HBM cache + Host/PS backing (no subtract).


Storage layout: Caching (HBM cache + Host full backing; HBM rows duplicate Host)
--------------------+---------+-----------+-----------+---------------------
        tier        |  table  |  init(MB) |  peak(MB) |   emb/opt peak(MB)  
--------------------+---------+-----------+-----------+---------------------
hbm cache/cuda:1    | item    | 14653.5   | 14648.438 | 4882.812 / 9765.625 
                    | user_id | 14653.5   | 14648.438 | 4882.812 / 9765.625 
                    | --------+-----------+-----------+---------------------
                    | TOTAL   | 29307     | 29296.875 | 9765.625 / 19531.25 
--------------------+---------+-----------+-----------+---------------------
host backing (full) | item    | 18310.688 | 18310.688 | 6103.562 / 12207.125
                    | user_id | 18310.688 | 18310.688 | 6103.562 / 12207.125
                    | --------+-----------+-----------+---------------------
                    | TOTAL   | 36621.375 | 36621.375 | 12207.125 / 24414.25
--------------------+---------+-----------+-----------+---------------------
Note: HBM cache rows duplicate backing rows; total memory ≈ HBM cache + Host/PS backing (no subtract).


Storage layout: Caching (HBM cache + Host full backing; HBM rows duplicate Host)
--------------------+---------+-----------+-----------+---------------------
        tier        |  table  |  init(MB) |  peak(MB) |   emb/opt peak(MB)  
--------------------+---------+-----------+-----------+---------------------
hbm cache/cuda:3    | item    | 14653.5   | 14648.438 | 4882.812 / 9765.625 
                    | user_id | 14653.5   | 14648.438 | 4882.812 / 9765.625 
                    | --------+-----------+-----------+---------------------
                    | TOTAL   | 29307     | 29296.875 | 9765.625 / 19531.25 
--------------------+---------+-----------+-----------+---------------------
host backing (full) | item    | 18310.688 | 18310.688 | 6103.562 / 12207.125
                    | user_id | 18310.688 | 18310.688 | 6103.562 / 12207.125
                    | --------+-----------+-----------+---------------------
                    | TOTAL   | 36621.375 | 36621.375 | 12207.125 / 24414.25
--------------------+---------+-----------+-----------+---------------------
Note: HBM cache rows duplicate backing rows; total memory ≈ HBM cache + Host/PS backing (no subtract).
WARNING:torchrec.distributed.utils:Sharding Type is data_parallel, caching params will be ignored
WARNING:torchrec.distributed.utils:Sharding Type is data_parallel, caching params will be ignored
WARNING:torchrec.distributed.utils:Sharding Type is data_parallel, caching params will be ignored


Storage layout: Caching (HBM cache + Host full backing; HBM rows duplicate Host)
--------------------+---------+-----------+-----------+---------------------
        tier        |  table  |  init(MB) |  peak(MB) |   emb/opt peak(MB)  
--------------------+---------+-----------+-----------+---------------------
hbm cache/cuda:0    | item    | 14653.5   | 14648.438 | 4882.812 / 9765.625 
                    | user_id | 14653.5   | 14648.438 | 4882.812 / 9765.625 
                    | --------+-----------+-----------+---------------------
                    | TOTAL   | 29307     | 29296.875 | 9765.625 / 19531.25 
--------------------+---------+-----------+-----------+---------------------
host backing (full) | item    | 18310.688 | 18310.688 | 6103.562 / 12207.125
                    | user_id | 18310.688 | 18310.688 | 6103.562 / 12207.125
                    | --------+-----------+-----------+---------------------
                    | TOTAL   | 36621.375 | 36621.375 | 12207.125 / 24414.25
--------------------+---------+-----------+-----------+---------------------
Note: HBM cache rows duplicate backing rows; total memory ≈ HBM cache + Host/PS backing (no subtract).
WARNING:torchrec.distributed.utils:Sharding Type is data_parallel, caching params will be ignored
WARNING:torchrec.distributed.utils:Sharding Type is data_parallel, caching params will be ignored
WARNING:torchrec.distributed.utils:Sharding Type is data_parallel, caching params will be ignored
WARNING:torchrec.distributed.utils:Sharding Type is data_parallel, caching params will be ignored
WARNING:torchrec.distributed.utils:Sharding Type is data_parallel, caching params will be ignored
WARNING:torchrec.distributed.utils:Sharding Type is data_parallel, caching params will be ignored
WARNING:torchrec.distributed.utils:Sharding Type is data_parallel, caching params will be ignored
WARNING:torchrec.distributed.utils:Sharding Type is data_parallel, caching params will be ignored
WARNING:torchrec.distributed.utils:Sharding Type is data_parallel, caching params will be ignored
[06/04/26 15:06:29] INFO     model initialization done, start training. Free cuda memory: 64783.38 MB                                                                                                                                           
                    INFO     fill_tables done for ['item', 'user_id']                                                                                                                                                                           
[06/04/26 15:06:44] INFO     [train] [iter 19, tokens 2244415, elapsed_time 14163.49 ms, achieved FLOPS 213.19 TFLOPS, MFU 8.43%]: loss 5.546095                                                                                                
[06/04/26 15:06:52] INFO     [train] [iter 39, tokens 2244415, elapsed_time 6834.52 ms, achieved FLOPS 441.80 TFLOPS, MFU 17.46%]: loss 5.545255                                                                                                
[06/04/26 15:07:00] INFO     [train] [iter 59, tokens 2244415, elapsed_time 6831.54 ms, achieved FLOPS 441.99 TFLOPS, MFU 17.47%]: loss 5.545199                                                                                                
[06/04/26 15:07:07] INFO     [train] [iter 79, tokens 2244415, elapsed_time 6832.57 ms, achieved FLOPS 441.93 TFLOPS, MFU 17.47%]: loss 5.544723                                                                                                
[06/04/26 15:07:15] INFO     [train] [iter 99, tokens 2244415, elapsed_time 6849.17 ms, achieved FLOPS 440.86 TFLOPS, MFU 17.42%]: loss 5.358754                                                                                                
[06/04/26 15:07:23] INFO     [train] [iter 119, tokens 2244415, elapsed_time 6854.67 ms, achieved FLOPS 440.50 TFLOPS, MFU 17.41%]: loss 5.196020                                                                                               
[06/04/26 15:07:31] INFO     [train] [iter 139, tokens 2244415, elapsed_time 6840.48 ms, achieved FLOPS 441.42 TFLOPS, MFU 17.44%]: loss 5.058686                                                                                               
[06/04/26 15:07:39] INFO     [train] [iter 159, tokens 2244415, elapsed_time 6830.71 ms, achieved FLOPS 442.05 TFLOPS, MFU 17.47%]: loss 4.970744                                                                                               
[06/04/26 15:07:46] INFO     [train] [iter 179, tokens 2244415, elapsed_time 6820.71 ms, achieved FLOPS 442.70 TFLOPS, MFU 17.50%]: loss 4.860549                                                                                               
[06/04/26 15:07:54] INFO     [train] [iter 199, tokens 2244415, elapsed_time 6818.98 ms, achieved FLOPS 442.81 TFLOPS, MFU 17.50%]: loss 4.819199                                                                                               
[06/04/26 15:08:02] INFO     [train] [iter 219, tokens 2244415, elapsed_time 6809.08 ms, achieved FLOPS 443.45 TFLOPS, MFU 17.53%]: loss 4.748912                                                                                               
[06/04/26 15:08:10] INFO     [train] [iter 239, tokens 2244415, elapsed_time 6819.95 ms, achieved FLOPS 442.74 TFLOPS, MFU 17.50%]: loss 4.722096                                                                                               
[06/04/26 15:08:18] INFO     [train] [iter 259, tokens 2244415, elapsed_time 7443.73 ms, achieved FLOPS 405.64 TFLOPS, MFU 16.03%]: loss 4.662928                                                                                               
[06/04/26 15:08:26] INFO     [train] [iter 279, tokens 2244415, elapsed_time 6826.74 ms, achieved FLOPS 442.30 TFLOPS, MFU 17.48%]: loss 4.667365                                                                                               
[06/04/26 15:08:33] INFO     [train] [iter 299, tokens 2244415, elapsed_time 6822.65 ms, achieved FLOPS 442.57 TFLOPS, MFU 17.49%]: loss 4.707575                                                                                               
[06/04/26 15:08:41] INFO     [train] [iter 319, tokens 2244415, elapsed_time 6826.19 ms, achieved FLOPS 442.34 TFLOPS, MFU 17.48%]: loss 4.728672                                                                                               
[06/04/26 15:08:49] INFO     [train] [iter 339, tokens 2244415, elapsed_time 6841.02 ms, achieved FLOPS 441.38 TFLOPS, MFU 17.44%]: loss 4.625134                                                                                               
[06/04/26 15:08:57] INFO     [train] [iter 359, tokens 2244415, elapsed_time 6813.06 ms, achieved FLOPS 443.19 TFLOPS, MFU 17.52%]: loss 4.545179                                                                                               
[06/04/26 15:09:04] INFO     [train] [iter 379, tokens 2244415, elapsed_time 6809.28 ms, achieved FLOPS 443.44 TFLOPS, MFU 17.52%]: loss 4.447337                                                                                               
[06/04/26 15:09:12] INFO     [train] [iter 399, tokens 2244415, elapsed_time 6795.53 ms, achieved FLOPS 444.34 TFLOPS, MFU 17.56%]: loss 4.350044                                                                                               
[06/04/26 15:09:20] INFO     [train] [iter 419, tokens 2244415, elapsed_time 6804.74 ms, achieved FLOPS 443.73 TFLOPS, MFU 17.54%]: loss 4.275828                                                                                               
[06/04/26 15:09:28] INFO     [train] [iter 439, tokens 2244415, elapsed_time 6800.30 ms, achieved FLOPS 444.02 TFLOPS, MFU 17.55%]: loss 4.229224                                                                                               
[06/04/26 15:09:35] INFO     [train] [iter 459, tokens 2244415, elapsed_time 6817.00 ms, achieved FLOPS 442.94 TFLOPS, MFU 17.50%]: loss 4.166677                                                                                               
[06/04/26 15:09:43] INFO     [train] [iter 479, tokens 2244415, elapsed_time 6809.00 ms, achieved FLOPS 443.46 TFLOPS, MFU 17.53%]: loss 4.123958                                                                                               
[06/04/26 15:09:51] INFO     [train] [iter 499, tokens 2244415, elapsed_time 6802.15 ms, achieved FLOPS 443.90 TFLOPS, MFU 17.54%]: loss 4.105542                                                                                               
[06/04/26 15:09:59] INFO     [train] [iter 519, tokens 2244415, elapsed_time 6813.29 ms, achieved FLOPS 443.18 TFLOPS, MFU 17.51%]: loss 4.133617                                                                                               
[06/04/26 15:10:06] INFO     [train] [iter 539, tokens 2244415, elapsed_time 6827.15 ms, achieved FLOPS 442.28 TFLOPS, MFU 17.48%]: loss 4.083835                                                                                               
[06/04/26 15:10:14] INFO     [train] [iter 559, tokens 2244415, elapsed_time 6811.47 ms, achieved FLOPS 443.30 TFLOPS, MFU 17.52%]: loss 4.027185                                                                                               
[06/04/26 15:10:22] INFO     [train] [iter 579, tokens 2244415, elapsed_time 6805.60 ms, achieved FLOPS 443.68 TFLOPS, MFU 17.53%]: loss 3.972373                                                                                               
[06/04/26 15:10:29] INFO     [train] [iter 599, tokens 2244415, elapsed_time 6806.80 ms, achieved FLOPS 443.60 TFLOPS, MFU 17.53%]: loss 3.964764                                                                                               
[06/04/26 15:10:37] INFO     [train] [iter 619, tokens 2244415, elapsed_time 6812.31 ms, achieved FLOPS 443.24 TFLOPS, MFU 17.52%]: loss 3.941238                                                                                               
[06/04/26 15:10:45] INFO     [train] [iter 639, tokens 2244415, elapsed_time 6811.78 ms, achieved FLOPS 443.28 TFLOPS, MFU 17.52%]: loss 3.902970                                                                                               
[06/04/26 15:10:52] INFO     [train] [iter 659, tokens 2244415, elapsed_time 6804.55 ms, achieved FLOPS 443.75 TFLOPS, MFU 17.54%]: loss 3.833382                                                                                               
[06/04/26 15:11:00] INFO     [train] [iter 679, tokens 2244415, elapsed_time 6801.59 ms, achieved FLOPS 443.94 TFLOPS, MFU 17.54%]: loss 3.776587                                                                                               
[06/04/26 15:11:08] INFO     [train] [iter 699, tokens 2244415, elapsed_time 6797.02 ms, achieved FLOPS 444.24 TFLOPS, MFU 17.56%]: loss 3.721901                                                                                               
[06/04/26 15:11:15] INFO     [train] [iter 719, tokens 2244415, elapsed_time 6792.11 ms, achieved FLOPS 444.56 TFLOPS, MFU 17.57%]: loss 3.660743                                                                                               
[06/04/26 15:11:23] INFO     [train] [iter 739, tokens 2244415, elapsed_time 6791.56 ms, achieved FLOPS 444.60 TFLOPS, MFU 17.57%]: loss 3.620511                                                                                               
[06/04/26 15:11:30] INFO     [train] [iter 759, tokens 2244415, elapsed_time 6789.94 ms, achieved FLOPS 444.70 TFLOPS, MFU 17.57%]: loss 3.603249                                                                                               
[06/04/26 15:11:38] INFO     [train] [iter 779, tokens 2244415, elapsed_time 6797.46 ms, achieved FLOPS 444.21 TFLOPS, MFU 17.56%]: loss 3.616605                                                                                               
[06/04/26 15:11:46] INFO     [train] [iter 799, tokens 2244415, elapsed_time 6807.70 ms, achieved FLOPS 443.54 TFLOPS, MFU 17.53%]: loss 3.698987                                                                                               
[06/04/26 15:11:54] INFO     [train] [iter 819, tokens 2244415, elapsed_time 6812.35 ms, achieved FLOPS 443.24 TFLOPS, MFU 17.52%]: loss 3.699500                                                                                               
[06/04/26 15:12:02] INFO     [train] [iter 839, tokens 2244415, elapsed_time 6799.91 ms, achieved FLOPS 444.05 TFLOPS, MFU 17.55%]: loss 3.597110                                                                                               
[06/04/26 15:12:09] INFO     [train] [iter 859, tokens 2244415, elapsed_time 6805.06 ms, achieved FLOPS 443.71 TFLOPS, MFU 17.54%]: loss 3.538019                                                                                               
[06/04/26 15:12:17] INFO     [train] [iter 879, tokens 2244415, elapsed_time 6788.18 ms, achieved FLOPS 444.82 TFLOPS, MFU 17.58%]: loss 3.501400                                                                                               
[06/04/26 15:12:25] INFO     [train] [iter 899, tokens 2244415, elapsed_time 6796.59 ms, achieved FLOPS 444.27 TFLOPS, MFU 17.56%]: loss 3.468729                                                                                               
[06/04/26 15:12:32] INFO     [train] [iter 919, tokens 2244415, elapsed_time 6791.47 ms, achieved FLOPS 444.60 TFLOPS, MFU 17.57%]: loss 3.441310                                                                                               
[06/04/26 15:12:41] INFO     [train] [iter 939, tokens 2244415, elapsed_time 6790.75 ms, achieved FLOPS 444.65 TFLOPS, MFU 17.57%]: loss 3.406682                                                                                               
[06/04/26 15:12:48] INFO     [train] [iter 959, tokens 2244415, elapsed_time 6808.37 ms, achieved FLOPS 443.50 TFLOPS, MFU 17.53%]: loss 3.372685                                                                                               
[06/04/26 15:12:56] INFO     [train] [iter 979, tokens 2244415, elapsed_time 6798.25 ms, achieved FLOPS 444.16 TFLOPS, MFU 17.55%]: loss 3.349376                                                                                               
[06/04/26 15:13:04] INFO     [train] [iter 999, tokens 2244415, elapsed_time 6797.24 ms, achieved FLOPS 444.22 TFLOPS, MFU 17.56%]: loss 3.331381                                                                                               
[rank1]:[W604 15:13:06.422411349 ProcessGroupNCCL.cpp:1553] Warning: WARNING: destroy_process_group() was not called before program exit, which can leak resources. For more info, please see https://pytorch.org/docs/stable/distributed.html#shutdown (function operator())
[rank2]:[W604 15:13:06.423402407 ProcessGroupNCCL.cpp:1553] Warning: WARNING: destroy_process_group() was not called before program exit, which can leak resources. For more info, please see https://pytorch.org/docs/stable/distributed.html#shutdown (function operator())
[rank3]:[W604 15:13:06.432546606 ProcessGroupNCCL.cpp:1553] Warning: WARNING: destroy_process_group() was not called before program exit, which can leak resources. For more info, please see https://pytorch.org/docs/stable/distributed.html#shutdown (function operator())
[rank0]:[W604 15:13:06.444245330 ProcessGroupNCCL.cpp:1553] Warning: WARNING: destroy_process_group() was not called before program exit, which can leak resources. For more info, please see https://pytorch.org/docs/stable/distributed.html#shutdown (function operator())
