Thu Jun  4 14:58:47 2026       
+-----------------------------------------------------------------------------------------+
| NVIDIA-SMI 570.133.20             Driver Version: 570.133.20     CUDA Version: 12.8     |
|-----------------------------------------+------------------------+----------------------+
| GPU  Name                 Persistence-M | Bus-Id          Disp.A | Volatile Uncorr. ECC |
| Fan  Temp   Perf          Pwr:Usage/Cap |           Memory-Usage | GPU-Util  Compute M. |
|                                         |                        |               MIG M. |
|=========================================+========================+======================|
|   0  NVIDIA H20                     On  |   00000000:08:00.0 Off |                    0 |
| N/A   49C    P0             80W /  500W |       0MiB /  97871MiB |      0%      Default |
|                                         |                        |             Disabled |
+-----------------------------------------+------------------------+----------------------+
|   1  NVIDIA H20                     On  |   00000000:7E:00.0 Off |                    0 |
| N/A   40C    P0             74W /  500W |       0MiB /  97871MiB |      0%      Default |
|                                         |                        |             Disabled |
+-----------------------------------------+------------------------+----------------------+
|   2  NVIDIA H20                     On  |   00000000:A2:00.0 Off |                    0 |
| N/A   51C    P0             79W /  500W |       0MiB /  97871MiB |      0%      Default |
|                                         |                        |             Disabled |
+-----------------------------------------+------------------------+----------------------+
|   3  NVIDIA H20                     On  |   00000000:C6:00.0 Off |                    0 |
| N/A   44C    P0             75W /  500W |       0MiB /  97871MiB |      0%      Default |
|                                         |                        |             Disabled |
+-----------------------------------------+------------------------+----------------------+
|   4  NVIDIA H20                     On  |   00000001:09:00.0 Off |                    0 |
| N/A   32C    P0             71W /  500W |       0MiB /  97871MiB |      0%      Default |
|                                         |                        |             Disabled |
+-----------------------------------------+------------------------+----------------------+
|   5  NVIDIA H20                     On  |   00000001:7F:00.0 Off |                    0 |
| N/A   35C    P0             73W /  500W |       0MiB /  97871MiB |      0%      Default |
|                                         |                        |             Disabled |
+-----------------------------------------+------------------------+----------------------+
|   6  NVIDIA H20                     On  |   00000001:A3:00.0 Off |                    0 |
| N/A   36C    P0             73W /  500W |       0MiB /  97871MiB |      0%      Default |
|                                         |                        |             Disabled |
+-----------------------------------------+------------------------+----------------------+
|   7  NVIDIA H20                     On  |   00000001:C7:00.0 Off |                    0 |
| N/A   38C    P0             73W /  500W |       0MiB /  97871MiB |      0%      Default |
|                                         |                        |             Disabled |
+-----------------------------------------+------------------------+----------------------+
                                                                                         
+-----------------------------------------------------------------------------------------+
| Processes:                                                                              |
|  GPU   GI   CI              PID   Type   Process name                        GPU Memory |
|        ID   ID                                                               Usage      |
|=========================================================================================|
|  No running processes found                                                             |
+-----------------------------------------------------------------------------------------+
W0604 14:58:49.005000 100854 site-packages/torch/distributed/run.py:852] 
W0604 14:58:49.005000 100854 site-packages/torch/distributed/run.py:852] *****************************************
W0604 14:58:49.005000 100854 site-packages/torch/distributed/run.py:852] Setting OMP_NUM_THREADS environment variable for each process to be 1 in default, to avoid your system being overloaded, please further tune the variable for optimal performance in your application as needed. 
W0604 14:58:49.005000 100854 site-packages/torch/distributed/run.py:852] *****************************************
WARNING: Logging before InitGoogleLogging() is written to STDERR
I0604 14:58:55.333956 100933 storage_manager.h:211] can not find env ALIOSS_END_POINT, failed to init oss client
W0604 14:58:55.333989 100933 storage_manager.h:60] Failed to init oss client, please make sure all env has been exported correctly!
I0604 14:58:55.334080 100933 flags.cc:20] ZeusEmbedding loaded. Build at 11:34:33 May 24 2026, git commit id ae27eaa9e383d65e88194828f6400cd4fdf75816, branch syw_dev.torch
WARNING: Logging before InitGoogleLogging() is written to STDERR
I0604 14:58:55.341679 100931 storage_manager.h:211] can not find env ALIOSS_END_POINT, failed to init oss client
W0604 14:58:55.341698 100931 storage_manager.h:60] Failed to init oss client, please make sure all env has been exported correctly!
I0604 14:58:55.341789 100931 flags.cc:20] ZeusEmbedding loaded. Build at 11:34:33 May 24 2026, git commit id ae27eaa9e383d65e88194828f6400cd4fdf75816, branch syw_dev.torch
WARNING: Logging before InitGoogleLogging() is written to STDERR
I0604 14:58:55.357228 100930 storage_manager.h:211] can not find env ALIOSS_END_POINT, failed to init oss client
W0604 14:58:55.357246 100930 storage_manager.h:60] Failed to init oss client, please make sure all env has been exported correctly!
I0604 14:58:55.357342 100930 flags.cc:20] ZeusEmbedding loaded. Build at 11:34:33 May 24 2026, git commit id ae27eaa9e383d65e88194828f6400cd4fdf75816, branch syw_dev.torch
WARNING: Logging before InitGoogleLogging() is written to STDERR
I0604 14:58:55.360721 100932 storage_manager.h:211] can not find env ALIOSS_END_POINT, failed to init oss client
W0604 14:58:55.360749 100932 storage_manager.h:60] Failed to init oss client, please make sure all env has been exported correctly!
I0604 14:58:55.360839 100932 flags.cc:20] ZeusEmbedding loaded. Build at 11:34:33 May 24 2026, git commit id ae27eaa9e383d65e88194828f6400cd4fdf75816, branch syw_dev.torch
[Rank 3] PID=100933, Node=N/A, LocalRank=3
[Rank 1] PID=100931, Node=N/A, LocalRank=1
[Rank 0] PID=100930, Node=N/A, LocalRank=0
[Rank 2] PID=100932, Node=N/A, LocalRank=2
[Gloo] Rank [Gloo] Rank 2 is connected to 31 peer ranks.  is connected to Expected number of connected peer ranks is : 33 peer ranks. Expected number of connected peer ranks is : 3

[Gloo] Rank [Gloo] Rank 0 is connected to 3 peer ranks. Expected number of connected peer ranks is : 33 is connected to 3 peer ranks. Expected number of connected peer ranks is : 3

[Gloo] Rank 2 is connected to 3 peer ranks. Expected number of connected peer ranks is : 3
[Gloo] Rank 1 is connected to 3 peer ranks. Expected number of connected peer ranks is : 3
[Gloo] Rank 0 is connected to 3 peer ranks. Expected number of connected peer ranks is : 3
[Gloo] Rank 3 is connected to 3 peer ranks. Expected number of connected peer ranks is : 3
[Gloo] Rank 0 is connected to 3 peer ranks. Expected number of connected peer ranks is : 3
[Gloo] Rank [Gloo] Rank 21 is connected to  is connected to 33 peer ranks.  peer ranks. Expected number of connected peer ranks is : Expected number of connected peer ranks is : 33

[Gloo] Rank 3 is connected to 3 peer ranks. Expected number of connected peer ranks is : 3
[06/04/26 14:59:01] INFO     distributed env initialization done. Free cuda memory: 96165.38 MB                                                                                                                                                 
[rank2]:W0604 14:59:01.163000 100932 site-packages/torch/fx/_symbolic_trace.py:53] is_fx_tracing will return true for both fx.symbolic_trace and torch.export. Please use is_fx_tracing_symbolic_tracing() for specifically fx.symbolic_trace or torch.compiler.is_compiling() for specifically torch.export/compile.
[rank3]:W0604 14:59:01.166000 100933 site-packages/torch/fx/_symbolic_trace.py:53] is_fx_tracing will return true for both fx.symbolic_trace and torch.export. Please use is_fx_tracing_symbolic_tracing() for specifically fx.symbolic_trace or torch.compiler.is_compiling() for specifically torch.export/compile.
[rank0]:W0604 14:59:01.168000 100930 site-packages/torch/fx/_symbolic_trace.py:53] is_fx_tracing will return true for both fx.symbolic_trace and torch.export. Please use is_fx_tracing_symbolic_tracing() for specifically fx.symbolic_trace or torch.compiler.is_compiling() for specifically torch.export/compile.
[rank1]:W0604 14:59:01.185000 100931 site-packages/torch/fx/_symbolic_trace.py:53] is_fx_tracing will return true for both fx.symbolic_trace and torch.export. Please use is_fx_tracing_symbolic_tracing() for specifically fx.symbolic_trace or torch.compiler.is_compiling() for specifically torch.export/compile.
WARNING:megatron.core.tensor_parallel.random:CPU RNG state changed within GPU RNG context
WARNING:megatron.core.tensor_parallel.random:CPU RNG state changed within GPU RNG context
WARNING:megatron.core.tensor_parallel.random:CPU RNG state changed within GPU RNG context
WARNING:megatron.core.tensor_parallel.random:CPU RNG state changed within GPU RNG context
WARNING:root:Sharding spec not found for _embedding_collection._data_parallel_embedding_collection.action
WARNING:root:Sharding spec not found for _embedding_collection._data_parallel_embedding_collection.user_age
WARNING:root:Sharding spec not found for _embedding_collection._data_parallel_embedding_collection.item_category_l1


Storage layout: Host-only (single tier, CPU)
-----------+---------+-----------+-----------+---------------------
   tier    |  table  |  init(MB) |  peak(MB) |   emb/opt peak(MB)  
-----------+---------+-----------+-----------+---------------------
host (CPU) | item    | 18310.688 | 18310.688 | 6103.562 / 12207.125
           | user_id | 18310.688 | 18310.688 | 6103.562 / 12207.125
           | --------+-----------+-----------+---------------------
           | TOTAL   | 36621.375 | 36621.375 | 12207.125 / 24414.25
-----------+---------+-----------+-----------+---------------------


Storage layout: Host-only (single tier, CPU)
-----------+---------+-----------+-----------+---------------------
   tier    |  table  |  init(MB) |  peak(MB) |   emb/opt peak(MB)  
-----------+---------+-----------+-----------+---------------------
host (CPU) | item    | 18310.688 | 18310.688 | 6103.562 / 12207.125
           | user_id | 18310.688 | 18310.688 | 6103.562 / 12207.125
           | --------+-----------+-----------+---------------------
           | TOTAL   | 36621.375 | 36621.375 | 12207.125 / 24414.25
-----------+---------+-----------+-----------+---------------------


Storage layout: Host-only (single tier, CPU)
-----------+---------+-----------+-----------+---------------------
   tier    |  table  |  init(MB) |  peak(MB) |   emb/opt peak(MB)  
-----------+---------+-----------+-----------+---------------------
host (CPU) | item    | 18310.688 | 18310.688 | 6103.562 / 12207.125
           | user_id | 18310.688 | 18310.688 | 6103.562 / 12207.125
           | --------+-----------+-----------+---------------------
           | TOTAL   | 36621.375 | 36621.375 | 12207.125 / 24414.25
-----------+---------+-----------+-----------+---------------------


Storage layout: Host-only (single tier, CPU)
-----------+---------+-----------+-----------+---------------------
   tier    |  table  |  init(MB) |  peak(MB) |   emb/opt peak(MB)  
-----------+---------+-----------+-----------+---------------------
host (CPU) | item    | 18310.688 | 18310.688 | 6103.562 / 12207.125
           | user_id | 18310.688 | 18310.688 | 6103.562 / 12207.125
           | --------+-----------+-----------+---------------------
           | TOTAL   | 36621.375 | 36621.375 | 12207.125 / 24414.25
-----------+---------+-----------+-----------+---------------------
WARNING:torchrec.distributed.utils:Sharding Type is data_parallel, caching params will be ignored
WARNING:torchrec.distributed.utils:Sharding Type is data_parallel, caching params will be ignored
WARNING:torchrec.distributed.utils:Sharding Type is data_parallel, caching params will be ignored
WARNING:torchrec.distributed.utils:Sharding Type is data_parallel, caching params will be ignored
WARNING:torchrec.distributed.utils:Sharding Type is data_parallel, caching params will be ignored
WARNING:torchrec.distributed.utils:Sharding Type is data_parallel, caching params will be ignored
WARNING:torchrec.distributed.utils:Sharding Type is data_parallel, caching params will be ignored
WARNING:torchrec.distributed.utils:Sharding Type is data_parallel, caching params will be ignored
WARNING:torchrec.distributed.utils:Sharding Type is data_parallel, caching params will be ignored
WARNING:torchrec.distributed.utils:Sharding Type is data_parallel, caching params will be ignored
WARNING:torchrec.distributed.utils:Sharding Type is data_parallel, caching params will be ignored
WARNING:torchrec.distributed.utils:Sharding Type is data_parallel, caching params will be ignored
[06/04/26 14:59:09] INFO     model initialization done, start training. Free cuda memory: 94495.38 MB                                                                                                                                           
                    INFO     fill_tables done for ['item', 'user_id']                                                                                                                                                                           
[06/04/26 14:59:26] INFO     [train] [iter 19, tokens 2244415, elapsed_time 15308.16 ms, achieved FLOPS 197.25 TFLOPS, MFU 7.80%]: loss 5.546207                                                                                                
[06/04/26 14:59:33] INFO     [train] [iter 39, tokens 2244415, elapsed_time 6855.45 ms, achieved FLOPS 440.45 TFLOPS, MFU 17.41%]: loss 5.545226                                                                                                
[06/04/26 14:59:41] INFO     [train] [iter 59, tokens 2244415, elapsed_time 6855.67 ms, achieved FLOPS 440.44 TFLOPS, MFU 17.41%]: loss 5.545209                                                                                                
[06/04/26 14:59:49] INFO     [train] [iter 79, tokens 2244415, elapsed_time 6858.28 ms, achieved FLOPS 440.27 TFLOPS, MFU 17.40%]: loss 5.545099                                                                                                
[06/04/26 14:59:57] INFO     [train] [iter 99, tokens 2244415, elapsed_time 6873.82 ms, achieved FLOPS 439.27 TFLOPS, MFU 17.36%]: loss 5.497044                                                                                                
[06/04/26 15:00:05] INFO     [train] [iter 119, tokens 2244415, elapsed_time 6888.89 ms, achieved FLOPS 438.31 TFLOPS, MFU 17.32%]: loss 5.364681                                                                                               
[06/04/26 15:00:12] INFO     [train] [iter 139, tokens 2244415, elapsed_time 6888.89 ms, achieved FLOPS 438.31 TFLOPS, MFU 17.32%]: loss 5.192741                                                                                               
[06/04/26 15:00:20] INFO     [train] [iter 159, tokens 2244415, elapsed_time 6873.22 ms, achieved FLOPS 439.31 TFLOPS, MFU 17.36%]: loss 5.056936                                                                                               
[06/04/26 15:00:28] INFO     [train] [iter 179, tokens 2244415, elapsed_time 6857.42 ms, achieved FLOPS 440.33 TFLOPS, MFU 17.40%]: loss 4.905431                                                                                               
[06/04/26 15:00:36] INFO     [train] [iter 199, tokens 2244415, elapsed_time 6858.89 ms, achieved FLOPS 440.23 TFLOPS, MFU 17.40%]: loss 4.705426                                                                                               
[06/04/26 15:00:43] INFO     [train] [iter 219, tokens 2244415, elapsed_time 6858.31 ms, achieved FLOPS 440.27 TFLOPS, MFU 17.40%]: loss 4.591263                                                                                               
[06/04/26 15:00:51] INFO     [train] [iter 239, tokens 2244415, elapsed_time 6857.56 ms, achieved FLOPS 440.32 TFLOPS, MFU 17.40%]: loss 4.548049                                                                                               
[06/04/26 15:01:00] INFO     [train] [iter 259, tokens 2244415, elapsed_time 7477.80 ms, achieved FLOPS 403.79 TFLOPS, MFU 15.96%]: loss 4.498732                                                                                               
[06/04/26 15:01:07] INFO     [train] [iter 279, tokens 2244415, elapsed_time 6861.67 ms, achieved FLOPS 440.05 TFLOPS, MFU 17.39%]: loss 4.478467                                                                                               
[06/04/26 15:01:15] INFO     [train] [iter 299, tokens 2244415, elapsed_time 6883.33 ms, achieved FLOPS 438.67 TFLOPS, MFU 17.34%]: loss 4.427113                                                                                               
[06/04/26 15:01:23] INFO     [train] [iter 319, tokens 2244415, elapsed_time 6855.51 ms, achieved FLOPS 440.45 TFLOPS, MFU 17.41%]: loss 4.474858                                                                                               
[06/04/26 15:01:31] INFO     [train] [iter 339, tokens 2244415, elapsed_time 6849.61 ms, achieved FLOPS 440.83 TFLOPS, MFU 17.42%]: loss 4.513728                                                                                               
[06/04/26 15:01:38] INFO     [train] [iter 359, tokens 2244415, elapsed_time 6845.95 ms, achieved FLOPS 441.06 TFLOPS, MFU 17.43%]: loss 4.379654                                                                                               
[06/04/26 15:01:46] INFO     [train] [iter 379, tokens 2244415, elapsed_time 6851.53 ms, achieved FLOPS 440.70 TFLOPS, MFU 17.42%]: loss 4.318522                                                                                               
[06/04/26 15:01:54] INFO     [train] [iter 399, tokens 2244415, elapsed_time 6853.64 ms, achieved FLOPS 440.57 TFLOPS, MFU 17.41%]: loss 4.298530                                                                                               
[06/04/26 15:02:01] INFO     [train] [iter 419, tokens 2244415, elapsed_time 6852.37 ms, achieved FLOPS 440.65 TFLOPS, MFU 17.41%]: loss 4.287704                                                                                               
[06/04/26 15:02:09] INFO     [train] [iter 439, tokens 2244415, elapsed_time 6859.71 ms, achieved FLOPS 440.18 TFLOPS, MFU 17.40%]: loss 4.247809                                                                                               
[06/04/26 15:02:17] INFO     [train] [iter 459, tokens 2244415, elapsed_time 6850.30 ms, achieved FLOPS 440.78 TFLOPS, MFU 17.42%]: loss 4.185411                                                                                               
[06/04/26 15:02:25] INFO     [train] [iter 479, tokens 2244415, elapsed_time 6848.10 ms, achieved FLOPS 440.92 TFLOPS, MFU 17.43%]: loss 4.159445                                                                                               
[06/04/26 15:02:32] INFO     [train] [iter 499, tokens 2244415, elapsed_time 6856.26 ms, achieved FLOPS 440.40 TFLOPS, MFU 17.40%]: loss 4.083759                                                                                               
[06/04/26 15:02:41] INFO     [train] [iter 519, tokens 2244415, elapsed_time 6851.84 ms, achieved FLOPS 440.68 TFLOPS, MFU 17.42%]: loss 4.050369                                                                                               
[06/04/26 15:02:48] INFO     [train] [iter 539, tokens 2244415, elapsed_time 6855.72 ms, achieved FLOPS 440.43 TFLOPS, MFU 17.41%]: loss 4.027584                                                                                               
[06/04/26 15:02:57] INFO     [train] [iter 559, tokens 2244415, elapsed_time 6864.11 ms, achieved FLOPS 439.90 TFLOPS, MFU 17.38%]: loss 3.989719                                                                                               
[06/04/26 15:03:04] INFO     [train] [iter 579, tokens 2244415, elapsed_time 6860.33 ms, achieved FLOPS 440.14 TFLOPS, MFU 17.39%]: loss 3.927996                                                                                               
[06/04/26 15:03:12] INFO     [train] [iter 599, tokens 2244415, elapsed_time 6853.02 ms, achieved FLOPS 440.61 TFLOPS, MFU 17.41%]: loss 3.875355                                                                                               
[06/04/26 15:03:20] INFO     [train] [iter 619, tokens 2244415, elapsed_time 6851.90 ms, achieved FLOPS 440.68 TFLOPS, MFU 17.42%]: loss 3.820154                                                                                               
[06/04/26 15:03:28] INFO     [train] [iter 639, tokens 2244415, elapsed_time 6853.61 ms, achieved FLOPS 440.57 TFLOPS, MFU 17.41%]: loss 3.745812                                                                                               
[06/04/26 15:03:36] INFO     [train] [iter 659, tokens 2244415, elapsed_time 6843.43 ms, achieved FLOPS 441.23 TFLOPS, MFU 17.44%]: loss 3.693459                                                                                               
[06/04/26 15:03:44] INFO     [train] [iter 679, tokens 2244415, elapsed_time 6837.69 ms, achieved FLOPS 441.60 TFLOPS, MFU 17.45%]: loss 3.652729                                                                                               
[06/04/26 15:03:52] INFO     [train] [iter 699, tokens 2244415, elapsed_time 6847.79 ms, achieved FLOPS 440.94 TFLOPS, MFU 17.43%]: loss 3.613600                                                                                               
[06/04/26 15:04:00] INFO     [train] [iter 719, tokens 2244415, elapsed_time 6843.23 ms, achieved FLOPS 441.24 TFLOPS, MFU 17.44%]: loss 3.606993                                                                                               
[06/04/26 15:04:08] INFO     [train] [iter 739, tokens 2244415, elapsed_time 6857.08 ms, achieved FLOPS 440.35 TFLOPS, MFU 17.40%]: loss 3.631942                                                                                               
[06/04/26 15:04:15] INFO     [train] [iter 759, tokens 2244415, elapsed_time 6837.82 ms, achieved FLOPS 441.59 TFLOPS, MFU 17.45%]: loss 3.548540                                                                                               
[06/04/26 15:04:24] INFO     [train] [iter 779, tokens 2244415, elapsed_time 6835.70 ms, achieved FLOPS 441.72 TFLOPS, MFU 17.46%]: loss 3.524701                                                                                               
[06/04/26 15:04:31] INFO     [train] [iter 799, tokens 2244415, elapsed_time 6840.79 ms, achieved FLOPS 441.40 TFLOPS, MFU 17.44%]: loss 3.551799                                                                                               
[06/04/26 15:04:39] INFO     [train] [iter 819, tokens 2244415, elapsed_time 6833.57 ms, achieved FLOPS 441.86 TFLOPS, MFU 17.46%]: loss 3.528605                                                                                               
[06/04/26 15:04:47] INFO     [train] [iter 839, tokens 2244415, elapsed_time 6836.44 ms, achieved FLOPS 441.68 TFLOPS, MFU 17.46%]: loss 3.529702                                                                                               
[06/04/26 15:04:54] INFO     [train] [iter 859, tokens 2244415, elapsed_time 6837.88 ms, achieved FLOPS 441.58 TFLOPS, MFU 17.45%]: loss 3.478970                                                                                               
[06/04/26 15:05:02] INFO     [train] [iter 879, tokens 2244415, elapsed_time 6836.87 ms, achieved FLOPS 441.65 TFLOPS, MFU 17.45%]: loss 3.439459                                                                                               
[06/04/26 15:05:10] INFO     [train] [iter 899, tokens 2244415, elapsed_time 6844.97 ms, achieved FLOPS 441.13 TFLOPS, MFU 17.43%]: loss 3.393511                                                                                               
[06/04/26 15:05:18] INFO     [train] [iter 919, tokens 2244415, elapsed_time 6832.84 ms, achieved FLOPS 441.91 TFLOPS, MFU 17.46%]: loss 3.349751                                                                                               
[06/04/26 15:05:26] INFO     [train] [iter 939, tokens 2244415, elapsed_time 6847.43 ms, achieved FLOPS 440.97 TFLOPS, MFU 17.43%]: loss 3.325574                                                                                               
[06/04/26 15:05:33] INFO     [train] [iter 959, tokens 2244415, elapsed_time 6835.61 ms, achieved FLOPS 441.73 TFLOPS, MFU 17.46%]: loss 3.305742                                                                                               
[06/04/26 15:05:41] INFO     [train] [iter 979, tokens 2244415, elapsed_time 6837.92 ms, achieved FLOPS 441.58 TFLOPS, MFU 17.45%]: loss 3.289802                                                                                               
[06/04/26 15:05:49] INFO     [train] [iter 999, tokens 2244415, elapsed_time 6834.38 ms, achieved FLOPS 441.81 TFLOPS, MFU 17.46%]: loss 3.274587                                                                                               
[rank2]:[W604 15:05:50.874917588 ProcessGroupNCCL.cpp:1553] Warning: WARNING: destroy_process_group() was not called before program exit, which can leak resources. For more info, please see https://pytorch.org/docs/stable/distributed.html#shutdown (function operator())
[rank1]:[W604 15:05:51.015726624 ProcessGroupNCCL.cpp:1553] Warning: WARNING: destroy_process_group() was not called before program exit, which can leak resources. For more info, please see https://pytorch.org/docs/stable/distributed.html#shutdown (function operator())
[rank3]:[W604 15:05:51.015802741 ProcessGroupNCCL.cpp:1553] Warning: WARNING: destroy_process_group() was not called before program exit, which can leak resources. For more info, please see https://pytorch.org/docs/stable/distributed.html#shutdown (function operator())
[rank0]:[W604 15:05:51.320285179 ProcessGroupNCCL.cpp:1553] Warning: WARNING: destroy_process_group() was not called before program exit, which can leak resources. For more info, please see https://pytorch.org/docs/stable/distributed.html#shutdown (function operator())
