Thu Jun  4 15:45:48 2026       
+-----------------------------------------------------------------------------------------+
| NVIDIA-SMI 570.133.20             Driver Version: 570.133.20     CUDA Version: 12.8     |
|-----------------------------------------+------------------------+----------------------+
| GPU  Name                 Persistence-M | Bus-Id          Disp.A | Volatile Uncorr. ECC |
| Fan  Temp   Perf          Pwr:Usage/Cap |           Memory-Usage | GPU-Util  Compute M. |
|                                         |                        |               MIG M. |
|=========================================+========================+======================|
|   0  NVIDIA H20                     On  |   00000000:08:00.0 Off |                    0 |
| N/A   35C    P0             74W /  500W |       0MiB /  97871MiB |      0%      Default |
|                                         |                        |             Disabled |
+-----------------------------------------+------------------------+----------------------+
|   1  NVIDIA H20                     On  |   00000000:7E:00.0 Off |                    0 |
| N/A   32C    P0             72W /  500W |       0MiB /  97871MiB |      0%      Default |
|                                         |                        |             Disabled |
+-----------------------------------------+------------------------+----------------------+
|   2  NVIDIA H20                     On  |   00000000:A2:00.0 Off |                    0 |
| N/A   38C    P0             75W /  500W |       0MiB /  97871MiB |      0%      Default |
|                                         |                        |             Disabled |
+-----------------------------------------+------------------------+----------------------+
|   3  NVIDIA H20                     On  |   00000000:C6:00.0 Off |                    0 |
| N/A   36C    P0             73W /  500W |       0MiB /  97871MiB |      0%      Default |
|                                         |                        |             Disabled |
+-----------------------------------------+------------------------+----------------------+
|   4  NVIDIA H20                     On  |   00000001:09:00.0 Off |                    0 |
| N/A   32C    P0             71W /  500W |       0MiB /  97871MiB |      0%      Default |
|                                         |                        |             Disabled |
+-----------------------------------------+------------------------+----------------------+
|   5  NVIDIA H20                     On  |   00000001:7F:00.0 Off |                    0 |
| N/A   36C    P0             73W /  500W |       0MiB /  97871MiB |      0%      Default |
|                                         |                        |             Disabled |
+-----------------------------------------+------------------------+----------------------+
|   6  NVIDIA H20                     On  |   00000001:A3:00.0 Off |                    0 |
| N/A   37C    P0             73W /  500W |       0MiB /  97871MiB |      0%      Default |
|                                         |                        |             Disabled |
+-----------------------------------------+------------------------+----------------------+
|   7  NVIDIA H20                     On  |   00000001:C7:00.0 Off |                    0 |
| N/A   39C    P0             74W /  500W |       0MiB /  97871MiB |      0%      Default |
|                                         |                        |             Disabled |
+-----------------------------------------+------------------------+----------------------+
                                                                                         
+-----------------------------------------------------------------------------------------+
| Processes:                                                                              |
|  GPU   GI   CI              PID   Type   Process name                        GPU Memory |
|        ID   ID                                                               Usage      |
|=========================================================================================|
|  No running processes found                                                             |
+-----------------------------------------------------------------------------------------+
W0604 15:45:50.687000 112966 site-packages/torch/distributed/run.py:852] 
W0604 15:45:50.687000 112966 site-packages/torch/distributed/run.py:852] *****************************************
W0604 15:45:50.687000 112966 site-packages/torch/distributed/run.py:852] Setting OMP_NUM_THREADS environment variable for each process to be 1 in default, to avoid your system being overloaded, please further tune the variable for optimal performance in your application as needed. 
W0604 15:45:50.687000 112966 site-packages/torch/distributed/run.py:852] *****************************************
WARNING: Logging before InitGoogleLogging() is written to STDERR
I0604 15:45:57.960916 113042 storage_manager.h:211] can not find env ALIOSS_END_POINT, failed to init oss client
W0604 15:45:57.960942 113042 storage_manager.h:60] Failed to init oss client, please make sure all env has been exported correctly!
I0604 15:45:57.961046 113042 flags.cc:20] ZeusEmbedding loaded. Build at 11:34:33 May 24 2026, git commit id ae27eaa9e383d65e88194828f6400cd4fdf75816, branch syw_dev.torch
WARNING: Logging before InitGoogleLogging() is written to STDERR
I0604 15:45:57.967407 113036 storage_manager.h:211] can not find env ALIOSS_END_POINT, failed to init oss client
W0604 15:45:57.967423 113036 storage_manager.h:60] Failed to init oss client, please make sure all env has been exported correctly!
I0604 15:45:57.967516 113036 flags.cc:20] ZeusEmbedding loaded. Build at 11:34:33 May 24 2026, git commit id ae27eaa9e383d65e88194828f6400cd4fdf75816, branch syw_dev.torch
WARNING: Logging before InitGoogleLogging() is written to STDERR
I0604 15:45:57.967595 113041 storage_manager.h:211] can not find env ALIOSS_END_POINT, failed to init oss client
W0604 15:45:57.967610 113041 storage_manager.h:60] Failed to init oss client, please make sure all env has been exported correctly!
I0604 15:45:57.967700 113041 flags.cc:20] ZeusEmbedding loaded. Build at 11:34:33 May 24 2026, git commit id ae27eaa9e383d65e88194828f6400cd4fdf75816, branch syw_dev.torch
WARNING: Logging before InitGoogleLogging() is written to STDERR
I0604 15:45:57.979182 113039 storage_manager.h:211] can not find env ALIOSS_END_POINT, failed to init oss client
W0604 15:45:57.979198 113039 storage_manager.h:60] Failed to init oss client, please make sure all env has been exported correctly!
I0604 15:45:57.979285 113039 flags.cc:20] ZeusEmbedding loaded. Build at 11:34:33 May 24 2026, git commit id ae27eaa9e383d65e88194828f6400cd4fdf75816, branch syw_dev.torch
WARNING: Logging before InitGoogleLogging() is written to STDERR
I0604 15:45:57.995005 113038 storage_manager.h:211] can not find env ALIOSS_END_POINT, failed to init oss client
W0604 15:45:57.995020 113038 storage_manager.h:60] Failed to init oss client, please make sure all env has been exported correctly!
I0604 15:45:57.995111 113038 flags.cc:20] ZeusEmbedding loaded. Build at 11:34:33 May 24 2026, git commit id ae27eaa9e383d65e88194828f6400cd4fdf75816, branch syw_dev.torch
WARNING: Logging before InitGoogleLogging() is written to STDERR
I0604 15:45:58.013257 113040 storage_manager.h:211] can not find env ALIOSS_END_POINT, failed to init oss client
W0604 15:45:58.013283 113040 storage_manager.h:60] Failed to init oss client, please make sure all env has been exported correctly!
I0604 15:45:58.013377 113040 flags.cc:20] ZeusEmbedding loaded. Build at 11:34:33 May 24 2026, git commit id ae27eaa9e383d65e88194828f6400cd4fdf75816, branch syw_dev.torch
WARNING: Logging before InitGoogleLogging() is written to STDERR
I0604 15:45:58.017791 113037 storage_manager.h:211] can not find env ALIOSS_END_POINT, failed to init oss client
W0604 15:45:58.017813 113037 storage_manager.h:60] Failed to init oss client, please make sure all env has been exported correctly!
I0604 15:45:58.017904 113037 flags.cc:20] ZeusEmbedding loaded. Build at 11:34:33 May 24 2026, git commit id ae27eaa9e383d65e88194828f6400cd4fdf75816, branch syw_dev.torch
WARNING: Logging before InitGoogleLogging() is written to STDERR
I0604 15:45:58.058568 113035 storage_manager.h:211] can not find env ALIOSS_END_POINT, failed to init oss client
W0604 15:45:58.058583 113035 storage_manager.h:60] Failed to init oss client, please make sure all env has been exported correctly!
I0604 15:45:58.058666 113035 flags.cc:20] ZeusEmbedding loaded. Build at 11:34:33 May 24 2026, git commit id ae27eaa9e383d65e88194828f6400cd4fdf75816, branch syw_dev.torch
[Rank 2] PID=113037, Node=N/A, LocalRank=2
[Rank 3] PID=113038, Node=N/A, LocalRank=3
[Rank 5] PID=113040, Node=N/A, LocalRank=5
[Rank 6] PID=113041, Node=N/A, LocalRank=6
[Rank 1] PID=113036, Node=N/A, LocalRank=1
[Rank 4] PID=113039, Node=N/A, LocalRank=4
[Rank 0] PID=113035, Node=N/A, LocalRank=0
[Rank 7] PID=113042, Node=N/A, LocalRank=7
[Gloo] Rank 0 is connected to 7 peer ranks. Expected number of connected peer ranks is : 7
[Gloo] Rank 1 is connected to 7 peer ranks. Expected number of connected peer ranks is : 7
[Gloo] Rank 2 is connected to 7 peer ranks. Expected number of connected peer ranks is : 7
[Gloo] Rank 3 is connected to 7 peer ranks. Expected number of connected peer ranks is : 7
[Gloo] Rank 7 is connected to 7 peer ranks. Expected number of connected peer ranks is : 7
[Gloo] Rank 4 is connected to 7 peer ranks. Expected number of connected peer ranks is : 7
[Gloo] Rank 5 is connected to 7 peer ranks. Expected number of connected peer ranks is : 7
[Gloo] Rank 6 is connected to 7 peer ranks. Expected number of connected peer ranks is : 7
[Gloo] Rank 0 is connected to 7 peer ranks. Expected number of connected peer ranks is : 7
[Gloo] Rank 3 is connected to 7 peer ranks. Expected number of connected peer ranks is : 7
[Gloo] Rank 2 is connected to 7 peer ranks. Expected number of connected peer ranks is : 7
[Gloo] Rank 6 is connected to 7 peer ranks. Expected number of connected peer ranks is : 7
[Gloo] Rank 1 is connected to 7 peer ranks. Expected number of connected peer ranks is : 7
[Gloo] Rank 7 is connected to 7 peer ranks. Expected number of connected peer ranks is : 7
[Gloo] Rank 5 is connected to 7 peer ranks. Expected number of connected peer ranks is : 7
[Gloo] Rank 4 is connected to 7 peer ranks. Expected number of connected peer ranks is : 7
[Gloo] Rank 0 is connected to 7 peer ranks. Expected number of connected peer ranks is : 7
[Gloo] Rank 1 is connected to 7 peer ranks. Expected number of connected peer ranks is : 7
[Gloo] Rank 2 is connected to 7 peer ranks. Expected number of connected peer ranks is : 7
[Gloo] Rank 3 is connected to 7 peer ranks. Expected number of connected peer ranks is : 7
[Gloo] Rank 4 is connected to 7 peer ranks. Expected number of connected peer ranks is : 7
[Gloo] Rank 6 is connected to 7 peer ranks. Expected number of connected peer ranks is : 7
[Gloo] Rank 5 is connected to 7 peer ranks. Expected number of connected peer ranks is : 7
[Gloo] Rank 7 is connected to 7 peer ranks. Expected number of connected peer ranks is : 7
[06/04/26 15:46:06] INFO     distributed env initialization done. Free cuda memory: 96165.38 MB                                                                                                                                                 
[rank2]:W0604 15:46:06.101000 113037 site-packages/torch/fx/_symbolic_trace.py:53] is_fx_tracing will return true for both fx.symbolic_trace and torch.export. Please use is_fx_tracing_symbolic_tracing() for specifically fx.symbolic_trace or torch.compiler.is_compiling() for specifically torch.export/compile.
[rank5]:W0604 15:46:06.101000 113040 site-packages/torch/fx/_symbolic_trace.py:53] is_fx_tracing will return true for both fx.symbolic_trace and torch.export. Please use is_fx_tracing_symbolic_tracing() for specifically fx.symbolic_trace or torch.compiler.is_compiling() for specifically torch.export/compile.
[rank7]:W0604 15:46:06.103000 113042 site-packages/torch/fx/_symbolic_trace.py:53] is_fx_tracing will return true for both fx.symbolic_trace and torch.export. Please use is_fx_tracing_symbolic_tracing() for specifically fx.symbolic_trace or torch.compiler.is_compiling() for specifically torch.export/compile.
[rank0]:W0604 15:46:06.107000 113035 site-packages/torch/fx/_symbolic_trace.py:53] is_fx_tracing will return true for both fx.symbolic_trace and torch.export. Please use is_fx_tracing_symbolic_tracing() for specifically fx.symbolic_trace or torch.compiler.is_compiling() for specifically torch.export/compile.
[rank4]:W0604 15:46:06.112000 113039 site-packages/torch/fx/_symbolic_trace.py:53] is_fx_tracing will return true for both fx.symbolic_trace and torch.export. Please use is_fx_tracing_symbolic_tracing() for specifically fx.symbolic_trace or torch.compiler.is_compiling() for specifically torch.export/compile.
[rank6]:W0604 15:46:06.113000 113041 site-packages/torch/fx/_symbolic_trace.py:53] is_fx_tracing will return true for both fx.symbolic_trace and torch.export. Please use is_fx_tracing_symbolic_tracing() for specifically fx.symbolic_trace or torch.compiler.is_compiling() for specifically torch.export/compile.
[rank3]:W0604 15:46:06.114000 113038 site-packages/torch/fx/_symbolic_trace.py:53] is_fx_tracing will return true for both fx.symbolic_trace and torch.export. Please use is_fx_tracing_symbolic_tracing() for specifically fx.symbolic_trace or torch.compiler.is_compiling() for specifically torch.export/compile.
[rank1]:W0604 15:46:06.131000 113036 site-packages/torch/fx/_symbolic_trace.py:53] is_fx_tracing will return true for both fx.symbolic_trace and torch.export. Please use is_fx_tracing_symbolic_tracing() for specifically fx.symbolic_trace or torch.compiler.is_compiling() for specifically torch.export/compile.
WARNING:megatron.core.tensor_parallel.random:CPU RNG state changed within GPU RNG context
WARNING:megatron.core.tensor_parallel.random:CPU RNG state changed within GPU RNG context
WARNING:megatron.core.tensor_parallel.random:CPU RNG state changed within GPU RNG context
WARNING:megatron.core.tensor_parallel.random:CPU RNG state changed within GPU RNG context
WARNING:megatron.core.tensor_parallel.random:CPU RNG state changed within GPU RNG context
WARNING:megatron.core.tensor_parallel.random:CPU RNG state changed within GPU RNG context
WARNING:megatron.core.tensor_parallel.random:CPU RNG state changed within GPU RNG context
WARNING:megatron.core.tensor_parallel.random:CPU RNG state changed within GPU RNG context
WARNING:root:Sharding spec not found for _embedding_collection._data_parallel_embedding_collection.action
WARNING:root:Sharding spec not found for _embedding_collection._data_parallel_embedding_collection.user_age
WARNING:root:Sharding spec not found for _embedding_collection._data_parallel_embedding_collection.item_category_l1


Storage layout: Host-only (single tier, CPU)
-----------+---------+-----------+-----------+--------------------
   tier    |  table  |  init(MB) |  peak(MB) |   emb/opt peak(MB) 
-----------+---------+-----------+-----------+--------------------
host (CPU) | item    | 9155.438  | 9155.438  | 3051.812 / 6103.625
           | user_id | 9155.438  | 9155.438  | 3051.812 / 6103.625
           | --------+-----------+-----------+--------------------
           | TOTAL   | 18310.875 | 18310.875 | 6103.625 / 12207.25
-----------+---------+-----------+-----------+--------------------


Storage layout: Host-only (single tier, CPU)
-----------+---------+-----------+-----------+--------------------
   tier    |  table  |  init(MB) |  peak(MB) |   emb/opt peak(MB) 
-----------+---------+-----------+-----------+--------------------
host (CPU) | item    | 9155.438  | 9155.438  | 3051.812 / 6103.625
           | user_id | 9155.438  | 9155.438  | 3051.812 / 6103.625
           | --------+-----------+-----------+--------------------
           | TOTAL   | 18310.875 | 18310.875 | 6103.625 / 12207.25
-----------+---------+-----------+-----------+--------------------


Storage layout: Host-only (single tier, CPU)
-----------+---------+-----------+-----------+--------------------
   tier    |  table  |  init(MB) |  peak(MB) |   emb/opt peak(MB) 
-----------+---------+-----------+-----------+--------------------
host (CPU) | item    | 9155.438  | 9155.438  | 3051.812 / 6103.625
           | user_id | 9155.438  | 9155.438  | 3051.812 / 6103.625
           | --------+-----------+-----------+--------------------
           | TOTAL   | 18310.875 | 18310.875 | 6103.625 / 12207.25
-----------+---------+-----------+-----------+--------------------


Storage layout: Host-only (single tier, CPU)
-----------+---------+-----------+-----------+--------------------
   tier    |  table  |  init(MB) |  peak(MB) |   emb/opt peak(MB) 
-----------+---------+-----------+-----------+--------------------
host (CPU) | item    | 9155.438  | 9155.438  | 3051.812 / 6103.625
           | user_id | 9155.438  | 9155.438  | 3051.812 / 6103.625
           | --------+-----------+-----------+--------------------
           | TOTAL   | 18310.875 | 18310.875 | 6103.625 / 12207.25
-----------+---------+-----------+-----------+--------------------


Storage layout: Host-only (single tier, CPU)
-----------+---------+-----------+-----------+--------------------
   tier    |  table  |  init(MB) |  peak(MB) |   emb/opt peak(MB) 
-----------+---------+-----------+-----------+--------------------
host (CPU) | item    | 9155.438  | 9155.438  | 3051.812 / 6103.625
           | user_id | 9155.438  | 9155.438  | 3051.812 / 6103.625
           | --------+-----------+-----------+--------------------
           | TOTAL   | 18310.875 | 18310.875 | 6103.625 / 12207.25
-----------+---------+-----------+-----------+--------------------


Storage layout: Host-only (single tier, CPU)
-----------+---------+-----------+-----------+--------------------
   tier    |  table  |  init(MB) |  peak(MB) |   emb/opt peak(MB) 
-----------+---------+-----------+-----------+--------------------
host (CPU) | item    | 9155.438  | 9155.438  | 3051.812 / 6103.625
           | user_id | 9155.438  | 9155.438  | 3051.812 / 6103.625
           | --------+-----------+-----------+--------------------
           | TOTAL   | 18310.875 | 18310.875 | 6103.625 / 12207.25
-----------+---------+-----------+-----------+--------------------


Storage layout: Host-only (single tier, CPU)
-----------+---------+-----------+-----------+--------------------
   tier    |  table  |  init(MB) |  peak(MB) |   emb/opt peak(MB) 
-----------+---------+-----------+-----------+--------------------
host (CPU) | item    | 9155.438  | 9155.438  | 3051.812 / 6103.625
           | user_id | 9155.438  | 9155.438  | 3051.812 / 6103.625
           | --------+-----------+-----------+--------------------
           | TOTAL   | 18310.875 | 18310.875 | 6103.625 / 12207.25
-----------+---------+-----------+-----------+--------------------


Storage layout: Host-only (single tier, CPU)
-----------+---------+-----------+-----------+--------------------
   tier    |  table  |  init(MB) |  peak(MB) |   emb/opt peak(MB) 
-----------+---------+-----------+-----------+--------------------
host (CPU) | item    | 9155.438  | 9155.438  | 3051.812 / 6103.625
           | user_id | 9155.438  | 9155.438  | 3051.812 / 6103.625
           | --------+-----------+-----------+--------------------
           | TOTAL   | 18310.875 | 18310.875 | 6103.625 / 12207.25
-----------+---------+-----------+-----------+--------------------
WARNING:torchrec.distributed.utils:Sharding Type is data_parallel, caching params will be ignored
WARNING:torchrec.distributed.utils:Sharding Type is data_parallel, caching params will be ignored
WARNING:torchrec.distributed.utils:Sharding Type is data_parallel, caching params will be ignored
WARNING:torchrec.distributed.utils:Sharding Type is data_parallel, caching params will be ignored
WARNING:torchrec.distributed.utils:Sharding Type is data_parallel, caching params will be ignored
WARNING:torchrec.distributed.utils:Sharding Type is data_parallel, caching params will be ignored
WARNING:torchrec.distributed.utils:Sharding Type is data_parallel, caching params will be ignored
WARNING:torchrec.distributed.utils:Sharding Type is data_parallel, caching params will be ignored
WARNING:torchrec.distributed.utils:Sharding Type is data_parallel, caching params will be ignored
WARNING:torchrec.distributed.utils:Sharding Type is data_parallel, caching params will be ignored
WARNING:torchrec.distributed.utils:Sharding Type is data_parallel, caching params will be ignored
WARNING:torchrec.distributed.utils:Sharding Type is data_parallel, caching params will be ignored
WARNING:torchrec.distributed.utils:Sharding Type is data_parallel, caching params will be ignored
WARNING:torchrec.distributed.utils:Sharding Type is data_parallel, caching params will be ignored
WARNING:torchrec.distributed.utils:Sharding Type is data_parallel, caching params will be ignored
WARNING:torchrec.distributed.utils:Sharding Type is data_parallel, caching params will be ignored
WARNING:torchrec.distributed.utils:Sharding Type is data_parallel, caching params will be ignored
WARNING:torchrec.distributed.utils:Sharding Type is data_parallel, caching params will be ignored
WARNING:torchrec.distributed.utils:Sharding Type is data_parallel, caching params will be ignored
WARNING:torchrec.distributed.utils:Sharding Type is data_parallel, caching params will be ignored
WARNING:torchrec.distributed.utils:Sharding Type is data_parallel, caching params will be ignored
WARNING:torchrec.distributed.utils:Sharding Type is data_parallel, caching params will be ignored
WARNING:torchrec.distributed.utils:Sharding Type is data_parallel, caching params will be ignored
WARNING:torchrec.distributed.utils:Sharding Type is data_parallel, caching params will be ignored
[06/04/26 15:46:11] INFO     model initialization done, start training. Free cuda memory: 94781.38 MB                                                                                                                                           
                    INFO     fill_tables done for ['item', 'user_id']                                                                                                                                                                           
[06/04/26 15:46:34] INFO     [train] [iter 19, tokens 4378696, elapsed_time 21073.07 ms, achieved FLOPS 278.69 TFLOPS, MFU 5.51%]: loss 5.546343                                                                                                
[06/04/26 15:46:44] INFO     [train] [iter 39, tokens 4378696, elapsed_time 9245.12 ms, achieved FLOPS 635.23 TFLOPS, MFU 12.55%]: loss 5.545227                                                                                                
[06/04/26 15:46:55] INFO     [train] [iter 59, tokens 4378696, elapsed_time 9248.72 ms, achieved FLOPS 634.98 TFLOPS, MFU 12.55%]: loss 5.545192                                                                                                
[06/04/26 15:47:06] INFO     [train] [iter 79, tokens 4378696, elapsed_time 9253.58 ms, achieved FLOPS 634.65 TFLOPS, MFU 12.54%]: loss 5.545134                                                                                                
[06/04/26 15:47:16] INFO     [train] [iter 99, tokens 4378696, elapsed_time 9258.41 ms, achieved FLOPS 634.32 TFLOPS, MFU 12.53%]: loss 5.529211                                                                                                
[06/04/26 15:47:27] INFO     [train] [iter 119, tokens 4378696, elapsed_time 9273.59 ms, achieved FLOPS 633.28 TFLOPS, MFU 12.51%]: loss 5.323392                                                                                               
[06/04/26 15:47:38] INFO     [train] [iter 139, tokens 4378696, elapsed_time 9272.86 ms, achieved FLOPS 633.33 TFLOPS, MFU 12.51%]: loss 5.119564                                                                                               
[06/04/26 15:47:48] INFO     [train] [iter 159, tokens 4378696, elapsed_time 9273.88 ms, achieved FLOPS 633.26 TFLOPS, MFU 12.51%]: loss 4.961947                                                                                               
[06/04/26 15:47:59] INFO     [train] [iter 179, tokens 4378696, elapsed_time 9277.33 ms, achieved FLOPS 633.02 TFLOPS, MFU 12.51%]: loss 4.853696                                                                                               
[06/04/26 15:48:10] INFO     [train] [iter 199, tokens 4378696, elapsed_time 9274.25 ms, achieved FLOPS 633.23 TFLOPS, MFU 12.51%]: loss 4.748247                                                                                               
[06/04/26 15:48:21] INFO     [train] [iter 219, tokens 4378696, elapsed_time 9272.96 ms, achieved FLOPS 633.32 TFLOPS, MFU 12.51%]: loss 4.738693                                                                                               
[06/04/26 15:48:32] INFO     [train] [iter 239, tokens 4378696, elapsed_time 9285.16 ms, achieved FLOPS 632.49 TFLOPS, MFU 12.50%]: loss 4.726714                                                                                               
[06/04/26 15:48:42] INFO     [train] [iter 259, tokens 4378696, elapsed_time 9274.97 ms, achieved FLOPS 633.18 TFLOPS, MFU 12.51%]: loss 4.712362                                                                                               
[06/04/26 15:48:53] INFO     [train] [iter 279, tokens 4378696, elapsed_time 9270.15 ms, achieved FLOPS 633.51 TFLOPS, MFU 12.52%]: loss 4.622133                                                                                               
[06/04/26 15:49:04] INFO     [train] [iter 299, tokens 4378696, elapsed_time 9296.75 ms, achieved FLOPS 631.70 TFLOPS, MFU 12.48%]: loss 4.587425                                                                                               
[06/04/26 15:49:15] INFO     [train] [iter 319, tokens 4378696, elapsed_time 9447.58 ms, achieved FLOPS 621.62 TFLOPS, MFU 12.28%]: loss 4.536139                                                                                               
[06/04/26 15:49:27] INFO     [train] [iter 339, tokens 4378696, elapsed_time 9784.35 ms, achieved FLOPS 600.22 TFLOPS, MFU 11.86%]: loss 4.483420                                                                                               
[06/04/26 15:49:38] INFO     [train] [iter 359, tokens 4378696, elapsed_time 9266.71 ms, achieved FLOPS 633.75 TFLOPS, MFU 12.52%]: loss 4.481993                                                                                               
[06/04/26 15:49:49] INFO     [train] [iter 379, tokens 4378696, elapsed_time 9264.04 ms, achieved FLOPS 633.93 TFLOPS, MFU 12.53%]: loss 4.464446                                                                                               
[06/04/26 15:49:59] INFO     [train] [iter 399, tokens 4378696, elapsed_time 9266.66 ms, achieved FLOPS 633.75 TFLOPS, MFU 12.52%]: loss 4.455588                                                                                               
[06/04/26 15:50:11] INFO     [train] [iter 419, tokens 4378696, elapsed_time 9271.50 ms, achieved FLOPS 633.42 TFLOPS, MFU 12.52%]: loss 4.419539                                                                                               
[06/04/26 15:50:22] INFO     [train] [iter 439, tokens 4378696, elapsed_time 9268.27 ms, achieved FLOPS 633.64 TFLOPS, MFU 12.52%]: loss 4.370562                                                                                               
[06/04/26 15:50:33] INFO     [train] [iter 459, tokens 4378696, elapsed_time 9276.69 ms, achieved FLOPS 633.07 TFLOPS, MFU 12.51%]: loss 4.318604                                                                                               
[06/04/26 15:50:43] INFO     [train] [iter 479, tokens 4378696, elapsed_time 9273.39 ms, achieved FLOPS 633.29 TFLOPS, MFU 12.51%]: loss 4.330835                                                                                               
[06/04/26 15:50:55] INFO     [train] [iter 499, tokens 4378696, elapsed_time 9266.26 ms, achieved FLOPS 633.78 TFLOPS, MFU 12.52%]: loss 4.323229                                                                                               
[06/04/26 15:51:05] INFO     [train] [iter 519, tokens 4378696, elapsed_time 9267.51 ms, achieved FLOPS 633.69 TFLOPS, MFU 12.52%]: loss 4.281474                                                                                               
[06/04/26 15:51:16] INFO     [train] [iter 539, tokens 4378696, elapsed_time 9260.29 ms, achieved FLOPS 634.19 TFLOPS, MFU 12.53%]: loss 4.271313                                                                                               
[06/04/26 15:51:27] INFO     [train] [iter 559, tokens 4378696, elapsed_time 9240.01 ms, achieved FLOPS 635.58 TFLOPS, MFU 12.56%]: loss 4.236541                                                                                               
[06/04/26 15:51:37] INFO     [train] [iter 579, tokens 4378696, elapsed_time 9234.15 ms, achieved FLOPS 635.98 TFLOPS, MFU 12.57%]: loss 4.157378                                                                                               
[06/04/26 15:51:48] INFO     [train] [iter 599, tokens 4378696, elapsed_time 9240.32 ms, achieved FLOPS 635.56 TFLOPS, MFU 12.56%]: loss 4.144316                                                                                               
[06/04/26 15:51:59] INFO     [train] [iter 619, tokens 4378696, elapsed_time 9234.80 ms, achieved FLOPS 635.94 TFLOPS, MFU 12.57%]: loss 4.122374                                                                                               
[06/04/26 15:52:09] INFO     [train] [iter 639, tokens 4378696, elapsed_time 9232.45 ms, achieved FLOPS 636.10 TFLOPS, MFU 12.57%]: loss 4.082146                                                                                               
[06/04/26 15:52:20] INFO     [train] [iter 659, tokens 4378696, elapsed_time 9225.49 ms, achieved FLOPS 636.58 TFLOPS, MFU 12.58%]: loss 4.061976                                                                                               
[06/04/26 15:52:31] INFO     [train] [iter 679, tokens 4378696, elapsed_time 9231.52 ms, achieved FLOPS 636.16 TFLOPS, MFU 12.57%]: loss 4.013594                                                                                               
[06/04/26 15:52:42] INFO     [train] [iter 699, tokens 4378696, elapsed_time 9270.34 ms, achieved FLOPS 633.50 TFLOPS, MFU 12.52%]: loss 3.962653                                                                                               
[06/04/26 15:52:52] INFO     [train] [iter 719, tokens 4378696, elapsed_time 9236.76 ms, achieved FLOPS 635.80 TFLOPS, MFU 12.56%]: loss 3.909766                                                                                               
[06/04/26 15:53:03] INFO     [train] [iter 739, tokens 4378696, elapsed_time 9234.43 ms, achieved FLOPS 635.96 TFLOPS, MFU 12.57%]: loss 3.846683                                                                                               
[06/04/26 15:53:14] INFO     [train] [iter 759, tokens 4378696, elapsed_time 9233.97 ms, achieved FLOPS 636.00 TFLOPS, MFU 12.57%]: loss 3.804820                                                                                               
[06/04/26 15:53:25] INFO     [train] [iter 779, tokens 4378696, elapsed_time 9228.09 ms, achieved FLOPS 636.40 TFLOPS, MFU 12.58%]: loss 3.774023                                                                                               
[06/04/26 15:53:35] INFO     [train] [iter 799, tokens 4378696, elapsed_time 9229.27 ms, achieved FLOPS 636.32 TFLOPS, MFU 12.57%]: loss 3.753878                                                                                               
[06/04/26 15:53:46] INFO     [train] [iter 819, tokens 4378696, elapsed_time 9225.23 ms, achieved FLOPS 636.60 TFLOPS, MFU 12.58%]: loss 3.739779                                                                                               
[06/04/26 15:53:57] INFO     [train] [iter 839, tokens 4378696, elapsed_time 9222.64 ms, achieved FLOPS 636.78 TFLOPS, MFU 12.58%]: loss 3.734578                                                                                               
[06/04/26 15:54:08] INFO     [train] [iter 859, tokens 4378696, elapsed_time 9232.58 ms, achieved FLOPS 636.09 TFLOPS, MFU 12.57%]: loss 3.747716                                                                                               
[06/04/26 15:54:19] INFO     [train] [iter 879, tokens 4378696, elapsed_time 9237.28 ms, achieved FLOPS 635.77 TFLOPS, MFU 12.56%]: loss 3.767303                                                                                               
[06/04/26 15:54:30] INFO     [train] [iter 899, tokens 4378696, elapsed_time 9232.35 ms, achieved FLOPS 636.11 TFLOPS, MFU 12.57%]: loss 3.796631                                                                                               
[06/04/26 15:54:41] INFO     [train] [iter 919, tokens 4378696, elapsed_time 9259.93 ms, achieved FLOPS 634.21 TFLOPS, MFU 12.53%]: loss 3.820164                                                                                               
[06/04/26 15:54:52] INFO     [train] [iter 939, tokens 4378696, elapsed_time 9246.57 ms, achieved FLOPS 635.13 TFLOPS, MFU 12.55%]: loss 3.869121                                                                                               
[06/04/26 15:55:03] INFO     [train] [iter 959, tokens 4378696, elapsed_time 9243.78 ms, achieved FLOPS 635.32 TFLOPS, MFU 12.55%]: loss 3.856854                                                                                               
[06/04/26 15:55:13] INFO     [train] [iter 979, tokens 4378696, elapsed_time 9240.31 ms, achieved FLOPS 635.56 TFLOPS, MFU 12.56%]: loss 3.835299                                                                                               
[06/04/26 15:55:24] INFO     [train] [iter 999, tokens 4378696, elapsed_time 9230.50 ms, achieved FLOPS 636.23 TFLOPS, MFU 12.57%]: loss 3.762049                                                                                               
[rank5]:[W604 15:55:27.411591072 ProcessGroupNCCL.cpp:1553] Warning: WARNING: destroy_process_group() was not called before program exit, which can leak resources. For more info, please see https://pytorch.org/docs/stable/distributed.html#shutdown (function operator())
[rank7]:[W604 15:55:27.521038184 ProcessGroupNCCL.cpp:1553] Warning: WARNING: destroy_process_group() was not called before program exit, which can leak resources. For more info, please see https://pytorch.org/docs/stable/distributed.html#shutdown (function operator())
[rank6]:[W604 15:55:27.521101560 ProcessGroupNCCL.cpp:1553] Warning: WARNING: destroy_process_group() was not called before program exit, which can leak resources. For more info, please see https://pytorch.org/docs/stable/distributed.html#shutdown (function operator())
[rank0]:[W604 15:55:27.521331854 ProcessGroupNCCL.cpp:1553] Warning: WARNING: destroy_process_group() was not called before program exit, which can leak resources. For more info, please see https://pytorch.org/docs/stable/distributed.html#shutdown (function operator())
[rank2]:[W604 15:55:27.551589815 ProcessGroupNCCL.cpp:1553] Warning: WARNING: destroy_process_group() was not called before program exit, which can leak resources. For more info, please see https://pytorch.org/docs/stable/distributed.html#shutdown (function operator())
[rank4]:[W604 15:55:27.562114636 ProcessGroupNCCL.cpp:1553] Warning: WARNING: destroy_process_group() was not called before program exit, which can leak resources. For more info, please see https://pytorch.org/docs/stable/distributed.html#shutdown (function operator())
[rank1]:[W604 15:55:27.643095220 ProcessGroupNCCL.cpp:1553] Warning: WARNING: destroy_process_group() was not called before program exit, which can leak resources. For more info, please see https://pytorch.org/docs/stable/distributed.html#shutdown (function operator())
[rank3]:[W604 15:55:27.798349184 ProcessGroupNCCL.cpp:1553] Warning: WARNING: destroy_process_group() was not called before program exit, which can leak resources. For more info, please see https://pytorch.org/docs/stable/distributed.html#shutdown (function operator())
