Thu Jun  4 14:51:27 2026       
+-----------------------------------------------------------------------------------------+
| NVIDIA-SMI 570.133.20             Driver Version: 570.133.20     CUDA Version: 12.8     |
|-----------------------------------------+------------------------+----------------------+
| GPU  Name                 Persistence-M | Bus-Id          Disp.A | Volatile Uncorr. ECC |
| Fan  Temp   Perf          Pwr:Usage/Cap |           Memory-Usage | GPU-Util  Compute M. |
|                                         |                        |               MIG M. |
|=========================================+========================+======================|
|   0  NVIDIA H20                     On  |   00000000:08:00.0 Off |                    0 |
| N/A   48C    P0             79W /  500W |       0MiB /  97871MiB |      0%      Default |
|                                         |                        |             Disabled |
+-----------------------------------------+------------------------+----------------------+
|   1  NVIDIA H20                     On  |   00000000:7E:00.0 Off |                    0 |
| N/A   40C    P0             74W /  500W |       0MiB /  97871MiB |      0%      Default |
|                                         |                        |             Disabled |
+-----------------------------------------+------------------------+----------------------+
|   2  NVIDIA H20                     On  |   00000000:A2:00.0 Off |                    0 |
| N/A   49C    P0             79W /  500W |       0MiB /  97871MiB |      0%      Default |
|                                         |                        |             Disabled |
+-----------------------------------------+------------------------+----------------------+
|   3  NVIDIA H20                     On  |   00000000:C6:00.0 Off |                    0 |
| N/A   43C    P0             75W /  500W |       0MiB /  97871MiB |      0%      Default |
|                                         |                        |             Disabled |
+-----------------------------------------+------------------------+----------------------+
|   4  NVIDIA H20                     On  |   00000001:09:00.0 Off |                    0 |
| N/A   32C    P0             71W /  500W |       0MiB /  97871MiB |      0%      Default |
|                                         |                        |             Disabled |
+-----------------------------------------+------------------------+----------------------+
|   5  NVIDIA H20                     On  |   00000001:7F:00.0 Off |                    0 |
| N/A   36C    P0             73W /  500W |       0MiB /  97871MiB |      0%      Default |
|                                         |                        |             Disabled |
+-----------------------------------------+------------------------+----------------------+
|   6  NVIDIA H20                     On  |   00000001:A3:00.0 Off |                    0 |
| N/A   37C    P0             73W /  500W |       0MiB /  97871MiB |      0%      Default |
|                                         |                        |             Disabled |
+-----------------------------------------+------------------------+----------------------+
|   7  NVIDIA H20                     On  |   00000001:C7:00.0 Off |                    0 |
| N/A   39C    P0             74W /  500W |       0MiB /  97871MiB |      0%      Default |
|                                         |                        |             Disabled |
+-----------------------------------------+------------------------+----------------------+
                                                                                         
+-----------------------------------------------------------------------------------------+
| Processes:                                                                              |
|  GPU   GI   CI              PID   Type   Process name                        GPU Memory |
|        ID   ID                                                               Usage      |
|=========================================================================================|
|  No running processes found                                                             |
+-----------------------------------------------------------------------------------------+
W0604 14:51:28.840000 98866 site-packages/torch/distributed/run.py:852] 
W0604 14:51:28.840000 98866 site-packages/torch/distributed/run.py:852] *****************************************
W0604 14:51:28.840000 98866 site-packages/torch/distributed/run.py:852] Setting OMP_NUM_THREADS environment variable for each process to be 1 in default, to avoid your system being overloaded, please further tune the variable for optimal performance in your application as needed. 
W0604 14:51:28.840000 98866 site-packages/torch/distributed/run.py:852] *****************************************
WARNING: Logging before InitGoogleLogging() is written to STDERR
I0604 14:51:34.708011 98937 storage_manager.h:211] can not find env ALIOSS_END_POINT, failed to init oss client
W0604 14:51:34.708036 98937 storage_manager.h:60] Failed to init oss client, please make sure all env has been exported correctly!
I0604 14:51:34.708125 98937 flags.cc:20] ZeusEmbedding loaded. Build at 11:34:33 May 24 2026, git commit id ae27eaa9e383d65e88194828f6400cd4fdf75816, branch syw_dev.torch
WARNING: Logging before InitGoogleLogging() is written to STDERR
I0604 14:51:34.718237 98938 storage_manager.h:211] can not find env ALIOSS_END_POINT, failed to init oss client
W0604 14:51:34.718254 98938 storage_manager.h:60] Failed to init oss client, please make sure all env has been exported correctly!
I0604 14:51:34.718346 98938 flags.cc:20] ZeusEmbedding loaded. Build at 11:34:33 May 24 2026, git commit id ae27eaa9e383d65e88194828f6400cd4fdf75816, branch syw_dev.torch
WARNING: Logging before InitGoogleLogging() is written to STDERR
WARNING: Logging before InitGoogleLogging() is written to STDERR
I0604 14:51:34.829239 98935 storage_manager.h:211] can not find env ALIOSS_END_POINT, failed to init oss client
I0604 14:51:34.829239 98936 storage_manager.h:211] can not find env ALIOSS_END_POINT, failed to init oss client
W0604 14:51:34.829262 98935 storage_manager.h:60] Failed to init oss client, please make sure all env has been exported correctly!
W0604 14:51:34.829262 98936 storage_manager.h:60] Failed to init oss client, please make sure all env has been exported correctly!
I0604 14:51:34.829352 98936 flags.cc:20] ZeusEmbedding loaded. Build at 11:34:33 May 24 2026, git commit id ae27eaa9e383d65e88194828f6400cd4fdf75816, branch syw_dev.torch
I0604 14:51:34.829357 98935 flags.cc:20] ZeusEmbedding loaded. Build at 11:34:33 May 24 2026, git commit id ae27eaa9e383d65e88194828f6400cd4fdf75816, branch syw_dev.torch
[Rank 1] PID=98936, Node=N/A, LocalRank=1
[Rank 2] PID=98937, Node=N/A, LocalRank=2
[Rank 0] PID=98935, Node=N/A, LocalRank=0
[Rank 3] PID=98938, Node=N/A, LocalRank=3
[Gloo] Rank 1 is connected to 3 peer ranks. Expected number of connected peer ranks is : 3
[Gloo] Rank 0 is connected to 3 peer ranks. Expected number of connected peer ranks is : 3
[Gloo] Rank 2 is connected to 3 peer ranks. [Gloo] Rank Expected number of connected peer ranks is : 33 is connected to 
3 peer ranks. Expected number of connected peer ranks is : 3
[Gloo] Rank 1 is connected to 3 peer ranks. Expected number of connected peer ranks is : 3
[Gloo] Rank 2 is connected to 3 peer ranks. Expected number of connected peer ranks is : 3
[Gloo] Rank 0 is connected to 3 peer ranks. Expected number of connected peer ranks is : 3
[Gloo] Rank 3 is connected to 3 peer ranks. Expected number of connected peer ranks is : 3
[Gloo] Rank 1 is connected to 3 peer ranks. Expected number of connected peer ranks is : 3
[Gloo] Rank 0 is connected to 3 peer ranks. Expected number of connected peer ranks is : 3
[Gloo] Rank 2 is connected to 3 peer ranks. Expected number of connected peer ranks is : 3
[Gloo] Rank 3 is connected to 3 peer ranks. Expected number of connected peer ranks is : 3
[06/04/26 14:51:42] INFO     distributed env initialization done. Free cuda memory: 96165.38 MB                                                                                                                                                 
[rank2]:W0604 14:51:42.213000 98937 site-packages/torch/fx/_symbolic_trace.py:53] is_fx_tracing will return true for both fx.symbolic_trace and torch.export. Please use is_fx_tracing_symbolic_tracing() for specifically fx.symbolic_trace or torch.compiler.is_compiling() for specifically torch.export/compile.
[rank0]:W0604 14:51:42.219000 98935 site-packages/torch/fx/_symbolic_trace.py:53] is_fx_tracing will return true for both fx.symbolic_trace and torch.export. Please use is_fx_tracing_symbolic_tracing() for specifically fx.symbolic_trace or torch.compiler.is_compiling() for specifically torch.export/compile.
[rank3]:W0604 14:51:42.219000 98938 site-packages/torch/fx/_symbolic_trace.py:53] is_fx_tracing will return true for both fx.symbolic_trace and torch.export. Please use is_fx_tracing_symbolic_tracing() for specifically fx.symbolic_trace or torch.compiler.is_compiling() for specifically torch.export/compile.
[rank1]:W0604 14:51:42.235000 98936 site-packages/torch/fx/_symbolic_trace.py:53] is_fx_tracing will return true for both fx.symbolic_trace and torch.export. Please use is_fx_tracing_symbolic_tracing() for specifically fx.symbolic_trace or torch.compiler.is_compiling() for specifically torch.export/compile.
WARNING:megatron.core.tensor_parallel.random:CPU RNG state changed within GPU RNG context
WARNING:megatron.core.tensor_parallel.random:CPU RNG state changed within GPU RNG context
WARNING:megatron.core.tensor_parallel.random:CPU RNG state changed within GPU RNG context
WARNING:megatron.core.tensor_parallel.random:CPU RNG state changed within GPU RNG context
WARNING:root:Sharding spec not found for _embedding_collection._data_parallel_embedding_collection.action
WARNING:root:Sharding spec not found for _embedding_collection._data_parallel_embedding_collection.user_age
WARNING:root:Sharding spec not found for _embedding_collection._data_parallel_embedding_collection.item_category_l1


Storage layout: Host-only (single tier, CPU)
-----------+---------+-----------+-----------+---------------------
   tier    |  table  |  init(MB) |  peak(MB) |   emb/opt peak(MB)  
-----------+---------+-----------+-----------+---------------------
host (CPU) | item    | 18310.688 | 18310.688 | 6103.562 / 12207.125
           | user_id | 18310.688 | 18310.688 | 6103.562 / 12207.125
           | --------+-----------+-----------+---------------------
           | TOTAL   | 36621.375 | 36621.375 | 12207.125 / 24414.25
-----------+---------+-----------+-----------+---------------------


Storage layout: Host-only (single tier, CPU)
-----------+---------+-----------+-----------+---------------------
   tier    |  table  |  init(MB) |  peak(MB) |   emb/opt peak(MB)  
-----------+---------+-----------+-----------+---------------------
host (CPU) | item    | 18310.688 | 18310.688 | 6103.562 / 12207.125
           | user_id | 18310.688 | 18310.688 | 6103.562 / 12207.125
           | --------+-----------+-----------+---------------------
           | TOTAL   | 36621.375 | 36621.375 | 12207.125 / 24414.25
-----------+---------+-----------+-----------+---------------------


Storage layout: Host-only (single tier, CPU)
-----------+---------+-----------+-----------+---------------------
   tier    |  table  |  init(MB) |  peak(MB) |   emb/opt peak(MB)  
-----------+---------+-----------+-----------+---------------------
host (CPU) | item    | 18310.688 | 18310.688 | 6103.562 / 12207.125
           | user_id | 18310.688 | 18310.688 | 6103.562 / 12207.125
           | --------+-----------+-----------+---------------------
           | TOTAL   | 36621.375 | 36621.375 | 12207.125 / 24414.25
-----------+---------+-----------+-----------+---------------------
WARNING:torchrec.distributed.utils:Sharding Type is data_parallel, caching params will be ignored
WARNING:torchrec.distributed.utils:Sharding Type is data_parallel, caching params will be ignored
WARNING:torchrec.distributed.utils:Sharding Type is data_parallel, caching params will be ignored


Storage layout: Host-only (single tier, CPU)
-----------+---------+-----------+-----------+---------------------
   tier    |  table  |  init(MB) |  peak(MB) |   emb/opt peak(MB)  
-----------+---------+-----------+-----------+---------------------
host (CPU) | item    | 18310.688 | 18310.688 | 6103.562 / 12207.125
           | user_id | 18310.688 | 18310.688 | 6103.562 / 12207.125
           | --------+-----------+-----------+---------------------
           | TOTAL   | 36621.375 | 36621.375 | 12207.125 / 24414.25
-----------+---------+-----------+-----------+---------------------
WARNING:torchrec.distributed.utils:Sharding Type is data_parallel, caching params will be ignored
WARNING:torchrec.distributed.utils:Sharding Type is data_parallel, caching params will be ignored
WARNING:torchrec.distributed.utils:Sharding Type is data_parallel, caching params will be ignored
WARNING:torchrec.distributed.utils:Sharding Type is data_parallel, caching params will be ignored
WARNING:torchrec.distributed.utils:Sharding Type is data_parallel, caching params will be ignored
WARNING:torchrec.distributed.utils:Sharding Type is data_parallel, caching params will be ignored
WARNING:torchrec.distributed.utils:Sharding Type is data_parallel, caching params will be ignored
WARNING:torchrec.distributed.utils:Sharding Type is data_parallel, caching params will be ignored
WARNING:torchrec.distributed.utils:Sharding Type is data_parallel, caching params will be ignored
[06/04/26 14:51:50] INFO     model initialization done, start training. Free cuda memory: 94495.38 MB                                                                                                                                           
                    INFO     fill_tables done for ['item', 'user_id']                                                                                                                                                                           
[06/04/26 14:52:05] INFO     [train] [iter 19, tokens 2244415, elapsed_time 14010.41 ms, achieved FLOPS 215.52 TFLOPS, MFU 8.52%]: loss 5.546363                                                                                                
[06/04/26 14:52:13] INFO     [train] [iter 39, tokens 2244415, elapsed_time 6863.94 ms, achieved FLOPS 439.91 TFLOPS, MFU 17.39%]: loss 5.545291                                                                                                
[06/04/26 14:52:21] INFO     [train] [iter 59, tokens 2244415, elapsed_time 6860.45 ms, achieved FLOPS 440.13 TFLOPS, MFU 17.39%]: loss 5.545216                                                                                                
[06/04/26 14:52:28] INFO     [train] [iter 79, tokens 2244415, elapsed_time 6860.93 ms, achieved FLOPS 440.10 TFLOPS, MFU 17.39%]: loss 5.544105                                                                                                
[06/04/26 14:52:36] INFO     [train] [iter 99, tokens 2244415, elapsed_time 6877.36 ms, achieved FLOPS 439.05 TFLOPS, MFU 17.35%]: loss 5.426955                                                                                                
[06/04/26 14:52:44] INFO     [train] [iter 119, tokens 2244415, elapsed_time 6890.68 ms, achieved FLOPS 438.20 TFLOPS, MFU 17.32%]: loss 5.233948                                                                                               
[06/04/26 14:52:52] INFO     [train] [iter 139, tokens 2244415, elapsed_time 6874.09 ms, achieved FLOPS 439.26 TFLOPS, MFU 17.36%]: loss 5.086258                                                                                               
[06/04/26 14:52:59] INFO     [train] [iter 159, tokens 2244415, elapsed_time 6857.26 ms, achieved FLOPS 440.34 TFLOPS, MFU 17.40%]: loss 4.948203                                                                                               
[06/04/26 14:53:07] INFO     [train] [iter 179, tokens 2244415, elapsed_time 6866.22 ms, achieved FLOPS 439.76 TFLOPS, MFU 17.38%]: loss 4.862402                                                                                               
[06/04/26 14:53:15] INFO     [train] [iter 199, tokens 2244415, elapsed_time 6852.05 ms, achieved FLOPS 440.67 TFLOPS, MFU 17.42%]: loss 4.807370                                                                                               
[06/04/26 14:53:23] INFO     [train] [iter 219, tokens 2244415, elapsed_time 6851.10 ms, achieved FLOPS 440.73 TFLOPS, MFU 17.42%]: loss 4.785176                                                                                               
[06/04/26 14:53:30] INFO     [train] [iter 239, tokens 2244415, elapsed_time 6857.61 ms, achieved FLOPS 440.31 TFLOPS, MFU 17.40%]: loss 4.766729                                                                                               
[06/04/26 14:53:39] INFO     [train] [iter 259, tokens 2244415, elapsed_time 7676.74 ms, achieved FLOPS 393.33 TFLOPS, MFU 15.54%]: loss 4.753630                                                                                               
[06/04/26 14:53:46] INFO     [train] [iter 279, tokens 2244415, elapsed_time 6855.81 ms, achieved FLOPS 440.43 TFLOPS, MFU 17.41%]: loss 4.714036                                                                                               
[06/04/26 14:53:54] INFO     [train] [iter 299, tokens 2244415, elapsed_time 6853.21 ms, achieved FLOPS 440.60 TFLOPS, MFU 17.41%]: loss 4.694519                                                                                               
[06/04/26 14:54:02] INFO     [train] [iter 319, tokens 2244415, elapsed_time 6853.76 ms, achieved FLOPS 440.56 TFLOPS, MFU 17.41%]: loss 4.696901                                                                                               
[06/04/26 14:54:10] INFO     [train] [iter 339, tokens 2244415, elapsed_time 6863.37 ms, achieved FLOPS 439.94 TFLOPS, MFU 17.39%]: loss 4.645647                                                                                               
[06/04/26 14:54:18] INFO     [train] [iter 359, tokens 2244415, elapsed_time 6841.34 ms, achieved FLOPS 441.36 TFLOPS, MFU 17.44%]: loss 4.551620                                                                                               
[06/04/26 14:54:25] INFO     [train] [iter 379, tokens 2244415, elapsed_time 6840.05 ms, achieved FLOPS 441.44 TFLOPS, MFU 17.45%]: loss 4.475234                                                                                               
[06/04/26 14:54:33] INFO     [train] [iter 399, tokens 2244415, elapsed_time 6843.17 ms, achieved FLOPS 441.24 TFLOPS, MFU 17.44%]: loss 4.433871                                                                                               
[06/04/26 14:54:42] INFO     [train] [iter 419, tokens 2244415, elapsed_time 6846.30 ms, achieved FLOPS 441.04 TFLOPS, MFU 17.43%]: loss 4.403546                                                                                               
[06/04/26 14:54:50] INFO     [train] [iter 439, tokens 2244415, elapsed_time 6843.19 ms, achieved FLOPS 441.24 TFLOPS, MFU 17.44%]: loss 4.341698                                                                                               
[06/04/26 14:54:57] INFO     [train] [iter 459, tokens 2244415, elapsed_time 6841.15 ms, achieved FLOPS 441.37 TFLOPS, MFU 17.44%]: loss 4.284001                                                                                               
[06/04/26 14:55:05] INFO     [train] [iter 479, tokens 2244415, elapsed_time 6849.91 ms, achieved FLOPS 440.81 TFLOPS, MFU 17.42%]: loss 4.268333                                                                                               
[06/04/26 14:55:13] INFO     [train] [iter 499, tokens 2244415, elapsed_time 6847.93 ms, achieved FLOPS 440.94 TFLOPS, MFU 17.43%]: loss 4.325398                                                                                               
[06/04/26 14:55:21] INFO     [train] [iter 519, tokens 2244415, elapsed_time 6840.44 ms, achieved FLOPS 441.42 TFLOPS, MFU 17.44%]: loss 4.274279                                                                                               
[06/04/26 14:55:28] INFO     [train] [iter 539, tokens 2244415, elapsed_time 6839.96 ms, achieved FLOPS 441.45 TFLOPS, MFU 17.45%]: loss 4.175553                                                                                               
[06/04/26 14:55:36] INFO     [train] [iter 559, tokens 2244415, elapsed_time 6837.86 ms, achieved FLOPS 441.58 TFLOPS, MFU 17.45%]: loss 4.078022                                                                                               
[06/04/26 14:55:44] INFO     [train] [iter 579, tokens 2244415, elapsed_time 6844.94 ms, achieved FLOPS 441.13 TFLOPS, MFU 17.43%]: loss 4.039356                                                                                               
[06/04/26 14:55:51] INFO     [train] [iter 599, tokens 2244415, elapsed_time 6848.57 ms, achieved FLOPS 440.89 TFLOPS, MFU 17.42%]: loss 4.110043                                                                                               
[06/04/26 14:55:59] INFO     [train] [iter 619, tokens 2244415, elapsed_time 6851.26 ms, achieved FLOPS 440.72 TFLOPS, MFU 17.42%]: loss 4.181110                                                                                               
[06/04/26 14:56:07] INFO     [train] [iter 639, tokens 2244415, elapsed_time 6858.61 ms, achieved FLOPS 440.25 TFLOPS, MFU 17.40%]: loss 4.094960                                                                                               
[06/04/26 14:56:15] INFO     [train] [iter 659, tokens 2244415, elapsed_time 6845.65 ms, achieved FLOPS 441.08 TFLOPS, MFU 17.43%]: loss 3.992136                                                                                               
[06/04/26 14:56:22] INFO     [train] [iter 679, tokens 2244415, elapsed_time 6837.25 ms, achieved FLOPS 441.62 TFLOPS, MFU 17.45%]: loss 3.904568                                                                                               
[06/04/26 14:56:30] INFO     [train] [iter 699, tokens 2244415, elapsed_time 6839.76 ms, achieved FLOPS 441.46 TFLOPS, MFU 17.45%]: loss 3.851164                                                                                               
[06/04/26 14:56:38] INFO     [train] [iter 719, tokens 2244415, elapsed_time 6835.98 ms, achieved FLOPS 441.71 TFLOPS, MFU 17.46%]: loss 3.805649                                                                                               
[06/04/26 14:56:46] INFO     [train] [iter 739, tokens 2244415, elapsed_time 6852.56 ms, achieved FLOPS 440.64 TFLOPS, MFU 17.41%]: loss 3.764458                                                                                               
[06/04/26 14:56:54] INFO     [train] [iter 759, tokens 2244415, elapsed_time 6845.64 ms, achieved FLOPS 441.08 TFLOPS, MFU 17.43%]: loss 3.713341                                                                                               
[06/04/26 14:57:02] INFO     [train] [iter 779, tokens 2244415, elapsed_time 6851.51 ms, achieved FLOPS 440.71 TFLOPS, MFU 17.42%]: loss 3.666785                                                                                               
[06/04/26 14:57:10] INFO     [train] [iter 799, tokens 2244415, elapsed_time 6847.39 ms, achieved FLOPS 440.97 TFLOPS, MFU 17.43%]: loss 3.626072                                                                                               
[06/04/26 14:57:18] INFO     [train] [iter 819, tokens 2244415, elapsed_time 6837.45 ms, achieved FLOPS 441.61 TFLOPS, MFU 17.45%]: loss 3.593134                                                                                               
[06/04/26 14:57:25] INFO     [train] [iter 839, tokens 2244415, elapsed_time 6849.89 ms, achieved FLOPS 440.81 TFLOPS, MFU 17.42%]: loss 3.559841                                                                                               
[06/04/26 14:57:33] INFO     [train] [iter 859, tokens 2244415, elapsed_time 6846.84 ms, achieved FLOPS 441.01 TFLOPS, MFU 17.43%]: loss 3.544888                                                                                               
[06/04/26 14:57:41] INFO     [train] [iter 879, tokens 2244415, elapsed_time 6842.47 ms, achieved FLOPS 441.29 TFLOPS, MFU 17.44%]: loss 3.545770                                                                                               
[06/04/26 14:57:49] INFO     [train] [iter 899, tokens 2244415, elapsed_time 6845.53 ms, achieved FLOPS 441.09 TFLOPS, MFU 17.43%]: loss 3.527629                                                                                               
[06/04/26 14:57:57] INFO     [train] [iter 919, tokens 2244415, elapsed_time 6849.06 ms, achieved FLOPS 440.86 TFLOPS, MFU 17.42%]: loss 3.505112                                                                                               
[06/04/26 14:58:04] INFO     [train] [iter 939, tokens 2244415, elapsed_time 6852.28 ms, achieved FLOPS 440.66 TFLOPS, MFU 17.41%]: loss 3.471978                                                                                               
[06/04/26 14:58:12] INFO     [train] [iter 959, tokens 2244415, elapsed_time 6845.02 ms, achieved FLOPS 441.12 TFLOPS, MFU 17.43%]: loss 3.443761                                                                                               
[06/04/26 14:58:20] INFO     [train] [iter 979, tokens 2244415, elapsed_time 6842.55 ms, achieved FLOPS 441.28 TFLOPS, MFU 17.44%]: loss 3.423963                                                                                               
[06/04/26 14:58:28] INFO     [train] [iter 999, tokens 2244415, elapsed_time 6838.15 ms, achieved FLOPS 441.57 TFLOPS, MFU 17.45%]: loss 3.418953                                                                                               
[rank0]:[W604 14:58:30.486266011 ProcessGroupNCCL.cpp:1553] Warning: WARNING: destroy_process_group() was not called before program exit, which can leak resources. For more info, please see https://pytorch.org/docs/stable/distributed.html#shutdown (function operator())
[rank3]:[W604 14:58:30.575915308 ProcessGroupNCCL.cpp:1553] Warning: WARNING: destroy_process_group() was not called before program exit, which can leak resources. For more info, please see https://pytorch.org/docs/stable/distributed.html#shutdown (function operator())
[rank2]:[W604 14:58:30.576087888 ProcessGroupNCCL.cpp:1553] Warning: WARNING: destroy_process_group() was not called before program exit, which can leak resources. For more info, please see https://pytorch.org/docs/stable/distributed.html#shutdown (function operator())
[rank1]:[W604 14:58:30.686310964 ProcessGroupNCCL.cpp:1553] Warning: WARNING: destroy_process_group() was not called before program exit, which can leak resources. For more info, please see https://pytorch.org/docs/stable/distributed.html#shutdown (function operator())
