Thu Jun  4 15:13:23 2026       
+-----------------------------------------------------------------------------------------+
| NVIDIA-SMI 570.133.20             Driver Version: 570.133.20     CUDA Version: 12.8     |
|-----------------------------------------+------------------------+----------------------+
| GPU  Name                 Persistence-M | Bus-Id          Disp.A | Volatile Uncorr. ECC |
| Fan  Temp   Perf          Pwr:Usage/Cap |           Memory-Usage | GPU-Util  Compute M. |
|                                         |                        |               MIG M. |
|=========================================+========================+======================|
|   0  NVIDIA H20                     On  |   00000000:08:00.0 Off |                    0 |
| N/A   49C    P0             80W /  500W |       0MiB /  97871MiB |      0%      Default |
|                                         |                        |             Disabled |
+-----------------------------------------+------------------------+----------------------+
|   1  NVIDIA H20                     On  |   00000000:7E:00.0 Off |                    0 |
| N/A   40C    P0             75W /  500W |       0MiB /  97871MiB |      0%      Default |
|                                         |                        |             Disabled |
+-----------------------------------------+------------------------+----------------------+
|   2  NVIDIA H20                     On  |   00000000:A2:00.0 Off |                    0 |
| N/A   51C    P0             80W /  500W |       0MiB /  97871MiB |      0%      Default |
|                                         |                        |             Disabled |
+-----------------------------------------+------------------------+----------------------+
|   3  NVIDIA H20                     On  |   00000000:C6:00.0 Off |                    0 |
| N/A   44C    P0             75W /  500W |       0MiB /  97871MiB |      0%      Default |
|                                         |                        |             Disabled |
+-----------------------------------------+------------------------+----------------------+
|   4  NVIDIA H20                     On  |   00000001:09:00.0 Off |                    0 |
| N/A   32C    P0             72W /  500W |       0MiB /  97871MiB |      0%      Default |
|                                         |                        |             Disabled |
+-----------------------------------------+------------------------+----------------------+
|   5  NVIDIA H20                     On  |   00000001:7F:00.0 Off |                    0 |
| N/A   36C    P0             73W /  500W |       0MiB /  97871MiB |      0%      Default |
|                                         |                        |             Disabled |
+-----------------------------------------+------------------------+----------------------+
|   6  NVIDIA H20                     On  |   00000001:A3:00.0 Off |                    0 |
| N/A   37C    P0             73W /  500W |       0MiB /  97871MiB |      0%      Default |
|                                         |                        |             Disabled |
+-----------------------------------------+------------------------+----------------------+
|   7  NVIDIA H20                     On  |   00000001:C7:00.0 Off |                    0 |
| N/A   38C    P0             73W /  500W |       0MiB /  97871MiB |      0%      Default |
|                                         |                        |             Disabled |
+-----------------------------------------+------------------------+----------------------+
                                                                                         
+-----------------------------------------------------------------------------------------+
| Processes:                                                                              |
|  GPU   GI   CI              PID   Type   Process name                        GPU Memory |
|        ID   ID                                                               Usage      |
|=========================================================================================|
|  No running processes found                                                             |
+-----------------------------------------------------------------------------------------+
W0604 15:13:25.071000 104920 site-packages/torch/distributed/run.py:852] 
W0604 15:13:25.071000 104920 site-packages/torch/distributed/run.py:852] *****************************************
W0604 15:13:25.071000 104920 site-packages/torch/distributed/run.py:852] Setting OMP_NUM_THREADS environment variable for each process to be 1 in default, to avoid your system being overloaded, please further tune the variable for optimal performance in your application as needed. 
W0604 15:13:25.071000 104920 site-packages/torch/distributed/run.py:852] *****************************************
WARNING: Logging before InitGoogleLogging() is written to STDERR
I0604 15:13:32.206754 104991 storage_manager.h:211] can not find env ALIOSS_END_POINT, failed to init oss client
W0604 15:13:32.206784 104991 storage_manager.h:60] Failed to init oss client, please make sure all env has been exported correctly!
I0604 15:13:32.206907 104991 flags.cc:20] ZeusEmbedding loaded. Build at 11:34:33 May 24 2026, git commit id ae27eaa9e383d65e88194828f6400cd4fdf75816, branch syw_dev.torch
WARNING: Logging before InitGoogleLogging() is written to STDERR
I0604 15:13:32.371845 104990 storage_manager.h:211] can not find env ALIOSS_END_POINT, failed to init oss client
W0604 15:13:32.371874 104990 storage_manager.h:60] Failed to init oss client, please make sure all env has been exported correctly!
I0604 15:13:32.371966 104990 flags.cc:20] ZeusEmbedding loaded. Build at 11:34:33 May 24 2026, git commit id ae27eaa9e383d65e88194828f6400cd4fdf75816, branch syw_dev.torch
WARNING: Logging before InitGoogleLogging() is written to STDERR
I0604 15:13:32.372233 104992 storage_manager.h:211] can not find env ALIOSS_END_POINT, failed to init oss client
W0604 15:13:32.372251 104992 storage_manager.h:60] Failed to init oss client, please make sure all env has been exported correctly!
I0604 15:13:32.372346 104992 flags.cc:20] ZeusEmbedding loaded. Build at 11:34:33 May 24 2026, git commit id ae27eaa9e383d65e88194828f6400cd4fdf75816, branch syw_dev.torch
WARNING: Logging before InitGoogleLogging() is written to STDERR
I0604 15:13:32.448076 104989 storage_manager.h:211] can not find env ALIOSS_END_POINT, failed to init oss client
W0604 15:13:32.448103 104989 storage_manager.h:60] Failed to init oss client, please make sure all env has been exported correctly!
I0604 15:13:32.448194 104989 flags.cc:20] ZeusEmbedding loaded. Build at 11:34:33 May 24 2026, git commit id ae27eaa9e383d65e88194828f6400cd4fdf75816, branch syw_dev.torch
[Rank 2] PID=104991, Node=N/A, LocalRank=2
[Rank 3] PID=104992, Node=N/A, LocalRank=3
[Rank 1] PID=104990, Node=N/A, LocalRank=1
[Rank 0] PID=104989, Node=N/A, LocalRank=0
[Gloo] Rank [Gloo] Rank 1 is connected to 3 peer ranks. Expected number of connected peer ranks is : 23 is connected to 3 peer ranks. Expected number of connected peer ranks is : 3

[Gloo] Rank 0 is connected to 3 peer ranks. Expected number of connected peer ranks is : 3
[Gloo] Rank 3 is connected to 3 peer ranks. Expected number of connected peer ranks is : 3
[Gloo] Rank 0 is connected to 3 peer ranks. Expected number of connected peer ranks is : 3
[Gloo] Rank 1 is connected to 3 peer ranks. Expected number of connected peer ranks is : 3
[Gloo] Rank 3 is connected to 3 peer ranks. Expected number of connected peer ranks is : 3[Gloo] Rank 
2 is connected to 3 peer ranks. Expected number of connected peer ranks is : 3
[Gloo] Rank 3 is connected to 3 peer ranks. Expected number of connected peer ranks is : 3
[Gloo] Rank 0 is connected to 3 peer ranks. Expected number of connected peer ranks is : 3
[Gloo] Rank 2 is connected to 3 peer ranks. Expected number of connected peer ranks is : 3
[Gloo] Rank 1 is connected to 3 peer ranks. Expected number of connected peer ranks is : 3
[06/04/26 15:13:37] INFO     distributed env initialization done. Free cuda memory: 96165.38 MB                                                                                                                                                 
[rank2]:W0604 15:13:38.046000 104991 site-packages/torch/fx/_symbolic_trace.py:53] is_fx_tracing will return true for both fx.symbolic_trace and torch.export. Please use is_fx_tracing_symbolic_tracing() for specifically fx.symbolic_trace or torch.compiler.is_compiling() for specifically torch.export/compile.
[rank3]:W0604 15:13:38.046000 104992 site-packages/torch/fx/_symbolic_trace.py:53] is_fx_tracing will return true for both fx.symbolic_trace and torch.export. Please use is_fx_tracing_symbolic_tracing() for specifically fx.symbolic_trace or torch.compiler.is_compiling() for specifically torch.export/compile.
[rank0]:W0604 15:13:38.051000 104989 site-packages/torch/fx/_symbolic_trace.py:53] is_fx_tracing will return true for both fx.symbolic_trace and torch.export. Please use is_fx_tracing_symbolic_tracing() for specifically fx.symbolic_trace or torch.compiler.is_compiling() for specifically torch.export/compile.
[rank1]:W0604 15:13:38.064000 104990 site-packages/torch/fx/_symbolic_trace.py:53] is_fx_tracing will return true for both fx.symbolic_trace and torch.export. Please use is_fx_tracing_symbolic_tracing() for specifically fx.symbolic_trace or torch.compiler.is_compiling() for specifically torch.export/compile.
WARNING:megatron.core.tensor_parallel.random:CPU RNG state changed within GPU RNG context
WARNING:megatron.core.tensor_parallel.random:CPU RNG state changed within GPU RNG context
WARNING:megatron.core.tensor_parallel.random:CPU RNG state changed within GPU RNG context
WARNING:megatron.core.tensor_parallel.random:CPU RNG state changed within GPU RNG context
WARNING:root:Sharding spec not found for _embedding_collection._data_parallel_embedding_collection.action
WARNING:root:Sharding spec not found for _embedding_collection._data_parallel_embedding_collection.user_age
WARNING:root:Sharding spec not found for _embedding_collection._data_parallel_embedding_collection.item_category_l1


Storage layout: Caching (HBM cache + Host full backing; HBM rows duplicate Host)
--------------------+---------+-----------+-----------+---------------------
        tier        |  table  |  init(MB) |  peak(MB) |   emb/opt peak(MB)  
--------------------+---------+-----------+-----------+---------------------
hbm cache/cuda:2    | item    | 14653.5   | 14648.438 | 4882.812 / 9765.625 
                    | user_id | 14653.5   | 14648.438 | 4882.812 / 9765.625 
                    | --------+-----------+-----------+---------------------
                    | TOTAL   | 29307     | 29296.875 | 9765.625 / 19531.25 
--------------------+---------+-----------+-----------+---------------------
host backing (full) | item    | 18310.688 | 18310.688 | 6103.562 / 12207.125
                    | user_id | 18310.688 | 18310.688 | 6103.562 / 12207.125
                    | --------+-----------+-----------+---------------------
                    | TOTAL   | 36621.375 | 36621.375 | 12207.125 / 24414.25
--------------------+---------+-----------+-----------+---------------------
Note: HBM cache rows duplicate backing rows; total memory ≈ HBM cache + Host/PS backing (no subtract).


Storage layout: Caching (HBM cache + Host full backing; HBM rows duplicate Host)
--------------------+---------+-----------+-----------+---------------------
        tier        |  table  |  init(MB) |  peak(MB) |   emb/opt peak(MB)  
--------------------+---------+-----------+-----------+---------------------
hbm cache/cuda:3    | item    | 14653.5   | 14648.438 | 4882.812 / 9765.625 
                    | user_id | 14653.5   | 14648.438 | 4882.812 / 9765.625 
                    | --------+-----------+-----------+---------------------
                    | TOTAL   | 29307     | 29296.875 | 9765.625 / 19531.25 
--------------------+---------+-----------+-----------+---------------------
host backing (full) | item    | 18310.688 | 18310.688 | 6103.562 / 12207.125
                    | user_id | 18310.688 | 18310.688 | 6103.562 / 12207.125
                    | --------+-----------+-----------+---------------------
                    | TOTAL   | 36621.375 | 36621.375 | 12207.125 / 24414.25
--------------------+---------+-----------+-----------+---------------------
Note: HBM cache rows duplicate backing rows; total memory ≈ HBM cache + Host/PS backing (no subtract).


Storage layout: Caching (HBM cache + Host full backing; HBM rows duplicate Host)
--------------------+---------+-----------+-----------+---------------------
        tier        |  table  |  init(MB) |  peak(MB) |   emb/opt peak(MB)  
--------------------+---------+-----------+-----------+---------------------
hbm cache/cuda:0    | item    | 14653.5   | 14648.438 | 4882.812 / 9765.625 
                    | user_id | 14653.5   | 14648.438 | 4882.812 / 9765.625 
                    | --------+-----------+-----------+---------------------
                    | TOTAL   | 29307     | 29296.875 | 9765.625 / 19531.25 
--------------------+---------+-----------+-----------+---------------------
host backing (full) | item    | 18310.688 | 18310.688 | 6103.562 / 12207.125
                    | user_id | 18310.688 | 18310.688 | 6103.562 / 12207.125
                    | --------+-----------+-----------+---------------------
                    | TOTAL   | 36621.375 | 36621.375 | 12207.125 / 24414.25
--------------------+---------+-----------+-----------+---------------------
Note: HBM cache rows duplicate backing rows; total memory ≈ HBM cache + Host/PS backing (no subtract).


Storage layout: Caching (HBM cache + Host full backing; HBM rows duplicate Host)
--------------------+---------+-----------+-----------+---------------------
        tier        |  table  |  init(MB) |  peak(MB) |   emb/opt peak(MB)  
--------------------+---------+-----------+-----------+---------------------
hbm cache/cuda:1    | item    | 14653.5   | 14648.438 | 4882.812 / 9765.625 
                    | user_id | 14653.5   | 14648.438 | 4882.812 / 9765.625 
                    | --------+-----------+-----------+---------------------
                    | TOTAL   | 29307     | 29296.875 | 9765.625 / 19531.25 
--------------------+---------+-----------+-----------+---------------------
host backing (full) | item    | 18310.688 | 18310.688 | 6103.562 / 12207.125
                    | user_id | 18310.688 | 18310.688 | 6103.562 / 12207.125
                    | --------+-----------+-----------+---------------------
                    | TOTAL   | 36621.375 | 36621.375 | 12207.125 / 24414.25
--------------------+---------+-----------+-----------+---------------------
Note: HBM cache rows duplicate backing rows; total memory ≈ HBM cache + Host/PS backing (no subtract).
WARNING:torchrec.distributed.utils:Sharding Type is data_parallel, caching params will be ignored
WARNING:torchrec.distributed.utils:Sharding Type is data_parallel, caching params will be ignored
WARNING:torchrec.distributed.utils:Sharding Type is data_parallel, caching params will be ignored
WARNING:torchrec.distributed.utils:Sharding Type is data_parallel, caching params will be ignored
WARNING:torchrec.distributed.utils:Sharding Type is data_parallel, caching params will be ignored
WARNING:torchrec.distributed.utils:Sharding Type is data_parallel, caching params will be ignored
WARNING:torchrec.distributed.utils:Sharding Type is data_parallel, caching params will be ignored
WARNING:torchrec.distributed.utils:Sharding Type is data_parallel, caching params will be ignored
WARNING:torchrec.distributed.utils:Sharding Type is data_parallel, caching params will be ignored
WARNING:torchrec.distributed.utils:Sharding Type is data_parallel, caching params will be ignored
WARNING:torchrec.distributed.utils:Sharding Type is data_parallel, caching params will be ignored
WARNING:torchrec.distributed.utils:Sharding Type is data_parallel, caching params will be ignored
[06/04/26 15:13:46] INFO     model initialization done, start training. Free cuda memory: 64783.38 MB                                                                                                                                           
                    INFO     fill_tables done for ['item', 'user_id']                                                                                                                                                                           
[06/04/26 15:14:01] INFO     [train] [iter 19, tokens 2244415, elapsed_time 14194.28 ms, achieved FLOPS 212.73 TFLOPS, MFU 8.41%]: loss 5.546100                                                                                                
[06/04/26 15:14:09] INFO     [train] [iter 39, tokens 2244415, elapsed_time 6832.20 ms, achieved FLOPS 441.95 TFLOPS, MFU 17.47%]: loss 5.545294                                                                                                
[06/04/26 15:14:17] INFO     [train] [iter 59, tokens 2244415, elapsed_time 6826.89 ms, achieved FLOPS 442.29 TFLOPS, MFU 17.48%]: loss 5.545226                                                                                                
[06/04/26 15:14:24] INFO     [train] [iter 79, tokens 2244415, elapsed_time 6831.01 ms, achieved FLOPS 442.03 TFLOPS, MFU 17.47%]: loss 5.545039                                                                                                
[06/04/26 15:14:32] INFO     [train] [iter 99, tokens 2244415, elapsed_time 6835.55 ms, achieved FLOPS 441.73 TFLOPS, MFU 17.46%]: loss 5.477825                                                                                                
[06/04/26 15:14:40] INFO     [train] [iter 119, tokens 2244415, elapsed_time 6833.06 ms, achieved FLOPS 441.90 TFLOPS, MFU 17.46%]: loss 5.356075                                                                                               
[06/04/26 15:14:48] INFO     [train] [iter 139, tokens 2244415, elapsed_time 6835.83 ms, achieved FLOPS 441.72 TFLOPS, MFU 17.46%]: loss 5.216415                                                                                               
[06/04/26 15:14:56] INFO     [train] [iter 159, tokens 2244415, elapsed_time 6820.16 ms, achieved FLOPS 442.73 TFLOPS, MFU 17.50%]: loss 5.124152                                                                                               
[06/04/26 15:15:04] INFO     [train] [iter 179, tokens 2244415, elapsed_time 6814.29 ms, achieved FLOPS 443.11 TFLOPS, MFU 17.51%]: loss 5.089933                                                                                               
[06/04/26 15:15:11] INFO     [train] [iter 199, tokens 2244415, elapsed_time 6816.57 ms, achieved FLOPS 442.96 TFLOPS, MFU 17.51%]: loss 5.037804                                                                                               
[06/04/26 15:15:19] INFO     [train] [iter 219, tokens 2244415, elapsed_time 6808.27 ms, achieved FLOPS 443.50 TFLOPS, MFU 17.53%]: loss 4.992460                                                                                               
[06/04/26 15:15:27] INFO     [train] [iter 239, tokens 2244415, elapsed_time 6802.42 ms, achieved FLOPS 443.89 TFLOPS, MFU 17.54%]: loss 4.937044                                                                                               
[06/04/26 15:15:35] INFO     [train] [iter 259, tokens 2244415, elapsed_time 7217.03 ms, achieved FLOPS 418.38 TFLOPS, MFU 16.53%]: loss 4.884635                                                                                               
[06/04/26 15:15:43] INFO     [train] [iter 279, tokens 2244415, elapsed_time 6801.21 ms, achieved FLOPS 443.96 TFLOPS, MFU 17.55%]: loss 4.845797                                                                                               
[06/04/26 15:15:50] INFO     [train] [iter 299, tokens 2244415, elapsed_time 6796.61 ms, achieved FLOPS 444.27 TFLOPS, MFU 17.56%]: loss 4.778215                                                                                               
[06/04/26 15:15:58] INFO     [train] [iter 319, tokens 2244415, elapsed_time 6801.77 ms, achieved FLOPS 443.93 TFLOPS, MFU 17.54%]: loss 4.723652                                                                                               
[06/04/26 15:16:06] INFO     [train] [iter 339, tokens 2244415, elapsed_time 6811.58 ms, achieved FLOPS 443.29 TFLOPS, MFU 17.52%]: loss 4.712745                                                                                               
[06/04/26 15:16:13] INFO     [train] [iter 359, tokens 2244415, elapsed_time 6805.44 ms, achieved FLOPS 443.69 TFLOPS, MFU 17.53%]: loss 4.715038                                                                                               
[06/04/26 15:16:21] INFO     [train] [iter 379, tokens 2244415, elapsed_time 6802.56 ms, achieved FLOPS 443.88 TFLOPS, MFU 17.54%]: loss 4.672302                                                                                               
[06/04/26 15:16:29] INFO     [train] [iter 399, tokens 2244415, elapsed_time 6802.29 ms, achieved FLOPS 443.89 TFLOPS, MFU 17.54%]: loss 4.608034                                                                                               
[06/04/26 15:16:37] INFO     [train] [iter 419, tokens 2244415, elapsed_time 6794.23 ms, achieved FLOPS 444.42 TFLOPS, MFU 17.56%]: loss 4.591496                                                                                               
[06/04/26 15:16:44] INFO     [train] [iter 439, tokens 2244415, elapsed_time 6791.72 ms, achieved FLOPS 444.58 TFLOPS, MFU 17.57%]: loss 4.563839                                                                                               
[06/04/26 15:16:52] INFO     [train] [iter 459, tokens 2244415, elapsed_time 6799.12 ms, achieved FLOPS 444.10 TFLOPS, MFU 17.55%]: loss 4.525446                                                                                               
[06/04/26 15:17:00] INFO     [train] [iter 479, tokens 2244415, elapsed_time 6805.91 ms, achieved FLOPS 443.66 TFLOPS, MFU 17.53%]: loss 4.535822                                                                                               
[06/04/26 15:17:07] INFO     [train] [iter 499, tokens 2244415, elapsed_time 6806.05 ms, achieved FLOPS 443.65 TFLOPS, MFU 17.53%]: loss 4.509993                                                                                               
[06/04/26 15:17:15] INFO     [train] [iter 519, tokens 2244415, elapsed_time 6796.06 ms, achieved FLOPS 444.30 TFLOPS, MFU 17.56%]: loss 4.465116                                                                                               
[06/04/26 15:17:23] INFO     [train] [iter 539, tokens 2244415, elapsed_time 6791.83 ms, achieved FLOPS 444.58 TFLOPS, MFU 17.57%]: loss 4.392019                                                                                               
[06/04/26 15:17:31] INFO     [train] [iter 559, tokens 2244415, elapsed_time 6797.22 ms, achieved FLOPS 444.23 TFLOPS, MFU 17.56%]: loss 4.359732                                                                                               
[06/04/26 15:17:38] INFO     [train] [iter 579, tokens 2244415, elapsed_time 6816.13 ms, achieved FLOPS 442.99 TFLOPS, MFU 17.51%]: loss 4.360524                                                                                               
[06/04/26 15:17:46] INFO     [train] [iter 599, tokens 2244415, elapsed_time 6807.78 ms, achieved FLOPS 443.54 TFLOPS, MFU 17.53%]: loss 4.357515                                                                                               
[06/04/26 15:17:54] INFO     [train] [iter 619, tokens 2244415, elapsed_time 6813.99 ms, achieved FLOPS 443.13 TFLOPS, MFU 17.51%]: loss 4.376458                                                                                               
[06/04/26 15:18:02] INFO     [train] [iter 639, tokens 2244415, elapsed_time 6806.19 ms, achieved FLOPS 443.64 TFLOPS, MFU 17.53%]: loss 4.348560                                                                                               
[06/04/26 15:18:09] INFO     [train] [iter 659, tokens 2244415, elapsed_time 6801.15 ms, achieved FLOPS 443.97 TFLOPS, MFU 17.55%]: loss 4.297366                                                                                               
[06/04/26 15:18:17] INFO     [train] [iter 679, tokens 2244415, elapsed_time 6791.25 ms, achieved FLOPS 444.62 TFLOPS, MFU 17.57%]: loss 4.233300                                                                                               
[06/04/26 15:18:25] INFO     [train] [iter 699, tokens 2244415, elapsed_time 6792.09 ms, achieved FLOPS 444.56 TFLOPS, MFU 17.57%]: loss 4.157697                                                                                               
[06/04/26 15:18:32] INFO     [train] [iter 719, tokens 2244415, elapsed_time 6787.66 ms, achieved FLOPS 444.85 TFLOPS, MFU 17.58%]: loss 4.104085                                                                                               
[06/04/26 15:18:41] INFO     [train] [iter 739, tokens 2244415, elapsed_time 6790.78 ms, achieved FLOPS 444.65 TFLOPS, MFU 17.57%]: loss 4.052669                                                                                               
[06/04/26 15:18:49] INFO     [train] [iter 759, tokens 2244415, elapsed_time 6790.82 ms, achieved FLOPS 444.64 TFLOPS, MFU 17.57%]: loss 4.016770                                                                                               
[06/04/26 15:18:56] INFO     [train] [iter 779, tokens 2244415, elapsed_time 6786.14 ms, achieved FLOPS 444.95 TFLOPS, MFU 17.58%]: loss 3.994398                                                                                               
[06/04/26 15:19:04] INFO     [train] [iter 799, tokens 2244415, elapsed_time 6792.07 ms, achieved FLOPS 444.56 TFLOPS, MFU 17.57%]: loss 3.985788                                                                                               
[06/04/26 15:19:12] INFO     [train] [iter 819, tokens 2244415, elapsed_time 6795.21 ms, achieved FLOPS 444.36 TFLOPS, MFU 17.56%]: loss 3.972622                                                                                               
[06/04/26 15:19:19] INFO     [train] [iter 839, tokens 2244415, elapsed_time 6797.85 ms, achieved FLOPS 444.18 TFLOPS, MFU 17.55%]: loss 3.972375                                                                                               
[06/04/26 15:19:27] INFO     [train] [iter 859, tokens 2244415, elapsed_time 6789.06 ms, achieved FLOPS 444.76 TFLOPS, MFU 17.58%]: loss 3.944307                                                                                               
[06/04/26 15:19:35] INFO     [train] [iter 879, tokens 2244415, elapsed_time 6791.64 ms, achieved FLOPS 444.59 TFLOPS, MFU 17.57%]: loss 3.899699                                                                                               
[06/04/26 15:19:43] INFO     [train] [iter 899, tokens 2244415, elapsed_time 6796.35 ms, achieved FLOPS 444.28 TFLOPS, MFU 17.56%]: loss 3.872304                                                                                               
[06/04/26 15:19:51] INFO     [train] [iter 919, tokens 2244415, elapsed_time 6788.00 ms, achieved FLOPS 444.83 TFLOPS, MFU 17.58%]: loss 3.880808                                                                                               
[06/04/26 15:19:58] INFO     [train] [iter 939, tokens 2244415, elapsed_time 6787.04 ms, achieved FLOPS 444.89 TFLOPS, MFU 17.58%]: loss 3.848063                                                                                               
[06/04/26 15:20:06] INFO     [train] [iter 959, tokens 2244415, elapsed_time 6806.08 ms, achieved FLOPS 443.65 TFLOPS, MFU 17.53%]: loss 3.829930                                                                                               
[06/04/26 15:20:14] INFO     [train] [iter 979, tokens 2244415, elapsed_time 6795.74 ms, achieved FLOPS 444.32 TFLOPS, MFU 17.56%]: loss 3.793135                                                                                               
[06/04/26 15:20:21] INFO     [train] [iter 999, tokens 2244415, elapsed_time 6795.03 ms, achieved FLOPS 444.37 TFLOPS, MFU 17.56%]: loss 3.729736                                                                                               
[rank0]:[W604 15:20:23.177760331 ProcessGroupNCCL.cpp:1553] Warning: WARNING: destroy_process_group() was not called before program exit, which can leak resources. For more info, please see https://pytorch.org/docs/stable/distributed.html#shutdown (function operator())
[rank1]:[W604 15:20:23.183958198 ProcessGroupNCCL.cpp:1553] Warning: WARNING: destroy_process_group() was not called before program exit, which can leak resources. For more info, please see https://pytorch.org/docs/stable/distributed.html#shutdown (function operator())
[rank3]:[W604 15:20:23.187214408 ProcessGroupNCCL.cpp:1553] Warning: WARNING: destroy_process_group() was not called before program exit, which can leak resources. For more info, please see https://pytorch.org/docs/stable/distributed.html#shutdown (function operator())
[rank2]:[W604 15:20:23.194335659 ProcessGroupNCCL.cpp:1553] Warning: WARNING: destroy_process_group() was not called before program exit, which can leak resources. For more info, please see https://pytorch.org/docs/stable/distributed.html#shutdown (function operator())
