/usr/bin/bash
[Asight]: WARNING: HGGC Backtrace is required for HGGC Python backtrace. Turning it on by default.
[Asight]: Profile executed.

[Asight]: The current collecting environment is PPU
[Asight]: CPU sampling is disabled because Ftrace is not available.
[Asight]: Host memory sampling is disabled because Ftrace is not available.
[Asight]: CPU backtrace is disabled because Perf is not available.
[Asight]: Start trace service, this may take a while...
[Asight]: Collecting data...
[Asight]: Starting target app: bash ./training/benchmark/scripts/run_single_experiment_local.sh exp2_cutlass --exp-args=--balanced_shuffler --kernel_backend cutlass --caching --ratio 0.1 --value_dist zipf --value_dist_alpha 1.05 --nproc=4 

[Asight]: Target application pid: 88284, pgrp:88284

==========================================
🚀 Running Experiment: exp2_cutlass
==========================================

Benchmark type:  e2e
Output dir:      /workspace/recsys-examples/examples/hstu/training/benchmark/results/e2e_20260608_180025/exp2_cutlass
GIN options:     --balanced_shuffler --kernel_backend cutlass --caching --ratio 0.1 --value_dist zipf --value_dist_alpha 1.05
GPUs:            4
NSYS Profiling:  DISABLED
==========================================

📝 Generating gin config file...
   Command: python /workspace/recsys-examples/examples/hstu/training/benchmark/scripts/generate_gin_config.py --balanced_shuffler --kernel_backend cutlass --caching --ratio 0.1 --value_dist zipf --value_dist_alpha 1.05 -o /workspace/recsys-examples/examples/hstu/training/benchmark/results/e2e_20260608_180025/exp2_cutlass/exp2_cutlass_20260608_180025.gin

# ============================================================================
# Generated Gin Config
#
# Optimizations:
#   - Attention Backend: cutlass
#   - Recompute LayerNorm: False
#   - Workload Balancer: Enabled
#   - DynamicEmb Caching: True
#   - Cache Ratio: 0.1
#   - Eviction Strategy: lru
#   - Pipeline: none
#   - Tensor Parallel: 1
# ============================================================================

# ===== Trainer Configuration =====
TrainerArgs.train_batch_size = 32
TrainerArgs.eval_batch_size = 32
TrainerArgs.log_interval = 20
TrainerArgs.eval_interval = 1001
TrainerArgs.max_train_iters = 1000
TrainerArgs.max_eval_iters = 50
TrainerArgs.seed = 1234
TrainerArgs.pipeline_type = 'none'
TrainerArgs.enable_balanced_shuffler = True  # Enable workload balancer

# Profiling, we need iteration later than num_generated_batches to make sure jit-compiled kernels are cached
TrainerArgs.profile = True
TrainerArgs.profile_step_start = 150
TrainerArgs.profile_step_end = 170

# Checkpoint
TrainerArgs.ckpt_save_dir = './checkpoints/generated_exp'
TrainerArgs.ckpt_save_interval = 999999999

# ===== Dataset Configuration =====
# Main sequence features (item + action)
item_and_action_feature/FeatureArgs.feature_names = ['item', 'action']
item_and_action_feature/FeatureArgs.max_sequence_length = 4096
item_and_action_feature/FeatureArgs.is_jagged = True
item_seqlen_dist/RandomDistribution.dist_type = 'zipf'
item_seqlen_dist/RandomDistribution.alpha = 1.2
item_seqlen_dist/RandomDistribution.low = 1 # 256 is the minimum sequence length
item_and_action_feature/FeatureArgs.seqlen_dist = @item_seqlen_dist/RandomDistribution()

# Item-ID value distribution: Zipf (long-tail)
item_value_dist/RandomDistribution.dist_type = 'zipf'
item_value_dist/RandomDistribution.alpha = 1.05
item_and_action_feature/FeatureArgs.value_dists = {
    'item': @item_value_dist/RandomDistribution(),
}
# Contextual Features (only 3)
user_contextual_features/FeatureArgs.feature_names = ['user_id', 'user_age']
user_contextual_features/FeatureArgs.max_sequence_length = 1
user_contextual_features/FeatureArgs.is_jagged = False
user_id_value_dist/RandomDistribution.dist_type = 'zipf'
user_id_value_dist/RandomDistribution.alpha = 1.05
user_contextual_features/FeatureArgs.value_dists = {
    'user_id': @user_id_value_dist/RandomDistribution(),
}

item_contextual_features/FeatureArgs.feature_names = ['item_category_l1']
item_contextual_features/FeatureArgs.max_sequence_length = 1
item_contextual_features/FeatureArgs.is_jagged = False

BenchmarkDatasetArgs.feature_args = [
    @item_and_action_feature/FeatureArgs(),
    @user_contextual_features/FeatureArgs(),
    @item_contextual_features/FeatureArgs(),
]

BenchmarkDatasetArgs.item_feature_name = 'item'
BenchmarkDatasetArgs.contextual_feature_names = [
    'user_id',
    'user_age',
    'item_category_l1',
]  # Total 3 contextual features
BenchmarkDatasetArgs.action_feature_name = 'action'
BenchmarkDatasetArgs.max_num_candidates = 0
BenchmarkDatasetArgs.num_generated_batches = 20

# ===== Embedding Configuration =====
# Item embedding (main ID)
item_embedding/DynamicEmbeddingArgs.feature_names = ['item']
item_embedding/DynamicEmbeddingArgs.table_name = 'item'
item_embedding/DynamicEmbeddingArgs.item_vocab_size_or_capacity = 50000000  # 50M
item_embedding/DynamicEmbeddingArgs.item_vocab_gpu_capacity_ratio = 0.1
item_embedding/DynamicEmbeddingArgs.evict_strategy = 'lru'
item_embedding/DynamicEmbeddingArgs.caching = True
item_embedding/DynamicEmbeddingArgs.dist_type = 'roundrobin'

# Action embedding
action_embedding/EmbeddingArgs.feature_names = ['action']
action_embedding/EmbeddingArgs.table_name = 'action'
action_embedding/EmbeddingArgs.item_vocab_size_or_capacity = 100
action_embedding/EmbeddingArgs.sharding_type = 'data_parallel'

# Contextual Feature Embeddings (3 total)
user_id_emb/DynamicEmbeddingArgs.feature_names = ['user_id']
user_id_emb/DynamicEmbeddingArgs.table_name = 'user_id'
user_id_emb/DynamicEmbeddingArgs.item_vocab_size_or_capacity = 50000000  # 50M
user_id_emb/DynamicEmbeddingArgs.item_vocab_gpu_capacity_ratio = 0.1
user_id_emb/DynamicEmbeddingArgs.evict_strategy = 'lru'
user_id_emb/DynamicEmbeddingArgs.caching = True
user_id_emb/DynamicEmbeddingArgs.dist_type = 'roundrobin'

user_age_emb/EmbeddingArgs.feature_names = ['user_age']
user_age_emb/EmbeddingArgs.table_name = 'user_age'
user_age_emb/EmbeddingArgs.item_vocab_size_or_capacity = 100
user_age_emb/EmbeddingArgs.sharding_type = 'data_parallel'

item_cat_l1_emb/EmbeddingArgs.feature_names = ['item_category_l1']
item_cat_l1_emb/EmbeddingArgs.table_name = 'item_category_l1'
item_cat_l1_emb/EmbeddingArgs.item_vocab_size_or_capacity = 50
item_cat_l1_emb/EmbeddingArgs.sharding_type = 'data_parallel'

# Aggregate all embedding configs (5 embedding tables total)
BenchmarkDatasetArgs.embedding_args = [
    @item_embedding/DynamicEmbeddingArgs(),
    @action_embedding/EmbeddingArgs(),
    @user_id_emb/DynamicEmbeddingArgs(),
    @user_age_emb/EmbeddingArgs(),
    @item_cat_l1_emb/EmbeddingArgs(),
]

# ===== Network Configuration =====
NetworkArgs.item_embedding_dim = 128
NetworkArgs.contextual_embedding_dim = 128  # Same as item_embedding_dim
NetworkArgs.num_layers = 8
NetworkArgs.num_attention_heads = 4
NetworkArgs.hidden_size = 1024
NetworkArgs.kv_channels = 256

# Kernel config
NetworkArgs.kernel_backend = 'cutlass'
NetworkArgs.recompute_input_layernorm = False
NetworkArgs.recompute_input_silu = False

# ===== Ranking Head =====
RankingArgs.prediction_head_arch = [512, 8]
RankingArgs.prediction_head_bias = True
RankingArgs.num_tasks = 8
RankingArgs.eval_metrics = ['auc']

# ===== Optimizer =====
OptimizerArgs.optimizer_str = 'adam'
OptimizerArgs.learning_rate = 1e-3
OptimizerArgs.adam_beta1 = 0.9
OptimizerArgs.adam_beta2 = 0.999
OptimizerArgs.adam_eps = 1e-8

# ===== Parallelism =====
TensorModelParallelArgs.tensor_model_parallel_size = 1


[0;32m✅ Config saved to: /workspace/recsys-examples/examples/hstu/training/benchmark/results/e2e_20260608_180025/exp2_cutlass/exp2_cutlass_20260608_180025.gin[0m

📝 Logging to: /workspace/recsys-examples/examples/hstu/training/benchmark/results/e2e_20260608_180025/exp2_cutlass/exp2_cutlass_20260608_180025.log
⏰ Started at: Mon Jun  8 18:00:29 CST 2026

W0608 18:00:33.244000 88510 site-packages/torch/distributed/run.py:803] 
W0608 18:00:33.244000 88510 site-packages/torch/distributed/run.py:803] *****************************************
W0608 18:00:33.244000 88510 site-packages/torch/distributed/run.py:803] Setting OMP_NUM_THREADS environment variable for each process to be 1 in default, to avoid your system being overloaded, please further tune the variable for optimal performance in your application as needed. 
W0608 18:00:33.244000 88510 site-packages/torch/distributed/run.py:803] *****************************************
WARNING:root:
            [33m
            _fbgemm_torch_compat_table has no entry for v1.4.0 of FBGEMM;
            cannot determine compatibility with PyTorch 2.9.0+ali.10.ppu2.0.0.cu129
            [0m
            
WARNING:root:
            [33m
            _fbgemm_torch_compat_table has no entry for v1.4.0 of FBGEMM;
            cannot determine compatibility with PyTorch 2.9.0+ali.10.ppu2.0.0.cu129
            [0m
            
WARNING:root:
            [33m
            _fbgemm_torch_compat_table has no entry for v1.4.0 of FBGEMM;
            cannot determine compatibility with PyTorch 2.9.0+ali.10.ppu2.0.0.cu129
            [0m
            
WARNING:root:
            [33m
            _fbgemm_torch_compat_table has no entry for v1.4.0 of FBGEMM;
            cannot determine compatibility with PyTorch 2.9.0+ali.10.ppu2.0.0.cu129
            [0m
            
WARNING:root:
            [33m
            _fbgemm_torch_compat_table has no entry for v1.4.0 of FBGEMM;
            cannot determine compatibility with PyTorch 2.9.0+ali.10.ppu2.0.0.cu129
            [0m
            
WARNING:root:
            [33m
            _fbgemm_torch_compat_table has no entry for v1.4.0 of FBGEMM;
            cannot determine compatibility with PyTorch 2.9.0+ali.10.ppu2.0.0.cu129
            [0m
            
WARNING:root:
            [33m
            _fbgemm_torch_compat_table has no entry for v1.4.0 of FBGEMM;
            cannot determine compatibility with PyTorch 2.9.0+ali.10.ppu2.0.0.cu129
            [0m
            
WARNING:root:
            [33m
            _fbgemm_torch_compat_table has no entry for v1.4.0 of FBGEMM;
            cannot determine compatibility with PyTorch 2.9.0+ali.10.ppu2.0.0.cu129
            [0m
            
WARNING:root:
            [33m
            _fbgemm_torch_compat_table has no entry for v1.4.0 of FBGEMM;
            cannot determine compatibility with PyTorch 2.9.0+ali.10.ppu2.0.0.cu129
            [0m
            
WARNING:root:
            [33m
            _fbgemm_torch_compat_table has no entry for v1.4.0 of FBGEMM;
            cannot determine compatibility with PyTorch 2.9.0+ali.10.ppu2.0.0.cu129
            [0m
            
WARNING:root:
            [33m
            _fbgemm_torch_compat_table has no entry for v1.4.0 of FBGEMM;
            cannot determine compatibility with PyTorch 2.9.0+ali.10.ppu2.0.0.cu129
            [0m
            
WARNING:root:
            [33m
            _fbgemm_torch_compat_table has no entry for v1.4.0 of FBGEMM;
            cannot determine compatibility with PyTorch 2.9.0+ali.10.ppu2.0.0.cu129
            [0m
            
WARNING:root:
            [33m
            _fbgemm_torch_compat_table has no entry for v1.4.0 of FBGEMM;
            cannot determine compatibility with PyTorch 2.9.0+ali.10.ppu2.0.0.cu129
            [0m
            
WARNING:root:
            [33m
            _fbgemm_torch_compat_table has no entry for v1.4.0 of FBGEMM;
            cannot determine compatibility with PyTorch 2.9.0+ali.10.ppu2.0.0.cu129
            [0m
            
WARNING:root:
            [33m
            _fbgemm_torch_compat_table has no entry for v1.4.0 of FBGEMM;
            cannot determine compatibility with PyTorch 2.9.0+ali.10.ppu2.0.0.cu129
            [0m
            
WARNING:root:
            [33m
            _fbgemm_torch_compat_table has no entry for v1.4.0 of FBGEMM;
            cannot determine compatibility with PyTorch 2.9.0+ali.10.ppu2.0.0.cu129
            [0m
            
WARNING:root:
            [33m
            _fbgemm_torch_compat_table has no entry for v1.4.0 of FBGEMM;
            cannot determine compatibility with PyTorch 2.9.0+ali.10.ppu2.0.0.cu129
            [0m
            
WARNING:root:
            [33m
            _fbgemm_torch_compat_table has no entry for v1.4.0 of FBGEMM;
            cannot determine compatibility with PyTorch 2.9.0+ali.10.ppu2.0.0.cu129
            [0m
            
WARNING:root:
            [33m
            _fbgemm_torch_compat_table has no entry for v1.4.0 of FBGEMM;
            cannot determine compatibility with PyTorch 2.9.0+ali.10.ppu2.0.0.cu129
            [0m
            
WARNING:root:
            [33m
            _fbgemm_torch_compat_table has no entry for v1.4.0 of FBGEMM;
            cannot determine compatibility with PyTorch 2.9.0+ali.10.ppu2.0.0.cu129
            [0m
            
WARNING:root:
            [33m
            _fbgemm_torch_compat_table has no entry for v1.4.0 of FBGEMM;
            cannot determine compatibility with PyTorch 2.9.0+ali.10.ppu2.0.0.cu129
            [0m
            
WARNING:root:
            [33m
            _fbgemm_torch_compat_table has no entry for v1.4.0 of FBGEMM;
            cannot determine compatibility with PyTorch 2.9.0+ali.10.ppu2.0.0.cu129
            [0m
            
WARNING:root:
            [33m
            _fbgemm_torch_compat_table has no entry for v1.4.0 of FBGEMM;
            cannot determine compatibility with PyTorch 2.9.0+ali.10.ppu2.0.0.cu129
            [0m
            
WARNING:root:
            [33m
            _fbgemm_torch_compat_table has no entry for v1.4.0 of FBGEMM;
            cannot determine compatibility with PyTorch 2.9.0+ali.10.ppu2.0.0.cu129
            [0m
            
WARNING:root:
            [33m
            _fbgemm_torch_compat_table has no entry for v1.4.0 of FBGEMM;
            cannot determine compatibility with PyTorch 2.9.0+ali.10.ppu2.0.0.cu129
            [0m
            
WARNING:root:
            [33m
            _fbgemm_torch_compat_table has no entry for v1.4.0 of FBGEMM;
            cannot determine compatibility with PyTorch 2.9.0+ali.10.ppu2.0.0.cu129
            [0m
            
WARNING:root:
            [33m
            _fbgemm_torch_compat_table has no entry for v1.4.0 of FBGEMM;
            cannot determine compatibility with PyTorch 2.9.0+ali.10.ppu2.0.0.cu129
            [0m
            
WARNING:root:
            [33m
            _fbgemm_torch_compat_table has no entry for v1.4.0 of FBGEMM;
            cannot determine compatibility with PyTorch 2.9.0+ali.10.ppu2.0.0.cu129
            [0m
            
WARNING:root:
            [33m
            _fbgemm_torch_compat_table has no entry for v1.4.0 of FBGEMM;
            cannot determine compatibility with PyTorch 2.9.0+ali.10.ppu2.0.0.cu129
            [0m
            
WARNING:root:
            [33m
            _fbgemm_torch_compat_table has no entry for v1.4.0 of FBGEMM;
            cannot determine compatibility with PyTorch 2.9.0+ali.10.ppu2.0.0.cu129
            [0m
            
WARNING:root:
            [33m
            _fbgemm_torch_compat_table has no entry for v1.4.0 of FBGEMM;
            cannot determine compatibility with PyTorch 2.9.0+ali.10.ppu2.0.0.cu129
            [0m
            
WARNING:root:
            [33m
            _fbgemm_torch_compat_table has no entry for v1.4.0 of FBGEMM;
            cannot determine compatibility with PyTorch 2.9.0+ali.10.ppu2.0.0.cu129
            [0m
            
WARNING:root:
            [33m
            _fbgemm_torch_compat_table has no entry for v1.4.0 of FBGEMM;
            cannot determine compatibility with PyTorch 2.9.0+ali.10.ppu2.0.0.cu129
            [0m
            
WARNING:root:
            [33m
            _fbgemm_torch_compat_table has no entry for v1.4.0 of FBGEMM;
            cannot determine compatibility with PyTorch 2.9.0+ali.10.ppu2.0.0.cu129
            [0m
            
WARNING:root:
            [33m
            _fbgemm_torch_compat_table has no entry for v1.4.0 of FBGEMM;
            cannot determine compatibility with PyTorch 2.9.0+ali.10.ppu2.0.0.cu129
            [0m
            
WARNING:root:
            [33m
            _fbgemm_torch_compat_table has no entry for v1.4.0 of FBGEMM;
            cannot determine compatibility with PyTorch 2.9.0+ali.10.ppu2.0.0.cu129
            [0m
            
WARNING:root:
            [33m
            _fbgemm_torch_compat_table has no entry for v1.4.0 of FBGEMM;
            cannot determine compatibility with PyTorch 2.9.0+ali.10.ppu2.0.0.cu129
            [0m
            
WARNING:root:
            [33m
            _fbgemm_torch_compat_table has no entry for v1.4.0 of FBGEMM;
            cannot determine compatibility with PyTorch 2.9.0+ali.10.ppu2.0.0.cu129
            [0m
            
WARNING:root:
            [33m
            _fbgemm_torch_compat_table has no entry for v1.4.0 of FBGEMM;
            cannot determine compatibility with PyTorch 2.9.0+ali.10.ppu2.0.0.cu129
            [0m
            
WARNING:root:
            [33m
            _fbgemm_torch_compat_table has no entry for v1.4.0 of FBGEMM;
            cannot determine compatibility with PyTorch 2.9.0+ali.10.ppu2.0.0.cu129
            [0m
            
WARNING:root:
            [33m
            _fbgemm_torch_compat_table has no entry for v1.4.0 of FBGEMM;
            cannot determine compatibility with PyTorch 2.9.0+ali.10.ppu2.0.0.cu129
            [0m
            
WARNING:root:
            [33m
            _fbgemm_torch_compat_table has no entry for v1.4.0 of FBGEMM;
            cannot determine compatibility with PyTorch 2.9.0+ali.10.ppu2.0.0.cu129
            [0m
            
WARNING:root:
            [33m
            _fbgemm_torch_compat_table has no entry for v1.4.0 of FBGEMM;
            cannot determine compatibility with PyTorch 2.9.0+ali.10.ppu2.0.0.cu129
            [0m
            
WARNING:root:
            [33m
            _fbgemm_torch_compat_table has no entry for v1.4.0 of FBGEMM;
            cannot determine compatibility with PyTorch 2.9.0+ali.10.ppu2.0.0.cu129
            [0m
            
WARNING:root:
            [33m
            _fbgemm_torch_compat_table has no entry for v1.4.0 of FBGEMM;
            cannot determine compatibility with PyTorch 2.9.0+ali.10.ppu2.0.0.cu129
            [0m
            
WARNING:root:
            [33m
            _fbgemm_torch_compat_table has no entry for v1.4.0 of FBGEMM;
            cannot determine compatibility with PyTorch 2.9.0+ali.10.ppu2.0.0.cu129
            [0m
            
WARNING:root:
            [33m
            _fbgemm_torch_compat_table has no entry for v1.4.0 of FBGEMM;
            cannot determine compatibility with PyTorch 2.9.0+ali.10.ppu2.0.0.cu129
            [0m
            
WARNING:root:
            [33m
            _fbgemm_torch_compat_table has no entry for v1.4.0 of FBGEMM;
            cannot determine compatibility with PyTorch 2.9.0+ali.10.ppu2.0.0.cu129
            [0m
            
WARNING:root:
            [33m
            _fbgemm_torch_compat_table has no entry for v1.4.0 of FBGEMM;
            cannot determine compatibility with PyTorch 2.9.0+ali.10.ppu2.0.0.cu129
            [0m
            
WARNING:root:
            [33m
            _fbgemm_torch_compat_table has no entry for v1.4.0 of FBGEMM;
            cannot determine compatibility with PyTorch 2.9.0+ali.10.ppu2.0.0.cu129
            [0m
            
WARNING:root:
            [33m
            _fbgemm_torch_compat_table has no entry for v1.4.0 of FBGEMM;
            cannot determine compatibility with PyTorch 2.9.0+ali.10.ppu2.0.0.cu129
            [0m
            
WARNING:root:
            [33m
            _fbgemm_torch_compat_table has no entry for v1.4.0 of FBGEMM;
            cannot determine compatibility with PyTorch 2.9.0+ali.10.ppu2.0.0.cu129
            [0m
            
WARNING: temporarily disabled some autotune configs for CUDA 12.8+
WARNING: temporarily disabled some autotune configs for CUDA 12.8+
WARNING: temporarily disabled some autotune configs for CUDA 12.8+
WARNING: temporarily disabled some autotune configs for CUDA 12.8+
model-performance-4ppu-7bd6d74d45-2wfsr accl-lite version: v1.1.159.gd143c23
model-performance-4ppu-7bd6d74d45-2wfsr accl-lite version: v1.1.159.gd143c23
model-performance-4ppu-7bd6d74d45-2wfsr accl-lite version: v1.1.159.gd143c23
model-performance-4ppu-7bd6d74d45-2wfsr accl-lite version: v1.1.159.gd143c23
[Gloo] Rank 0 is connected to 3 peer ranks. Expected number of connected peer ranks is : 3
[Gloo] Rank 1 is connected to 3 peer ranks. Expected number of connected peer ranks is : 3
[Gloo] Rank 3 is connected to 3 peer ranks. Expected number of connected peer ranks is : 3
[Gloo] Rank 2 is connected to 3 peer ranks. Expected number of connected peer ranks is : 3
[Gloo] Rank 0 is connected to 3 peer ranks. Expected number of connected peer ranks is : 3
[Gloo] Rank 2 is connected to 3 peer ranks. Expected number of connected peer ranks is : 3
[Gloo] Rank 1 is connected to 3 peer ranks. Expected number of connected peer ranks is : 3
[Gloo] Rank 3 is connected to 3 peer ranks. Expected number of connected peer ranks is : 3
[Gloo] Rank 0 is connected to 3 peer ranks. Expected number of connected peer ranks is : 3
[Gloo] Rank 2 is connected to 3 peer ranks. Expected number of connected peer ranks is : 3
[Gloo] Rank 1 is connected to 3 peer ranks. Expected number of connected peer ranks is : 3
[Gloo] Rank 3 is connected to 3 peer ranks. Expected number of connected peer ranks is : 3
[06/08/26 18:01:09] INFO     distributed env initialization done. Free cuda memory: 65914.14 MB                                                                                                                                                 
[rank2]:W0608 18:01:09.774000 88600 site-packages/torch/fx/_symbolic_trace.py:52] is_fx_tracing will return true for both fx.symbolic_trace and torch.export. Please use is_fx_tracing_symbolic_tracing() for specifically fx.symbolic_trace or torch.compiler.is_compiling() for specifically torch.export/compile.
[rank3]:W0608 18:01:09.780000 88608 site-packages/torch/fx/_symbolic_trace.py:52] is_fx_tracing will return true for both fx.symbolic_trace and torch.export. Please use is_fx_tracing_symbolic_tracing() for specifically fx.symbolic_trace or torch.compiler.is_compiling() for specifically torch.export/compile.
[rank0]:W0608 18:01:09.815000 88585 site-packages/torch/fx/_symbolic_trace.py:52] is_fx_tracing will return true for both fx.symbolic_trace and torch.export. Please use is_fx_tracing_symbolic_tracing() for specifically fx.symbolic_trace or torch.compiler.is_compiling() for specifically torch.export/compile.
[rank1]:W0608 18:01:09.815000 88593 site-packages/torch/fx/_symbolic_trace.py:52] is_fx_tracing will return true for both fx.symbolic_trace and torch.export. Please use is_fx_tracing_symbolic_tracing() for specifically fx.symbolic_trace or torch.compiler.is_compiling() for specifically torch.export/compile.
WARNING:megatron.core.tensor_parallel.random:CPU RNG state changed within GPU RNG context
WARNING:megatron.core.tensor_parallel.random:CPU RNG state changed within GPU RNG context
WARNING:megatron.core.tensor_parallel.random:CPU RNG state changed within GPU RNG context
WARNING:megatron.core.tensor_parallel.random:CPU RNG state changed within GPU RNG context


Storage layout: Caching (HBM cache + Host full backing; HBM rows duplicate Host)
--------------------+---------+-----------+-----------+---------------------
        tier        |  table  |  init(MB) |  peak(MB) |   emb/opt peak(MB)  
--------------------+---------+-----------+-----------+---------------------
hbm cache/cuda:3    | item    | 14653.5   | 14648.438 | 4882.812 / 9765.625 
                    | user_id | 14653.5   | 14648.438 | 4882.812 / 9765.625 
                    | --------+-----------+-----------+---------------------
                    | TOTAL   | 29307     | 29296.875 | 9765.625 / 19531.25 
--------------------+---------+-----------+-----------+---------------------
host backing (full) | item    | 18310.688 | 18310.688 | 6103.562 / 12207.125
                    | user_id | 18310.688 | 18310.688 | 6103.562 / 12207.125
                    | --------+-----------+-----------+---------------------
                    | TOTAL   | 36621.375 | 36621.375 | 12207.125 / 24414.25
--------------------+---------+-----------+-----------+---------------------
Note: HBM cache rows duplicate backing rows; total memory ≈ HBM cache + Host/PS backing (no subtract).


Storage layout: Caching (HBM cache + Host full backing; HBM rows duplicate Host)
--------------------+---------+-----------+-----------+---------------------
        tier        |  table  |  init(MB) |  peak(MB) |   emb/opt peak(MB)  
--------------------+---------+-----------+-----------+---------------------
hbm cache/cuda:0    | item    | 14653.5   | 14648.438 | 4882.812 / 9765.625 
                    | user_id | 14653.5   | 14648.438 | 4882.812 / 9765.625 
                    | --------+-----------+-----------+---------------------
                    | TOTAL   | 29307     | 29296.875 | 9765.625 / 19531.25 
--------------------+---------+-----------+-----------+---------------------
host backing (full) | item    | 18310.688 | 18310.688 | 6103.562 / 12207.125
                    | user_id | 18310.688 | 18310.688 | 6103.562 / 12207.125
                    | --------+-----------+-----------+---------------------
                    | TOTAL   | 36621.375 | 36621.375 | 12207.125 / 24414.25
--------------------+---------+-----------+-----------+---------------------
Note: HBM cache rows duplicate backing rows; total memory ≈ HBM cache + Host/PS backing (no subtract).


Storage layout: Caching (HBM cache + Host full backing; HBM rows duplicate Host)
--------------------+---------+-----------+-----------+---------------------
        tier        |  table  |  init(MB) |  peak(MB) |   emb/opt peak(MB)  
--------------------+---------+-----------+-----------+---------------------
hbm cache/cuda:1    | item    | 14653.5   | 14648.438 | 4882.812 / 9765.625 
                    | user_id | 14653.5   | 14648.438 | 4882.812 / 9765.625 
                    | --------+-----------+-----------+---------------------
                    | TOTAL   | 29307     | 29296.875 | 9765.625 / 19531.25 
--------------------+---------+-----------+-----------+---------------------
host backing (full) | item    | 18310.688 | 18310.688 | 6103.562 / 12207.125
                    | user_id | 18310.688 | 18310.688 | 6103.562 / 12207.125
                    | --------+-----------+-----------+---------------------
                    | TOTAL   | 36621.375 | 36621.375 | 12207.125 / 24414.25
--------------------+---------+-----------+-----------+---------------------
Note: HBM cache rows duplicate backing rows; total memory ≈ HBM cache + Host/PS backing (no subtract).


Storage layout: Caching (HBM cache + Host full backing; HBM rows duplicate Host)
--------------------+---------+-----------+-----------+---------------------
        tier        |  table  |  init(MB) |  peak(MB) |   emb/opt peak(MB)  
--------------------+---------+-----------+-----------+---------------------
hbm cache/cuda:2    | item    | 14653.5   | 14648.438 | 4882.812 / 9765.625 
                    | user_id | 14653.5   | 14648.438 | 4882.812 / 9765.625 
                    | --------+-----------+-----------+---------------------
                    | TOTAL   | 29307     | 29296.875 | 9765.625 / 19531.25 
--------------------+---------+-----------+-----------+---------------------
host backing (full) | item    | 18310.688 | 18310.688 | 6103.562 / 12207.125
                    | user_id | 18310.688 | 18310.688 | 6103.562 / 12207.125
                    | --------+-----------+-----------+---------------------
                    | TOTAL   | 36621.375 | 36621.375 | 12207.125 / 24414.25
--------------------+---------+-----------+-----------+---------------------
Note: HBM cache rows duplicate backing rows; total memory ≈ HBM cache + Host/PS backing (no subtract).
WARNING:torchrec.distributed.utils:Sharding Type is data_parallel, caching params will be ignored
WARNING:torchrec.distributed.utils:Sharding Type is data_parallel, caching params will be ignored
WARNING:torchrec.distributed.utils:Sharding Type is data_parallel, caching params will be ignored
WARNING:torchrec.distributed.utils:Sharding Type is data_parallel, caching params will be ignored
WARNING:torchrec.distributed.utils:Sharding Type is data_parallel, caching params will be ignored
WARNING:torchrec.distributed.utils:Sharding Type is data_parallel, caching params will be ignored
WARNING:torchrec.distributed.utils:Sharding Type is data_parallel, caching params will be ignored
WARNING:torchrec.distributed.utils:Sharding Type is data_parallel, caching params will be ignored
WARNING:torchrec.distributed.utils:Sharding Type is data_parallel, caching params will be ignored
WARNING:torchrec.distributed.utils:Sharding Type is data_parallel, caching params will be ignored
WARNING:torchrec.distributed.utils:Sharding Type is data_parallel, caching params will be ignored
WARNING:torchrec.distributed.utils:Sharding Type is data_parallel, caching params will be ignored
[06/08/26 18:02:27] INFO     model initialization done, start training. Free cuda memory: 15045.06 MB                                                                                                                                           
[06/08/26 18:02:29] INFO     fill_tables done for ['item', 'user_id']                                                                                                                                                                           
[2026-06-08 18:02:31:851061][ALINPU INFO]: [/job_3904634/source/acompute/include/accontext.hpp:176][34m ACOMPUTE: [device caps] dev=3, name=PPU-ZW810E, sm8.0, smem=256KB, num_of_sm=64, freq_of_sm=1700MHz[0m
[2026-06-08 18:02:31:910285][ALINPU INFO]: [/job_3904634/source/acompute/include/accontext.hpp:176][34m ACOMPUTE: [device caps] dev=1, name=PPU-ZW810E, sm8.0, smem=256KB, num_of_sm=64, freq_of_sm=1700MHz[0m
[2026-06-08 18:02:31:923028][ALINPU INFO]: [/job_3904634/source/acompute/include/accontext.hpp:176][34m ACOMPUTE: [device caps] dev=2, name=PPU-ZW810E, sm8.0, smem=256KB, num_of_sm=64, freq_of_sm=1700MHz[0m
[2026-06-08 18:02:32:81739][ALINPU INFO]: [/job_3904634/source/acompute/include/accontext.hpp:176][34m ACOMPUTE: [device caps] dev=0, name=PPU-ZW810E, sm8.0, smem=256KB, num_of_sm=64, freq_of_sm=1700MHz[0m
[rank3]: Traceback (most recent call last):
[rank3]:   File "/workspace/recsys-examples/examples/hstu/training/pretrain_gr_ranking.py", line 203, in <module>
[rank3]:     main()
[rank3]:   File "/workspace/recsys-examples/examples/hstu/training/pretrain_gr_ranking.py", line 191, in main
[rank3]:     train_with_pipeline(
[rank3]:   File "/workspace/recsys-examples/examples/hstu/training/trainer/training.py", line 204, in train_with_pipeline
[rank3]:     ) = pipeline.progress(batched_iterator)
[rank3]:         ^^^^^^^^^^^^^^^^^^^^^^^^^^^^^^^^^^^
[rank3]:   File "/workspace/recsys-examples/examples/commons/pipeline/train_pipeline.py", line 1067, in progress
[rank3]:     (local_loss_sum * dp_size / global_tokens).backward()
[rank3]:   File "/opt/ac2/lib/python3.12/site-packages/torch/_tensor.py", line 625, in backward
[rank3]:     torch.autograd.backward(
[rank3]:   File "/opt/ac2/lib/python3.12/site-packages/torch/autograd/__init__.py", line 354, in backward
[rank3]:     _engine_run_backward(
[rank3]:   File "/opt/ac2/lib/python3.12/site-packages/torch/autograd/graph.py", line 841, in _engine_run_backward
[rank3]:     return Variable._execution_engine.run_backward(  # Calls into the C++ engine to run the backward pass
[rank3]:            ^^^^^^^^^^^^^^^^^^^^^^^^^^^^^^^^^^^^^^^^^^^^^^^^^^^^^^^^^^^^^^^^^^^^^^^^^^^^^^^^^^^^^^^^^^^^^^
[rank3]:   File "/opt/ac2/lib/python3.12/site-packages/torch/autograd/function.py", line 315, in apply
[rank3]:     return user_fn(self, *args)
[rank3]:            ^^^^^^^^^^^^^^^^^^^^
[rank3]:   File "/workspace/recsys-examples/examples/hstu/ops/fused_hstu_op.py", line 938, in backward
[rank3]:     ) = _ln_linear_silu_bwd(
[rank3]:         ^^^^^^^^^^^^^^^^^^^^
[rank3]:   File "/workspace/recsys-examples/examples/hstu/ops/fused_hstu_op.py", line 781, in _ln_linear_silu_bwd
[rank3]:     ) = triton_addmm_silu_bwd(
[rank3]:         ^^^^^^^^^^^^^^^^^^^^^^
[rank3]:   File "/workspace/recsys-examples/examples/hstu/ops/triton_ops/triton_addmm.py", line 291, in triton_addmm_silu_bwd
[rank3]:     dy = torch.sum(dz, dim=0)
[rank3]:          ^^^^^^^^^^^^^^^^^^^^
[rank3]: torch.OutOfMemoryError: CUDA out of memory. Tried to allocate 124.00 MiB. GPU 3 has a total capacity of 95.62 GiB of which 70.66 MiB is free. Process 122425 has 49.42 GiB memory in use. Process 122458 has 45.48 GiB memory in use. Of the allocated memory 14.57 GiB is allocated by PyTorch, and 380.42 MiB is reserved by PyTorch but unallocated. If reserved but unallocated memory is large try setting PYTORCH_CUDA_ALLOC_CONF=expandable_segments:True to avoid fragmentation.  See documentation for Memory Management  (https://pytorch.org/docs/stable/notes/cuda.html#environment-variables)
[rank3]:[W608 18:03:07.731306620 ProcessGroupNCCL.cpp:1528] Warning: WARNING: destroy_process_group() was not called before program exit, which can leak resources. For more info, please see https://pytorch.org/docs/stable/distributed.html#shutdown (function operator())
W0608 18:03:14.299000 88510 site-packages/torch/distributed/elastic/multiprocessing/api.py:908] Sending process 88585 closing signal SIGTERM
W0608 18:03:14.303000 88510 site-packages/torch/distributed/elastic/multiprocessing/api.py:908] Sending process 88593 closing signal SIGTERM
W0608 18:03:14.306000 88510 site-packages/torch/distributed/elastic/multiprocessing/api.py:908] Sending process 88600 closing signal SIGTERM
E0608 18:03:28.499000 88510 site-packages/torch/distributed/elastic/multiprocessing/api.py:882] failed (exitcode: 1) local_rank: 3 (pid: 88608) of binary: /opt/ac2/bin/python
Traceback (most recent call last):
  File "/opt/ac2/bin/torchrun", line 33, in <module>
    sys.exit(load_entry_point('torch==2.9.0+ali.10.ppu2.0.0.cu129', 'console_scripts', 'torchrun')())
             ^^^^^^^^^^^^^^^^^^^^^^^^^^^^^^^^^^^^^^^^^^^^^^^^^^^^^^^^^^^^^^^^^^^^^^^^^^^^^^^^^^^^^^^
  File "/opt/ac2/lib/python3.12/site-packages/torch/distributed/elastic/multiprocessing/errors/__init__.py", line 357, in wrapper
    return f(*args, **kwargs)
           ^^^^^^^^^^^^^^^^^^
  File "/opt/ac2/lib/python3.12/site-packages/torch/distributed/run.py", line 936, in main
    run(args)
  File "/opt/ac2/lib/python3.12/site-packages/torch/distributed/run.py", line 927, in run
    elastic_launch(
  File "/opt/ac2/lib/python3.12/site-packages/torch/distributed/launcher/api.py", line 156, in __call__
    return launch_agent(self._config, self._entrypoint, list(args))
           ^^^^^^^^^^^^^^^^^^^^^^^^^^^^^^^^^^^^^^^^^^^^^^^^^^^^^^^^
  File "/opt/ac2/lib/python3.12/site-packages/torch/distributed/launcher/api.py", line 293, in launch_agent
    raise ChildFailedError(
torch.distributed.elastic.multiprocessing.errors.ChildFailedError: 
============================================================
training/pretrain_gr_ranking.py FAILED
------------------------------------------------------------
Failures:
  <NO_OTHER_FAILURES>
------------------------------------------------------------
Root Cause (first observed failure):
[0]:
  time      : 2026-06-08_18:03:14
  host      : model-performance-4ppu-7bd6d74d45-2wfsr
  rank      : 3 (local_rank: 3)
  exitcode  : 1 (pid: 88608)
  error_file: <N/A>
  traceback : To enable traceback see: https://pytorch.org/docs/stable/elastic/errors.html
============================================================
[Asight]: All target application created processes are terminated.
[Asight]: Processing final trace data, this may take a while... 0%                                                                       [Asight]: Processing final trace data finish.
Processing [======================================================================] 100 %
[Asight]: Trace written into the output file: /workspace/recsys-examples/examples/hstu/logs/h20-ppu-training-0608-1800.asysrep

