============================================
  HSTU E2E Benchmark
  GPUs:      8
  Log file:  /wang/benchmark_logs/benchmark_20260622_153251.log
  Started:   Mon Jun 22 15:32:52 CST 2026
============================================

[1/3] Preparing repository ...
  -> Repository already exists at /wang/recsys-examples

[2/3] Setting up dependencies ...
  -> Installing lightning_utilities for torchmetrics ...
Requirement already satisfied: typing_extensions in /opt/ac2/lib/python3.12/site-packages (from lightning_utilities) (4.15.0)
Installing collected packages: lightning_utilities
Successfully installed lightning_utilities-0.15.3
============================================
  HSTU Training Setup
  Repo root: /wang/recsys-examples
============================================

[1/7] Installing prerequisite packages ...
      Successfully uninstalled urllib3-2.6.3

Successfully installed docker-7.1.0 gin-config-0.5.0 nvtx-0.2.15 pyre-extensions-0.0.32 torchx-0.7.0 typing-inspect-0.9.0 urllib3-1.26.20
  -> WARNING: megatron-core not found. Please install it for your environment.
  -> Prerequisites done.

[2/7] Installing dynamicemb ...
Looking in indexes: https://aiext-pypi.mirrors.aliyuncs.com/pg1-pip/ubuntu_cu128/simple/
Processing ./.
  Preparing metadata (pyproject.toml): started
  Preparing metadata (pyproject.toml): finished with status 'error'
  error: subprocess-exited-with-error
  
  × Preparing metadata (pyproject.toml) did not run successfully.
  │ exit code: 1
  ╰─> [30 lines of output]
      WARNING: Skipping dynamicemb as it is not installed.
      Looking in indexes: https://aiext-pypi.mirrors.aliyuncs.com/pg1-pip/ubuntu_cu128/simple/
      Collecting ordered-set
        Downloading https://aiext-pypi.mirrors.aliyuncs.com/pg1-pip/ubuntu_cu128/packages/33/55/af02708f230eb77084a299d7b08175cff006dea4f2721074b92cdb0296c0/ordered_set-4.1.0-py3-none-any.whl (7.6 kB)
      Installing collected packages: ordered-set
      Successfully installed ordered-set-4.1.0
      Traceback (most recent call last):
        File "<string>", line 44, in check_torchrec_version
      ModuleNotFoundError: No module named 'torchrec'
      
      During handling of the above exception, another exception occurred:
      
      Traceback (most recent call last):
        File "/opt/ac2/lib/python3.12/site-packages/pip/_vendor/pyproject_hooks/_in_process/_in_process.py", line 389, in <module>
          main()
        File "/opt/ac2/lib/python3.12/site-packages/pip/_vendor/pyproject_hooks/_in_process/_in_process.py", line 373, in main
          json_out["return_val"] = hook(**hook_input["kwargs"])
                                   ^^^^^^^^^^^^^^^^^^^^^^^^^^^^
        File "/opt/ac2/lib/python3.12/site-packages/pip/_vendor/pyproject_hooks/_in_process/_in_process.py", line 175, in prepare_metadata_for_build_wheel
          return hook(metadata_directory, config_settings)
                 ^^^^^^^^^^^^^^^^^^^^^^^^^^^^^^^^^^^^^^^^^
        File "/opt/ac2/lib/python3.12/site-packages/setuptools/build_meta.py", line 366, in prepare_metadata_for_build_wheel
          self.run_setup()
        File "/opt/ac2/lib/python3.12/site-packages/setuptools/build_meta.py", line 487, in run_setup
          super().run_setup(setup_script=setup_script)
        File "/opt/ac2/lib/python3.12/site-packages/setuptools/build_meta.py", line 311, in run_setup
          exec(code, locals())
        File "<string>", line 79, in <module>
        File "<string>", line 55, in check_torchrec_version
      RuntimeError: torchrec is not installed.
      [end of output]
  
  note: This error originates from a subprocess, and is likely not a problem with pip.
error: metadata-generation-failed

× Encountered error while generating package metadata.
╰─> from file:///wang/recsys-examples/corelib/dynamicemb

note: This is an issue with the package mentioned above, not pip.
hint: See above for details.
