==========================================
🚀 Running Experiment: exp2_cutlass
==========================================

Benchmark type:  e2e
Output dir:      /wang/recsys-examples/examples/hstu/training/benchmark/results/e2e_20260622_230126/exp2_cutlass
GIN options:     --balanced_shuffler --kernel_backend cutlass --caching --ratio 0.1                 --value_dist zipf --value_dist_alpha 1.05
GPUs:            8
NSYS Profiling:  DISABLED
==========================================

📝 Generating gin config file...
   Command: python /wang/recsys-examples/examples/hstu/training/benchmark/scripts/generate_gin_config.py --balanced_shuffler --kernel_backend cutlass --caching --ratio 0.1                 --value_dist zipf --value_dist_alpha 1.05 -o /wang/recsys-examples/examples/hstu/training/benchmark/results/e2e_20260622_230126/exp2_cutlass/exp2_cutlass_20260622_230126.gin

# ============================================================================
# Generated Gin Config
#
# Optimizations:
#   - Attention Backend: cutlass
#   - Recompute LayerNorm: False
#   - Workload Balancer: Enabled
#   - DynamicEmb Caching: True
#   - Cache Ratio: 0.1
#   - Eviction Strategy: lru
#   - Pipeline: none
#   - Tensor Parallel: 1
#   - Attention Heads: 4
#   - KV Channels: 256
#   - Contextual Features: Omitted
# ============================================================================

# ===== Trainer Configuration =====
TrainerArgs.train_batch_size = 32
TrainerArgs.eval_batch_size = 32
TrainerArgs.log_interval = 20
TrainerArgs.eval_interval = 1001
TrainerArgs.max_train_iters = 1000
TrainerArgs.max_eval_iters = 50
TrainerArgs.seed = 1234
TrainerArgs.pipeline_type = 'none'
TrainerArgs.enable_balanced_shuffler = True  # Enable workload balancer

# Profiling, we need iteration later than num_generated_batches to make sure jit-compiled kernels are cached
TrainerArgs.profile = True
TrainerArgs.profile_step_start = 150
TrainerArgs.profile_step_end = 170

# Checkpoint
TrainerArgs.ckpt_save_dir = './checkpoints/generated_exp'
TrainerArgs.ckpt_save_interval = 999999999

# ===== Dataset Configuration =====
# Main sequence features (item + action)
item_and_action_feature/FeatureArgs.feature_names = ['item', 'action']
item_and_action_feature/FeatureArgs.max_sequence_length = 4096
item_and_action_feature/FeatureArgs.is_jagged = True
item_seqlen_dist/RandomDistribution.dist_type = 'zipf'
item_seqlen_dist/RandomDistribution.alpha = 1.2
item_seqlen_dist/RandomDistribution.low = 1 # 256 is the minimum sequence length
item_and_action_feature/FeatureArgs.seqlen_dist = @item_seqlen_dist/RandomDistribution()

# Item-ID value distribution: Zipf (long-tail)
item_value_dist/RandomDistribution.dist_type = 'zipf'
item_value_dist/RandomDistribution.alpha = 1.05
item_and_action_feature/FeatureArgs.value_dists = {
    'item': @item_value_dist/RandomDistribution(),
}
# Contextual features are omitted. Pass --include-contextual to generate contextual features and embedding tables.

BenchmarkDatasetArgs.feature_args = [
    @item_and_action_feature/FeatureArgs(),

]

BenchmarkDatasetArgs.item_feature_name = 'item'
BenchmarkDatasetArgs.contextual_feature_names = []
BenchmarkDatasetArgs.action_feature_name = 'action'
BenchmarkDatasetArgs.max_num_candidates = 0
BenchmarkDatasetArgs.num_generated_batches = 20

# ===== Embedding Configuration =====
# Item embedding (main ID)
item_embedding/DynamicEmbeddingArgs.feature_names = ['item']
item_embedding/DynamicEmbeddingArgs.table_name = 'item'
item_embedding/DynamicEmbeddingArgs.item_vocab_size_or_capacity = 50000000  # 50M
item_embedding/DynamicEmbeddingArgs.item_vocab_gpu_capacity_ratio = 0.1
item_embedding/DynamicEmbeddingArgs.evict_strategy = 'lru'
item_embedding/DynamicEmbeddingArgs.caching = True
item_embedding/DynamicEmbeddingArgs.dist_type = 'roundrobin'

# Action embedding
action_embedding/EmbeddingArgs.feature_names = ['action']
action_embedding/EmbeddingArgs.table_name = 'action'
action_embedding/EmbeddingArgs.item_vocab_size_or_capacity = 100
action_embedding/EmbeddingArgs.sharding_type = 'data_parallel'


# Aggregate all embedding configs (2 embedding tables total)
BenchmarkDatasetArgs.embedding_args = [
    @item_embedding/DynamicEmbeddingArgs(),
    @action_embedding/EmbeddingArgs(),

]

# ===== Network Configuration =====
NetworkArgs.item_embedding_dim = 128
NetworkArgs.contextual_embedding_dim = 128  # Same as item_embedding_dim
NetworkArgs.num_layers = 8
NetworkArgs.num_attention_heads = 4
NetworkArgs.hidden_size = 1024
NetworkArgs.kv_channels = 256

# Kernel config
NetworkArgs.kernel_backend = 'cutlass'
NetworkArgs.recompute_input_layernorm = False
NetworkArgs.recompute_input_silu = False

# ===== Ranking Head =====
RankingArgs.prediction_head_arch = [512, 8]
RankingArgs.prediction_head_bias = True
RankingArgs.num_tasks = 8
RankingArgs.eval_metrics = ['auc']

# ===== Optimizer =====
OptimizerArgs.optimizer_str = 'adam'
OptimizerArgs.learning_rate = 1e-3
OptimizerArgs.adam_beta1 = 0.9
OptimizerArgs.adam_beta2 = 0.999
OptimizerArgs.adam_eps = 1e-8

# ===== Parallelism =====
TensorModelParallelArgs.tensor_model_parallel_size = 1


[0;32m✅ Config saved to: /wang/recsys-examples/examples/hstu/training/benchmark/results/e2e_20260622_230126/exp2_cutlass/exp2_cutlass_20260622_230126.gin[0m

📝 Logging to: /wang/recsys-examples/examples/hstu/training/benchmark/results/e2e_20260622_230126/exp2_cutlass/exp2_cutlass_20260622_230126.log
⏰ Started at: Mon Jun 22 23:01:29 CST 2026

W0622 23:01:30.945000 217472 site-packages/torch/distributed/run.py:803] 
W0622 23:01:30.945000 217472 site-packages/torch/distributed/run.py:803] *****************************************
W0622 23:01:30.945000 217472 site-packages/torch/distributed/run.py:803] Setting OMP_NUM_THREADS environment variable for each process to be 1 in default, to avoid your system being overloaded, please further tune the variable for optimal performance in your application as needed. 
W0622 23:01:30.945000 217472 site-packages/torch/distributed/run.py:803] *****************************************
WARNING:root:
            [33m
            _fbgemm_torch_compat_table has no entry for v1.4.0 of FBGEMM;
            cannot determine compatibility with PyTorch 2.9.0+ali.10.ppu2.0.0.cu129
            [0m
            
WARNING:root:
            [33m
            _fbgemm_torch_compat_table has no entry for v1.4.0 of FBGEMM;
            cannot determine compatibility with PyTorch 2.9.0+ali.10.ppu2.0.0.cu129
            [0m
            
WARNING:root:
            [33m
            _fbgemm_torch_compat_table has no entry for v1.4.0 of FBGEMM;
            cannot determine compatibility with PyTorch 2.9.0+ali.10.ppu2.0.0.cu129
            [0m
            
WARNING:root:
            [33m
            _fbgemm_torch_compat_table has no entry for v1.4.0 of FBGEMM;
            cannot determine compatibility with PyTorch 2.9.0+ali.10.ppu2.0.0.cu129
            [0m
            
WARNING:root:
            [33m
            _fbgemm_torch_compat_table has no entry for v1.4.0 of FBGEMM;
            cannot determine compatibility with PyTorch 2.9.0+ali.10.ppu2.0.0.cu129
            [0m
            
WARNING:root:
            [33m
            _fbgemm_torch_compat_table has no entry for v1.4.0 of FBGEMM;
            cannot determine compatibility with PyTorch 2.9.0+ali.10.ppu2.0.0.cu129
            [0m
            
WARNING:root:
            [33m
            _fbgemm_torch_compat_table has no entry for v1.4.0 of FBGEMM;
            cannot determine compatibility with PyTorch 2.9.0+ali.10.ppu2.0.0.cu129
            [0m
            
WARNING:root:
            [33m
            _fbgemm_torch_compat_table has no entry for v1.4.0 of FBGEMM;
            cannot determine compatibility with PyTorch 2.9.0+ali.10.ppu2.0.0.cu129
            [0m
            
WARNING:root:
            [33m
            _fbgemm_torch_compat_table has no entry for v1.4.0 of FBGEMM;
            cannot determine compatibility with PyTorch 2.9.0+ali.10.ppu2.0.0.cu129
            [0m
            
WARNING:root:
            [33m
            _fbgemm_torch_compat_table has no entry for v1.4.0 of FBGEMM;
            cannot determine compatibility with PyTorch 2.9.0+ali.10.ppu2.0.0.cu129
            [0m
            
WARNING:root:
            [33m
            _fbgemm_torch_compat_table has no entry for v1.4.0 of FBGEMM;
            cannot determine compatibility with PyTorch 2.9.0+ali.10.ppu2.0.0.cu129
            [0m
            
WARNING:root:
            [33m
            _fbgemm_torch_compat_table has no entry for v1.4.0 of FBGEMM;
            cannot determine compatibility with PyTorch 2.9.0+ali.10.ppu2.0.0.cu129
            [0m
            
WARNING:root:
            [33m
            _fbgemm_torch_compat_table has no entry for v1.4.0 of FBGEMM;
            cannot determine compatibility with PyTorch 2.9.0+ali.10.ppu2.0.0.cu129
            [0m
            
WARNING:root:
            [33m
            _fbgemm_torch_compat_table has no entry for v1.4.0 of FBGEMM;
            cannot determine compatibility with PyTorch 2.9.0+ali.10.ppu2.0.0.cu129
            [0m
            
WARNING:root:
            [33m
            _fbgemm_torch_compat_table has no entry for v1.4.0 of FBGEMM;
            cannot determine compatibility with PyTorch 2.9.0+ali.10.ppu2.0.0.cu129
            [0m
            
WARNING:root:
            [33m
            _fbgemm_torch_compat_table has no entry for v1.4.0 of FBGEMM;
            cannot determine compatibility with PyTorch 2.9.0+ali.10.ppu2.0.0.cu129
            [0m
            
WARNING:root:
            [33m
            _fbgemm_torch_compat_table has no entry for v1.4.0 of FBGEMM;
            cannot determine compatibility with PyTorch 2.9.0+ali.10.ppu2.0.0.cu129
            [0m
            
WARNING:root:
            [33m
            _fbgemm_torch_compat_table has no entry for v1.4.0 of FBGEMM;
            cannot determine compatibility with PyTorch 2.9.0+ali.10.ppu2.0.0.cu129
            [0m
            
WARNING:root:
            [33m
            _fbgemm_torch_compat_table has no entry for v1.4.0 of FBGEMM;
            cannot determine compatibility with PyTorch 2.9.0+ali.10.ppu2.0.0.cu129
            [0m
            
WARNING:root:
            [33m
            _fbgemm_torch_compat_table has no entry for v1.4.0 of FBGEMM;
            cannot determine compatibility with PyTorch 2.9.0+ali.10.ppu2.0.0.cu129
            [0m
            
WARNING:root:
            [33m
            _fbgemm_torch_compat_table has no entry for v1.4.0 of FBGEMM;
            cannot determine compatibility with PyTorch 2.9.0+ali.10.ppu2.0.0.cu129
            [0m
            
WARNING:root:
            [33m
            _fbgemm_torch_compat_table has no entry for v1.4.0 of FBGEMM;
            cannot determine compatibility with PyTorch 2.9.0+ali.10.ppu2.0.0.cu129
            [0m
            
WARNING:root:
            [33m
            _fbgemm_torch_compat_table has no entry for v1.4.0 of FBGEMM;
            cannot determine compatibility with PyTorch 2.9.0+ali.10.ppu2.0.0.cu129
            [0m
            
WARNING:root:
            [33m
            _fbgemm_torch_compat_table has no entry for v1.4.0 of FBGEMM;
            cannot determine compatibility with PyTorch 2.9.0+ali.10.ppu2.0.0.cu129
            [0m
            
WARNING:root:
            [33m
            _fbgemm_torch_compat_table has no entry for v1.4.0 of FBGEMM;
            cannot determine compatibility with PyTorch 2.9.0+ali.10.ppu2.0.0.cu129
            [0m
            
WARNING:root:
            [33m
            _fbgemm_torch_compat_table has no entry for v1.4.0 of FBGEMM;
            cannot determine compatibility with PyTorch 2.9.0+ali.10.ppu2.0.0.cu129
            [0m
            
WARNING:root:
            [33m
            _fbgemm_torch_compat_table has no entry for v1.4.0 of FBGEMM;
            cannot determine compatibility with PyTorch 2.9.0+ali.10.ppu2.0.0.cu129
            [0m
            
WARNING:root:
            [33m
            _fbgemm_torch_compat_table has no entry for v1.4.0 of FBGEMM;
            cannot determine compatibility with PyTorch 2.9.0+ali.10.ppu2.0.0.cu129
            [0m
            
WARNING:root:
            [33m
            _fbgemm_torch_compat_table has no entry for v1.4.0 of FBGEMM;
            cannot determine compatibility with PyTorch 2.9.0+ali.10.ppu2.0.0.cu129
            [0m
            
WARNING:root:
            [33m
            _fbgemm_torch_compat_table has no entry for v1.4.0 of FBGEMM;
            cannot determine compatibility with PyTorch 2.9.0+ali.10.ppu2.0.0.cu129
            [0m
            
WARNING:root:
            [33m
            _fbgemm_torch_compat_table has no entry for v1.4.0 of FBGEMM;
            cannot determine compatibility with PyTorch 2.9.0+ali.10.ppu2.0.0.cu129
            [0m
            
WARNING:root:
            [33m
            _fbgemm_torch_compat_table has no entry for v1.4.0 of FBGEMM;
            cannot determine compatibility with PyTorch 2.9.0+ali.10.ppu2.0.0.cu129
            [0m
            
WARNING:root:
            [33m
            _fbgemm_torch_compat_table has no entry for v1.4.0 of FBGEMM;
            cannot determine compatibility with PyTorch 2.9.0+ali.10.ppu2.0.0.cu129
            [0m
            
WARNING:root:
            [33m
            _fbgemm_torch_compat_table has no entry for v1.4.0 of FBGEMM;
            cannot determine compatibility with PyTorch 2.9.0+ali.10.ppu2.0.0.cu129
            [0m
            
WARNING:root:
            [33m
            _fbgemm_torch_compat_table has no entry for v1.4.0 of FBGEMM;
            cannot determine compatibility with PyTorch 2.9.0+ali.10.ppu2.0.0.cu129
            [0m
            
WARNING:root:
            [33m
            _fbgemm_torch_compat_table has no entry for v1.4.0 of FBGEMM;
            cannot determine compatibility with PyTorch 2.9.0+ali.10.ppu2.0.0.cu129
            [0m
            
WARNING:root:
            [33m
            _fbgemm_torch_compat_table has no entry for v1.4.0 of FBGEMM;
            cannot determine compatibility with PyTorch 2.9.0+ali.10.ppu2.0.0.cu129
            [0m
            
WARNING:root:
            [33m
            _fbgemm_torch_compat_table has no entry for v1.4.0 of FBGEMM;
            cannot determine compatibility with PyTorch 2.9.0+ali.10.ppu2.0.0.cu129
            [0m
            
WARNING:root:
            [33m
            _fbgemm_torch_compat_table has no entry for v1.4.0 of FBGEMM;
            cannot determine compatibility with PyTorch 2.9.0+ali.10.ppu2.0.0.cu129
            [0m
            
WARNING:root:
            [33m
            _fbgemm_torch_compat_table has no entry for v1.4.0 of FBGEMM;
            cannot determine compatibility with PyTorch 2.9.0+ali.10.ppu2.0.0.cu129
            [0m
            
WARNING:root:
            [33m
            _fbgemm_torch_compat_table has no entry for v1.4.0 of FBGEMM;
            cannot determine compatibility with PyTorch 2.9.0+ali.10.ppu2.0.0.cu129
            [0m
            
WARNING:root:
            [33m
            _fbgemm_torch_compat_table has no entry for v1.4.0 of FBGEMM;
            cannot determine compatibility with PyTorch 2.9.0+ali.10.ppu2.0.0.cu129
            [0m
            
WARNING:root:
            [33m
            _fbgemm_torch_compat_table has no entry for v1.4.0 of FBGEMM;
            cannot determine compatibility with PyTorch 2.9.0+ali.10.ppu2.0.0.cu129
            [0m
            
WARNING:root:
            [33m
            _fbgemm_torch_compat_table has no entry for v1.4.0 of FBGEMM;
            cannot determine compatibility with PyTorch 2.9.0+ali.10.ppu2.0.0.cu129
            [0m
            
WARNING:root:
            [33m
            _fbgemm_torch_compat_table has no entry for v1.4.0 of FBGEMM;
            cannot determine compatibility with PyTorch 2.9.0+ali.10.ppu2.0.0.cu129
            [0m
            
WARNING:root:
            [33m
            _fbgemm_torch_compat_table has no entry for v1.4.0 of FBGEMM;
            cannot determine compatibility with PyTorch 2.9.0+ali.10.ppu2.0.0.cu129
            [0m
            
WARNING:root:
            [33m
            _fbgemm_torch_compat_table has no entry for v1.4.0 of FBGEMM;
            cannot determine compatibility with PyTorch 2.9.0+ali.10.ppu2.0.0.cu129
            [0m
            
WARNING:root:
            [33m
            _fbgemm_torch_compat_table has no entry for v1.4.0 of FBGEMM;
            cannot determine compatibility with PyTorch 2.9.0+ali.10.ppu2.0.0.cu129
            [0m
            
WARNING:root:
            [33m
            _fbgemm_torch_compat_table has no entry for v1.4.0 of FBGEMM;
            cannot determine compatibility with PyTorch 2.9.0+ali.10.ppu2.0.0.cu129
            [0m
            
WARNING:root:
            [33m
            _fbgemm_torch_compat_table has no entry for v1.4.0 of FBGEMM;
            cannot determine compatibility with PyTorch 2.9.0+ali.10.ppu2.0.0.cu129
            [0m
            
WARNING:root:
            [33m
            _fbgemm_torch_compat_table has no entry for v1.4.0 of FBGEMM;
            cannot determine compatibility with PyTorch 2.9.0+ali.10.ppu2.0.0.cu129
            [0m
            
WARNING:root:
            [33m
            _fbgemm_torch_compat_table has no entry for v1.4.0 of FBGEMM;
            cannot determine compatibility with PyTorch 2.9.0+ali.10.ppu2.0.0.cu129
            [0m
            
WARNING:root:
            [33m
            _fbgemm_torch_compat_table has no entry for v1.4.0 of FBGEMM;
            cannot determine compatibility with PyTorch 2.9.0+ali.10.ppu2.0.0.cu129
            [0m
            
WARNING:root:
            [33m
            _fbgemm_torch_compat_table has no entry for v1.4.0 of FBGEMM;
            cannot determine compatibility with PyTorch 2.9.0+ali.10.ppu2.0.0.cu129
            [0m
            
WARNING:root:
            [33m
            _fbgemm_torch_compat_table has no entry for v1.4.0 of FBGEMM;
            cannot determine compatibility with PyTorch 2.9.0+ali.10.ppu2.0.0.cu129
            [0m
            
WARNING:root:
            [33m
            _fbgemm_torch_compat_table has no entry for v1.4.0 of FBGEMM;
            cannot determine compatibility with PyTorch 2.9.0+ali.10.ppu2.0.0.cu129
            [0m
            
WARNING:root:
            [33m
            _fbgemm_torch_compat_table has no entry for v1.4.0 of FBGEMM;
            cannot determine compatibility with PyTorch 2.9.0+ali.10.ppu2.0.0.cu129
            [0m
            
WARNING:root:
            [33m
            _fbgemm_torch_compat_table has no entry for v1.4.0 of FBGEMM;
            cannot determine compatibility with PyTorch 2.9.0+ali.10.ppu2.0.0.cu129
            [0m
            
WARNING:root:
            [33m
            _fbgemm_torch_compat_table has no entry for v1.4.0 of FBGEMM;
            cannot determine compatibility with PyTorch 2.9.0+ali.10.ppu2.0.0.cu129
            [0m
            
WARNING:root:
            [33m
            _fbgemm_torch_compat_table has no entry for v1.4.0 of FBGEMM;
            cannot determine compatibility with PyTorch 2.9.0+ali.10.ppu2.0.0.cu129
            [0m
            
WARNING:root:
            [33m
            _fbgemm_torch_compat_table has no entry for v1.4.0 of FBGEMM;
            cannot determine compatibility with PyTorch 2.9.0+ali.10.ppu2.0.0.cu129
            [0m
            
WARNING:root:
            [33m
            _fbgemm_torch_compat_table has no entry for v1.4.0 of FBGEMM;
            cannot determine compatibility with PyTorch 2.9.0+ali.10.ppu2.0.0.cu129
            [0m
            
WARNING:root:
            [33m
            _fbgemm_torch_compat_table has no entry for v1.4.0 of FBGEMM;
            cannot determine compatibility with PyTorch 2.9.0+ali.10.ppu2.0.0.cu129
            [0m
            
WARNING:root:
            [33m
            _fbgemm_torch_compat_table has no entry for v1.4.0 of FBGEMM;
            cannot determine compatibility with PyTorch 2.9.0+ali.10.ppu2.0.0.cu129
            [0m
            
WARNING:root:
            [33m
            _fbgemm_torch_compat_table has no entry for v1.4.0 of FBGEMM;
            cannot determine compatibility with PyTorch 2.9.0+ali.10.ppu2.0.0.cu129
            [0m
            
WARNING:root:
            [33m
            _fbgemm_torch_compat_table has no entry for v1.4.0 of FBGEMM;
            cannot determine compatibility with PyTorch 2.9.0+ali.10.ppu2.0.0.cu129
            [0m
            
WARNING:root:
            [33m
            _fbgemm_torch_compat_table has no entry for v1.4.0 of FBGEMM;
            cannot determine compatibility with PyTorch 2.9.0+ali.10.ppu2.0.0.cu129
            [0m
            
WARNING:root:
            [33m
            _fbgemm_torch_compat_table has no entry for v1.4.0 of FBGEMM;
            cannot determine compatibility with PyTorch 2.9.0+ali.10.ppu2.0.0.cu129
            [0m
            
WARNING:root:
            [33m
            _fbgemm_torch_compat_table has no entry for v1.4.0 of FBGEMM;
            cannot determine compatibility with PyTorch 2.9.0+ali.10.ppu2.0.0.cu129
            [0m
            
WARNING:root:
            [33m
            _fbgemm_torch_compat_table has no entry for v1.4.0 of FBGEMM;
            cannot determine compatibility with PyTorch 2.9.0+ali.10.ppu2.0.0.cu129
            [0m
            
WARNING:root:
            [33m
            _fbgemm_torch_compat_table has no entry for v1.4.0 of FBGEMM;
            cannot determine compatibility with PyTorch 2.9.0+ali.10.ppu2.0.0.cu129
            [0m
            
WARNING:root:
            [33m
            _fbgemm_torch_compat_table has no entry for v1.4.0 of FBGEMM;
            cannot determine compatibility with PyTorch 2.9.0+ali.10.ppu2.0.0.cu129
            [0m
            
WARNING:root:
            [33m
            _fbgemm_torch_compat_table has no entry for v1.4.0 of FBGEMM;
            cannot determine compatibility with PyTorch 2.9.0+ali.10.ppu2.0.0.cu129
            [0m
            
WARNING:root:
            [33m
            _fbgemm_torch_compat_table has no entry for v1.4.0 of FBGEMM;
            cannot determine compatibility with PyTorch 2.9.0+ali.10.ppu2.0.0.cu129
            [0m
            
WARNING:root:
            [33m
            _fbgemm_torch_compat_table has no entry for v1.4.0 of FBGEMM;
            cannot determine compatibility with PyTorch 2.9.0+ali.10.ppu2.0.0.cu129
            [0m
            
WARNING:root:
            [33m
            _fbgemm_torch_compat_table has no entry for v1.4.0 of FBGEMM;
            cannot determine compatibility with PyTorch 2.9.0+ali.10.ppu2.0.0.cu129
            [0m
            
WARNING:root:
            [33m
            _fbgemm_torch_compat_table has no entry for v1.4.0 of FBGEMM;
            cannot determine compatibility with PyTorch 2.9.0+ali.10.ppu2.0.0.cu129
            [0m
            
WARNING:root:
            [33m
            _fbgemm_torch_compat_table has no entry for v1.4.0 of FBGEMM;
            cannot determine compatibility with PyTorch 2.9.0+ali.10.ppu2.0.0.cu129
            [0m
            
WARNING:root:
            [33m
            _fbgemm_torch_compat_table has no entry for v1.4.0 of FBGEMM;
            cannot determine compatibility with PyTorch 2.9.0+ali.10.ppu2.0.0.cu129
            [0m
            
WARNING:root:
            [33m
            _fbgemm_torch_compat_table has no entry for v1.4.0 of FBGEMM;
            cannot determine compatibility with PyTorch 2.9.0+ali.10.ppu2.0.0.cu129
            [0m
            
WARNING:root:
            [33m
            _fbgemm_torch_compat_table has no entry for v1.4.0 of FBGEMM;
            cannot determine compatibility with PyTorch 2.9.0+ali.10.ppu2.0.0.cu129
            [0m
            
WARNING:root:
            [33m
            _fbgemm_torch_compat_table has no entry for v1.4.0 of FBGEMM;
            cannot determine compatibility with PyTorch 2.9.0+ali.10.ppu2.0.0.cu129
            [0m
            
WARNING:root:
            [33m
            _fbgemm_torch_compat_table has no entry for v1.4.0 of FBGEMM;
            cannot determine compatibility with PyTorch 2.9.0+ali.10.ppu2.0.0.cu129
            [0m
            
WARNING:root:
            [33m
            _fbgemm_torch_compat_table has no entry for v1.4.0 of FBGEMM;
            cannot determine compatibility with PyTorch 2.9.0+ali.10.ppu2.0.0.cu129
            [0m
            
WARNING:root:
            [33m
            _fbgemm_torch_compat_table has no entry for v1.4.0 of FBGEMM;
            cannot determine compatibility with PyTorch 2.9.0+ali.10.ppu2.0.0.cu129
            [0m
            
WARNING:root:
            [33m
            _fbgemm_torch_compat_table has no entry for v1.4.0 of FBGEMM;
            cannot determine compatibility with PyTorch 2.9.0+ali.10.ppu2.0.0.cu129
            [0m
            
WARNING:root:
            [33m
            _fbgemm_torch_compat_table has no entry for v1.4.0 of FBGEMM;
            cannot determine compatibility with PyTorch 2.9.0+ali.10.ppu2.0.0.cu129
            [0m
            
WARNING:root:
            [33m
            _fbgemm_torch_compat_table has no entry for v1.4.0 of FBGEMM;
            cannot determine compatibility with PyTorch 2.9.0+ali.10.ppu2.0.0.cu129
            [0m
            
WARNING:root:
            [33m
            _fbgemm_torch_compat_table has no entry for v1.4.0 of FBGEMM;
            cannot determine compatibility with PyTorch 2.9.0+ali.10.ppu2.0.0.cu129
            [0m
            
WARNING:root:
            [33m
            _fbgemm_torch_compat_table has no entry for v1.4.0 of FBGEMM;
            cannot determine compatibility with PyTorch 2.9.0+ali.10.ppu2.0.0.cu129
            [0m
            
WARNING:root:
            [33m
            _fbgemm_torch_compat_table has no entry for v1.4.0 of FBGEMM;
            cannot determine compatibility with PyTorch 2.9.0+ali.10.ppu2.0.0.cu129
            [0m
            
WARNING:root:
            [33m
            _fbgemm_torch_compat_table has no entry for v1.4.0 of FBGEMM;
            cannot determine compatibility with PyTorch 2.9.0+ali.10.ppu2.0.0.cu129
            [0m
            
WARNING:root:
            [33m
            _fbgemm_torch_compat_table has no entry for v1.4.0 of FBGEMM;
            cannot determine compatibility with PyTorch 2.9.0+ali.10.ppu2.0.0.cu129
            [0m
            
WARNING:root:
            [33m
            _fbgemm_torch_compat_table has no entry for v1.4.0 of FBGEMM;
            cannot determine compatibility with PyTorch 2.9.0+ali.10.ppu2.0.0.cu129
            [0m
            
WARNING:root:
            [33m
            _fbgemm_torch_compat_table has no entry for v1.4.0 of FBGEMM;
            cannot determine compatibility with PyTorch 2.9.0+ali.10.ppu2.0.0.cu129
            [0m
            
WARNING:root:
            [33m
            _fbgemm_torch_compat_table has no entry for v1.4.0 of FBGEMM;
            cannot determine compatibility with PyTorch 2.9.0+ali.10.ppu2.0.0.cu129
            [0m
            
WARNING:root:
            [33m
            _fbgemm_torch_compat_table has no entry for v1.4.0 of FBGEMM;
            cannot determine compatibility with PyTorch 2.9.0+ali.10.ppu2.0.0.cu129
            [0m
            
WARNING:root:
            [33m
            _fbgemm_torch_compat_table has no entry for v1.4.0 of FBGEMM;
            cannot determine compatibility with PyTorch 2.9.0+ali.10.ppu2.0.0.cu129
            [0m
            
WARNING:root:
            [33m
            _fbgemm_torch_compat_table has no entry for v1.4.0 of FBGEMM;
            cannot determine compatibility with PyTorch 2.9.0+ali.10.ppu2.0.0.cu129
            [0m
            
WARNING:root:
            [33m
            _fbgemm_torch_compat_table has no entry for v1.4.0 of FBGEMM;
            cannot determine compatibility with PyTorch 2.9.0+ali.10.ppu2.0.0.cu129
            [0m
            
WARNING:root:
            [33m
            _fbgemm_torch_compat_table has no entry for v1.4.0 of FBGEMM;
            cannot determine compatibility with PyTorch 2.9.0+ali.10.ppu2.0.0.cu129
            [0m
            
WARNING:root:
            [33m
            _fbgemm_torch_compat_table has no entry for v1.4.0 of FBGEMM;
            cannot determine compatibility with PyTorch 2.9.0+ali.10.ppu2.0.0.cu129
            [0m
            
WARNING:root:
            [33m
            _fbgemm_torch_compat_table has no entry for v1.4.0 of FBGEMM;
            cannot determine compatibility with PyTorch 2.9.0+ali.10.ppu2.0.0.cu129
            [0m
            
WARNING:root:
            [33m
            _fbgemm_torch_compat_table has no entry for v1.4.0 of FBGEMM;
            cannot determine compatibility with PyTorch 2.9.0+ali.10.ppu2.0.0.cu129
            [0m
            
WARNING:megatron.core.utils:fused_indices_to_multihot has reached end of life. Please migrate to a non-experimental function.
WARNING:megatron.core.utils:fused_indices_to_multihot has reached end of life. Please migrate to a non-experimental function.
WARNING:megatron.core.utils:fused_indices_to_multihot has reached end of life. Please migrate to a non-experimental function.
WARNING:megatron.core.utils:fused_indices_to_multihot has reached end of life. Please migrate to a non-experimental function.
WARNING:megatron.core.utils:fused_indices_to_multihot has reached end of life. Please migrate to a non-experimental function.
WARNING:megatron.core.utils:fused_indices_to_multihot has reached end of life. Please migrate to a non-experimental function.
WARNING:megatron.core.utils:fused_indices_to_multihot has reached end of life. Please migrate to a non-experimental function.
WARNING:megatron.core.utils:fused_indices_to_multihot has reached end of life. Please migrate to a non-experimental function.
ppu-0 accl-lite version: v1.1.159.gd143c23
ppu-0 accl-lite version: v1.1.159.gd143c23
ppu-0 accl-lite version: v1.1.159.gd143c23
ppu-0 accl-lite version: v1.1.159.gd143c23
ppu-0 accl-lite version: v1.1.159.gd143c23
ppu-0 accl-lite version: v1.1.159.gd143c23
ppu-0 accl-lite version: v1.1.159.gd143c23
ppu-0 accl-lite version: v1.1.159.gd143c23
[Gloo] Rank 0 is connected to 7 peer ranks. Expected number of connected peer ranks is : 7
[Gloo] Rank 5 is connected to 7 peer ranks. Expected number of connected peer ranks is : 7
[Gloo] Rank 3 is connected to 7 peer ranks. Expected number of connected peer ranks is : 7
[Gloo] Rank 2 is connected to 7 peer ranks. Expected number of connected peer ranks is : 7
[Gloo] Rank 1 is connected to 7 peer ranks. Expected number of connected peer ranks is : 7
[Gloo] Rank 6 is connected to 7 peer ranks. Expected number of connected peer ranks is : 7
[Gloo] Rank 4 is connected to 7 peer ranks. Expected number of connected peer ranks is : 7
[Gloo] Rank 7 is connected to 7 peer ranks. Expected number of connected peer ranks is : 7
[Gloo] Rank 0 is connected to 7 peer ranks. Expected number of connected peer ranks is : 7
[Gloo] Rank 1 is connected to 7 peer ranks. Expected number of connected peer ranks is : 7
[Gloo] Rank 4 is connected to 7 peer ranks. Expected number of connected peer ranks is : 7[Gloo] Rank 
3 is connected to [Gloo] Rank 7 peer ranks. Expected number of connected peer ranks is : 72
 is connected to 7 peer ranks. Expected number of connected peer ranks is : 7
[Gloo] Rank 5 is connected to 7 peer ranks. [Gloo] Rank Expected number of connected peer ranks is : 76
 is connected to 7 peer ranks. Expected number of connected peer ranks is : [Gloo] Rank 7
7 is connected to 7 peer ranks. Expected number of connected peer ranks is : 7
[Gloo] Rank 3 is connected to 7 peer ranks. Expected number of connected peer ranks is : 7
[Gloo] Rank 0 is connected to 7 peer ranks. Expected number of connected peer ranks is : 7
[Gloo] Rank 2 is connected to 7 peer ranks. Expected number of connected peer ranks is : 7
[Gloo] Rank 1 is connected to 7 peer ranks. Expected number of connected peer ranks is : 7
[Gloo] Rank 5 is connected to 7 peer ranks. Expected number of connected peer ranks is : 7
[Gloo] Rank 6 is connected to 7 peer ranks. Expected number of connected peer ranks is : 7
[Gloo] Rank 4 is connected to 7 peer ranks. Expected number of connected peer ranks is : 7
[Gloo] Rank 7 is connected to 7 peer ranks. Expected number of connected peer ranks is : 7
[06/22/26 23:01:56] INFO     distributed env initialization done. Free cuda memory: 96812.67 MB                                                                                                                                                 
[rank4]:W0622 23:01:56.722000 217544 site-packages/torch/fx/_symbolic_trace.py:52] is_fx_tracing will return true for both fx.symbolic_trace and torch.export. Please use is_fx_tracing_symbolic_tracing() for specifically fx.symbolic_trace or torch.compiler.is_compiling() for specifically torch.export/compile.
[rank7]:W0622 23:01:56.722000 217547 site-packages/torch/fx/_symbolic_trace.py:52] is_fx_tracing will return true for both fx.symbolic_trace and torch.export. Please use is_fx_tracing_symbolic_tracing() for specifically fx.symbolic_trace or torch.compiler.is_compiling() for specifically torch.export/compile.
[rank5]:W0622 23:01:56.727000 217545 site-packages/torch/fx/_symbolic_trace.py:52] is_fx_tracing will return true for both fx.symbolic_trace and torch.export. Please use is_fx_tracing_symbolic_tracing() for specifically fx.symbolic_trace or torch.compiler.is_compiling() for specifically torch.export/compile.
[rank2]:W0622 23:01:56.727000 217542 site-packages/torch/fx/_symbolic_trace.py:52] is_fx_tracing will return true for both fx.symbolic_trace and torch.export. Please use is_fx_tracing_symbolic_tracing() for specifically fx.symbolic_trace or torch.compiler.is_compiling() for specifically torch.export/compile.
[rank0]:W0622 23:01:56.743000 217540 site-packages/torch/fx/_symbolic_trace.py:52] is_fx_tracing will return true for both fx.symbolic_trace and torch.export. Please use is_fx_tracing_symbolic_tracing() for specifically fx.symbolic_trace or torch.compiler.is_compiling() for specifically torch.export/compile.
[rank6]:W0622 23:01:56.744000 217546 site-packages/torch/fx/_symbolic_trace.py:52] is_fx_tracing will return true for both fx.symbolic_trace and torch.export. Please use is_fx_tracing_symbolic_tracing() for specifically fx.symbolic_trace or torch.compiler.is_compiling() for specifically torch.export/compile.
[rank3]:W0622 23:01:56.749000 217543 site-packages/torch/fx/_symbolic_trace.py:52] is_fx_tracing will return true for both fx.symbolic_trace and torch.export. Please use is_fx_tracing_symbolic_tracing() for specifically fx.symbolic_trace or torch.compiler.is_compiling() for specifically torch.export/compile.
[rank1]:W0622 23:01:56.754000 217541 site-packages/torch/fx/_symbolic_trace.py:52] is_fx_tracing will return true for both fx.symbolic_trace and torch.export. Please use is_fx_tracing_symbolic_tracing() for specifically fx.symbolic_trace or torch.compiler.is_compiling() for specifically torch.export/compile.
WARNING:megatron.core.tensor_parallel.random:CPU RNG state changed within GPU RNG context
WARNING:megatron.core.tensor_parallel.random:CPU RNG state changed within GPU RNG context
WARNING:megatron.core.tensor_parallel.random:CPU RNG state changed within GPU RNG context
WARNING:megatron.core.tensor_parallel.random:CPU RNG state changed within GPU RNG context
WARNING:megatron.core.tensor_parallel.random:CPU RNG state changed within GPU RNG context
WARNING:megatron.core.tensor_parallel.random:CPU RNG state changed within GPU RNG context
WARNING:megatron.core.tensor_parallel.random:CPU RNG state changed within GPU RNG context
WARNING:megatron.core.tensor_parallel.random:CPU RNG state changed within GPU RNG context


Storage layout: Caching (HBM cache + Host full backing; HBM rows duplicate Host)
--------------------+-------+----------+----------+--------------------
        tier        | table | init(MB) | peak(MB) |   emb/opt peak(MB) 
--------------------+-------+----------+----------+--------------------
hbm cache/cuda:0    | item  | 7329     | 7324.219 | 2441.406 / 4882.812
                    | ------+----------+----------+--------------------
                    | TOTAL | 7329     | 7324.219 | 2441.406 / 4882.812
--------------------+-------+----------+----------+--------------------
host backing (full) | item  | 9155.438 | 9155.438 | 3051.812 / 6103.625
                    | ------+----------+----------+--------------------
                    | TOTAL | 9155.438 | 9155.438 | 3051.812 / 6103.625
--------------------+-------+----------+----------+--------------------
Note: HBM cache rows duplicate backing rows; total memory ≈ HBM cache + Host/PS backing (no subtract).
WARNING:torchrec.distributed.utils:Sharding Type is data_parallel, caching params will be ignored


Storage layout: Caching (HBM cache + Host full backing; HBM rows duplicate Host)
--------------------+-------+----------+----------+--------------------
        tier        | table | init(MB) | peak(MB) |   emb/opt peak(MB) 
--------------------+-------+----------+----------+--------------------
hbm cache/cuda:4    | item  | 7329     | 7324.219 | 2441.406 / 4882.812
                    | ------+----------+----------+--------------------
                    | TOTAL | 7329     | 7324.219 | 2441.406 / 4882.812
--------------------+-------+----------+----------+--------------------
host backing (full) | item  | 9155.438 | 9155.438 | 3051.812 / 6103.625
                    | ------+----------+----------+--------------------
                    | TOTAL | 9155.438 | 9155.438 | 3051.812 / 6103.625
--------------------+-------+----------+----------+--------------------
Note: HBM cache rows duplicate backing rows; total memory ≈ HBM cache + Host/PS backing (no subtract).
WARNING:torchrec.distributed.utils:Sharding Type is data_parallel, caching params will be ignored


Storage layout: Caching (HBM cache + Host full backing; HBM rows duplicate Host)
--------------------+-------+----------+----------+--------------------
        tier        | table | init(MB) | peak(MB) |   emb/opt peak(MB) 
--------------------+-------+----------+----------+--------------------
hbm cache/cuda:7    | item  | 7329     | 7324.219 | 2441.406 / 4882.812
                    | ------+----------+----------+--------------------
                    | TOTAL | 7329     | 7324.219 | 2441.406 / 4882.812
--------------------+-------+----------+----------+--------------------
host backing (full) | item  | 9155.438 | 9155.438 | 3051.812 / 6103.625
                    | ------+----------+----------+--------------------
                    | TOTAL | 9155.438 | 9155.438 | 3051.812 / 6103.625
--------------------+-------+----------+----------+--------------------
Note: HBM cache rows duplicate backing rows; total memory ≈ HBM cache + Host/PS backing (no subtract).


Storage layout: Caching (HBM cache + Host full backing; HBM rows duplicate Host)
--------------------+-------+----------+----------+--------------------
        tier        | table | init(MB) | peak(MB) |   emb/opt peak(MB) 
--------------------+-------+----------+----------+--------------------
hbm cache/cuda:3    | item  | 7329     | 7324.219 | 2441.406 / 4882.812
                    | ------+----------+----------+--------------------
                    | TOTAL | 7329     | 7324.219 | 2441.406 / 4882.812
--------------------+-------+----------+----------+--------------------
host backing (full) | item  | 9155.438 | 9155.438 | 3051.812 / 6103.625
                    | ------+----------+----------+--------------------
                    | TOTAL | 9155.438 | 9155.438 | 3051.812 / 6103.625
--------------------+-------+----------+----------+--------------------
Note: HBM cache rows duplicate backing rows; total memory ≈ HBM cache + Host/PS backing (no subtract).
WARNING:torchrec.distributed.utils:Sharding Type is data_parallel, caching params will be ignored
WARNING:torchrec.distributed.utils:Sharding Type is data_parallel, caching params will be ignored


Storage layout: Caching (HBM cache + Host full backing; HBM rows duplicate Host)
--------------------+-------+----------+----------+--------------------
        tier        | table | init(MB) | peak(MB) |   emb/opt peak(MB) 
--------------------+-------+----------+----------+--------------------
hbm cache/cuda:2    | item  | 7329     | 7324.219 | 2441.406 / 4882.812
                    | ------+----------+----------+--------------------
                    | TOTAL | 7329     | 7324.219 | 2441.406 / 4882.812
--------------------+-------+----------+----------+--------------------
host backing (full) | item  | 9155.438 | 9155.438 | 3051.812 / 6103.625
                    | ------+----------+----------+--------------------
                    | TOTAL | 9155.438 | 9155.438 | 3051.812 / 6103.625
--------------------+-------+----------+----------+--------------------
Note: HBM cache rows duplicate backing rows; total memory ≈ HBM cache + Host/PS backing (no subtract).
WARNING:torchrec.distributed.utils:Sharding Type is data_parallel, caching params will be ignored


Storage layout: Caching (HBM cache + Host full backing; HBM rows duplicate Host)
--------------------+-------+----------+----------+--------------------
        tier        | table | init(MB) | peak(MB) |   emb/opt peak(MB) 
--------------------+-------+----------+----------+--------------------
hbm cache/cuda:1    | item  | 7329     | 7324.219 | 2441.406 / 4882.812
                    | ------+----------+----------+--------------------
                    | TOTAL | 7329     | 7324.219 | 2441.406 / 4882.812
--------------------+-------+----------+----------+--------------------
host backing (full) | item  | 9155.438 | 9155.438 | 3051.812 / 6103.625
                    | ------+----------+----------+--------------------
                    | TOTAL | 9155.438 | 9155.438 | 3051.812 / 6103.625
--------------------+-------+----------+----------+--------------------
Note: HBM cache rows duplicate backing rows; total memory ≈ HBM cache + Host/PS backing (no subtract).


Storage layout: Caching (HBM cache + Host full backing; HBM rows duplicate Host)
--------------------+-------+----------+----------+--------------------
        tier        | table | init(MB) | peak(MB) |   emb/opt peak(MB) 
--------------------+-------+----------+----------+--------------------
hbm cache/cuda:6    | item  | 7329     | 7324.219 | 2441.406 / 4882.812
                    | ------+----------+----------+--------------------
                    | TOTAL | 7329     | 7324.219 | 2441.406 / 4882.812
--------------------+-------+----------+----------+--------------------
host backing (full) | item  | 9155.438 | 9155.438 | 3051.812 / 6103.625
                    | ------+----------+----------+--------------------
                    | TOTAL | 9155.438 | 9155.438 | 3051.812 / 6103.625
--------------------+-------+----------+----------+--------------------
Note: HBM cache rows duplicate backing rows; total memory ≈ HBM cache + Host/PS backing (no subtract).


Storage layout: Caching (HBM cache + Host full backing; HBM rows duplicate Host)
--------------------+-------+----------+----------+--------------------
        tier        | table | init(MB) | peak(MB) |   emb/opt peak(MB) 
--------------------+-------+----------+----------+--------------------
hbm cache/cuda:5    | item  | 7329     | 7324.219 | 2441.406 / 4882.812
                    | ------+----------+----------+--------------------
                    | TOTAL | 7329     | 7324.219 | 2441.406 / 4882.812
--------------------+-------+----------+----------+--------------------
host backing (full) | item  | 9155.438 | 9155.438 | 3051.812 / 6103.625
                    | ------+----------+----------+--------------------
                    | TOTAL | 9155.438 | 9155.438 | 3051.812 / 6103.625
--------------------+-------+----------+----------+--------------------
Note: HBM cache rows duplicate backing rows; total memory ≈ HBM cache + Host/PS backing (no subtract).
WARNING:torchrec.distributed.utils:Sharding Type is data_parallel, caching params will be ignored
WARNING:torchrec.distributed.utils:Sharding Type is data_parallel, caching params will be ignored
WARNING:torchrec.distributed.utils:Sharding Type is data_parallel, caching params will be ignored
[06/22/26 23:02:11] INFO     model initialization done, start training. Free cuda memory: 87893.51 MB                                                                                                                                           
                    INFO     fill_tables done for ['item']                                                                                                                                                                                      
[2026-06-22 23:02:14:158997][ALINPU INFO]: [/job_3904634/source/acompute/include/accontext.hpp:176][34m ACOMPUTE: [device caps] dev=6, name=PPU-ZW810E, sm8.0, smem=256KB, num_of_sm=64, freq_of_sm=1700MHz[0m
[2026-06-22 23:02:14:159078][ALINPU INFO]: [/job_3904634/source/acompute/include/accontext.hpp:176][34m ACOMPUTE: [device caps] dev=1, name=PPU-ZW810E, sm8.0, smem=256KB, num_of_sm=64, freq_of_sm=1700MHz[0m
[2026-06-22 23:02:14:165957][ALINPU INFO]: [/job_3904634/source/acompute/include/accontext.hpp:176][34m ACOMPUTE: [device caps] dev=7, name=PPU-ZW810E, sm8.0, smem=256KB, num_of_sm=64, freq_of_sm=1700MHz[0m
[2026-06-22 23:02:14:169668][ALINPU INFO]: [/job_3904634/source/acompute/include/accontext.hpp:176][34m ACOMPUTE: [device caps] dev=4, name=PPU-ZW810E, sm8.0, smem=256KB, num_of_sm=64, freq_of_sm=1700MHz[0m
[2026-06-22 23:02:14:171221][ALINPU INFO]: [/job_3904634/source/acompute/include/accontext.hpp:176][34m ACOMPUTE: [device caps] dev=2, name=PPU-ZW810E, sm8.0, smem=256KB, num_of_sm=64, freq_of_sm=1700MHz[0m
[2026-06-22 23:02:14:171319][ALINPU INFO]: [/job_3904634/source/acompute/include/accontext.hpp:176][34m ACOMPUTE: [device caps] dev=0, name=PPU-ZW810E, sm8.0, smem=256KB, num_of_sm=64, freq_of_sm=1700MHz[0m
[2026-06-22 23:02:14:179820][ALINPU INFO]: [/job_3904634/source/acompute/include/accontext.hpp:176][34m ACOMPUTE: [device caps] dev=3, name=PPU-ZW810E, sm8.0, smem=256KB, num_of_sm=64, freq_of_sm=1700MHz[0m
[2026-06-22 23:02:14:212141][ALINPU INFO]: [/job_3904634/source/acompute/include/accontext.hpp:176][34m ACOMPUTE: [device caps] dev=5, name=PPU-ZW810E, sm8.0, smem=256KB, num_of_sm=64, freq_of_sm=1700MHz[0m
[06/22/26 23:02:45] INFO     [train] [iter 19, tokens 4378696, elapsed_time 33631.89 ms, achieved FLOPS 174.32 TFLOPS, MFU 11.08%]: loss 5.546266                                                                                               
[06/22/26 23:03:10] INFO     [train] [iter 39, tokens 4378696, elapsed_time 25351.19 ms, achieved FLOPS 231.27 TFLOPS, MFU 14.70%]: loss 5.545266                                                                                               
[06/22/26 23:03:36] INFO     [train] [iter 59, tokens 4378696, elapsed_time 25171.79 ms, achieved FLOPS 232.91 TFLOPS, MFU 14.81%]: loss 5.545223                                                                                               
[06/22/26 23:04:01] INFO     [train] [iter 79, tokens 4378696, elapsed_time 25179.34 ms, achieved FLOPS 232.84 TFLOPS, MFU 14.80%]: loss 5.544784                                                                                               
[06/22/26 23:04:26] INFO     [train] [iter 99, tokens 4378696, elapsed_time 25202.29 ms, achieved FLOPS 232.63 TFLOPS, MFU 14.79%]: loss 5.486360                                                                                               
[06/22/26 23:04:51] INFO     [train] [iter 119, tokens 4378696, elapsed_time 25198.94 ms, achieved FLOPS 232.66 TFLOPS, MFU 14.79%]: loss 5.329531                                                                                              
[06/22/26 23:05:16] INFO     [train] [iter 139, tokens 4378696, elapsed_time 25207.05 ms, achieved FLOPS 232.59 TFLOPS, MFU 14.79%]: loss 5.231546                                                                                              
[06/22/26 23:05:42] INFO     [train] [iter 159, tokens 4378696, elapsed_time 25163.19 ms, achieved FLOPS 232.99 TFLOPS, MFU 14.81%]: loss 5.120495                                                                                              
[06/22/26 23:06:07] INFO     [train] [iter 179, tokens 4378696, elapsed_time 25191.60 ms, achieved FLOPS 232.73 TFLOPS, MFU 14.80%]: loss 5.020011                                                                                              
[06/22/26 23:06:32] INFO     [train] [iter 199, tokens 4378696, elapsed_time 25176.72 ms, achieved FLOPS 232.87 TFLOPS, MFU 14.81%]: loss 4.943414                                                                                              
[06/22/26 23:06:57] INFO     [train] [iter 219, tokens 4378696, elapsed_time 25197.86 ms, achieved FLOPS 232.67 TFLOPS, MFU 14.79%]: loss 4.905804                                                                                              
[06/22/26 23:07:22] INFO     [train] [iter 239, tokens 4378696, elapsed_time 25210.61 ms, achieved FLOPS 232.56 TFLOPS, MFU 14.79%]: loss 4.908528                                                                                              
[06/22/26 23:07:48] INFO     [train] [iter 259, tokens 4378696, elapsed_time 25203.74 ms, achieved FLOPS 232.62 TFLOPS, MFU 14.79%]: loss 4.894534                                                                                              
[06/22/26 23:08:13] INFO     [train] [iter 279, tokens 4378696, elapsed_time 25179.42 ms, achieved FLOPS 232.84 TFLOPS, MFU 14.80%]: loss 4.851306                                                                                              
[06/22/26 23:08:38] INFO     [train] [iter 299, tokens 4378696, elapsed_time 25216.23 ms, achieved FLOPS 232.50 TFLOPS, MFU 14.78%]: loss 4.910209                                                                                              
[06/22/26 23:09:03] INFO     [train] [iter 319, tokens 4378696, elapsed_time 25201.28 ms, achieved FLOPS 232.64 TFLOPS, MFU 14.79%]: loss 4.935705                                                                                              
[06/22/26 23:09:29] INFO     [train] [iter 339, tokens 4378696, elapsed_time 25201.23 ms, achieved FLOPS 232.64 TFLOPS, MFU 14.79%]: loss 4.920881                                                                                              
[06/22/26 23:09:54] INFO     [train] [iter 359, tokens 4378696, elapsed_time 25204.86 ms, achieved FLOPS 232.61 TFLOPS, MFU 14.79%]: loss 4.835671                                                                                              
[06/22/26 23:10:19] INFO     [train] [iter 379, tokens 4378696, elapsed_time 25219.35 ms, achieved FLOPS 232.47 TFLOPS, MFU 14.78%]: loss 4.795696                                                                                              
[06/22/26 23:10:44] INFO     [train] [iter 399, tokens 4378696, elapsed_time 25200.76 ms, achieved FLOPS 232.65 TFLOPS, MFU 14.79%]: loss 4.808151                                                                                              
[06/22/26 23:11:09] INFO     [train] [iter 419, tokens 4378696, elapsed_time 25195.90 ms, achieved FLOPS 232.69 TFLOPS, MFU 14.79%]: loss 4.725323                                                                                              
[06/22/26 23:11:35] INFO     [train] [iter 439, tokens 4378696, elapsed_time 25206.53 ms, achieved FLOPS 232.59 TFLOPS, MFU 14.79%]: loss 4.661656                                                                                              
[06/22/26 23:12:00] INFO     [train] [iter 459, tokens 4378696, elapsed_time 25205.16 ms, achieved FLOPS 232.61 TFLOPS, MFU 14.79%]: loss 4.596698                                                                                              
[06/22/26 23:12:25] INFO     [train] [iter 479, tokens 4378696, elapsed_time 25480.58 ms, achieved FLOPS 230.09 TFLOPS, MFU 14.63%]: loss 4.549994                                                                                              
[06/22/26 23:12:51] INFO     [train] [iter 499, tokens 4378696, elapsed_time 25172.51 ms, achieved FLOPS 232.91 TFLOPS, MFU 14.81%]: loss 4.527331                                                                                              
[06/22/26 23:13:16] INFO     [train] [iter 519, tokens 4378696, elapsed_time 25202.08 ms, achieved FLOPS 232.63 TFLOPS, MFU 14.79%]: loss 4.531706                                                                                              
[06/22/26 23:13:41] INFO     [train] [iter 539, tokens 4378696, elapsed_time 25211.69 ms, achieved FLOPS 232.55 TFLOPS, MFU 14.78%]: loss 4.501506                                                                                              
[06/22/26 23:14:06] INFO     [train] [iter 559, tokens 4378696, elapsed_time 25194.26 ms, achieved FLOPS 232.71 TFLOPS, MFU 14.80%]: loss 4.455941                                                                                              
[06/22/26 23:14:32] INFO     [train] [iter 579, tokens 4378696, elapsed_time 25209.28 ms, achieved FLOPS 232.57 TFLOPS, MFU 14.79%]: loss 4.422795                                                                                              
[06/22/26 23:14:57] INFO     [train] [iter 599, tokens 4378696, elapsed_time 25206.21 ms, achieved FLOPS 232.60 TFLOPS, MFU 14.79%]: loss 4.376310                                                                                              
[06/22/26 23:15:22] INFO     [train] [iter 619, tokens 4378696, elapsed_time 25173.37 ms, achieved FLOPS 232.90 TFLOPS, MFU 14.81%]: loss 4.328741                                                                                              
[06/22/26 23:15:47] INFO     [train] [iter 639, tokens 4378696, elapsed_time 25210.84 ms, achieved FLOPS 232.55 TFLOPS, MFU 14.79%]: loss 4.280397                                                                                              
[06/22/26 23:16:12] INFO     [train] [iter 659, tokens 4378696, elapsed_time 25183.34 ms, achieved FLOPS 232.81 TFLOPS, MFU 14.80%]: loss 4.230120                                                                                              
[06/22/26 23:16:38] INFO     [train] [iter 679, tokens 4378696, elapsed_time 25205.84 ms, achieved FLOPS 232.60 TFLOPS, MFU 14.79%]: loss 4.190198                                                                                              
[06/22/26 23:17:03] INFO     [train] [iter 699, tokens 4378696, elapsed_time 25198.17 ms, achieved FLOPS 232.67 TFLOPS, MFU 14.79%]: loss 4.187263                                                                                              
[06/22/26 23:17:28] INFO     [train] [iter 719, tokens 4378696, elapsed_time 25215.33 ms, achieved FLOPS 232.51 TFLOPS, MFU 14.78%]: loss 4.222252                                                                                              
[06/22/26 23:17:53] INFO     [train] [iter 739, tokens 4378696, elapsed_time 25208.38 ms, achieved FLOPS 232.58 TFLOPS, MFU 14.79%]: loss 4.282208                                                                                              
[06/22/26 23:18:19] INFO     [train] [iter 759, tokens 4378696, elapsed_time 25190.74 ms, achieved FLOPS 232.74 TFLOPS, MFU 14.80%]: loss 4.225627                                                                                              
[06/22/26 23:18:44] INFO     [train] [iter 779, tokens 4378696, elapsed_time 25199.54 ms, achieved FLOPS 232.66 TFLOPS, MFU 14.79%]: loss 4.191218                                                                                              
[06/22/26 23:19:09] INFO     [train] [iter 799, tokens 4378696, elapsed_time 25207.11 ms, achieved FLOPS 232.59 TFLOPS, MFU 14.79%]: loss 4.127868                                                                                              
[06/22/26 23:19:34] INFO     [train] [iter 819, tokens 4378696, elapsed_time 25190.19 ms, achieved FLOPS 232.74 TFLOPS, MFU 14.80%]: loss 4.127165                                                                                              
[06/22/26 23:19:59] INFO     [train] [iter 839, tokens 4378696, elapsed_time 25217.11 ms, achieved FLOPS 232.50 TFLOPS, MFU 14.78%]: loss 4.148727                                                                                              
[06/22/26 23:20:25] INFO     [train] [iter 859, tokens 4378696, elapsed_time 25229.16 ms, achieved FLOPS 232.38 TFLOPS, MFU 14.77%]: loss 4.167792                                                                                              
[06/22/26 23:20:50] INFO     [train] [iter 879, tokens 4378696, elapsed_time 25201.21 ms, achieved FLOPS 232.64 TFLOPS, MFU 14.79%]: loss 4.152410                                                                                              
[06/22/26 23:21:15] INFO     [train] [iter 899, tokens 4378696, elapsed_time 25183.23 ms, achieved FLOPS 232.81 TFLOPS, MFU 14.80%]: loss 4.106093                                                                                              
[06/22/26 23:21:40] INFO     [train] [iter 919, tokens 4378696, elapsed_time 25249.76 ms, achieved FLOPS 232.19 TFLOPS, MFU 14.76%]: loss 4.044450                                                                                              
[06/22/26 23:22:06] INFO     [train] [iter 939, tokens 4378696, elapsed_time 25181.61 ms, achieved FLOPS 232.82 TFLOPS, MFU 14.80%]: loss 4.002460                                                                                              
[06/22/26 23:22:31] INFO     [train] [iter 959, tokens 4378696, elapsed_time 25194.60 ms, achieved FLOPS 232.70 TFLOPS, MFU 14.79%]: loss 3.971371                                                                                              
[06/22/26 23:22:56] INFO     [train] [iter 979, tokens 4378696, elapsed_time 25214.99 ms, achieved FLOPS 232.52 TFLOPS, MFU 14.78%]: loss 3.913203                                                                                              
[06/22/26 23:23:21] INFO     [train] [iter 999, tokens 4378696, elapsed_time 25222.76 ms, achieved FLOPS 232.44 TFLOPS, MFU 14.78%]: loss 3.877804                                                                                              
[rank0]:[W622 23:23:23.112024783 ProcessGroupNCCL.cpp:1528] Warning: WARNING: destroy_process_group() was not called before program exit, which can leak resources. For more info, please see https://pytorch.org/docs/stable/distributed.html#shutdown (function operator())
[rank1]:[W622 23:23:23.122124575 ProcessGroupNCCL.cpp:1528] Warning: WARNING: destroy_process_group() was not called before program exit, which can leak resources. For more info, please see https://pytorch.org/docs/stable/distributed.html#shutdown (function operator())
[rank2]:[W622 23:23:23.132569511 ProcessGroupNCCL.cpp:1528] Warning: WARNING: destroy_process_group() was not called before program exit, which can leak resources. For more info, please see https://pytorch.org/docs/stable/distributed.html#shutdown (function operator())
[rank3]:[W622 23:23:24.142652130 ProcessGroupNCCL.cpp:1528] Warning: WARNING: destroy_process_group() was not called before program exit, which can leak resources. For more info, please see https://pytorch.org/docs/stable/distributed.html#shutdown (function operator())
[rank5]:[W622 23:23:24.153075946 ProcessGroupNCCL.cpp:1528] Warning: WARNING: destroy_process_group() was not called before program exit, which can leak resources. For more info, please see https://pytorch.org/docs/stable/distributed.html#shutdown (function operator())
[rank4]:[W622 23:23:24.157672163 ProcessGroupNCCL.cpp:1528] Warning: WARNING: destroy_process_group() was not called before program exit, which can leak resources. For more info, please see https://pytorch.org/docs/stable/distributed.html#shutdown (function operator())
[rank6]:[W622 23:23:24.162578585 ProcessGroupNCCL.cpp:1528] Warning: WARNING: destroy_process_group() was not called before program exit, which can leak resources. For more info, please see https://pytorch.org/docs/stable/distributed.html#shutdown (function operator())
[rank7]:[W622 23:23:24.169828035 ProcessGroupNCCL.cpp:1528] Warning: WARNING: destroy_process_group() was not called before program exit, which can leak resources. For more info, please see https://pytorch.org/docs/stable/distributed.html#shutdown (function operator())

==========================================
✅ Experiment exp2_cutlass completed successfully!
⏰ Finished at: Mon Jun 22 23:23:32 CST 2026
📝 Log saved to: /wang/recsys-examples/examples/hstu/training/benchmark/results/e2e_20260622_230126/exp2_cutlass/exp2_cutlass_20260622_230126.log
📄 Config file: /wang/recsys-examples/examples/hstu/training/benchmark/results/e2e_20260622_230126/exp2_cutlass/exp2_cutlass_20260622_230126.gin
==========================================
