Thu Jun  4 16:11:15 2026       
+-----------------------------------------------------------------------------------------+
| NVIDIA-SMI 570.133.20             Driver Version: 570.133.20     CUDA Version: 12.8     |
|-----------------------------------------+------------------------+----------------------+
| GPU  Name                 Persistence-M | Bus-Id          Disp.A | Volatile Uncorr. ECC |
| Fan  Temp   Perf          Pwr:Usage/Cap |           Memory-Usage | GPU-Util  Compute M. |
|                                         |                        |               MIG M. |
|=========================================+========================+======================|
|   0  NVIDIA H20                     On  |   00000000:08:00.0 Off |                    0 |
| N/A   49C    P0             80W /  500W |       0MiB /  97871MiB |      0%      Default |
|                                         |                        |             Disabled |
+-----------------------------------------+------------------------+----------------------+
|   1  NVIDIA H20                     On  |   00000000:7E:00.0 Off |                    0 |
| N/A   40C    P0             75W /  500W |       0MiB /  97871MiB |      0%      Default |
|                                         |                        |             Disabled |
+-----------------------------------------+------------------------+----------------------+
|   2  NVIDIA H20                     On  |   00000000:A2:00.0 Off |                    0 |
| N/A   50C    P0             79W /  500W |       0MiB /  97871MiB |      0%      Default |
|                                         |                        |             Disabled |
+-----------------------------------------+------------------------+----------------------+
|   3  NVIDIA H20                     On  |   00000000:C6:00.0 Off |                    0 |
| N/A   43C    P0             75W /  500W |       0MiB /  97871MiB |      0%      Default |
|                                         |                        |             Disabled |
+-----------------------------------------+------------------------+----------------------+
|   4  NVIDIA H20                     On  |   00000001:09:00.0 Off |                    0 |
| N/A   39C    P0             73W /  500W |       0MiB /  97871MiB |      0%      Default |
|                                         |                        |             Disabled |
+-----------------------------------------+------------------------+----------------------+
|   5  NVIDIA H20                     On  |   00000001:7F:00.0 Off |                    0 |
| N/A   49C    P0             77W /  500W |       0MiB /  97871MiB |      0%      Default |
|                                         |                        |             Disabled |
+-----------------------------------------+------------------------+----------------------+
|   6  NVIDIA H20                     On  |   00000001:A3:00.0 Off |                    0 |
| N/A   46C    P0             75W /  500W |       0MiB /  97871MiB |      0%      Default |
|                                         |                        |             Disabled |
+-----------------------------------------+------------------------+----------------------+
|   7  NVIDIA H20                     On  |   00000001:C7:00.0 Off |                    0 |
| N/A   52C    P0             78W /  500W |       0MiB /  97871MiB |      0%      Default |
|                                         |                        |             Disabled |
+-----------------------------------------+------------------------+----------------------+
                                                                                         
+-----------------------------------------------------------------------------------------+
| Processes:                                                                              |
|  GPU   GI   CI              PID   Type   Process name                        GPU Memory |
|        ID   ID                                                               Usage      |
|=========================================================================================|
|  No running processes found                                                             |
+-----------------------------------------------------------------------------------------+
W0604 16:11:17.090000 124325 site-packages/torch/distributed/run.py:852] 
W0604 16:11:17.090000 124325 site-packages/torch/distributed/run.py:852] *****************************************
W0604 16:11:17.090000 124325 site-packages/torch/distributed/run.py:852] Setting OMP_NUM_THREADS environment variable for each process to be 1 in default, to avoid your system being overloaded, please further tune the variable for optimal performance in your application as needed. 
W0604 16:11:17.090000 124325 site-packages/torch/distributed/run.py:852] *****************************************
WARNING: Logging before InitGoogleLogging() is written to STDERR
I0604 16:11:24.411273 124408 storage_manager.h:211] can not find env ALIOSS_END_POINT, failed to init oss client
W0604 16:11:24.411306 124408 storage_manager.h:60] Failed to init oss client, please make sure all env has been exported correctly!
I0604 16:11:24.411410 124408 flags.cc:20] ZeusEmbedding loaded. Build at 11:34:33 May 24 2026, git commit id ae27eaa9e383d65e88194828f6400cd4fdf75816, branch syw_dev.torch
WARNING: Logging before InitGoogleLogging() is written to STDERR
I0604 16:11:24.600056 124405 storage_manager.h:211] can not find env ALIOSS_END_POINT, failed to init oss client
W0604 16:11:24.600085 124405 storage_manager.h:60] Failed to init oss client, please make sure all env has been exported correctly!
I0604 16:11:24.600183 124405 flags.cc:20] ZeusEmbedding loaded. Build at 11:34:33 May 24 2026, git commit id ae27eaa9e383d65e88194828f6400cd4fdf75816, branch syw_dev.torch
WARNING: Logging before InitGoogleLogging() is written to STDERR
I0604 16:11:24.779932 124407 storage_manager.h:211] can not find env ALIOSS_END_POINT, failed to init oss client
W0604 16:11:24.779963 124407 storage_manager.h:60] Failed to init oss client, please make sure all env has been exported correctly!
I0604 16:11:24.780071 124407 flags.cc:20] ZeusEmbedding loaded. Build at 11:34:33 May 24 2026, git commit id ae27eaa9e383d65e88194828f6400cd4fdf75816, branch syw_dev.torch
WARNING: Logging before InitGoogleLogging() is written to STDERR
I0604 16:11:24.833753 124406 storage_manager.h:211] can not find env ALIOSS_END_POINT, failed to init oss client
W0604 16:11:24.833782 124406 storage_manager.h:60] Failed to init oss client, please make sure all env has been exported correctly!
I0604 16:11:24.833880 124406 flags.cc:20] ZeusEmbedding loaded. Build at 11:34:33 May 24 2026, git commit id ae27eaa9e383d65e88194828f6400cd4fdf75816, branch syw_dev.torch
WARNING: Logging before InitGoogleLogging() is written to STDERR
I0604 16:11:24.841399 124404 storage_manager.h:211] can not find env ALIOSS_END_POINT, failed to init oss client
W0604 16:11:24.841423 124404 storage_manager.h:60] Failed to init oss client, please make sure all env has been exported correctly!
I0604 16:11:24.841513 124404 flags.cc:20] ZeusEmbedding loaded. Build at 11:34:33 May 24 2026, git commit id ae27eaa9e383d65e88194828f6400cd4fdf75816, branch syw_dev.torch
WARNING: Logging before InitGoogleLogging() is written to STDERR
I0604 16:11:24.846433 124401 storage_manager.h:211] can not find env ALIOSS_END_POINT, failed to init oss client
W0604 16:11:24.846455 124401 storage_manager.h:60] Failed to init oss client, please make sure all env has been exported correctly!
I0604 16:11:24.846540 124401 flags.cc:20] ZeusEmbedding loaded. Build at 11:34:33 May 24 2026, git commit id ae27eaa9e383d65e88194828f6400cd4fdf75816, branch syw_dev.torch
WARNING: Logging before InitGoogleLogging() is written to STDERR
I0604 16:11:24.846692 124402 storage_manager.h:211] can not find env ALIOSS_END_POINT, failed to init oss client
W0604 16:11:24.846711 124402 storage_manager.h:60] Failed to init oss client, please make sure all env has been exported correctly!
I0604 16:11:24.846797 124402 flags.cc:20] ZeusEmbedding loaded. Build at 11:34:33 May 24 2026, git commit id ae27eaa9e383d65e88194828f6400cd4fdf75816, branch syw_dev.torch
WARNING: Logging before InitGoogleLogging() is written to STDERR
I0604 16:11:24.898146 124403 storage_manager.h:211] can not find env ALIOSS_END_POINT, failed to init oss client
W0604 16:11:24.898169 124403 storage_manager.h:60] Failed to init oss client, please make sure all env has been exported correctly!
I0604 16:11:24.898267 124403 flags.cc:20] ZeusEmbedding loaded. Build at 11:34:33 May 24 2026, git commit id ae27eaa9e383d65e88194828f6400cd4fdf75816, branch syw_dev.torch
[Rank 7] PID=124408, Node=N/A, LocalRank=7
[Rank 4] PID=124405, Node=N/A, LocalRank=4
[Rank 5] PID=124406, Node=N/A, LocalRank=5
[Rank 3] PID=124404, Node=N/A, LocalRank=3
[Rank 2] PID=124403, Node=N/A, LocalRank=2
[Rank 0] PID=124401, Node=N/A, LocalRank=0
[Rank 1] PID=124402, Node=N/A, LocalRank=1
[Rank 6] PID=124407, Node=N/A, LocalRank=6
[Gloo] Rank 1 is connected to 7 peer ranks. Expected number of connected peer ranks is : 7
[Gloo] Rank 2 is connected to 7[Gloo] Rank  peer ranks. Expected number of connected peer ranks is : 74
 is connected to [Gloo] Rank 7 peer ranks. Expected number of connected peer ranks is : 75 is connected to 7 peer ranks. Expected number of connected peer ranks is : 7

[Gloo] Rank 3 is connected to 7 peer ranks. Expected number of connected peer ranks is : 7
[Gloo] Rank [Gloo] Rank 7 is connected to 67 is connected to  peer ranks. 7Expected number of connected peer ranks is :  peer ranks. 7Expected number of connected peer ranks is : 7

[Gloo] Rank 0 is connected to 7 peer ranks. Expected number of connected peer ranks is : 7
[Gloo] Rank 0 is connected to 7 peer ranks. Expected number of connected peer ranks is : 7
[Gloo] Rank 4 is connected to 7 peer ranks. Expected number of connected peer ranks is : 7
[Gloo] Rank 1 is connected to 7 peer ranks. Expected number of connected peer ranks is : 7
[Gloo] Rank 2 is connected to 7 peer ranks. Expected number of connected peer ranks is : 7
[Gloo] Rank 5 is connected to 7 peer ranks. Expected number of connected peer ranks is : 7
[Gloo] Rank 3 is connected to 7 peer ranks. Expected number of connected peer ranks is : 7
[Gloo] Rank 6 is connected to 7 peer ranks. Expected number of connected peer ranks is : 7
[Gloo] Rank 7 is connected to 7 peer ranks. Expected number of connected peer ranks is : 7
[Gloo] Rank 2 is connected to 7 peer ranks. Expected number of connected peer ranks is : 7
[Gloo] Rank 1 is connected to 7 peer ranks. Expected number of connected peer ranks is : 7
[Gloo] Rank 3 is connected to 7 peer ranks. Expected number of connected peer ranks is : 7
[Gloo] Rank 4 is connected to 7 peer ranks. Expected number of connected peer ranks is : 7
[Gloo] Rank 5 is connected to 7 peer ranks. Expected number of connected peer ranks is : 7
[Gloo] Rank 7 is connected to 7 peer ranks. Expected number of connected peer ranks is : 7
[Gloo] Rank 6 is connected to 7 peer ranks. Expected number of connected peer ranks is : 7
[Gloo] Rank 0 is connected to 7 peer ranks. Expected number of connected peer ranks is : 7
[06/04/26 16:11:31] INFO     distributed env initialization done. Free cuda memory: 96165.38 MB                                                                                                                                                 
[rank2]:W0604 16:11:32.029000 124403 site-packages/torch/fx/_symbolic_trace.py:53] is_fx_tracing will return true for both fx.symbolic_trace and torch.export. Please use is_fx_tracing_symbolic_tracing() for specifically fx.symbolic_trace or torch.compiler.is_compiling() for specifically torch.export/compile.
[rank7]:W0604 16:11:32.030000 124408 site-packages/torch/fx/_symbolic_trace.py:53] is_fx_tracing will return true for both fx.symbolic_trace and torch.export. Please use is_fx_tracing_symbolic_tracing() for specifically fx.symbolic_trace or torch.compiler.is_compiling() for specifically torch.export/compile.
[rank5]:W0604 16:11:32.031000 124406 site-packages/torch/fx/_symbolic_trace.py:53] is_fx_tracing will return true for both fx.symbolic_trace and torch.export. Please use is_fx_tracing_symbolic_tracing() for specifically fx.symbolic_trace or torch.compiler.is_compiling() for specifically torch.export/compile.
[rank4]:W0604 16:11:32.032000 124405 site-packages/torch/fx/_symbolic_trace.py:53] is_fx_tracing will return true for both fx.symbolic_trace and torch.export. Please use is_fx_tracing_symbolic_tracing() for specifically fx.symbolic_trace or torch.compiler.is_compiling() for specifically torch.export/compile.
[rank3]:W0604 16:11:32.035000 124404 site-packages/torch/fx/_symbolic_trace.py:53] is_fx_tracing will return true for both fx.symbolic_trace and torch.export. Please use is_fx_tracing_symbolic_tracing() for specifically fx.symbolic_trace or torch.compiler.is_compiling() for specifically torch.export/compile.
[rank0]:W0604 16:11:32.037000 124401 site-packages/torch/fx/_symbolic_trace.py:53] is_fx_tracing will return true for both fx.symbolic_trace and torch.export. Please use is_fx_tracing_symbolic_tracing() for specifically fx.symbolic_trace or torch.compiler.is_compiling() for specifically torch.export/compile.
[rank6]:W0604 16:11:32.044000 124407 site-packages/torch/fx/_symbolic_trace.py:53] is_fx_tracing will return true for both fx.symbolic_trace and torch.export. Please use is_fx_tracing_symbolic_tracing() for specifically fx.symbolic_trace or torch.compiler.is_compiling() for specifically torch.export/compile.
[rank1]:W0604 16:11:32.057000 124402 site-packages/torch/fx/_symbolic_trace.py:53] is_fx_tracing will return true for both fx.symbolic_trace and torch.export. Please use is_fx_tracing_symbolic_tracing() for specifically fx.symbolic_trace or torch.compiler.is_compiling() for specifically torch.export/compile.
WARNING:megatron.core.tensor_parallel.random:CPU RNG state changed within GPU RNG context
WARNING:megatron.core.tensor_parallel.random:CPU RNG state changed within GPU RNG context
WARNING:megatron.core.tensor_parallel.random:CPU RNG state changed within GPU RNG context
WARNING:megatron.core.tensor_parallel.random:CPU RNG state changed within GPU RNG context
WARNING:megatron.core.tensor_parallel.random:CPU RNG state changed within GPU RNG context
WARNING:megatron.core.tensor_parallel.random:CPU RNG state changed within GPU RNG context
WARNING:megatron.core.tensor_parallel.random:CPU RNG state changed within GPU RNG context
WARNING:megatron.core.tensor_parallel.random:CPU RNG state changed within GPU RNG context
WARNING:root:Sharding spec not found for _embedding_collection._data_parallel_embedding_collection.action
WARNING:root:Sharding spec not found for _embedding_collection._data_parallel_embedding_collection.user_age
WARNING:root:Sharding spec not found for _embedding_collection._data_parallel_embedding_collection.item_category_l1


Storage layout: Caching (HBM cache + Host full backing; HBM rows duplicate Host)
--------------------+---------+-----------+-----------+--------------------
        tier        |  table  |  init(MB) |  peak(MB) |   emb/opt peak(MB) 
--------------------+---------+-----------+-----------+--------------------
hbm cache/cuda:0    | item    | 7329      | 7324.219  | 2441.406 / 4882.812
                    | user_id | 7329      | 7324.219  | 2441.406 / 4882.812
                    | --------+-----------+-----------+--------------------
                    | TOTAL   | 14658     | 14648.438 | 4882.812 / 9765.625
--------------------+---------+-----------+-----------+--------------------
host backing (full) | item    | 9155.438  | 9155.438  | 3051.812 / 6103.625
                    | user_id | 9155.438  | 9155.438  | 3051.812 / 6103.625
                    | --------+-----------+-----------+--------------------
                    | TOTAL   | 18310.875 | 18310.875 | 6103.625 / 12207.25
--------------------+---------+-----------+-----------+--------------------
Note: HBM cache rows duplicate backing rows; total memory ≈ HBM cache + Host/PS backing (no subtract).


Storage layout: Caching (HBM cache + Host full backing; HBM rows duplicate Host)
--------------------+---------+-----------+-----------+--------------------
        tier        |  table  |  init(MB) |  peak(MB) |   emb/opt peak(MB) 
--------------------+---------+-----------+-----------+--------------------
hbm cache/cuda:3    | item    | 7329      | 7324.219  | 2441.406 / 4882.812
                    | user_id | 7329      | 7324.219  | 2441.406 / 4882.812
                    | --------+-----------+-----------+--------------------
                    | TOTAL   | 14658     | 14648.438 | 4882.812 / 9765.625
--------------------+---------+-----------+-----------+--------------------
host backing (full) | item    | 9155.438  | 9155.438  | 3051.812 / 6103.625
                    | user_id | 9155.438  | 9155.438  | 3051.812 / 6103.625
                    | --------+-----------+-----------+--------------------
                    | TOTAL   | 18310.875 | 18310.875 | 6103.625 / 12207.25
--------------------+---------+-----------+-----------+--------------------
Note: HBM cache rows duplicate backing rows; total memory ≈ HBM cache + Host/PS backing (no subtract).


Storage layout: Caching (HBM cache + Host full backing; HBM rows duplicate Host)
--------------------+---------+-----------+-----------+--------------------
        tier        |  table  |  init(MB) |  peak(MB) |   emb/opt peak(MB) 
--------------------+---------+-----------+-----------+--------------------
hbm cache/cuda:1    | item    | 7329      | 7324.219  | 2441.406 / 4882.812
                    | user_id | 7329      | 7324.219  | 2441.406 / 4882.812
                    | --------+-----------+-----------+--------------------
                    | TOTAL   | 14658     | 14648.438 | 4882.812 / 9765.625
--------------------+---------+-----------+-----------+--------------------
host backing (full) | item    | 9155.438  | 9155.438  | 3051.812 / 6103.625
                    | user_id | 9155.438  | 9155.438  | 3051.812 / 6103.625
                    | --------+-----------+-----------+--------------------
                    | TOTAL   | 18310.875 | 18310.875 | 6103.625 / 12207.25
--------------------+---------+-----------+-----------+--------------------
Note: HBM cache rows duplicate backing rows; total memory ≈ HBM cache + Host/PS backing (no subtract).


Storage layout: Caching (HBM cache + Host full backing; HBM rows duplicate Host)
--------------------+---------+-----------+-----------+--------------------
        tier        |  table  |  init(MB) |  peak(MB) |   emb/opt peak(MB) 
--------------------+---------+-----------+-----------+--------------------
hbm cache/cuda:4    | item    | 7329      | 7324.219  | 2441.406 / 4882.812
                    | user_id | 7329      | 7324.219  | 2441.406 / 4882.812
                    | --------+-----------+-----------+--------------------
                    | TOTAL   | 14658     | 14648.438 | 4882.812 / 9765.625
--------------------+---------+-----------+-----------+--------------------
host backing (full) | item    | 9155.438  | 9155.438  | 3051.812 / 6103.625
                    | user_id | 9155.438  | 9155.438  | 3051.812 / 6103.625
                    | --------+-----------+-----------+--------------------
                    | TOTAL   | 18310.875 | 18310.875 | 6103.625 / 12207.25
--------------------+---------+-----------+-----------+--------------------
Note: HBM cache rows duplicate backing rows; total memory ≈ HBM cache + Host/PS backing (no subtract).


Storage layout: Caching (HBM cache + Host full backing; HBM rows duplicate Host)
--------------------+---------+-----------+-----------+--------------------
        tier        |  table  |  init(MB) |  peak(MB) |   emb/opt peak(MB) 
--------------------+---------+-----------+-----------+--------------------
hbm cache/cuda:7    | item    | 7329      | 7324.219  | 2441.406 / 4882.812
                    | user_id | 7329      | 7324.219  | 2441.406 / 4882.812
                    | --------+-----------+-----------+--------------------
                    | TOTAL   | 14658     | 14648.438 | 4882.812 / 9765.625
--------------------+---------+-----------+-----------+--------------------
host backing (full) | item    | 9155.438  | 9155.438  | 3051.812 / 6103.625
                    | user_id | 9155.438  | 9155.438  | 3051.812 / 6103.625
                    | --------+-----------+-----------+--------------------
                    | TOTAL   | 18310.875 | 18310.875 | 6103.625 / 12207.25
--------------------+---------+-----------+-----------+--------------------
Note: HBM cache rows duplicate backing rows; total memory ≈ HBM cache + Host/PS backing (no subtract).


Storage layout: Caching (HBM cache + Host full backing; HBM rows duplicate Host)
--------------------+---------+-----------+-----------+--------------------
        tier        |  table  |  init(MB) |  peak(MB) |   emb/opt peak(MB) 
--------------------+---------+-----------+-----------+--------------------
hbm cache/cuda:2    | item    | 7329      | 7324.219  | 2441.406 / 4882.812
                    | user_id | 7329      | 7324.219  | 2441.406 / 4882.812
                    | --------+-----------+-----------+--------------------
                    | TOTAL   | 14658     | 14648.438 | 4882.812 / 9765.625
--------------------+---------+-----------+-----------+--------------------
host backing (full) | item    | 9155.438  | 9155.438  | 3051.812 / 6103.625
                    | user_id | 9155.438  | 9155.438  | 3051.812 / 6103.625
                    | --------+-----------+-----------+--------------------
                    | TOTAL   | 18310.875 | 18310.875 | 6103.625 / 12207.25
--------------------+---------+-----------+-----------+--------------------
Note: HBM cache rows duplicate backing rows; total memory ≈ HBM cache + Host/PS backing (no subtract).


Storage layout: Caching (HBM cache + Host full backing; HBM rows duplicate Host)
--------------------+---------+-----------+-----------+--------------------
        tier        |  table  |  init(MB) |  peak(MB) |   emb/opt peak(MB) 
--------------------+---------+-----------+-----------+--------------------
hbm cache/cuda:6    | item    | 7329      | 7324.219  | 2441.406 / 4882.812
                    | user_id | 7329      | 7324.219  | 2441.406 / 4882.812
                    | --------+-----------+-----------+--------------------
                    | TOTAL   | 14658     | 14648.438 | 4882.812 / 9765.625
--------------------+---------+-----------+-----------+--------------------
host backing (full) | item    | 9155.438  | 9155.438  | 3051.812 / 6103.625
                    | user_id | 9155.438  | 9155.438  | 3051.812 / 6103.625
                    | --------+-----------+-----------+--------------------
                    | TOTAL   | 18310.875 | 18310.875 | 6103.625 / 12207.25
--------------------+---------+-----------+-----------+--------------------
Note: HBM cache rows duplicate backing rows; total memory ≈ HBM cache + Host/PS backing (no subtract).
WARNING:torchrec.distributed.utils:Sharding Type is data_parallel, caching params will be ignored
WARNING:torchrec.distributed.utils:Sharding Type is data_parallel, caching params will be ignored
WARNING:torchrec.distributed.utils:Sharding Type is data_parallel, caching params will be ignored


Storage layout: Caching (HBM cache + Host full backing; HBM rows duplicate Host)
--------------------+---------+-----------+-----------+--------------------
        tier        |  table  |  init(MB) |  peak(MB) |   emb/opt peak(MB) 
--------------------+---------+-----------+-----------+--------------------
hbm cache/cuda:5    | item    | 7329      | 7324.219  | 2441.406 / 4882.812
                    | user_id | 7329      | 7324.219  | 2441.406 / 4882.812
                    | --------+-----------+-----------+--------------------
                    | TOTAL   | 14658     | 14648.438 | 4882.812 / 9765.625
--------------------+---------+-----------+-----------+--------------------
host backing (full) | item    | 9155.438  | 9155.438  | 3051.812 / 6103.625
                    | user_id | 9155.438  | 9155.438  | 3051.812 / 6103.625
                    | --------+-----------+-----------+--------------------
                    | TOTAL   | 18310.875 | 18310.875 | 6103.625 / 12207.25
--------------------+---------+-----------+-----------+--------------------
Note: HBM cache rows duplicate backing rows; total memory ≈ HBM cache + Host/PS backing (no subtract).
WARNING:torchrec.distributed.utils:Sharding Type is data_parallel, caching params will be ignored
WARNING:torchrec.distributed.utils:Sharding Type is data_parallel, caching params will be ignored
WARNING:torchrec.distributed.utils:Sharding Type is data_parallel, caching params will be ignored
WARNING:torchrec.distributed.utils:Sharding Type is data_parallel, caching params will be ignored
WARNING:torchrec.distributed.utils:Sharding Type is data_parallel, caching params will be ignored
WARNING:torchrec.distributed.utils:Sharding Type is data_parallel, caching params will be ignored
WARNING:torchrec.distributed.utils:Sharding Type is data_parallel, caching params will be ignored
WARNING:torchrec.distributed.utils:Sharding Type is data_parallel, caching params will be ignored
WARNING:torchrec.distributed.utils:Sharding Type is data_parallel, caching params will be ignored
WARNING:torchrec.distributed.utils:Sharding Type is data_parallel, caching params will be ignored
WARNING:torchrec.distributed.utils:Sharding Type is data_parallel, caching params will be ignored
WARNING:torchrec.distributed.utils:Sharding Type is data_parallel, caching params will be ignored
WARNING:torchrec.distributed.utils:Sharding Type is data_parallel, caching params will be ignored
WARNING:torchrec.distributed.utils:Sharding Type is data_parallel, caching params will be ignored
WARNING:torchrec.distributed.utils:Sharding Type is data_parallel, caching params will be ignored
WARNING:torchrec.distributed.utils:Sharding Type is data_parallel, caching params will be ignored
WARNING:torchrec.distributed.utils:Sharding Type is data_parallel, caching params will be ignored
WARNING:torchrec.distributed.utils:Sharding Type is data_parallel, caching params will be ignored
WARNING:torchrec.distributed.utils:Sharding Type is data_parallel, caching params will be ignored
WARNING:torchrec.distributed.utils:Sharding Type is data_parallel, caching params will be ignored
WARNING:torchrec.distributed.utils:Sharding Type is data_parallel, caching params will be ignored
[06/04/26 16:11:37] INFO     model initialization done, start training. Free cuda memory: 79917.38 MB                                                                                                                                           
                    INFO     fill_tables done for ['item', 'user_id']                                                                                                                                                                           
[06/04/26 16:11:58] INFO     [train] [iter 19, tokens 4378696, elapsed_time 18856.91 ms, achieved FLOPS 311.44 TFLOPS, MFU 6.15%]: loss 5.546222                                                                                                
[06/04/26 16:12:06] INFO     [train] [iter 39, tokens 4378696, elapsed_time 6665.63 ms, achieved FLOPS 881.05 TFLOPS, MFU 17.41%]: loss 5.545260                                                                                                
[06/04/26 16:12:14] INFO     [train] [iter 59, tokens 4378696, elapsed_time 6665.23 ms, achieved FLOPS 881.10 TFLOPS, MFU 17.41%]: loss 5.545212                                                                                                
[06/04/26 16:12:23] INFO     [train] [iter 79, tokens 4378696, elapsed_time 6647.26 ms, achieved FLOPS 883.49 TFLOPS, MFU 17.46%]: loss 5.545114                                                                                                
[06/04/26 16:12:31] INFO     [train] [iter 99, tokens 4378696, elapsed_time 6661.79 ms, achieved FLOPS 881.56 TFLOPS, MFU 17.42%]: loss 5.519948                                                                                                
[06/04/26 16:12:39] INFO     [train] [iter 119, tokens 4378696, elapsed_time 6665.92 ms, achieved FLOPS 881.01 TFLOPS, MFU 17.41%]: loss 5.326962                                                                                               
[06/04/26 16:12:47] INFO     [train] [iter 139, tokens 4378696, elapsed_time 6681.81 ms, achieved FLOPS 878.92 TFLOPS, MFU 17.37%]: loss 5.154155                                                                                               
[06/04/26 16:12:55] INFO     [train] [iter 159, tokens 4378696, elapsed_time 6666.82 ms, achieved FLOPS 880.89 TFLOPS, MFU 17.41%]: loss 5.038490                                                                                               
[06/04/26 16:13:03] INFO     [train] [iter 179, tokens 4378696, elapsed_time 6679.68 ms, achieved FLOPS 879.20 TFLOPS, MFU 17.37%]: loss 4.948851                                                                                               
[06/04/26 16:13:11] INFO     [train] [iter 199, tokens 4378696, elapsed_time 6684.54 ms, achieved FLOPS 878.56 TFLOPS, MFU 17.36%]: loss 4.883877                                                                                               
[06/04/26 16:13:19] INFO     [train] [iter 219, tokens 4378696, elapsed_time 6676.59 ms, achieved FLOPS 879.60 TFLOPS, MFU 17.38%]: loss 4.867030                                                                                               
[06/04/26 16:13:28] INFO     [train] [iter 239, tokens 4378696, elapsed_time 6663.71 ms, achieved FLOPS 881.31 TFLOPS, MFU 17.41%]: loss 4.834137                                                                                               
[06/04/26 16:13:36] INFO     [train] [iter 259, tokens 4378696, elapsed_time 7482.51 ms, achieved FLOPS 784.87 TFLOPS, MFU 15.51%]: loss 4.798030                                                                                               
[06/04/26 16:13:46] INFO     [train] [iter 279, tokens 4378696, elapsed_time 6933.74 ms, achieved FLOPS 846.98 TFLOPS, MFU 16.74%]: loss 4.798681                                                                                               
[06/04/26 16:13:54] INFO     [train] [iter 299, tokens 4378696, elapsed_time 6669.95 ms, achieved FLOPS 880.48 TFLOPS, MFU 17.40%]: loss 4.767427                                                                                               
[06/04/26 16:14:02] INFO     [train] [iter 319, tokens 4378696, elapsed_time 6691.69 ms, achieved FLOPS 877.62 TFLOPS, MFU 17.34%]: loss 4.798000                                                                                               
[06/04/26 16:14:11] INFO     [train] [iter 339, tokens 4378696, elapsed_time 6684.62 ms, achieved FLOPS 878.55 TFLOPS, MFU 17.36%]: loss 4.796534                                                                                               
[06/04/26 16:14:19] INFO     [train] [iter 359, tokens 4378696, elapsed_time 6667.58 ms, achieved FLOPS 880.79 TFLOPS, MFU 17.40%]: loss 4.713586                                                                                               
[06/04/26 16:14:27] INFO     [train] [iter 379, tokens 4378696, elapsed_time 6668.45 ms, achieved FLOPS 880.68 TFLOPS, MFU 17.40%]: loss 4.674172                                                                                               
[06/04/26 16:14:35] INFO     [train] [iter 399, tokens 4378696, elapsed_time 6649.00 ms, achieved FLOPS 883.25 TFLOPS, MFU 17.45%]: loss 4.630003                                                                                               
[06/04/26 16:14:43] INFO     [train] [iter 419, tokens 4378696, elapsed_time 6671.00 ms, achieved FLOPS 880.34 TFLOPS, MFU 17.40%]: loss 4.655631                                                                                               
[06/04/26 16:14:51] INFO     [train] [iter 439, tokens 4378696, elapsed_time 6659.49 ms, achieved FLOPS 881.86 TFLOPS, MFU 17.43%]: loss 4.590988                                                                                               
[06/04/26 16:14:59] INFO     [train] [iter 459, tokens 4378696, elapsed_time 6657.64 ms, achieved FLOPS 882.11 TFLOPS, MFU 17.43%]: loss 4.506334                                                                                               
[06/04/26 16:15:07] INFO     [train] [iter 479, tokens 4378696, elapsed_time 6653.99 ms, achieved FLOPS 882.59 TFLOPS, MFU 17.44%]: loss 4.413952                                                                                               
[06/04/26 16:15:15] INFO     [train] [iter 499, tokens 4378696, elapsed_time 6653.52 ms, achieved FLOPS 882.66 TFLOPS, MFU 17.44%]: loss 4.356352                                                                                               
[06/04/26 16:15:24] INFO     [train] [iter 519, tokens 4378696, elapsed_time 6635.36 ms, achieved FLOPS 885.07 TFLOPS, MFU 17.49%]: loss 4.288752                                                                                               
[06/04/26 16:15:32] INFO     [train] [iter 539, tokens 4378696, elapsed_time 6631.96 ms, achieved FLOPS 885.52 TFLOPS, MFU 17.50%]: loss 4.224110                                                                                               
[06/04/26 16:15:41] INFO     [train] [iter 559, tokens 4378696, elapsed_time 6629.65 ms, achieved FLOPS 885.83 TFLOPS, MFU 17.50%]: loss 4.161960                                                                                               
[06/04/26 16:15:49] INFO     [train] [iter 579, tokens 4378696, elapsed_time 6659.69 ms, achieved FLOPS 881.84 TFLOPS, MFU 17.43%]: loss 4.125869                                                                                               
[06/04/26 16:15:57] INFO     [train] [iter 599, tokens 4378696, elapsed_time 6641.88 ms, achieved FLOPS 884.20 TFLOPS, MFU 17.47%]: loss 4.083501                                                                                               
[06/04/26 16:16:05] INFO     [train] [iter 619, tokens 4378696, elapsed_time 6643.07 ms, achieved FLOPS 884.04 TFLOPS, MFU 17.47%]: loss 4.030116                                                                                               
[06/04/26 16:16:13] INFO     [train] [iter 639, tokens 4378696, elapsed_time 6654.12 ms, achieved FLOPS 882.58 TFLOPS, MFU 17.44%]: loss 3.993444                                                                                               
[06/04/26 16:16:21] INFO     [train] [iter 659, tokens 4378696, elapsed_time 6644.98 ms, achieved FLOPS 883.79 TFLOPS, MFU 17.46%]: loss 3.973181                                                                                               
[06/04/26 16:16:29] INFO     [train] [iter 679, tokens 4378696, elapsed_time 6647.76 ms, achieved FLOPS 883.42 TFLOPS, MFU 17.46%]: loss 3.968318                                                                                               
[06/04/26 16:16:37] INFO     [train] [iter 699, tokens 4378696, elapsed_time 6637.47 ms, achieved FLOPS 884.79 TFLOPS, MFU 17.48%]: loss 3.951511                                                                                               
[06/04/26 16:16:45] INFO     [train] [iter 719, tokens 4378696, elapsed_time 6651.70 ms, achieved FLOPS 882.90 TFLOPS, MFU 17.45%]: loss 3.966324                                                                                               
[06/04/26 16:16:53] INFO     [train] [iter 739, tokens 4378696, elapsed_time 6645.70 ms, achieved FLOPS 883.69 TFLOPS, MFU 17.46%]: loss 3.992152                                                                                               
[06/04/26 16:17:01] INFO     [train] [iter 759, tokens 4378696, elapsed_time 6652.08 ms, achieved FLOPS 882.85 TFLOPS, MFU 17.45%]: loss 3.924114                                                                                               
[06/04/26 16:17:09] INFO     [train] [iter 779, tokens 4378696, elapsed_time 6655.44 ms, achieved FLOPS 882.40 TFLOPS, MFU 17.44%]: loss 3.867481                                                                                               
[06/04/26 16:17:18] INFO     [train] [iter 799, tokens 4378696, elapsed_time 6639.40 ms, achieved FLOPS 884.53 TFLOPS, MFU 17.48%]: loss 3.827767                                                                                               
[06/04/26 16:17:26] INFO     [train] [iter 819, tokens 4378696, elapsed_time 6643.45 ms, achieved FLOPS 883.99 TFLOPS, MFU 17.47%]: loss 3.750114                                                                                               
[06/04/26 16:17:34] INFO     [train] [iter 839, tokens 4378696, elapsed_time 6629.95 ms, achieved FLOPS 885.79 TFLOPS, MFU 17.50%]: loss 3.681575                                                                                               
[06/04/26 16:17:42] INFO     [train] [iter 859, tokens 4378696, elapsed_time 6641.52 ms, achieved FLOPS 884.25 TFLOPS, MFU 17.47%]: loss 3.631371                                                                                               
[06/04/26 16:17:50] INFO     [train] [iter 879, tokens 4378696, elapsed_time 6631.28 ms, achieved FLOPS 885.62 TFLOPS, MFU 17.50%]: loss 3.614804                                                                                               
[06/04/26 16:17:58] INFO     [train] [iter 899, tokens 4378696, elapsed_time 6647.05 ms, achieved FLOPS 883.51 TFLOPS, MFU 17.46%]: loss 3.599155                                                                                               
[06/04/26 16:18:06] INFO     [train] [iter 919, tokens 4378696, elapsed_time 6650.11 ms, achieved FLOPS 883.11 TFLOPS, MFU 17.45%]: loss 3.597076                                                                                               
[06/04/26 16:18:14] INFO     [train] [iter 939, tokens 4378696, elapsed_time 6662.63 ms, achieved FLOPS 881.45 TFLOPS, MFU 17.42%]: loss 3.600341                                                                                               
[06/04/26 16:18:22] INFO     [train] [iter 959, tokens 4378696, elapsed_time 6643.54 ms, achieved FLOPS 883.98 TFLOPS, MFU 17.47%]: loss 3.613723                                                                                               
[06/04/26 16:18:30] INFO     [train] [iter 979, tokens 4378696, elapsed_time 6657.10 ms, achieved FLOPS 882.18 TFLOPS, MFU 17.43%]: loss 3.563476                                                                                               
[06/04/26 16:18:39] INFO     [train] [iter 999, tokens 4378696, elapsed_time 6639.00 ms, achieved FLOPS 884.59 TFLOPS, MFU 17.48%]: loss 3.462675                                                                                               
[rank5]:[W604 16:18:41.848945749 ProcessGroupNCCL.cpp:1553] Warning: WARNING: destroy_process_group() was not called before program exit, which can leak resources. For more info, please see https://pytorch.org/docs/stable/distributed.html#shutdown (function operator())
[rank4]:[W604 16:18:41.849552940 ProcessGroupNCCL.cpp:1553] Warning: WARNING: destroy_process_group() was not called before program exit, which can leak resources. For more info, please see https://pytorch.org/docs/stable/distributed.html#shutdown (function operator())
[rank0]:[W604 16:18:41.858330592 ProcessGroupNCCL.cpp:1553] Warning: WARNING: destroy_process_group() was not called before program exit, which can leak resources. For more info, please see https://pytorch.org/docs/stable/distributed.html#shutdown (function operator())
[rank3]:[W604 16:18:41.869070381 ProcessGroupNCCL.cpp:1553] Warning: WARNING: destroy_process_group() was not called before program exit, which can leak resources. For more info, please see https://pytorch.org/docs/stable/distributed.html#shutdown (function operator())
[rank2]:[W604 16:18:41.900905698 ProcessGroupNCCL.cpp:1553] Warning: WARNING: destroy_process_group() was not called before program exit, which can leak resources. For more info, please see https://pytorch.org/docs/stable/distributed.html#shutdown (function operator())
[rank1]:[W604 16:18:42.942117170 ProcessGroupNCCL.cpp:1553] Warning: WARNING: destroy_process_group() was not called before program exit, which can leak resources. For more info, please see https://pytorch.org/docs/stable/distributed.html#shutdown (function operator())
[rank7]:[W604 16:18:42.009563145 ProcessGroupNCCL.cpp:1553] Warning: WARNING: destroy_process_group() was not called before program exit, which can leak resources. For more info, please see https://pytorch.org/docs/stable/distributed.html#shutdown (function operator())
[rank6]:[W604 16:18:42.063712431 ProcessGroupNCCL.cpp:1553] Warning: WARNING: destroy_process_group() was not called before program exit, which can leak resources. For more info, please see https://pytorch.org/docs/stable/distributed.html#shutdown (function operator())
