Thu Jun  4 14:42:15 2026       
+-----------------------------------------------------------------------------------------+
| NVIDIA-SMI 570.133.20             Driver Version: 570.133.20     CUDA Version: 12.8     |
|-----------------------------------------+------------------------+----------------------+
| GPU  Name                 Persistence-M | Bus-Id          Disp.A | Volatile Uncorr. ECC |
| Fan  Temp   Perf          Pwr:Usage/Cap |           Memory-Usage | GPU-Util  Compute M. |
|                                         |                        |               MIG M. |
|=========================================+========================+======================|
|   0  NVIDIA H20                     On  |   00000000:08:00.0 Off |                    0 |
| N/A   36C    P0             74W /  500W |       0MiB /  97871MiB |      0%      Default |
|                                         |                        |             Disabled |
+-----------------------------------------+------------------------+----------------------+
|   1  NVIDIA H20                     On  |   00000000:7E:00.0 Off |                    0 |
| N/A   33C    P0             73W /  500W |       0MiB /  97871MiB |      0%      Default |
|                                         |                        |             Disabled |
+-----------------------------------------+------------------------+----------------------+
|   2  NVIDIA H20                     On  |   00000000:A2:00.0 Off |                    0 |
| N/A   39C    P0             75W /  500W |       0MiB /  97871MiB |      0%      Default |
|                                         |                        |             Disabled |
+-----------------------------------------+------------------------+----------------------+
|   3  NVIDIA H20                     On  |   00000000:C6:00.0 Off |                    0 |
| N/A   37C    P0             73W /  500W |       0MiB /  97871MiB |      0%      Default |
|                                         |                        |             Disabled |
+-----------------------------------------+------------------------+----------------------+
|   4  NVIDIA H20                     On  |   00000001:09:00.0 Off |                    0 |
| N/A   32C    P0             71W /  500W |       0MiB /  97871MiB |      0%      Default |
|                                         |                        |             Disabled |
+-----------------------------------------+------------------------+----------------------+
|   5  NVIDIA H20                     On  |   00000001:7F:00.0 Off |                    0 |
| N/A   36C    P0             73W /  500W |       0MiB /  97871MiB |      0%      Default |
|                                         |                        |             Disabled |
+-----------------------------------------+------------------------+----------------------+
|   6  NVIDIA H20                     On  |   00000001:A3:00.0 Off |                    0 |
| N/A   37C    P0             73W /  500W |       0MiB /  97871MiB |      0%      Default |
|                                         |                        |             Disabled |
+-----------------------------------------+------------------------+----------------------+
|   7  NVIDIA H20                     On  |   00000001:C7:00.0 Off |                    0 |
| N/A   38C    P0             74W /  500W |       0MiB /  97871MiB |      0%      Default |
|                                         |                        |             Disabled |
+-----------------------------------------+------------------------+----------------------+
                                                                                         
+-----------------------------------------------------------------------------------------+
| Processes:                                                                              |
|  GPU   GI   CI              PID   Type   Process name                        GPU Memory |
|        ID   ID                                                               Usage      |
|=========================================================================================|
|  No running processes found                                                             |
+-----------------------------------------------------------------------------------------+
W0604 14:42:17.306000 96841 site-packages/torch/distributed/run.py:852] 
W0604 14:42:17.306000 96841 site-packages/torch/distributed/run.py:852] *****************************************
W0604 14:42:17.306000 96841 site-packages/torch/distributed/run.py:852] Setting OMP_NUM_THREADS environment variable for each process to be 1 in default, to avoid your system being overloaded, please further tune the variable for optimal performance in your application as needed. 
W0604 14:42:17.306000 96841 site-packages/torch/distributed/run.py:852] *****************************************
WARNING: Logging before InitGoogleLogging() is written to STDERR
I0604 14:42:23.644709 96912 storage_manager.h:211] can not find env ALIOSS_END_POINT, failed to init oss client
W0604 14:42:23.644743 96912 storage_manager.h:60] Failed to init oss client, please make sure all env has been exported correctly!
I0604 14:42:23.644835 96912 flags.cc:20] ZeusEmbedding loaded. Build at 11:34:33 May 24 2026, git commit id ae27eaa9e383d65e88194828f6400cd4fdf75816, branch syw_dev.torch
WARNING: Logging before InitGoogleLogging() is written to STDERR
WARNING: Logging before InitGoogleLogging() is written to STDERR
I0604 14:42:23.682866 96911 storage_manager.h:211] can not find env ALIOSS_END_POINT, failed to init oss client
I0604 14:42:23.682863 96913 storage_manager.h:211] can not find env ALIOSS_END_POINT, failed to init oss client
W0604 14:42:23.682883 96911 storage_manager.h:60] Failed to init oss client, please make sure all env has been exported correctly!
W0604 14:42:23.682886 96913 storage_manager.h:60] Failed to init oss client, please make sure all env has been exported correctly!
I0604 14:42:23.682979 96911 flags.cc:20] ZeusEmbedding loaded. Build at 11:34:33 May 24 2026, git commit id ae27eaa9e383d65e88194828f6400cd4fdf75816, branch syw_dev.torch
I0604 14:42:23.683002 96913 flags.cc:20] ZeusEmbedding loaded. Build at 11:34:33 May 24 2026, git commit id ae27eaa9e383d65e88194828f6400cd4fdf75816, branch syw_dev.torch
WARNING: Logging before InitGoogleLogging() is written to STDERR
I0604 14:42:23.695405 96910 storage_manager.h:211] can not find env ALIOSS_END_POINT, failed to init oss client
W0604 14:42:23.695420 96910 storage_manager.h:60] Failed to init oss client, please make sure all env has been exported correctly!
I0604 14:42:23.695523 96910 flags.cc:20] ZeusEmbedding loaded. Build at 11:34:33 May 24 2026, git commit id ae27eaa9e383d65e88194828f6400cd4fdf75816, branch syw_dev.torch
[Rank 1] PID=96911, Node=N/A, LocalRank=1
[Rank 3] PID=96913, Node=N/A, LocalRank=3
[Rank 0] PID=96910, Node=N/A, LocalRank=0
[Rank 2] PID=96912, Node=N/A, LocalRank=2
[Gloo] Rank 0 is connected to 3 peer ranks. Expected number of connected peer ranks is : 3
[Gloo] Rank 1 is connected to 3 peer ranks. Expected number of connected peer ranks is : 3
[Gloo] Rank [Gloo] Rank 32 is connected to 3 is connected to  peer ranks. Expected number of connected peer ranks is : 33 peer ranks. Expected number of connected peer ranks is : 3

[Gloo] Rank 0 is connected to 3 peer ranks. Expected number of connected peer ranks is : 3
[Gloo] Rank 2 is connected to 3 peer ranks. Expected number of connected peer ranks is : 3
[Gloo] Rank 1 is connected to 3 peer ranks. Expected number of connected peer ranks is : 3
[Gloo] Rank 3 is connected to 3 peer ranks. Expected number of connected peer ranks is : 3
[Gloo] Rank 2 is connected to 3 peer ranks. Expected number of connected peer ranks is : 3
[Gloo] Rank 3 is connected to 3 peer ranks. Expected number of connected peer ranks is : 3
[Gloo] Rank 1 is connected to 3 peer ranks. Expected number of connected peer ranks is : 3
[Gloo] Rank 0 is connected to 3 peer ranks. Expected number of connected peer ranks is : 3
[06/04/26 14:42:29] INFO     distributed env initialization done. Free cuda memory: 96165.38 MB                                                                                                                                                 
[rank2]:W0604 14:42:29.646000 96912 site-packages/torch/fx/_symbolic_trace.py:53] is_fx_tracing will return true for both fx.symbolic_trace and torch.export. Please use is_fx_tracing_symbolic_tracing() for specifically fx.symbolic_trace or torch.compiler.is_compiling() for specifically torch.export/compile.
[rank0]:W0604 14:42:29.650000 96910 site-packages/torch/fx/_symbolic_trace.py:53] is_fx_tracing will return true for both fx.symbolic_trace and torch.export. Please use is_fx_tracing_symbolic_tracing() for specifically fx.symbolic_trace or torch.compiler.is_compiling() for specifically torch.export/compile.
[rank3]:W0604 14:42:29.653000 96913 site-packages/torch/fx/_symbolic_trace.py:53] is_fx_tracing will return true for both fx.symbolic_trace and torch.export. Please use is_fx_tracing_symbolic_tracing() for specifically fx.symbolic_trace or torch.compiler.is_compiling() for specifically torch.export/compile.
[rank1]:W0604 14:42:29.666000 96911 site-packages/torch/fx/_symbolic_trace.py:53] is_fx_tracing will return true for both fx.symbolic_trace and torch.export. Please use is_fx_tracing_symbolic_tracing() for specifically fx.symbolic_trace or torch.compiler.is_compiling() for specifically torch.export/compile.
WARNING:megatron.core.tensor_parallel.random:CPU RNG state changed within GPU RNG context
WARNING:megatron.core.tensor_parallel.random:CPU RNG state changed within GPU RNG context
WARNING:megatron.core.tensor_parallel.random:CPU RNG state changed within GPU RNG context
WARNING:megatron.core.tensor_parallel.random:CPU RNG state changed within GPU RNG context
WARNING:root:Sharding spec not found for _embedding_collection._data_parallel_embedding_collection.action
WARNING:root:Sharding spec not found for _embedding_collection._data_parallel_embedding_collection.user_age
WARNING:root:Sharding spec not found for _embedding_collection._data_parallel_embedding_collection.item_category_l1


Storage layout: Host-only (single tier, CPU)
-----------+---------+-----------+-----------+---------------------
   tier    |  table  |  init(MB) |  peak(MB) |   emb/opt peak(MB)  
-----------+---------+-----------+-----------+---------------------
host (CPU) | item    | 18310.688 | 18310.688 | 6103.562 / 12207.125
           | user_id | 18310.688 | 18310.688 | 6103.562 / 12207.125
           | --------+-----------+-----------+---------------------
           | TOTAL   | 36621.375 | 36621.375 | 12207.125 / 24414.25
-----------+---------+-----------+-----------+---------------------


Storage layout: Host-only (single tier, CPU)
-----------+---------+-----------+-----------+---------------------
   tier    |  table  |  init(MB) |  peak(MB) |   emb/opt peak(MB)  
-----------+---------+-----------+-----------+---------------------
host (CPU) | item    | 18310.688 | 18310.688 | 6103.562 / 12207.125
           | user_id | 18310.688 | 18310.688 | 6103.562 / 12207.125
           | --------+-----------+-----------+---------------------
           | TOTAL   | 36621.375 | 36621.375 | 12207.125 / 24414.25
-----------+---------+-----------+-----------+---------------------


Storage layout: Host-only (single tier, CPU)
-----------+---------+-----------+-----------+---------------------
   tier    |  table  |  init(MB) |  peak(MB) |   emb/opt peak(MB)  
-----------+---------+-----------+-----------+---------------------
host (CPU) | item    | 18310.688 | 18310.688 | 6103.562 / 12207.125
           | user_id | 18310.688 | 18310.688 | 6103.562 / 12207.125
           | --------+-----------+-----------+---------------------
           | TOTAL   | 36621.375 | 36621.375 | 12207.125 / 24414.25
-----------+---------+-----------+-----------+---------------------
WARNING:torchrec.distributed.utils:Sharding Type is data_parallel, caching params will be ignored
WARNING:torchrec.distributed.utils:Sharding Type is data_parallel, caching params will be ignored
WARNING:torchrec.distributed.utils:Sharding Type is data_parallel, caching params will be ignored


Storage layout: Host-only (single tier, CPU)
-----------+---------+-----------+-----------+---------------------
   tier    |  table  |  init(MB) |  peak(MB) |   emb/opt peak(MB)  
-----------+---------+-----------+-----------+---------------------
host (CPU) | item    | 18310.688 | 18310.688 | 6103.562 / 12207.125
           | user_id | 18310.688 | 18310.688 | 6103.562 / 12207.125
           | --------+-----------+-----------+---------------------
           | TOTAL   | 36621.375 | 36621.375 | 12207.125 / 24414.25
-----------+---------+-----------+-----------+---------------------
WARNING:torchrec.distributed.utils:Sharding Type is data_parallel, caching params will be ignored
WARNING:torchrec.distributed.utils:Sharding Type is data_parallel, caching params will be ignored
WARNING:torchrec.distributed.utils:Sharding Type is data_parallel, caching params will be ignored
WARNING:torchrec.distributed.utils:Sharding Type is data_parallel, caching params will be ignored
WARNING:torchrec.distributed.utils:Sharding Type is data_parallel, caching params will be ignored
WARNING:torchrec.distributed.utils:Sharding Type is data_parallel, caching params will be ignored
WARNING:torchrec.distributed.utils:Sharding Type is data_parallel, caching params will be ignored
WARNING:torchrec.distributed.utils:Sharding Type is data_parallel, caching params will be ignored
WARNING:torchrec.distributed.utils:Sharding Type is data_parallel, caching params will be ignored
[06/04/26 14:42:37] INFO     model initialization done, start training. Free cuda memory: 94495.38 MB                                                                                                                                           
                    INFO     fill_tables done for ['item', 'user_id']                                                                                                                                                                           
[06/04/26 14:42:57] INFO     [train] [iter 19, tokens 2244415, elapsed_time 19210.19 ms, achieved FLOPS 157.18 TFLOPS, MFU 6.21%]: loss 5.546288                                                                                                
[06/04/26 14:43:07] INFO     [train] [iter 39, tokens 2244415, elapsed_time 9062.78 ms, achieved FLOPS 333.18 TFLOPS, MFU 13.17%]: loss 5.545264                                                                                                
[06/04/26 14:43:17] INFO     [train] [iter 59, tokens 2244415, elapsed_time 9056.67 ms, achieved FLOPS 333.40 TFLOPS, MFU 13.18%]: loss 5.545183                                                                                                
[06/04/26 14:43:27] INFO     [train] [iter 79, tokens 2244415, elapsed_time 9057.46 ms, achieved FLOPS 333.37 TFLOPS, MFU 13.17%]: loss 5.524278                                                                                                
[06/04/26 14:43:37] INFO     [train] [iter 99, tokens 2244415, elapsed_time 9061.76 ms, achieved FLOPS 333.21 TFLOPS, MFU 13.17%]: loss 5.481635                                                                                                
[06/04/26 14:43:47] INFO     [train] [iter 119, tokens 2244415, elapsed_time 9069.55 ms, achieved FLOPS 332.93 TFLOPS, MFU 13.16%]: loss 5.474744                                                                                               
[06/04/26 14:43:57] INFO     [train] [iter 139, tokens 2244415, elapsed_time 9064.85 ms, achieved FLOPS 333.10 TFLOPS, MFU 13.16%]: loss 5.426547                                                                                               
[06/04/26 14:44:07] INFO     [train] [iter 159, tokens 2244415, elapsed_time 9073.60 ms, achieved FLOPS 332.78 TFLOPS, MFU 13.15%]: loss 5.365090                                                                                               
[06/04/26 14:44:18] INFO     [train] [iter 179, tokens 2244415, elapsed_time 9072.87 ms, achieved FLOPS 332.80 TFLOPS, MFU 13.15%]: loss 5.322668                                                                                               
[06/04/26 14:44:28] INFO     [train] [iter 199, tokens 2244415, elapsed_time 9075.54 ms, achieved FLOPS 332.71 TFLOPS, MFU 13.15%]: loss 5.293002                                                                                               
[06/04/26 14:44:38] INFO     [train] [iter 219, tokens 2244415, elapsed_time 9073.16 ms, achieved FLOPS 332.79 TFLOPS, MFU 13.15%]: loss 5.232620                                                                                               
[06/04/26 14:44:48] INFO     [train] [iter 239, tokens 2244415, elapsed_time 9076.50 ms, achieved FLOPS 332.67 TFLOPS, MFU 13.15%]: loss 5.223109                                                                                               
[06/04/26 14:44:58] INFO     [train] [iter 259, tokens 2244415, elapsed_time 9072.37 ms, achieved FLOPS 332.82 TFLOPS, MFU 13.15%]: loss 5.165211                                                                                               
[06/04/26 14:45:08] INFO     [train] [iter 279, tokens 2244415, elapsed_time 9076.63 ms, achieved FLOPS 332.67 TFLOPS, MFU 13.15%]: loss 5.106898                                                                                               
[06/04/26 14:45:18] INFO     [train] [iter 299, tokens 2244415, elapsed_time 9078.73 ms, achieved FLOPS 332.59 TFLOPS, MFU 13.14%]: loss 5.064677                                                                                               
[06/04/26 14:45:28] INFO     [train] [iter 319, tokens 2244415, elapsed_time 9057.00 ms, achieved FLOPS 333.39 TFLOPS, MFU 13.18%]: loss 5.030255                                                                                               
[06/04/26 14:45:39] INFO     [train] [iter 339, tokens 2244415, elapsed_time 9514.34 ms, achieved FLOPS 317.36 TFLOPS, MFU 12.54%]: loss 4.982831                                                                                               
[06/04/26 14:45:49] INFO     [train] [iter 359, tokens 2244415, elapsed_time 9074.21 ms, achieved FLOPS 332.76 TFLOPS, MFU 13.15%]: loss 4.984561                                                                                               
[06/04/26 14:45:59] INFO     [train] [iter 379, tokens 2244415, elapsed_time 9067.29 ms, achieved FLOPS 333.01 TFLOPS, MFU 13.16%]: loss 4.918654                                                                                               
[06/04/26 14:46:09] INFO     [train] [iter 399, tokens 2244415, elapsed_time 9068.39 ms, achieved FLOPS 332.97 TFLOPS, MFU 13.16%]: loss 4.869294                                                                                               
[06/04/26 14:46:19] INFO     [train] [iter 419, tokens 2244415, elapsed_time 9061.48 ms, achieved FLOPS 333.22 TFLOPS, MFU 13.17%]: loss 4.828455                                                                                               
[06/04/26 14:46:29] INFO     [train] [iter 439, tokens 2244415, elapsed_time 9058.27 ms, achieved FLOPS 333.34 TFLOPS, MFU 13.17%]: loss 4.761912                                                                                               
[06/04/26 14:46:39] INFO     [train] [iter 459, tokens 2244415, elapsed_time 9053.24 ms, achieved FLOPS 333.53 TFLOPS, MFU 13.18%]: loss 4.718545                                                                                               
[06/04/26 14:46:49] INFO     [train] [iter 479, tokens 2244415, elapsed_time 9062.35 ms, achieved FLOPS 333.19 TFLOPS, MFU 13.17%]: loss 4.656202                                                                                               
[06/04/26 14:46:59] INFO     [train] [iter 499, tokens 2244415, elapsed_time 9061.09 ms, achieved FLOPS 333.24 TFLOPS, MFU 13.17%]: loss 4.587079                                                                                               
[06/04/26 14:47:09] INFO     [train] [iter 519, tokens 2244415, elapsed_time 9063.84 ms, achieved FLOPS 333.14 TFLOPS, MFU 13.17%]: loss 4.533980                                                                                               
[06/04/26 14:47:19] INFO     [train] [iter 539, tokens 2244415, elapsed_time 9056.95 ms, achieved FLOPS 333.39 TFLOPS, MFU 13.18%]: loss 4.501253                                                                                               
[06/04/26 14:47:29] INFO     [train] [iter 559, tokens 2244415, elapsed_time 9065.31 ms, achieved FLOPS 333.08 TFLOPS, MFU 13.16%]: loss 4.451595                                                                                               
[06/04/26 14:47:39] INFO     [train] [iter 579, tokens 2244415, elapsed_time 9061.64 ms, achieved FLOPS 333.22 TFLOPS, MFU 13.17%]: loss 4.425185                                                                                               
[06/04/26 14:47:49] INFO     [train] [iter 599, tokens 2244415, elapsed_time 9053.92 ms, achieved FLOPS 333.50 TFLOPS, MFU 13.18%]: loss 4.393028                                                                                               
[06/04/26 14:47:59] INFO     [train] [iter 619, tokens 2244415, elapsed_time 9055.76 ms, achieved FLOPS 333.43 TFLOPS, MFU 13.18%]: loss 4.361517                                                                                               
[06/04/26 14:48:09] INFO     [train] [iter 639, tokens 2244415, elapsed_time 9057.58 ms, achieved FLOPS 333.37 TFLOPS, MFU 13.17%]: loss 4.321639                                                                                               
[06/04/26 14:48:19] INFO     [train] [iter 659, tokens 2244415, elapsed_time 9053.83 ms, achieved FLOPS 333.50 TFLOPS, MFU 13.18%]: loss 4.262100                                                                                               
[06/04/26 14:48:29] INFO     [train] [iter 679, tokens 2244415, elapsed_time 9058.14 ms, achieved FLOPS 333.35 TFLOPS, MFU 13.17%]: loss 4.221760                                                                                               
[06/04/26 14:48:39] INFO     [train] [iter 699, tokens 2244415, elapsed_time 9052.98 ms, achieved FLOPS 333.54 TFLOPS, MFU 13.18%]: loss 4.211323                                                                                               
[06/04/26 14:48:49] INFO     [train] [iter 719, tokens 2244415, elapsed_time 9059.14 ms, achieved FLOPS 333.31 TFLOPS, MFU 13.17%]: loss 4.239490                                                                                               
[06/04/26 14:48:59] INFO     [train] [iter 739, tokens 2244415, elapsed_time 9054.51 ms, achieved FLOPS 333.48 TFLOPS, MFU 13.18%]: loss 4.246414                                                                                               
[06/04/26 14:49:09] INFO     [train] [iter 759, tokens 2244415, elapsed_time 9057.90 ms, achieved FLOPS 333.35 TFLOPS, MFU 13.17%]: loss 4.187691                                                                                               
[06/04/26 14:49:19] INFO     [train] [iter 779, tokens 2244415, elapsed_time 9052.94 ms, achieved FLOPS 333.54 TFLOPS, MFU 13.18%]: loss 4.184867                                                                                               
[06/04/26 14:49:28] INFO     [train] [iter 799, tokens 2244415, elapsed_time 9056.56 ms, achieved FLOPS 333.40 TFLOPS, MFU 13.18%]: loss 4.173134                                                                                               
[06/04/26 14:49:38] INFO     [train] [iter 819, tokens 2244415, elapsed_time 9053.96 ms, achieved FLOPS 333.50 TFLOPS, MFU 13.18%]: loss 4.094168                                                                                               
[06/04/26 14:49:48] INFO     [train] [iter 839, tokens 2244415, elapsed_time 9056.52 ms, achieved FLOPS 333.41 TFLOPS, MFU 13.18%]: loss 4.057110                                                                                               
[06/04/26 14:49:58] INFO     [train] [iter 859, tokens 2244415, elapsed_time 9055.15 ms, achieved FLOPS 333.46 TFLOPS, MFU 13.18%]: loss 4.038474                                                                                               
[06/04/26 14:50:08] INFO     [train] [iter 879, tokens 2244415, elapsed_time 9055.74 ms, achieved FLOPS 333.43 TFLOPS, MFU 13.18%]: loss 4.030843                                                                                               
[06/04/26 14:50:18] INFO     [train] [iter 899, tokens 2244415, elapsed_time 9055.04 ms, achieved FLOPS 333.46 TFLOPS, MFU 13.18%]: loss 4.004263                                                                                               
[06/04/26 14:50:28] INFO     [train] [iter 919, tokens 2244415, elapsed_time 9055.35 ms, achieved FLOPS 333.45 TFLOPS, MFU 13.18%]: loss 3.946840                                                                                               
[06/04/26 14:50:38] INFO     [train] [iter 939, tokens 2244415, elapsed_time 9069.43 ms, achieved FLOPS 332.93 TFLOPS, MFU 13.16%]: loss 3.920988                                                                                               
[06/04/26 14:50:48] INFO     [train] [iter 959, tokens 2244415, elapsed_time 9066.79 ms, achieved FLOPS 333.03 TFLOPS, MFU 13.16%]: loss 3.903092                                                                                               
[06/04/26 14:50:58] INFO     [train] [iter 979, tokens 2244415, elapsed_time 9061.50 ms, achieved FLOPS 333.22 TFLOPS, MFU 13.17%]: loss 3.881672                                                                                               
[06/04/26 14:51:08] INFO     [train] [iter 999, tokens 2244415, elapsed_time 9066.27 ms, achieved FLOPS 333.05 TFLOPS, MFU 13.16%]: loss 3.876049                                                                                               
[rank2]:[W604 14:51:10.552873392 ProcessGroupNCCL.cpp:1553] Warning: WARNING: destroy_process_group() was not called before program exit, which can leak resources. For more info, please see https://pytorch.org/docs/stable/distributed.html#shutdown (function operator())
[rank0]:[W604 14:51:10.632689130 ProcessGroupNCCL.cpp:1553] Warning: WARNING: destroy_process_group() was not called before program exit, which can leak resources. For more info, please see https://pytorch.org/docs/stable/distributed.html#shutdown (function operator())
[rank1]:[W604 14:51:10.642250261 ProcessGroupNCCL.cpp:1553] Warning: WARNING: destroy_process_group() was not called before program exit, which can leak resources. For more info, please see https://pytorch.org/docs/stable/distributed.html#shutdown (function operator())
[rank3]:[W604 14:51:10.715180643 ProcessGroupNCCL.cpp:1553] Warning: WARNING: destroy_process_group() was not called before program exit, which can leak resources. For more info, please see https://pytorch.org/docs/stable/distributed.html#shutdown (function operator())
